```
168493.772: [weak refs processing, 0.0001595 secs]2019-11-09T18:04:52.465+0800: 168493.772: [class unloading, 0.0478324 secs]2019-11-09T18:04:52.513+0800: 168493.820: [scrub symbol table, 0.0152147 secs]2019-11-09T18:04:52.528+0800: 168493.835: [scrub string table, 0.0037186 secs][1 CMS-remark: 924955K(1277952K)] 1279497K(2015232K), 0.3542711 secs] [Times: user=0.63 sys=0.00, real=0.36 secs]
2019-11-09T18:04:52.536+0800: 168493.843: [CMS-concurrent-sweep-start]
2019-11-09T18:04:52.685+0800: 168493.992: [CMS-concurrent-sweep: 0.149/0.149 secs] [Times: user=0.23 sys=0.00, real=0.15 secs]
2019-11-09T18:04:52.685+0800: 168493.992: [CMS-concurrent-reset-start]
2019-11-09T18:04:52.689+0800: 168493.996: [CMS-concurrent-reset: 0.003/0.003 secs] [Times: user=0.01 sys=0.00, real=0.00 secs]
2019-11-09T18:04:52.890+0800: 168494.197: [GC (Allocation Failure) 2019-11-09T18:04:52.890+0800: 168494.197: [ParNew: 655360K->655360K(737280K), 0.0000305 secs]2019-11-09T18:04:52.890+0800: 168494.197: [CMS: 924935K->925061K(1277952K), 0.9348123 secs] 1580295K->925061K(2015232K), [Metaspace: 150949K->150949K(1196032K)], 0.9352720 secs] [Times: user=0.94 sys=0.00, real=0.94 secs]
2019-11-09T18:04:53.839+0800: 168495.145: [GC (CMS Initial Mark) [1 CMS-initial-mark: 925061K(1277952K)] 939401K(2015232K), 0.0124333 secs] [Times: user=0.02 sys=0.00, real=0.01 secs]
2019-11-09T18:04:53.851+0800: 168495.158: [CMS-concurrent-mark-start]
2019-11-09T18:04:53.896+0800: 168495.203: [GC (Allocation Failure) 2019-11-09T18:04:53.897+0800: 168495.203: [ParNew: 41750K->524K(737280K), 0.0111122 secs]2019-11-09T18:04:53.908+0800: 168495.214: [CMS2019-11-09T18:04:54.144+0800: 168495.451: [CMS-concurrent-mark: 0.274/0.293 secs] [Times: user=0.35 sys=0.00, real=0.30 secs]
 (concurrent mode failure): 925061K->925333K(1277952K), 1.0207989 secs] 966811K->925333K(2015232K), [Metaspace: 150949K->150949K(1196032K)], 1.0324070 secs] [Times: user=1.05 sys=0.00, real=1.03 secs]
2019-11-09T18:04:54.929+0800: 168496.236: [Full GC (Allocation Failure) 2019-11-09T18:04:54.929+0800: 168496.236: [CMS: 925333K->882472K(1277952K), 0.9070908 secs] 925333K->882472K(2015232K), [Metaspace: 150949K->150949K(1196032K)], 0.9078540 secs] [Times: user=0.90 sys=0.00, real=0.91 secs]
2019-11-09T18:05:05.440+0800: 168506.747: [GC (CMS Initial Mark) [1 CMS-initial-mark: 882472K(1277952K)] 883678K(2015232K), 0.0507147 secs] [Times: user=0.02 sys=0.00, real=0.05 secs]
2019-11-09T18:05:05.492+0800: 168506.799: [CMS-concurrent-mark-start]
2019-11-09T18:05:06.071+0800: 168507.377: [CMS-concurrent-mark: 0.528/0.578 secs] [Times: user=0.95 sys=0.02, real=0.58 secs]
2019-11-09T18:05:06.133+0800: 168507.440: [CMS-concurrent-preclean-start]
2019-11-09T18:05:06.150+0800: 168507.457: [CMS-concurrent-preclean: 0.015/0.017 secs] [Times: user=0.03 sys=0.00, real=0.02 secs]
2019-11-09T18:05:06.150+0800: 168507.457: [CMS-concurrent-abortable-preclean-start]
 CMS: abort preclean due to time 2019-11-09T18:05:11.206+0800: 168512.513: [CMS-concurrent-abortable-preclean: 0.274/5.056 secs] [Times: user=0.65 sys=0.03, real=5.05 secs]
2019-11-09T18:05:11.209+0800: 168512.515: [GC (CMS Final Remark) [YG occupancy: 91737 K (737280 K)]2019-11-09T18:05:11.209+0800: 168512.515: [Rescan (parallel) , 0.0180305 secs]2019-11-09T18:05:11.227+0800: 168512.533: [weak refs processing, 0.0002674 secs]2019-11-09T18:05:11.227+0800: 168512.534: [class unloading, 0.0473993 secs]2019-11-09T18:05:11.274+0800: 168512.581: [scrub symbol table, 0.0138728 secs]2019-11-09T18:05:11.288+0800: 168512.595: [scrub string table, 0.0026621 secs][1 CMS-remark: 882472K(1277952K)] 974209K(2015232K), 0.0854283 secs] [Times: user=0.11 sys=0.00, real=0.08 secs]
2019-11-09T18:05:11.294+0800: 168512.601: [CMS-concurrent-sweep-start]
2019-11-09T18:05:11.364+0800: 168512.671: [CMS-concurrent-sweep: 0.070/0.070 secs] [Times: user=0.07 sys=0.00, real=0.07 secs]
2019-11-09T18:05:11.365+0800: 168512.671: [CMS-concurrent-reset-start]
2019-11-09T18:05:11.368+0800: 168512.674: [CMS-concurrent-reset: 0.003/0.003 secs] [Times: user=0.00 sys=0.00, real=0.01 secs]
2019-11-09T18:05:13.369+0800: 168514.676: [GC (CMS Initial Mark) [1 CMS-initial-mark: 882103K(1277952K)] 976000K(2015232K), 0.0191657 secs] [Times: user=0.03 sys=0.00, real=0.02 secs]
2019-11-09T18:05:13.388+0800: 168514.695: [CMS-concurrent-mark-start]
2019-11-09T18:05:13.648+0800: 168514.955: [CMS-concurrent-mark: 0.260/0.260 secs] [Times: user=0.27 sys=0.00, real=0.26 secs]
2019-11-09T18:05:13.648+0800: 168514.955: [CMS-concurrent-preclean-start]
2019-11-09T18:05:13.654+0800: 168514.961: [CMS-concurrent-preclean: 0.006/0.006 secs] [Times: user=0.01 sys=0.00, real=0.00 secs]
2019-11-09T18:05:13.655+0800: 168514.961: [CMS-concurrent-abortable-preclean-start]
 CMS: abort preclean due to time 2019-11-09T18:05:18.745+0800: 168520.052: [CMS-concurrent-abortable-preclean: 0.304/5.091 secs] [Times: user=0.73 sys=0.05, real=5.09 secs]
2019-11-09T18:05:18.748+0800: 168520.055: [GC (CMS Final Remark) [YG occupancy: 105359 K (737280 K)]2019-11-09T18:05:18.748+0800: 168520.055: [Rescan (parallel) , 0.0241661 secs]2019-11-09T18:05:18.772+0800: 168520.079: [weak refs processing, 0.0002247 secs]2019-11-09T18:05:18.772+0800: 168520.079: [class unloading, 0.0471073 secs]2019-11-09T18:05:18.820+0800: 168520.126: [scrub symbol table, 0.0138708 secs]2019-11-09T18:05:18.834+0800: 168520.140: [scrub string table, 0.0026731 secs][1 CMS-remark: 882103K(1277952K)] 987462K(2015232K), 0.0912600 secs] [Times: user=0.11 sys=0.00, real=0.09 secs]
```

