Java HotSpot(TM) 64-Bit Server VM (25.66-b17) for linux-amd64 JRE (1.8.0_66-b17), built on Oct  6 2015 17:28:34 by "java_re" with gcc 4.3.0 20080428 (Red Hat 4.3.0-8)
Memory: 4k page, physical 16466924k(12326868k free), swap 0k(0k free)
CommandLine flags: -XX:CMSFullGCsBeforeCompaction=0 -XX:CMSInitiatingOccupancyFraction=65 -XX:CMSTriggerRatio=70 -XX:+HeapDumpOnOutOfMemoryError -XX:HeapDumpPath=/workspace/carkey/AppFinanceExternalData/logs/heapdump.hprof -XX:InitialHeapSize=2147483648 -XX:+ManagementServer -XX:MaxHeapSize=2147483648 -XX:MaxMetaspaceSize=268435456 -XX:MaxNewSize=838860800 -XX:MaxTenuringThreshold=6 -XX:MetaspaceSize=268435456 -XX:NewSize=838860800 -XX:OldPLABSize=16 -XX:+PrintGC -XX:+PrintGCDateStamps -XX:+PrintGCDetails -XX:+PrintGCTimeStamps -XX:+UseCMSCompactAtFullCollection -XX:+UseCompressedClassPointers -XX:+UseCompressedOops -XX:+UseConcMarkSweepGC -XX:+UseParNewGC 
2019-12-05T17:00:26.699+0800: 3.418: [GC (Allocation Failure) 2019-12-05T17:00:26.700+0800: 3.418: [ParNew: 655360K->51045K(737280K), 0.0907107 secs] 655360K->51045K(2015232K), 0.0908707 secs] [Times: user=0.26 sys=0.03, real=0.09 secs] 
2019-12-05T17:00:30.789+0800: 7.508: [GC (Allocation Failure) 2019-12-05T17:00:30.789+0800: 7.508: [ParNew: 706405K->57282K(737280K), 0.1543350 secs] 706405K->83083K(2015232K), 0.1544520 secs] [Times: user=0.43 sys=0.04, real=0.15 secs] 
2019-12-05T17:00:34.180+0800: 10.899: [GC (Allocation Failure) 2019-12-05T17:00:34.180+0800: 10.899: [ParNew: 712642K->27422K(737280K), 0.0532559 secs] 738443K->69303K(2015232K), 0.0533991 secs] [Times: user=0.16 sys=0.01, real=0.05 secs] 
2019-12-05T17:08:27.493+0800: 484.211: [GC (Allocation Failure) 2019-12-05T17:08:27.493+0800: 484.212: [ParNew: 682782K->53309K(737280K), 0.0409695 secs] 724663K->95190K(2015232K), 0.0412626 secs] [Times: user=0.15 sys=0.00, real=0.04 secs] 
2019-12-05T17:34:58.964+0800: 2075.683: [GC (Allocation Failure) 2019-12-05T17:34:58.965+0800: 2075.683: [ParNew: 708669K->81920K(737280K), 0.0867998 secs] 750550K->147394K(2015232K), 0.0872768 secs] [Times: user=0.30 sys=0.02, real=0.09 secs] 
2019-12-05T18:16:02.955+0800: 4539.673: [GC (Allocation Failure) 2019-12-05T18:16:02.955+0800: 4539.674: [ParNew: 737280K->71817K(737280K), 0.1134067 secs] 802754K->218671K(2015232K), 0.1138664 secs] [Times: user=0.28 sys=0.03, real=0.11 secs] 
2019-12-05T19:02:24.767+0800: 7321.486: [GC (Allocation Failure) 2019-12-05T19:02:24.768+0800: 7321.486: [ParNew: 727177K->41351K(737280K), 0.0306393 secs] 874031K->188206K(2015232K), 0.0310933 secs] [Times: user=0.10 sys=0.00, real=0.03 secs] 
2019-12-05T19:52:07.913+0800: 10304.632: [GC (Allocation Failure) 2019-12-05T19:52:07.913+0800: 10304.632: [ParNew: 696711K->51184K(737280K), 0.0325189 secs] 843566K->198039K(2015232K), 0.0329610 secs] [Times: user=0.11 sys=0.00, real=0.03 secs] 
2019-12-05T20:42:52.202+0800: 13348.920: [GC (Allocation Failure) 2019-12-05T20:42:52.202+0800: 13348.921: [ParNew: 706544K->58726K(737280K), 0.0451929 secs] 853399K->205580K(2015232K), 0.0456477 secs] [Times: user=0.16 sys=0.00, real=0.05 secs] 
2019-12-05T21:32:53.099+0800: 16349.817: [GC (Allocation Failure) 2019-12-05T21:32:53.099+0800: 16349.818: [ParNew: 714086K->64016K(737280K), 0.0374017 secs] 860940K->210871K(2015232K), 0.0378666 secs] [Times: user=0.12 sys=0.00, real=0.03 secs] 
2019-12-05T22:22:44.896+0800: 19341.615: [GC (Allocation Failure) 2019-12-05T22:22:44.896+0800: 19341.615: [ParNew: 719376K->39683K(737280K), 0.0476606 secs] 866231K->207156K(2015232K), 0.0481227 secs] [Times: user=0.15 sys=0.00, real=0.05 secs] 
2019-12-05T23:17:41.739+0800: 22638.458: [GC (Allocation Failure) 2019-12-05T23:17:41.739+0800: 22638.458: [ParNew: 695043K->31905K(737280K), 0.0274777 secs] 862516K->199379K(2015232K), 0.0279428 secs] [Times: user=0.09 sys=0.00, real=0.03 secs] 
2019-12-06T00:22:26.223+0800: 26522.942: [GC (Allocation Failure) 2019-12-06T00:22:26.223+0800: 26522.942: [ParNew: 687265K->23499K(737280K), 0.0333141 secs] 854739K->198274K(2015232K), 0.0337806 secs] [Times: user=0.11 sys=0.00, real=0.04 secs] 
2019-12-06T01:30:02.869+0800: 30579.588: [GC (Allocation Failure) 2019-12-06T01:30:02.870+0800: 30579.588: [ParNew: 678859K->24953K(737280K), 0.0346264 secs] 853634K->203611K(2015232K), 0.0351022 secs] [Times: user=0.09 sys=0.00, real=0.04 secs] 
2019-12-06T02:53:42.870+0800: 35599.589: [GC (Allocation Failure) 2019-12-06T02:53:42.871+0800: 35599.589: [ParNew: 680313K->29988K(737280K), 0.0341045 secs] 858971K->211456K(2015232K), 0.0345541 secs] [Times: user=0.09 sys=0.00, real=0.04 secs] 
2019-12-06T04:28:06.644+0800: 41263.363: [GC (Allocation Failure) 2019-12-06T04:28:06.645+0800: 41263.363: [ParNew: 685348K->18737K(737280K), 0.0273656 secs] 866816K->203153K(2015232K), 0.0278283 secs] [Times: user=0.08 sys=0.00, real=0.03 secs] 
2019-12-06T06:04:31.088+0800: 47047.807: [GC (Allocation Failure) 2019-12-06T06:04:31.089+0800: 47047.808: [ParNew: 674097K->16548K(737280K), 0.0270808 secs] 858513K->203225K(2015232K), 0.0275508 secs] [Times: user=0.09 sys=0.00, real=0.03 secs] 
2019-12-06T07:32:20.226+0800: 52316.945: [GC (Allocation Failure) 2019-12-06T07:32:20.227+0800: 52316.945: [ParNew: 671908K->14958K(737280K), 0.0279840 secs] 858585K->203820K(2015232K), 0.0284344 secs] [Times: user=0.07 sys=0.00, real=0.02 secs] 
2019-12-06T08:39:42.849+0800: 56359.567: [GC (Allocation Failure) 2019-12-06T08:39:42.849+0800: 56359.568: [ParNew: 670317K->15196K(737280K), 0.0240609 secs] 859179K->205753K(2015232K), 0.0245112 secs] [Times: user=0.07 sys=0.00, real=0.03 secs] 
2019-12-06T09:37:09.190+0800: 59805.909: [GC (Allocation Failure) 2019-12-06T09:37:09.190+0800: 59805.909: [ParNew: 670556K->16655K(737280K), 0.0228693 secs] 861113K->208719K(2015232K), 0.0233317 secs] [Times: user=0.07 sys=0.00, real=0.02 secs] 
2019-12-06T10:23:54.773+0800: 62611.492: [GC (Allocation Failure) 2019-12-06T10:23:54.773+0800: 62611.492: [ParNew: 672015K->12212K(737280K), 0.0223755 secs] 864079K->206031K(2015232K), 0.0228334 secs] [Times: user=0.07 sys=0.00, real=0.02 secs] 
2019-12-06T11:07:01.527+0800: 65198.246: [GC (Allocation Failure) 2019-12-06T11:07:01.528+0800: 65198.246: [ParNew: 667565K->14770K(737280K), 0.0219250 secs] 861385K->209346K(2015232K), 0.0224233 secs] [Times: user=0.07 sys=0.00, real=0.02 secs] 
2019-12-06T11:53:50.611+0800: 68007.330: [GC (Allocation Failure) 2019-12-06T11:53:50.612+0800: 68007.330: [ParNew: 670130K->17757K(737280K), 0.0230358 secs] 864706K->213004K(2015232K), 0.0234923 secs] [Times: user=0.07 sys=0.00, real=0.02 secs] 
2019-12-06T12:38:49.438+0800: 70706.157: [GC (Allocation Failure) 2019-12-06T12:38:49.438+0800: 70706.157: [ParNew: 673112K->18871K(737280K), 0.0235596 secs] 868358K->214859K(2015232K), 0.0240292 secs] [Times: user=0.07 sys=0.00, real=0.03 secs] 
2019-12-06T13:27:41.156+0800: 73637.875: [GC (Allocation Failure) 2019-12-06T13:27:41.156+0800: 73637.875: [ParNew: 674231K->20512K(737280K), 0.0247792 secs] 870219K->218201K(2015232K), 0.0252175 secs] [Times: user=0.08 sys=0.00, real=0.03 secs] 
2019-12-06T14:15:29.223+0800: 76505.942: [GC (Allocation Failure) 2019-12-06T14:15:29.223+0800: 76505.942: [ParNew: 675872K->15041K(737280K), 0.0275234 secs] 873561K->214279K(2015232K), 0.0279692 secs] [Times: user=0.08 sys=0.00, real=0.02 secs] 
2019-12-06T14:59:08.939+0800: 79125.658: [GC (Allocation Failure) 2019-12-06T14:59:08.939+0800: 79125.658: [ParNew: 670401K->18679K(737280K), 0.0265755 secs] 869639K->219684K(2015232K), 0.0270245 secs] [Times: user=0.09 sys=0.00, real=0.03 secs] 
2019-12-06T15:39:06.871+0800: 81523.589: [GC (Allocation Failure) 2019-12-06T15:39:06.871+0800: 81523.590: [ParNew: 674039K->17443K(737280K), 0.0265760 secs] 875044K->220195K(2015232K), 0.0270259 secs] [Times: user=0.09 sys=0.00, real=0.03 secs] 
2019-12-06T16:20:35.248+0800: 84011.967: [GC (Allocation Failure) 2019-12-06T16:20:35.248+0800: 84011.967: [ParNew: 672803K->20107K(737280K), 0.0269948 secs] 875555K->224413K(2015232K), 0.0274596 secs] [Times: user=0.09 sys=0.00, real=0.03 secs] 
2019-12-06T17:01:12.489+0800: 86449.208: [GC (Allocation Failure) 2019-12-06T17:01:12.489+0800: 86449.208: [ParNew: 675467K->21099K(737280K), 0.0265355 secs] 879773K->226868K(2015232K), 0.0270166 secs] [Times: user=0.09 sys=0.00, real=0.03 secs] 
2019-12-06T17:44:12.753+0800: 89029.472: [GC (Allocation Failure) 2019-12-06T17:44:12.753+0800: 89029.472: [ParNew: 676459K->17368K(737280K), 0.0260153 secs] 882228K->224686K(2015232K), 0.0264633 secs] [Times: user=0.09 sys=0.00, real=0.03 secs] 
2019-12-06T18:29:59.393+0800: 91776.112: [GC (Allocation Failure) 2019-12-06T18:29:59.393+0800: 91776.112: [ParNew: 672728K->17108K(737280K), 0.0261644 secs] 880046K->226036K(2015232K), 0.0266113 secs] [Times: user=0.09 sys=0.00, real=0.03 secs] 
2019-12-06T19:15:22.282+0800: 94499.001: [GC (Allocation Failure) 2019-12-06T19:15:22.282+0800: 94499.001: [ParNew: 672468K->15185K(737280K), 0.0263731 secs] 881396K->225835K(2015232K), 0.0268397 secs] [Times: user=0.09 sys=0.00, real=0.03 secs] 
2019-12-06T20:01:35.677+0800: 97272.396: [GC (Allocation Failure) 2019-12-06T20:01:35.678+0800: 97272.396: [ParNew: 670539K->15393K(737280K), 0.0264213 secs] 881190K->227823K(2015232K), 0.0268690 secs] [Times: user=0.09 sys=0.00, real=0.03 secs] 
2019-12-06T20:45:29.304+0800: 99906.023: [GC (Allocation Failure) 2019-12-06T20:45:29.304+0800: 99906.023: [ParNew: 670753K->14747K(737280K), 0.0269185 secs] 883183K->229512K(2015232K), 0.0273966 secs] [Times: user=0.09 sys=0.00, real=0.03 secs] 
2019-12-06T21:34:30.493+0800: 102847.212: [GC (Allocation Failure) 2019-12-06T21:34:30.493+0800: 102847.212: [ParNew: 670107K->13853K(737280K), 0.0261318 secs] 884872K->230235K(2015232K), 0.0265953 secs] [Times: user=0.09 sys=0.00, real=0.03 secs] 
2019-12-06T22:20:36.048+0800: 105612.766: [GC (Allocation Failure) 2019-12-06T22:20:36.048+0800: 105612.767: [ParNew: 669213K->15735K(737280K), 0.0261640 secs] 885595K->233545K(2015232K), 0.0266120 secs] [Times: user=0.09 sys=0.00, real=0.02 secs] 
2019-12-06T23:09:54.870+0800: 108571.589: [GC (Allocation Failure) 2019-12-06T23:09:54.870+0800: 108571.589: [ParNew: 671095K->17667K(737280K), 0.0250645 secs] 888905K->236834K(2015232K), 0.0255838 secs] [Times: user=0.09 sys=0.00, real=0.02 secs] 
2019-12-07T00:00:53.807+0800: 111630.526: [GC (Allocation Failure) 2019-12-07T00:00:53.807+0800: 111630.526: [ParNew: 673027K->12967K(737280K), 0.0262720 secs] 892194K->233554K(2015232K), 0.0267370 secs] [Times: user=0.09 sys=0.00, real=0.03 secs] 
2019-12-07T00:59:21.428+0800: 115138.147: [GC (Allocation Failure) 2019-12-07T00:59:21.429+0800: 115138.147: [ParNew: 668327K->16505K(737280K), 0.0261906 secs] 888914K->238443K(2015232K), 0.0266538 secs] [Times: user=0.08 sys=0.00, real=0.03 secs] 
2019-12-07T02:08:05.818+0800: 119262.537: [GC (Allocation Failure) 2019-12-07T02:08:05.819+0800: 119262.538: [ParNew: 671865K->15210K(737280K), 0.0297112 secs] 893803K->238576K(2015232K), 0.0301742 secs] [Times: user=0.07 sys=0.00, real=0.03 secs] 
2019-12-07T03:31:34.595+0800: 124271.314: [GC (Allocation Failure) 2019-12-07T03:31:34.596+0800: 124271.314: [ParNew: 670570K->15425K(737280K), 0.0279957 secs] 893936K->240102K(2015232K), 0.0284654 secs] [Times: user=0.08 sys=0.00, real=0.03 secs] 
2019-12-07T05:01:28.865+0800: 129665.584: [GC (Allocation Failure) 2019-12-07T05:01:28.865+0800: 129665.584: [ParNew: 670782K->15093K(737280K), 0.0249930 secs] 895458K->241169K(2015232K), 0.0254313 secs] [Times: user=0.08 sys=0.00, real=0.02 secs] 
2019-12-07T06:33:14.905+0800: 135171.624: [GC (Allocation Failure) 2019-12-07T06:33:14.905+0800: 135171.624: [ParNew: 670453K->11162K(737280K), 0.0253949 secs] 896529K->238584K(2015232K), 0.0258760 secs] [Times: user=0.08 sys=0.00, real=0.03 secs] 
2019-12-07T07:48:05.293+0800: 139662.012: [GC (Allocation Failure) 2019-12-07T07:48:05.293+0800: 139662.012: [ParNew: 666522K->11897K(737280K), 0.0228175 secs] 893944K->240701K(2015232K), 0.0232509 secs] [Times: user=0.07 sys=0.00, real=0.02 secs] 
2019-12-07T08:46:30.870+0800: 143167.589: [GC (Allocation Failure) 2019-12-07T08:46:30.870+0800: 143167.589: [ParNew: 667257K->8283K(737280K), 0.0224188 secs] 896061K->238211K(2015232K), 0.0228546 secs] [Times: user=0.07 sys=0.00, real=0.02 secs] 
2019-12-07T09:38:03.617+0800: 146260.335: [GC (Allocation Failure) 2019-12-07T09:38:03.617+0800: 146260.336: [ParNew: 663643K->9790K(737280K), 0.0243004 secs] 893571K->240591K(2015232K), 0.0247657 secs] [Times: user=0.07 sys=0.00, real=0.02 secs] 
2019-12-07T10:26:13.712+0800: 149150.431: [GC (Allocation Failure) 2019-12-07T10:26:13.712+0800: 149150.431: [ParNew: 665150K->11694K(737280K), 0.0266279 secs] 895951K->243012K(2015232K), 0.0270776 secs] [Times: user=0.06 sys=0.00, real=0.03 secs] 
2019-12-07T11:11:38.790+0800: 151875.509: [GC (Allocation Failure) 2019-12-07T11:11:38.791+0800: 151875.509: [ParNew: 667052K->12706K(737280K), 0.0233533 secs] 898369K->244485K(2015232K), 0.0238214 secs] [Times: user=0.08 sys=0.00, real=0.02 secs] 
2019-12-07T11:55:45.279+0800: 154521.997: [GC (Allocation Failure) 2019-12-07T11:55:45.279+0800: 154521.998: [ParNew: 668066K->14434K(737280K), 0.0275788 secs] 899845K->246716K(2015232K), 0.0280295 secs] [Times: user=0.06 sys=0.00, real=0.03 secs] 
2019-12-07T12:43:27.896+0800: 157384.614: [GC (Allocation Failure) 2019-12-07T12:43:27.896+0800: 157384.615: [ParNew: 669788K->18478K(737280K), 0.0291111 secs] 902071K->251578K(2015232K), 0.0296208 secs] [Times: user=0.09 sys=0.00, real=0.02 secs] 
2019-12-07T13:28:02.235+0800: 160058.953: [GC (Allocation Failure) 2019-12-07T13:28:02.235+0800: 160058.954: [ParNew: 673838K->13890K(737280K), 0.0283483 secs] 906938K->248171K(2015232K), 0.0287918 secs] [Times: user=0.10 sys=0.00, real=0.03 secs] 
2019-12-07T14:13:36.288+0800: 162793.007: [GC (Allocation Failure) 2019-12-07T14:13:36.288+0800: 162793.007: [ParNew: 669243K->14517K(737280K), 0.0270433 secs] 903524K->250099K(2015232K), 0.0275121 secs] [Times: user=0.10 sys=0.00, real=0.02 secs] 
2019-12-07T14:56:55.012+0800: 165391.731: [GC (Allocation Failure) 2019-12-07T14:56:55.012+0800: 165391.731: [ParNew: 669877K->14668K(737280K), 0.0276381 secs] 905459K->251652K(2015232K), 0.0280723 secs] [Times: user=0.09 sys=0.00, real=0.03 secs] 
2019-12-07T15:38:54.638+0800: 167911.357: [GC (Allocation Failure) 2019-12-07T15:38:54.639+0800: 167911.357: [ParNew: 670028K->17499K(737280K), 0.0311965 secs] 907012K->255955K(2015232K), 0.0316570 secs] [Times: user=0.08 sys=0.00, real=0.03 secs] 
2019-12-07T16:20:38.431+0800: 170415.150: [GC (Allocation Failure) 2019-12-07T16:20:38.431+0800: 170415.150: [ParNew: 672859K->15045K(737280K), 0.0269225 secs] 911315K->254901K(2015232K), 0.0273836 secs] [Times: user=0.09 sys=0.00, real=0.03 secs] 
2019-12-07T17:04:03.129+0800: 173019.848: [GC (Allocation Failure) 2019-12-07T17:04:03.129+0800: 173019.848: [ParNew: 670401K->15550K(737280K), 0.0287904 secs] 910257K->258252K(2015232K), 0.0292667 secs] [Times: user=0.09 sys=0.00, real=0.03 secs] 
2019-12-07T17:51:56.190+0800: 175892.909: [GC (Allocation Failure) 2019-12-07T17:51:56.190+0800: 175892.909: [ParNew: 670910K->16398K(737280K), 0.0262393 secs] 913612K->260421K(2015232K), 0.0266869 secs] [Times: user=0.08 sys=0.00, real=0.02 secs] 
2019-12-07T18:42:05.963+0800: 178902.682: [GC (Allocation Failure) 2019-12-07T18:42:05.965+0800: 178902.683: [ParNew: 671758K->16124K(737280K), 0.0293617 secs] 915781K->261529K(2015232K), 0.0311040 secs] [Times: user=0.09 sys=0.00, real=0.03 secs] 
2019-12-07T19:31:19.063+0800: 181855.782: [GC (Allocation Failure) 2019-12-07T19:31:19.063+0800: 181855.782: [ParNew: 671484K->15732K(737280K), 0.0271701 secs] 916889K->262710K(2015232K), 0.0276322 secs] [Times: user=0.09 sys=0.00, real=0.03 secs] 
2019-12-07T20:18:47.253+0800: 184703.972: [GC (Allocation Failure) 2019-12-07T20:18:47.253+0800: 184703.972: [ParNew: 671092K->15786K(737280K), 0.0289151 secs] 918070K->264189K(2015232K), 0.0293667 secs] [Times: user=0.08 sys=0.00, real=0.03 secs] 
2019-12-07T21:08:01.889+0800: 187658.608: [GC (Allocation Failure) 2019-12-07T21:08:01.890+0800: 187658.608: [ParNew: 671146K->17421K(737280K), 0.0275132 secs] 919549K->267337K(2015232K), 0.0279868 secs] [Times: user=0.09 sys=0.00, real=0.02 secs] 
2019-12-07T21:56:58.916+0800: 190595.635: [GC (Allocation Failure) 2019-12-07T21:56:58.917+0800: 190595.635: [ParNew: 672781K->13398K(737280K), 0.0272234 secs] 922697K->264787K(2015232K), 0.0276808 secs] [Times: user=0.09 sys=0.00, real=0.03 secs] 
2019-12-07T22:45:22.629+0800: 193499.348: [GC (Allocation Failure) 2019-12-07T22:45:22.629+0800: 193499.348: [ParNew: 668758K->17105K(737280K), 0.0265449 secs] 920147K->269784K(2015232K), 0.0270053 secs] [Times: user=0.09 sys=0.00, real=0.03 secs] 
2019-12-07T23:40:19.219+0800: 196795.938: [GC (Allocation Failure) 2019-12-07T23:40:19.219+0800: 196795.938: [ParNew: 672465K->11105K(737280K), 0.0307317 secs] 925144K->265061K(2015232K), 0.0312049 secs] [Times: user=0.08 sys=0.00, real=0.03 secs] 
2019-12-08T00:39:21.662+0800: 200338.380: [GC (Allocation Failure) 2019-12-08T00:39:21.662+0800: 200338.381: [ParNew: 666465K->15750K(737280K), 0.0271810 secs] 920421K->270988K(2015232K), 0.0276327 secs] [Times: user=0.09 sys=0.00, real=0.03 secs] 
2019-12-08T01:46:24.262+0800: 204360.981: [GC (Allocation Failure) 2019-12-08T01:46:24.262+0800: 204360.981: [ParNew: 671110K->16482K(737280K), 0.0259232 secs] 926348K->273068K(2015232K), 0.0264099 secs] [Times: user=0.09 sys=0.00, real=0.03 secs] 
2019-12-08T03:04:02.705+0800: 209019.424: [GC (Allocation Failure) 2019-12-08T03:04:02.705+0800: 209019.424: [ParNew: 671842K->11151K(737280K), 0.0262161 secs] 928428K->269018K(2015232K), 0.0266658 secs] [Times: user=0.08 sys=0.00, real=0.02 secs] 
2019-12-08T04:37:05.855+0800: 214602.574: [GC (Allocation Failure) 2019-12-08T04:37:05.856+0800: 214602.575: [ParNew: 666511K->13161K(737280K), 0.0281813 secs] 924378K->272322K(2015232K), 0.0286343 secs] [Times: user=0.07 sys=0.00, real=0.03 secs] 
2019-12-08T06:11:55.904+0800: 220292.623: [GC (Allocation Failure) 2019-12-08T06:11:55.904+0800: 220292.623: [ParNew: 668521K->11159K(737280K), 0.0250486 secs] 927682K->271585K(2015232K), 0.0254919 secs] [Times: user=0.08 sys=0.00, real=0.03 secs] 
2019-12-08T07:36:44.984+0800: 225381.702: [GC (Allocation Failure) 2019-12-08T07:36:44.984+0800: 225381.703: [ParNew: 666519K->9606K(737280K), 0.0253197 secs] 926945K->271221K(2015232K), 0.0257746 secs] [Times: user=0.07 sys=0.00, real=0.02 secs] 
2019-12-08T08:39:54.007+0800: 229170.726: [GC (Allocation Failure) 2019-12-08T08:39:54.007+0800: 229170.726: [ParNew: 664966K->12319K(737280K), 0.0320374 secs] 926581K->275019K(2015232K), 0.0324885 secs] [Times: user=0.08 sys=0.00, real=0.04 secs] 
2019-12-08T09:32:22.911+0800: 232319.630: [GC (Allocation Failure) 2019-12-08T09:32:22.912+0800: 232319.630: [ParNew: 667679K->8802K(737280K), 0.0235152 secs] 930379K->272507K(2015232K), 0.0239943 secs] [Times: user=0.07 sys=0.00, real=0.02 secs] 
2019-12-08T10:20:33.624+0800: 235210.342: [GC (Allocation Failure) 2019-12-08T10:20:33.624+0800: 235210.343: [ParNew: 664162K->9981K(737280K), 0.0225157 secs] 927867K->274362K(2015232K), 0.0229618 secs] [Times: user=0.07 sys=0.00, real=0.03 secs] 
2019-12-08T11:03:19.448+0800: 237776.167: [GC (Allocation Failure) 2019-12-08T11:03:19.448+0800: 237776.167: [ParNew: 665337K->11357K(737280K), 0.0224396 secs] 929718K->276119K(2015232K), 0.0228588 secs] [Times: user=0.08 sys=0.00, real=0.02 secs] 
2019-12-08T11:49:06.493+0800: 240523.212: [GC (Allocation Failure) 2019-12-08T11:49:06.493+0800: 240523.212: [ParNew: 666710K->13094K(737280K), 0.0243551 secs] 931472K->278176K(2015232K), 0.0247990 secs] [Times: user=0.08 sys=0.00, real=0.02 secs] 
2019-12-08T12:33:23.568+0800: 243180.287: [GC (Allocation Failure) 2019-12-08T12:33:23.568+0800: 243180.287: [ParNew: 668454K->14943K(737280K), 0.0255723 secs] 933536K->280640K(2015232K), 0.0260292 secs] [Times: user=0.08 sys=0.00, real=0.02 secs] 
2019-12-08T13:20:09.272+0800: 245985.991: [GC (Allocation Failure) 2019-12-08T13:20:09.273+0800: 245985.991: [ParNew: 670303K->15973K(737280K), 0.0292858 secs] 936000K->282740K(2015232K), 0.0297223 secs] [Times: user=0.08 sys=0.00, real=0.03 secs] 
2019-12-08T14:06:13.423+0800: 248750.142: [GC (Allocation Failure) 2019-12-08T14:06:13.424+0800: 248750.143: [ParNew: 671326K->14806K(737280K), 0.0370529 secs] 938093K->282761K(2015232K), 0.0375098 secs] [Times: user=0.10 sys=0.00, real=0.03 secs] 
2019-12-08T14:52:01.017+0800: 251497.735: [GC (Allocation Failure) 2019-12-08T14:52:01.017+0800: 251497.736: [ParNew: 670161K->17487K(737280K), 0.0287859 secs] 938116K->286764K(2015232K), 0.0292408 secs] [Times: user=0.09 sys=0.00, real=0.03 secs] 
2019-12-08T15:34:17.027+0800: 254033.746: [GC (Allocation Failure) 2019-12-08T15:34:17.027+0800: 254033.746: [ParNew: 672847K->11115K(737280K), 0.0267342 secs] 942124K->281836K(2015232K), 0.0271688 secs] [Times: user=0.10 sys=0.00, real=0.02 secs] 
2019-12-08T16:18:20.018+0800: 256676.736: [GC (Allocation Failure) 2019-12-08T16:18:20.018+0800: 256676.737: [ParNew: 666475K->15549K(737280K), 0.0272860 secs] 937196K->287594K(2015232K), 0.0277469 secs] [Times: user=0.10 sys=0.00, real=0.03 secs] 
2019-12-08T17:03:48.870+0800: 259405.589: [GC (Allocation Failure) 2019-12-08T17:03:48.870+0800: 259405.589: [ParNew: 670909K->16672K(737280K), 0.0271115 secs] 942954K->290066K(2015232K), 0.0275661 secs] [Times: user=0.10 sys=0.00, real=0.03 secs] 
2019-12-08T17:51:27.112+0800: 262263.831: [GC (Allocation Failure) 2019-12-08T17:51:27.113+0800: 262263.831: [ParNew: 672032K->10954K(737280K), 0.0269830 secs] 945426K->285632K(2015232K), 0.0274443 secs] [Times: user=0.09 sys=0.00, real=0.03 secs] 
2019-12-08T18:39:51.069+0800: 265167.788: [GC (Allocation Failure) 2019-12-08T18:39:51.069+0800: 265167.788: [ParNew: 666314K->13709K(737280K), 0.0286557 secs] 940992K->289668K(2015232K), 0.0290870 secs] [Times: user=0.09 sys=0.00, real=0.02 secs] 
2019-12-08T19:30:11.044+0800: 268187.763: [GC (Allocation Failure) 2019-12-08T19:30:11.044+0800: 268187.763: [ParNew: 669069K->16966K(737280K), 0.0271073 secs] 945028K->294238K(2015232K), 0.0275697 secs] [Times: user=0.09 sys=0.00, real=0.03 secs] 
2019-12-08T20:11:47.191+0800: 270683.910: [GC (Allocation Failure) 2019-12-08T20:11:47.191+0800: 270683.910: [ParNew: 672326K->12593K(737280K), 0.0266031 secs] 949598K->291314K(2015232K), 0.0270561 secs] [Times: user=0.09 sys=0.00, real=0.03 secs] 
2019-12-08T20:54:27.985+0800: 273244.704: [GC (Allocation Failure) 2019-12-08T20:54:27.985+0800: 273244.704: [ParNew: 667953K->15648K(737280K), 0.0278973 secs] 946674K->295733K(2015232K), 0.0283589 secs] [Times: user=0.09 sys=0.00, real=0.03 secs] 
2019-12-08T21:37:20.615+0800: 275817.334: [GC (Allocation Failure) 2019-12-08T21:37:20.615+0800: 275817.334: [ParNew: 671008K->16951K(737280K), 0.0276527 secs] 951093K->298395K(2015232K), 0.0281027 secs] [Times: user=0.09 sys=0.00, real=0.03 secs] 
2019-12-08T22:23:10.276+0800: 278566.994: [GC (Allocation Failure) 2019-12-08T22:23:10.276+0800: 278566.995: [ParNew: 672303K->15881K(737280K), 0.0315654 secs] 953747K->298728K(2015232K), 0.0320123 secs] [Times: user=0.08 sys=0.00, real=0.04 secs] 
2019-12-08T23:12:52.096+0800: 281548.815: [GC (Allocation Failure) 2019-12-08T23:12:52.096+0800: 281548.815: [ParNew: 671241K->17570K(737280K), 0.0274058 secs] 954088K->301724K(2015232K), 0.0278907 secs] [Times: user=0.09 sys=0.00, real=0.03 secs] 
2019-12-09T00:08:20.746+0800: 284877.465: [GC (Allocation Failure) 2019-12-09T00:08:20.746+0800: 284877.465: [ParNew: 672930K->12654K(737280K), 0.0276347 secs] 957084K->298037K(2015232K), 0.0281196 secs] [Times: user=0.09 sys=0.00, real=0.02 secs] 
2019-12-09T01:14:06.732+0800: 288823.451: [GC (Allocation Failure) 2019-12-09T01:14:06.732+0800: 288823.451: [ParNew: 668014K->15782K(737280K), 0.0272094 secs] 953397K->302627K(2015232K), 0.0276673 secs] [Times: user=0.09 sys=0.00, real=0.03 secs] 
2019-12-09T02:33:28.666+0800: 293585.385: [GC (Allocation Failure) 2019-12-09T02:33:28.666+0800: 293585.385: [ParNew: 671142K->16726K(737280K), 0.0271058 secs] 957987K->304981K(2015232K), 0.0275510 secs] [Times: user=0.09 sys=0.00, real=0.03 secs] 
2019-12-09T04:00:13.417+0800: 298790.136: [GC (Allocation Failure) 2019-12-09T04:00:13.418+0800: 298790.136: [ParNew: 672086K->15896K(737280K), 0.0311553 secs] 960341K->305531K(2015232K), 0.0316673 secs] [Times: user=0.11 sys=0.00, real=0.03 secs] 
2019-12-09T05:37:27.678+0800: 304624.397: [GC (Allocation Failure) 2019-12-09T05:37:27.678+0800: 304624.397: [ParNew: 671256K->13694K(737280K), 0.0291277 secs] 960891K->304714K(2015232K), 0.0295760 secs] [Times: user=0.10 sys=0.00, real=0.03 secs] 
2019-12-09T07:08:45.624+0800: 310102.343: [GC (Allocation Failure) 2019-12-09T07:08:45.625+0800: 310102.343: [ParNew: 669052K->13050K(737280K), 0.0285525 secs] 960073K->305245K(2015232K), 0.0290269 secs] [Times: user=0.09 sys=0.00, real=0.03 secs] 
2019-12-09T08:14:18.544+0800: 314035.263: [GC (Allocation Failure) 2019-12-09T08:14:18.545+0800: 314035.263: [ParNew: 668410K->11936K(737280K), 0.0270515 secs] 960605K->305269K(2015232K), 0.0275342 secs] [Times: user=0.09 sys=0.00, real=0.03 secs] 
2019-12-09T09:08:28.038+0800: 317284.757: [GC (Allocation Failure) 2019-12-09T09:08:28.038+0800: 317284.757: [ParNew: 667296K->12434K(737280K), 0.0262621 secs] 960629K->306640K(2015232K), 0.0267323 secs] [Times: user=0.08 sys=0.00, real=0.03 secs] 
2019-12-09T09:54:00.140+0800: 320016.859: [GC (Allocation Failure) 2019-12-09T09:54:00.140+0800: 320016.859: [ParNew: 667794K->16181K(737280K), 0.0293421 secs] 962000K->311016K(2015232K), 0.0297882 secs] [Times: user=0.07 sys=0.00, real=0.03 secs] 
2019-12-09T10:40:13.286+0800: 322790.005: [GC (Allocation Failure) 2019-12-09T10:40:13.286+0800: 322790.005: [ParNew: 671541K->9989K(737280K), 0.0287530 secs] 966376K->308376K(2015232K), 0.0292482 secs] [Times: user=0.09 sys=0.00, real=0.03 secs] 
2019-12-09T11:20:19.753+0800: 325196.472: [GC (Allocation Failure) 2019-12-09T11:20:19.753+0800: 325196.472: [ParNew: 665349K->11639K(737280K), 0.0246678 secs] 963736K->310337K(2015232K), 0.0251378 secs] [Times: user=0.09 sys=0.00, real=0.03 secs] 
2019-12-09T12:02:33.023+0800: 327729.742: [GC (Allocation Failure) 2019-12-09T12:02:33.023+0800: 327729.742: [ParNew: 666997K->13789K(737280K), 0.0244502 secs] 965696K->312914K(2015232K), 0.0248697 secs] [Times: user=0.08 sys=0.00, real=0.02 secs] 
2019-12-09T12:44:10.307+0800: 330227.025: [GC (Allocation Failure) 2019-12-09T12:44:10.307+0800: 330227.026: [ParNew: 669145K->15976K(737280K), 0.0270827 secs] 968270K->316094K(2015232K), 0.0275397 secs] [Times: user=0.09 sys=0.00, real=0.03 secs] 
2019-12-09T13:26:15.748+0800: 332752.466: [GC (Allocation Failure) 2019-12-09T13:26:15.748+0800: 332752.467: [ParNew: 671336K->17543K(737280K), 0.0275272 secs] 971454K->318798K(2015232K), 0.0279921 secs] [Times: user=0.10 sys=0.00, real=0.03 secs] 
2019-12-09T14:07:42.421+0800: 335239.140: [GC (Allocation Failure) 2019-12-09T14:07:42.421+0800: 335239.140: [ParNew: 672903K->14452K(737280K), 0.0278781 secs] 974158K->317068K(2015232K), 0.0283299 secs] [Times: user=0.09 sys=0.00, real=0.02 secs] 
2019-12-09T14:49:23.250+0800: 337739.969: [GC (Allocation Failure) 2019-12-09T14:49:23.250+0800: 337739.969: [ParNew: 669812K->17481K(737280K), 0.0273465 secs] 972428K->321444K(2015232K), 0.0277968 secs] [Times: user=0.09 sys=0.00, real=0.02 secs] 
2019-12-09T15:28:41.525+0800: 340098.244: [GC (Allocation Failure) 2019-12-09T15:28:41.526+0800: 340098.245: [ParNew: 672840K->11352K(737280K), 0.0283628 secs] 976802K->316790K(2015232K), 0.0288162 secs] [Times: user=0.10 sys=0.00, real=0.03 secs] 
2019-12-09T16:07:06.347+0800: 342403.065: [GC (Allocation Failure) 2019-12-09T16:07:06.347+0800: 342403.066: [ParNew: 666712K->15714K(737280K), 0.0280106 secs] 972150K->322590K(2015232K), 0.0284631 secs] [Times: user=0.09 sys=0.00, real=0.03 secs] 
2019-12-09T16:44:40.938+0800: 344657.657: [GC (Allocation Failure) 2019-12-09T16:44:40.939+0800: 344657.657: [ParNew: 671074K->17296K(737280K), 0.0278466 secs] 977950K->325573K(2015232K), 0.0283848 secs] [Times: user=0.10 sys=0.00, real=0.03 secs] 
2019-12-09T17:25:33.792+0800: 347110.511: [GC (Allocation Failure) 2019-12-09T17:25:33.792+0800: 347110.511: [ParNew: 672656K->18100K(737280K), 0.0275802 secs] 980933K->327739K(2015232K), 0.0280375 secs] [Times: user=0.09 sys=0.00, real=0.03 secs] 
2019-12-09T18:06:55.543+0800: 349592.262: [GC (Allocation Failure) 2019-12-09T18:06:55.543+0800: 349592.262: [ParNew: 673460K->13270K(737280K), 0.0291131 secs] 983099K->324239K(2015232K), 0.0295757 secs] [Times: user=0.10 sys=0.00, real=0.03 secs] 
2019-12-09T18:55:51.189+0800: 352527.907: [GC (Allocation Failure) 2019-12-09T18:55:51.189+0800: 352527.908: [ParNew: 668630K->16068K(737280K), 0.0274937 secs] 979599K->328444K(2015232K), 0.0279594 secs] [Times: user=0.10 sys=0.00, real=0.02 secs] 
2019-12-09T19:40:52.408+0800: 355229.127: [GC (Allocation Failure) 2019-12-09T19:40:52.408+0800: 355229.127: [ParNew: 671428K->17198K(737280K), 0.0289394 secs] 983804K->330992K(2015232K), 0.0294026 secs] [Times: user=0.09 sys=0.00, real=0.03 secs] 
2019-12-09T20:25:52.099+0800: 357928.818: [GC (Allocation Failure) 2019-12-09T20:25:52.100+0800: 357928.819: [ParNew: 672558K->12581K(737280K), 0.0284959 secs] 986352K->327787K(2015232K), 0.0289567 secs] [Times: user=0.09 sys=0.00, real=0.03 secs] 
2019-12-09T21:07:43.937+0800: 360440.656: [GC (Allocation Failure) 2019-12-09T21:07:43.937+0800: 360440.656: [ParNew: 667940K->15325K(737280K), 0.0275339 secs] 983147K->331899K(2015232K), 0.0279972 secs] [Times: user=0.10 sys=0.00, real=0.03 secs] 
2019-12-09T21:50:29.230+0800: 363005.949: [GC (Allocation Failure) 2019-12-09T21:50:29.230+0800: 363005.949: [ParNew: 670685K->12909K(737280K), 0.0307217 secs] 987259K->330835K(2015232K), 0.0311891 secs] [Times: user=0.09 sys=0.00, real=0.04 secs] 
2019-12-09T22:35:10.744+0800: 365687.463: [GC (Allocation Failure) 2019-12-09T22:35:10.744+0800: 365687.463: [ParNew: 668269K->15026K(737280K), 0.0281101 secs] 986195K->334334K(2015232K), 0.0285911 secs] [Times: user=0.10 sys=0.00, real=0.03 secs] 
2019-12-09T23:24:23.822+0800: 368640.541: [GC (Allocation Failure) 2019-12-09T23:24:23.822+0800: 368640.541: [ParNew: 670386K->16702K(737280K), 0.0286736 secs] 989694K->337316K(2015232K), 0.0291306 secs] [Times: user=0.09 sys=0.00, real=0.03 secs] 
2019-12-10T00:19:41.887+0800: 371958.606: [GC (Allocation Failure) 2019-12-10T00:19:41.888+0800: 371958.606: [ParNew: 672062K->12379K(737280K), 0.0281108 secs] 992676K->334238K(2015232K), 0.0286008 secs] [Times: user=0.10 sys=0.00, real=0.03 secs] 
2019-12-10T01:23:06.972+0800: 375763.690: [GC (Allocation Failure) 2019-12-10T01:23:06.972+0800: 375763.691: [ParNew: 667739K->15071K(737280K), 0.0271639 secs] 989598K->338226K(2015232K), 0.0276092 secs] [Times: user=0.09 sys=0.00, real=0.02 secs] 
2019-12-10T02:35:19.042+0800: 380095.761: [GC (Allocation Failure) 2019-12-10T02:35:19.043+0800: 380095.761: [ParNew: 670431K->14024K(737280K), 0.0280725 secs] 993586K->338551K(2015232K), 0.0285375 secs] [Times: user=0.09 sys=0.00, real=0.03 secs] 
2019-12-10T04:02:49.760+0800: 385346.479: [GC (Allocation Failure) 2019-12-10T04:02:49.760+0800: 385346.479: [ParNew: 669384K->13720K(737280K), 0.0269625 secs] 993911K->339541K(2015232K), 0.0273995 secs] [Times: user=0.07 sys=0.00, real=0.03 secs] 
2019-12-10T05:36:27.523+0800: 390964.241: [GC (Allocation Failure) 2019-12-10T05:36:27.523+0800: 390964.242: [ParNew: 669080K->10337K(737280K), 0.0284050 secs] 994901K->337349K(2015232K), 0.0288134 secs] [Times: user=0.07 sys=0.00, real=0.03 secs] 
2019-12-10T07:02:58.386+0800: 396155.105: [GC (Allocation Failure) 2019-12-10T07:02:58.386+0800: 396155.105: [ParNew: 665697K->10389K(737280K), 0.0241757 secs] 992709K->338534K(2015232K), 0.0246046 secs] [Times: user=0.08 sys=0.00, real=0.03 secs] 
2019-12-10T08:09:53.762+0800: 400170.481: [GC (Allocation Failure) 2019-12-10T08:09:53.762+0800: 400170.481: [ParNew: 665749K->10567K(737280K), 0.0316156 secs] 993894K->339782K(2015232K), 0.0320903 secs] [Times: user=0.08 sys=0.00, real=0.03 secs] 
2019-12-10T09:02:58.496+0800: 403355.215: [GC (Allocation Failure) 2019-12-10T09:02:58.496+0800: 403355.215: [ParNew: 665927K->8024K(737280K), 0.0231781 secs] 995142K->338121K(2015232K), 0.0236219 secs] [Times: user=0.07 sys=0.00, real=0.02 secs] 
2019-12-10T09:50:39.169+0800: 406215.888: [GC (Allocation Failure) 2019-12-10T09:50:39.169+0800: 406215.888: [ParNew: 663384K->9364K(737280K), 0.0237187 secs] 993481K->340111K(2015232K), 0.0241804 secs] [Times: user=0.08 sys=0.00, real=0.02 secs] 
2019-12-10T10:33:09.734+0800: 408766.453: [GC (Allocation Failure) 2019-12-10T10:33:09.734+0800: 408766.453: [ParNew: 664724K->10761K(737280K), 0.0242251 secs] 995471K->341887K(2015232K), 0.0247136 secs] [Times: user=0.08 sys=0.00, real=0.03 secs] 
2019-12-10T11:16:41.382+0800: 411378.101: [GC (Allocation Failure) 2019-12-10T11:16:41.382+0800: 411378.101: [ParNew: 666121K->12178K(737280K), 0.0236725 secs] 997247K->343648K(2015232K), 0.0241256 secs] [Times: user=0.08 sys=0.00, real=0.03 secs] 
2019-12-10T12:00:00.241+0800: 413976.960: [GC (Allocation Failure) 2019-12-10T12:00:00.241+0800: 413976.960: [ParNew: 667538K->11920K(737280K), 0.0296822 secs] 999008K->343825K(2015232K), 0.0301198 secs] [Times: user=0.08 sys=0.00, real=0.03 secs] 
2019-12-10T12:43:04.529+0800: 416561.248: [GC (Allocation Failure) 2019-12-10T12:43:04.530+0800: 416561.248: [ParNew: 667273K->15016K(737280K), 0.0452658 secs] 999178K->347858K(2015232K), 0.0457130 secs] [Times: user=0.10 sys=0.00, real=0.05 secs] 
2019-12-10T13:26:20.806+0800: 419157.525: [GC (Allocation Failure) 2019-12-10T13:26:20.807+0800: 419157.526: [ParNew: 670376K->16140K(737280K), 0.0392900 secs] 1003218K->350120K(2015232K), 0.0397670 secs] [Times: user=0.11 sys=0.00, real=0.04 secs] 
2019-12-10T14:09:32.484+0800: 421749.203: [GC (Allocation Failure) 2019-12-10T14:09:32.484+0800: 421749.203: [ParNew: 671500K->13520K(737280K), 0.0365994 secs] 1005480K->348760K(2015232K), 0.0370431 secs] [Times: user=0.08 sys=0.00, real=0.04 secs] 
2019-12-10T14:54:31.372+0800: 424448.091: [GC (Allocation Failure) 2019-12-10T14:54:31.373+0800: 424448.091: [ParNew: 668879K->13293K(737280K), 0.0333866 secs] 1004119K->349888K(2015232K), 0.0338626 secs] [Times: user=0.09 sys=0.00, real=0.03 secs] 
2019-12-10T15:36:21.005+0800: 426957.724: [GC (Allocation Failure) 2019-12-10T15:36:21.005+0800: 426957.724: [ParNew: 668647K->16453K(737280K), 0.0299100 secs] 1005243K->354392K(2015232K), 0.0304083 secs] [Times: user=0.09 sys=0.00, real=0.03 secs] 
2019-12-10T16:17:08.581+0800: 429405.300: [GC (Allocation Failure) 2019-12-10T16:17:08.581+0800: 429405.300: [ParNew: 671813K->13582K(737280K), 0.0305352 secs] 1009752K->352847K(2015232K), 0.0309877 secs] [Times: user=0.08 sys=0.00, real=0.03 secs] 
2019-12-10T16:59:53.573+0800: 431970.292: [GC (Allocation Failure) 2019-12-10T16:59:53.574+0800: 431970.293: [ParNew: 668942K->15685K(737280K), 0.0276341 secs] 1008207K->356274K(2015232K), 0.0280838 secs] [Times: user=0.10 sys=0.00, real=0.02 secs] 
2019-12-10T17:43:21.435+0800: 434578.153: [GC (Allocation Failure) 2019-12-10T17:43:21.435+0800: 434578.154: [ParNew: 671045K->16581K(737280K), 0.0284958 secs] 1011634K->358462K(2015232K), 0.0289593 secs] [Times: user=0.09 sys=0.00, real=0.03 secs] 
2019-12-10T18:30:23.971+0800: 437400.690: [GC (Allocation Failure) 2019-12-10T18:30:23.972+0800: 437400.690: [ParNew: 671941K->15179K(737280K), 0.0304012 secs] 1013822K->358379K(2015232K), 0.0308574 secs] [Times: user=0.09 sys=0.00, real=0.03 secs] 
2019-12-10T19:15:59.712+0800: 440136.431: [GC (Allocation Failure) 2019-12-10T19:15:59.713+0800: 440136.431: [ParNew: 670539K->17146K(737280K), 0.0284396 secs] 1013739K->361681K(2015232K), 0.0289199 secs] [Times: user=0.10 sys=0.00, real=0.03 secs] 
2019-12-10T20:03:42.314+0800: 442999.033: [GC (Allocation Failure) 2019-12-10T20:03:42.314+0800: 442999.033: [ParNew: 672506K->12277K(737280K), 0.0278611 secs] 1017041K->358157K(2015232K), 0.0282969 secs] [Times: user=0.09 sys=0.00, real=0.03 secs] 
2019-12-10T20:52:38.439+0800: 445935.158: [GC (Allocation Failure) 2019-12-10T20:52:38.439+0800: 445935.158: [ParNew: 667637K->15131K(737280K), 0.0284019 secs] 1013517K->362310K(2015232K), 0.0288685 secs] [Times: user=0.09 sys=0.00, real=0.03 secs] 
2019-12-10T21:41:52.212+0800: 448888.931: [GC (Allocation Failure) 2019-12-10T21:41:52.212+0800: 448888.931: [ParNew: 670491K->11774K(737280K), 0.0316416 secs] 1017670K->360243K(2015232K), 0.0321053 secs] [Times: user=0.08 sys=0.00, real=0.03 secs] 
2019-12-10T22:25:35.375+0800: 451512.094: [GC (Allocation Failure) 2019-12-10T22:25:35.375+0800: 451512.094: [ParNew: 667134K->13992K(737280K), 0.0294941 secs] 1015603K->363753K(2015232K), 0.0299340 secs] [Times: user=0.09 sys=0.00, real=0.03 secs] 
2019-12-10T23:16:03.535+0800: 454540.254: [GC (Allocation Failure) 2019-12-10T23:16:03.535+0800: 454540.254: [ParNew: 669352K->13917K(737280K), 0.0276084 secs] 1019113K->364960K(2015232K), 0.0280510 secs] [Times: user=0.09 sys=0.00, real=0.02 secs] 
2019-12-11T00:11:18.368+0800: 457855.087: [GC (Allocation Failure) 2019-12-11T00:11:18.368+0800: 457855.087: [ParNew: 669277K->16166K(737280K), 0.0271984 secs] 1020320K->368434K(2015232K), 0.0276560 secs] [Times: user=0.09 sys=0.00, real=0.02 secs] 
2019-12-11T01:16:08.666+0800: 461745.385: [GC (Allocation Failure) 2019-12-11T01:16:08.666+0800: 461745.385: [ParNew: 671526K->10645K(737280K), 0.0274252 secs] 1023794K->364191K(2015232K), 0.0279007 secs] [Times: user=0.09 sys=0.00, real=0.03 secs] 
2019-12-11T02:32:29.906+0800: 466326.624: [GC (Allocation Failure) 2019-12-11T02:32:29.906+0800: 466326.625: [ParNew: 666002K->12810K(737280K), 0.0265444 secs] 1019548K->367528K(2015232K), 0.0269833 secs] [Times: user=0.08 sys=0.00, real=0.02 secs] 
2019-12-11T03:57:58.500+0800: 471455.219: [GC (Allocation Failure) 2019-12-11T03:57:58.500+0800: 471455.219: [ParNew: 668170K->13543K(737280K), 0.0273167 secs] 1022888K->369492K(2015232K), 0.0277612 secs] [Times: user=0.08 sys=0.00, real=0.03 secs] 
2019-12-11T05:31:09.373+0800: 477046.092: [GC (Allocation Failure) 2019-12-11T05:31:09.373+0800: 477046.092: [ParNew: 668903K->11369K(737280K), 0.0299566 secs] 1024852K->368628K(2015232K), 0.0304124 secs] [Times: user=0.07 sys=0.00, real=0.03 secs] 
2019-12-11T07:00:31.310+0800: 482408.029: [GC (Allocation Failure) 2019-12-11T07:00:31.310+0800: 482408.029: [ParNew: 666729K->11417K(737280K), 0.0259721 secs] 1023988K->369869K(2015232K), 0.0264336 secs] [Times: user=0.08 sys=0.00, real=0.02 secs] 
2019-12-11T08:10:34.972+0800: 486611.690: [GC (Allocation Failure) 2019-12-11T08:10:34.972+0800: 486611.691: [ParNew: 666777K->9508K(737280K), 0.0257845 secs] 1025229K->369076K(2015232K), 0.0262184 secs] [Times: user=0.07 sys=0.00, real=0.02 secs] 
2019-12-11T09:07:03.926+0800: 490000.645: [GC (Allocation Failure) 2019-12-11T09:07:03.927+0800: 490000.645: [ParNew: 664868K->9289K(737280K), 0.0234583 secs] 1024436K->369715K(2015232K), 0.0239070 secs] [Times: user=0.08 sys=0.00, real=0.02 secs] 
2019-12-11T09:56:48.359+0800: 492985.078: [GC (Allocation Failure) 2019-12-11T09:56:48.359+0800: 492985.078: [ParNew: 664649K->9826K(737280K), 0.0227985 secs] 1025075K->370898K(2015232K), 0.0232384 secs] [Times: user=0.07 sys=0.00, real=0.02 secs] 
2019-12-11T10:43:27.429+0800: 495784.148: [GC (Allocation Failure) 2019-12-11T10:43:27.430+0800: 495784.148: [ParNew: 665186K->11421K(737280K), 0.0250549 secs] 1026258K->372960K(2015232K), 0.0255431 secs] [Times: user=0.08 sys=0.00, real=0.03 secs] 
2019-12-11T11:26:16.745+0800: 498353.464: [GC (Allocation Failure) 2019-12-11T11:26:16.745+0800: 498353.464: [ParNew: 666781K->11946K(737280K), 0.0252072 secs] 1028320K->373808K(2015232K), 0.0256660 secs] [Times: user=0.09 sys=0.00, real=0.02 secs] 
2019-12-11T12:12:14.065+0800: 501110.784: [GC (Allocation Failure) 2019-12-11T12:12:14.066+0800: 501110.785: [ParNew: 667306K->14508K(737280K), 0.0259005 secs] 1029168K->376854K(2015232K), 0.0263673 secs] [Times: user=0.08 sys=0.00, real=0.02 secs] 
2019-12-11T12:57:57.028+0800: 503853.746: [GC (Allocation Failure) 2019-12-11T12:57:57.028+0800: 503853.747: [ParNew: 669868K->15484K(737280K), 0.0306401 secs] 1032214K->378695K(2015232K), 0.0311142 secs] [Times: user=0.10 sys=0.00, real=0.04 secs] 
2019-12-11T13:40:36.252+0800: 506412.971: [GC (Allocation Failure) 2019-12-11T13:40:36.252+0800: 506412.971: [ParNew: 670844K->11468K(737280K), 0.0278256 secs] 1034055K->375860K(2015232K), 0.0282686 secs] [Times: user=0.10 sys=0.00, real=0.03 secs] 
2019-12-11T14:11:16.524+0800: 508253.243: [GC (Allocation Failure) 2019-12-11T14:11:16.524+0800: 508253.243: [ParNew: 666828K->14334K(737280K), 0.0286013 secs] 1031220K->379972K(2015232K), 0.0290510 secs] [Times: user=0.10 sys=0.00, real=0.03 secs] 
2019-12-11T14:46:18.090+0800: 510354.809: [GC (Allocation Failure) 2019-12-11T14:46:18.090+0800: 510354.809: [ParNew: 669694K->17289K(737280K), 0.0280434 secs] 1035332K->384128K(2015232K), 0.0285301 secs] [Times: user=0.10 sys=0.00, real=0.03 secs] 
2019-12-11T15:27:24.638+0800: 512821.357: [GC (Allocation Failure) 2019-12-11T15:27:24.638+0800: 512821.357: [ParNew: 672649K->14044K(737280K), 0.0292328 secs] 1039488K->382163K(2015232K), 0.0297038 secs] [Times: user=0.10 sys=0.00, real=0.03 secs] 
2019-12-11T16:06:40.667+0800: 515177.386: [GC (Allocation Failure) 2019-12-11T16:06:40.667+0800: 515177.386: [ParNew: 669404K->16548K(737280K), 0.0302692 secs] 1037523K->385900K(2015232K), 0.0307617 secs] [Times: user=0.10 sys=0.00, real=0.03 secs] 
2019-12-11T16:47:08.558+0800: 517605.277: [GC (Allocation Failure) 2019-12-11T16:47:08.559+0800: 517605.278: [ParNew: 671901K->17596K(737280K), 0.0287916 secs] 1041254K->388209K(2015232K), 0.0292804 secs] [Times: user=0.10 sys=0.00, real=0.03 secs] 
2019-12-11T17:31:05.543+0800: 520242.261: [GC (Allocation Failure) 2019-12-11T17:31:05.543+0800: 520242.262: [ParNew: 672956K->14591K(737280K), 0.0334119 secs] 1043569K->386592K(2015232K), 0.0338619 secs] [Times: user=0.09 sys=0.00, real=0.03 secs] 
2019-12-11T18:16:40.839+0800: 522977.558: [GC (Allocation Failure) 2019-12-11T18:16:40.845+0800: 522977.564: [ParNew: 669951K->14074K(737280K), 0.0352461 secs] 1041952K->387667K(2015232K), 0.0410661 secs] [Times: user=0.08 sys=0.00, real=0.04 secs] 
2019-12-11T19:03:23.516+0800: 525780.235: [GC (Allocation Failure) 2019-12-11T19:03:23.517+0800: 525780.236: [ParNew: 669434K->16793K(737280K), 0.0293543 secs] 1043027K->391808K(2015232K), 0.0298397 secs] [Times: user=0.10 sys=0.00, real=0.03 secs] 
2019-12-11T19:53:22.197+0800: 528778.916: [GC (Allocation Failure) 2019-12-11T19:53:22.198+0800: 528778.916: [ParNew: 672153K->10926K(737280K), 0.0282349 secs] 1047168K->387379K(2015232K), 0.0286728 secs] [Times: user=0.10 sys=0.00, real=0.03 secs] 
2019-12-11T20:42:26.455+0800: 531723.174: [GC (Allocation Failure) 2019-12-11T20:42:26.456+0800: 531723.175: [ParNew: 666286K->15164K(737280K), 0.0295825 secs] 1042739K->392991K(2015232K), 0.0300668 secs] [Times: user=0.10 sys=0.00, real=0.03 secs] 
2019-12-11T21:32:23.131+0800: 534719.850: [GC (Allocation Failure) 2019-12-11T21:32:23.131+0800: 534719.850: [ParNew: 670524K->16027K(737280K), 0.0278051 secs] 1048351K->395293K(2015232K), 0.0282712 secs] [Times: user=0.10 sys=0.00, real=0.02 secs] 
2019-12-11T22:23:16.212+0800: 537772.931: [GC (Allocation Failure) 2019-12-11T22:23:16.213+0800: 537772.932: [ParNew: 671387K->11722K(737280K), 0.0276879 secs] 1050653K->392276K(2015232K), 0.0281623 secs] [Times: user=0.09 sys=0.00, real=0.03 secs] 
2019-12-11T23:15:57.543+0800: 540934.262: [GC (Allocation Failure) 2019-12-11T23:15:57.543+0800: 540934.262: [ParNew: 667082K->12486K(737280K), 0.0369412 secs] 1047636K->394341K(2015232K), 0.0374059 secs] [Times: user=0.09 sys=0.00, real=0.04 secs] 
2019-12-12T00:12:13.987+0800: 544310.706: [GC (Allocation Failure) 2019-12-12T00:12:13.988+0800: 544310.707: [ParNew: 667846K->15464K(737280K), 0.0345778 secs] 1049701K->398561K(2015232K), 0.0350776 secs] [Times: user=0.09 sys=0.00, real=0.04 secs] 
2019-12-12T01:21:38.965+0800: 548475.684: [GC (Allocation Failure) 2019-12-12T01:21:38.965+0800: 548475.684: [ParNew: 670817K->14130K(737280K), 0.0277953 secs] 1053915K->398390K(2015232K), 0.0282230 secs] [Times: user=0.09 sys=0.00, real=0.03 secs] 
2019-12-12T02:40:50.420+0800: 553227.139: [GC (Allocation Failure) 2019-12-12T02:40:50.420+0800: 553227.139: [ParNew: 669490K->13698K(737280K), 0.0272329 secs] 1053750K->399133K(2015232K), 0.0277016 secs] [Times: user=0.08 sys=0.00, real=0.03 secs] 
2019-12-12T04:09:22.603+0800: 558539.322: [GC (Allocation Failure) 2019-12-12T04:09:22.603+0800: 558539.322: [ParNew: 669058K->13446K(737280K), 0.0275058 secs] 1054493K->400069K(2015232K), 0.0279686 secs] [Times: user=0.09 sys=0.00, real=0.02 secs] 
2019-12-12T05:45:06.858+0800: 564283.577: [GC (Allocation Failure) 2019-12-12T05:45:06.859+0800: 564283.578: [ParNew: 668806K->9472K(737280K), 0.0260959 secs] 1055429K->397205K(2015232K), 0.0265537 secs] [Times: user=0.08 sys=0.00, real=0.03 secs] 
2019-12-12T07:13:43.920+0800: 569600.638: [GC (Allocation Failure) 2019-12-12T07:13:43.920+0800: 569600.639: [ParNew: 664832K->8283K(737280K), 0.0253587 secs] 1052565K->397132K(2015232K), 0.0258022 secs] [Times: user=0.08 sys=0.00, real=0.03 secs] 
2019-12-12T08:25:31.937+0800: 573908.656: [GC (Allocation Failure) 2019-12-12T08:25:31.938+0800: 573908.656: [ParNew: 663643K->9219K(737280K), 0.0249458 secs] 1052492K->399258K(2015232K), 0.0253948 secs] [Times: user=0.08 sys=0.00, real=0.03 secs] 
2019-12-12T09:22:33.822+0800: 577330.541: [GC (Allocation Failure) 2019-12-12T09:22:33.822+0800: 577330.541: [ParNew: 664578K->9550K(737280K), 0.0266061 secs] 1054617K->400366K(2015232K), 0.0270763 secs] [Times: user=0.07 sys=0.00, real=0.03 secs] 
2019-12-12T10:13:34.557+0800: 580391.276: [GC (Allocation Failure) 2019-12-12T10:13:34.557+0800: 580391.276: [ParNew: 664910K->7541K(737280K), 0.0234573 secs] 1055726K->398882K(2015232K), 0.0239196 secs] [Times: user=0.08 sys=0.00, real=0.02 secs] 
2019-12-12T11:00:44.892+0800: 583221.611: [GC (Allocation Failure) 2019-12-12T11:00:44.892+0800: 583221.611: [ParNew: 662901K->10086K(737280K), 0.0230969 secs] 1054242K->401851K(2015232K), 0.0235505 secs] [Times: user=0.07 sys=0.00, real=0.03 secs] 
2019-12-12T11:46:45.345+0800: 585982.064: [GC (Allocation Failure) 2019-12-12T11:46:45.346+0800: 585982.064: [ParNew: 665445K->11516K(737280K), 0.0242594 secs] 1057210K->403560K(2015232K), 0.0247150 secs] [Times: user=0.07 sys=0.00, real=0.02 secs] 
2019-12-12T12:34:21.513+0800: 588838.232: [GC (Allocation Failure) 2019-12-12T12:34:21.513+0800: 588838.232: [ParNew: 666870K->12907K(737280K), 0.0329074 secs] 1058914K->405351K(2015232K), 0.0334411 secs] [Times: user=0.08 sys=0.00, real=0.04 secs] 
2019-12-12T13:23:05.282+0800: 591762.001: [GC (Allocation Failure) 2019-12-12T13:23:05.282+0800: 591762.001: [ParNew: 668262K->14467K(737280K), 0.0272386 secs] 1060706K->407814K(2015232K), 0.0276938 secs] [Times: user=0.09 sys=0.00, real=0.02 secs] 
2019-12-12T14:14:04.203+0800: 594820.922: [GC (Allocation Failure) 2019-12-12T14:14:04.203+0800: 594820.922: [ParNew: 669827K->15721K(737280K), 0.0277218 secs] 1063174K->410104K(2015232K), 0.0281854 secs] [Times: user=0.09 sys=0.00, real=0.03 secs] 
2019-12-12T15:02:02.210+0800: 597698.929: [GC (Allocation Failure) 2019-12-12T15:02:02.211+0800: 597698.929: [ParNew: 671081K->19246K(737280K), 0.0383016 secs] 1065464K->414744K(2015232K), 0.0387643 secs] [Times: user=0.10 sys=0.00, real=0.04 secs] 
2019-12-12T15:49:18.714+0800: 600535.433: [GC (Allocation Failure) 2019-12-12T15:49:18.714+0800: 600535.433: [ParNew: 674606K->21031K(737280K), 0.0404943 secs] 1070104K->417754K(2015232K), 0.0409693 secs] [Times: user=0.11 sys=0.00, real=0.05 secs] 
2019-12-12T16:37:10.184+0800: 603406.903: [GC (Allocation Failure) 2019-12-12T16:37:10.184+0800: 603406.903: [ParNew: 676391K->22817K(737280K), 0.0366791 secs] 1073114K->420761K(2015232K), 0.0371115 secs] [Times: user=0.13 sys=0.00, real=0.03 secs] 
2019-12-12T17:25:44.959+0800: 606321.678: [GC (Allocation Failure) 2019-12-12T17:25:44.959+0800: 606321.678: [ParNew: 678177K->24273K(737280K), 0.0427954 secs] 1076121K->423437K(2015232K), 0.0432238 secs] [Times: user=0.13 sys=0.00, real=0.04 secs] 
2019-12-12T18:18:01.036+0800: 609457.755: [GC (Allocation Failure) 2019-12-12T18:18:01.036+0800: 609457.755: [ParNew: 679633K->20195K(737280K), 0.0367193 secs] 1078797K->420543K(2015232K), 0.0371619 secs] [Times: user=0.12 sys=0.00, real=0.04 secs] 
2019-12-12T19:13:16.282+0800: 612773.001: [GC (Allocation Failure) 2019-12-12T19:13:16.282+0800: 612773.001: [ParNew: 675555K->19621K(737280K), 0.0360642 secs] 1075903K->421148K(2015232K), 0.0365644 secs] [Times: user=0.12 sys=0.00, real=0.04 secs] 
2019-12-12T20:09:21.525+0800: 616138.244: [GC (Allocation Failure) 2019-12-12T20:09:21.525+0800: 616138.244: [ParNew: 674978K->11316K(737280K), 0.0395904 secs] 1076505K->420184K(2015232K), 0.0400950 secs] [Times: user=0.13 sys=0.00, real=0.04 secs] 
2019-12-12T21:02:54.167+0800: 619350.886: [GC (Allocation Failure) 2019-12-12T21:02:54.167+0800: 619350.886: [ParNew: 666676K->14026K(737280K), 0.0299118 secs] 1075544K->424150K(2015232K), 0.0303566 secs] [Times: user=0.08 sys=0.00, real=0.03 secs] 
2019-12-12T21:55:13.384+0800: 622490.103: [GC (Allocation Failure) 2019-12-12T21:55:13.384+0800: 622490.103: [ParNew: 669386K->13401K(737280K), 0.0279688 secs] 1079510K->424707K(2015232K), 0.0284369 secs] [Times: user=0.09 sys=0.00, real=0.03 secs] 
2019-12-12T22:44:54.131+0800: 625470.850: [GC (Allocation Failure) 2019-12-12T22:44:54.132+0800: 625470.850: [ParNew: 668761K->11044K(737280K), 0.0309668 secs] 1080067K->423576K(2015232K), 0.0314393 secs] [Times: user=0.08 sys=0.00, real=0.03 secs] 
2019-12-12T23:43:43.283+0800: 629000.002: [GC (Allocation Failure) 2019-12-12T23:43:43.283+0800: 629000.002: [ParNew: 666404K->13225K(737280K), 0.0290783 secs] 1078936K->426853K(2015232K), 0.0295390 secs] [Times: user=0.07 sys=0.00, real=0.03 secs] 
2019-12-13T00:48:15.771+0800: 632872.490: [GC (Allocation Failure) 2019-12-13T00:48:15.772+0800: 632872.491: [ParNew: 668585K->14602K(737280K), 0.0269899 secs] 1082213K->429303K(2015232K), 0.0274594 secs] [Times: user=0.09 sys=0.00, real=0.02 secs] 
2019-12-13T02:06:32.126+0800: 637568.844: [GC (Allocation Failure) 2019-12-13T02:06:32.126+0800: 637568.845: [ParNew: 669962K->9927K(737280K), 0.0268810 secs] 1084663K->425668K(2015232K), 0.0273456 secs] [Times: user=0.08 sys=0.00, real=0.02 secs] 
2019-12-13T03:33:42.512+0800: 642799.231: [GC (Allocation Failure) 2019-12-13T03:33:42.512+0800: 642799.231: [ParNew: 665287K->12032K(737280K), 0.0266464 secs] 1081028K->428915K(2015232K), 0.0271102 secs] [Times: user=0.08 sys=0.00, real=0.03 secs] 
2019-12-13T05:06:38.569+0800: 648375.287: [GC (Allocation Failure) 2019-12-13T05:06:38.569+0800: 648375.288: [ParNew: 667331K->11964K(737280K), 0.0251404 secs] 1084213K->429918K(2015232K), 0.0255680 secs] [Times: user=0.08 sys=0.00, real=0.02 secs] 
2019-12-13T06:41:44.143+0800: 654080.861: [GC (Allocation Failure) 2019-12-13T06:41:44.143+0800: 654080.862: [ParNew: 667324K->10753K(737280K), 0.0257237 secs] 1085278K->429849K(2015232K), 0.0261978 secs] [Times: user=0.07 sys=0.00, real=0.03 secs] 
2019-12-13T08:01:16.194+0800: 658852.913: [GC (Allocation Failure) 2019-12-13T08:01:16.194+0800: 658852.913: [ParNew: 666106K->9100K(737280K), 0.0234141 secs] 1085202K->429172K(2015232K), 0.0238564 secs] [Times: user=0.07 sys=0.00, real=0.02 secs] 
2019-12-13T09:05:31.064+0800: 662707.783: [GC (Allocation Failure) 2019-12-13T09:05:31.064+0800: 662707.783: [ParNew: 664460K->10018K(737280K), 0.0238247 secs] 1084532K->431039K(2015232K), 0.0242995 secs] [Times: user=0.08 sys=0.00, real=0.03 secs] 
2019-12-13T09:59:55.483+0800: 665972.202: [GC (Allocation Failure) 2019-12-13T09:59:55.483+0800: 665972.202: [ParNew: 665321K->7300K(737280K), 0.0226036 secs] 1086342K->428933K(2015232K), 0.0230199 secs] [Times: user=0.07 sys=0.00, real=0.02 secs] 
2019-12-13T10:46:54.700+0800: 668791.419: [GC (Allocation Failure) 2019-12-13T10:46:54.701+0800: 668791.419: [ParNew: 662660K->9289K(737280K), 0.0256260 secs] 1084293K->431396K(2015232K), 0.0260684 secs] [Times: user=0.06 sys=0.00, real=0.02 secs] 
2019-12-13T11:34:30.446+0800: 671647.165: [GC (Allocation Failure) 2019-12-13T11:34:30.447+0800: 671647.165: [ParNew: 664649K->10725K(737280K), 0.0229315 secs] 1086756K->433203K(2015232K), 0.0233731 secs] [Times: user=0.08 sys=0.00, real=0.02 secs] 
2019-12-13T12:21:16.195+0800: 674452.914: [GC (Allocation Failure) 2019-12-13T12:21:16.196+0800: 674452.915: [ParNew: 666071K->12208K(737280K), 0.0252053 secs] 1088549K->434985K(2015232K), 0.0256311 secs] [Times: user=0.09 sys=0.00, real=0.03 secs] 
2019-12-13T13:09:31.786+0800: 677348.505: [GC (Allocation Failure) 2019-12-13T13:09:31.786+0800: 677348.505: [ParNew: 667568K->12085K(737280K), 0.0297108 secs] 1090345K->435596K(2015232K), 0.0301882 secs] [Times: user=0.07 sys=0.00, real=0.03 secs] 
2019-12-13T13:58:25.330+0800: 680282.049: [GC (Allocation Failure) 2019-12-13T13:58:25.330+0800: 680282.049: [ParNew: 667442K->12918K(737280K), 0.0311668 secs] 1090953K->437380K(2015232K), 0.0316034 secs] [Times: user=0.08 sys=0.00, real=0.03 secs] 
2019-12-13T14:48:23.168+0800: 683279.887: [GC (Allocation Failure) 2019-12-13T14:48:23.168+0800: 683279.887: [ParNew: 668278K->16032K(737280K), 0.0285412 secs] 1092740K->441536K(2015232K), 0.0290150 secs] [Times: user=0.09 sys=0.00, real=0.03 secs] 
2019-12-13T15:35:36.833+0800: 686113.552: [GC (Allocation Failure) 2019-12-13T15:35:36.833+0800: 686113.552: [ParNew: 671392K->11832K(737280K), 0.0352421 secs] 1096896K->438571K(2015232K), 0.0356793 secs] [Times: user=0.11 sys=0.00, real=0.03 secs] 
2019-12-13T16:25:31.860+0800: 689108.579: [GC (Allocation Failure) 2019-12-13T16:25:31.861+0800: 689108.580: [ParNew: 667192K->15205K(737280K), 0.0276399 secs] 1093931K->443180K(2015232K), 0.0280944 secs] [Times: user=0.09 sys=0.00, real=0.03 secs] 
2019-12-13T17:20:04.300+0800: 692381.018: [GC (Allocation Failure) 2019-12-13T17:20:04.300+0800: 692381.019: [ParNew: 670565K->15959K(737280K), 0.0294848 secs] 1098540K->445163K(2015232K), 0.0299381 secs] [Times: user=0.09 sys=0.00, real=0.03 secs] 
2019-12-13T18:11:02.040+0800: 695438.758: [GC (Allocation Failure) 2019-12-13T18:11:02.040+0800: 695438.759: [ParNew: 671267K->10260K(737280K), 0.0276542 secs] 1100471K->440653K(2015232K), 0.0281112 secs] [Times: user=0.09 sys=0.00, real=0.02 secs] 
2019-12-13T19:02:23.516+0800: 698520.235: [GC (Allocation Failure) 2019-12-13T19:02:23.516+0800: 698520.235: [ParNew: 665615K->12074K(737280K), 0.0318145 secs] 1096008K->443610K(2015232K), 0.0322586 secs] [Times: user=0.08 sys=0.00, real=0.03 secs] 
2019-12-13T19:57:15.449+0800: 701812.168: [GC (Allocation Failure) 2019-12-13T19:57:15.450+0800: 701812.169: [ParNew: 667434K->15088K(737280K), 0.0269406 secs] 1098970K->447828K(2015232K), 0.0274189 secs] [Times: user=0.08 sys=0.00, real=0.02 secs] 
2019-12-13T20:49:11.380+0800: 704928.099: [GC (Allocation Failure) 2019-12-13T20:49:11.380+0800: 704928.099: [ParNew: 670448K->11229K(737280K), 0.0287198 secs] 1103188K->445230K(2015232K), 0.0291861 secs] [Times: user=0.09 sys=0.00, real=0.03 secs] 
2019-12-13T21:42:07.780+0800: 708104.498: [GC (Allocation Failure) 2019-12-13T21:42:07.780+0800: 708104.499: [ParNew: 666589K->13664K(737280K), 0.0268685 secs] 1100590K->448816K(2015232K), 0.0273175 secs] [Times: user=0.09 sys=0.00, real=0.03 secs] 
2019-12-13T22:37:15.493+0800: 711412.211: [GC (Allocation Failure) 2019-12-13T22:37:15.493+0800: 711412.212: [ParNew: 669024K->14614K(737280K), 0.0266598 secs] 1104176K->450814K(2015232K), 0.0271384 secs] [Times: user=0.09 sys=0.00, real=0.03 secs] 
2019-12-13T23:31:56.069+0800: 714692.788: [GC (Allocation Failure) 2019-12-13T23:31:56.069+0800: 714692.788: [ParNew: 669970K->11509K(737280K), 0.0301025 secs] 1106170K->448843K(2015232K), 0.0305813 secs] [Times: user=0.08 sys=0.00, real=0.03 secs] 
2019-12-14T00:36:09.481+0800: 718546.200: [GC (Allocation Failure) 2019-12-14T00:36:09.482+0800: 718546.200: [ParNew: 666869K->15099K(737280K), 0.0271295 secs] 1104203K->453538K(2015232K), 0.0275755 secs] [Times: user=0.09 sys=0.00, real=0.03 secs] 
2019-12-14T01:53:12.388+0800: 723169.106: [GC (Allocation Failure) 2019-12-14T01:53:12.388+0800: 723169.107: [ParNew: 670459K->10009K(737280K), 0.0269943 secs] 1108898K->449531K(2015232K), 0.0274437 secs] [Times: user=0.09 sys=0.00, real=0.03 secs] 
2019-12-14T03:18:10.626+0800: 728267.345: [GC (Allocation Failure) 2019-12-14T03:18:10.626+0800: 728267.345: [ParNew: 665368K->14038K(737280K), 0.0272150 secs] 1104890K->454654K(2015232K), 0.0276908 secs] [Times: user=0.08 sys=0.00, real=0.03 secs] 
2019-12-14T04:50:18.657+0800: 733795.376: [GC (Allocation Failure) 2019-12-14T04:50:18.659+0800: 733795.378: [ParNew: 669398K->10894K(737280K), 0.0278728 secs] 1110014K->452555K(2015232K), 0.0294869 secs] [Times: user=0.07 sys=0.00, real=0.03 secs] 
2019-12-14T06:24:15.632+0800: 739432.351: [GC (Allocation Failure) 2019-12-14T06:24:15.632+0800: 739432.351: [ParNew: 666254K->10488K(737280K), 0.0302827 secs] 1107915K->453162K(2015232K), 0.0307688 secs] [Times: user=0.07 sys=0.00, real=0.03 secs] 
2019-12-14T07:43:35.402+0800: 744192.121: [GC (Allocation Failure) 2019-12-14T07:43:35.403+0800: 744192.121: [ParNew: 665848K->9789K(737280K), 0.0268513 secs] 1108522K->453465K(2015232K), 0.0273269 secs] [Times: user=0.07 sys=0.00, real=0.02 secs] 
2019-12-14T08:49:56.118+0800: 748172.837: [GC (Allocation Failure) 2019-12-14T08:49:56.118+0800: 748172.837: [ParNew: 665149K->9995K(737280K), 0.0230259 secs] 1108825K->454550K(2015232K), 0.0234861 secs] [Times: user=0.07 sys=0.00, real=0.02 secs] 
2019-12-14T09:44:44.986+0800: 751461.705: [GC (Allocation Failure) 2019-12-14T09:44:44.987+0800: 751461.705: [ParNew: 665355K->7103K(737280K), 0.0332397 secs] 1109910K->452263K(2015232K), 0.0336724 secs] [Times: user=0.10 sys=0.00, real=0.03 secs] 
2019-12-14T10:38:35.419+0800: 754692.138: [GC (Allocation Failure) 2019-12-14T10:38:35.420+0800: 754692.139: [ParNew: 662463K->9890K(737280K), 0.0233818 secs] 1107623K->455458K(2015232K), 0.0238479 secs] [Times: user=0.07 sys=0.00, real=0.02 secs] 
2019-12-14T11:29:37.643+0800: 757754.361: [GC (Allocation Failure) 2019-12-14T11:29:37.643+0800: 757754.362: [ParNew: 665250K->11189K(737280K), 0.0238950 secs] 1110818K->457054K(2015232K), 0.0243646 secs] [Times: user=0.08 sys=0.00, real=0.02 secs] 
2019-12-14T12:21:31.632+0800: 760868.351: [GC (Allocation Failure) 2019-12-14T12:21:31.632+0800: 760868.351: [ParNew: 666549K->10915K(737280K), 0.0283291 secs] 1112414K->457075K(2015232K), 0.0287886 secs] [Times: user=0.08 sys=0.00, real=0.03 secs] 
2019-12-14T13:09:21.135+0800: 763737.854: [GC (Allocation Failure) 2019-12-14T13:09:21.136+0800: 763737.854: [ParNew: 666275K->13318K(737280K), 0.0267355 secs] 1112435K->460130K(2015232K), 0.0272417 secs] [Times: user=0.08 sys=0.00, real=0.03 secs] 
2019-12-14T14:01:17.138+0800: 766853.857: [GC (Allocation Failure) 2019-12-14T14:01:17.138+0800: 766853.857: [ParNew: 668678K->14548K(737280K), 0.0276550 secs] 1115490K->462268K(2015232K), 0.0281204 secs] [Times: user=0.09 sys=0.00, real=0.03 secs] 
2019-12-14T14:51:44.847+0800: 769881.566: [GC (Allocation Failure) 2019-12-14T14:51:44.848+0800: 769881.566: [ParNew: 669908K->10826K(737280K), 0.0268452 secs] 1117627K->459510K(2015232K), 0.0273027 secs] [Times: user=0.09 sys=0.00, real=0.02 secs] 
2019-12-14T15:36:57.273+0800: 772593.992: [GC (Allocation Failure) 2019-12-14T15:36:57.273+0800: 772593.992: [ParNew: 666186K->13313K(737280K), 0.0292124 secs] 1114870K->463060K(2015232K), 0.0296819 secs] [Times: user=0.08 sys=0.00, real=0.03 secs] 
2019-12-14T16:26:51.930+0800: 775588.649: [GC (Allocation Failure) 2019-12-14T16:26:51.930+0800: 775588.649: [ParNew: 668673K->14797K(737280K), 0.0267777 secs] 1118420K->465688K(2015232K), 0.0272849 secs] [Times: user=0.09 sys=0.00, real=0.03 secs] 
2019-12-14T17:16:50.575+0800: 778587.294: [GC (Allocation Failure) 2019-12-14T17:16:50.575+0800: 778587.294: [ParNew: 670157K->10951K(737280K), 0.0277025 secs] 1121048K->462933K(2015232K), 0.0281417 secs] [Times: user=0.09 sys=0.00, real=0.03 secs] 
2019-12-14T18:14:09.143+0800: 782025.862: [GC (Allocation Failure) 2019-12-14T18:14:09.143+0800: 782025.862: [ParNew: 666311K->14074K(737280K), 0.0274720 secs] 1118293K->467209K(2015232K), 0.0279152 secs] [Times: user=0.09 sys=0.00, real=0.02 secs] 
2019-12-14T19:11:31.403+0800: 785468.122: [GC (Allocation Failure) 2019-12-14T19:11:31.403+0800: 785468.122: [ParNew: 669434K->14982K(737280K), 0.0274522 secs] 1122569K->469209K(2015232K), 0.0282006 secs] [Times: user=0.09 sys=0.00, real=0.03 secs] 
2019-12-14T20:00:53.537+0800: 788430.256: [GC (Allocation Failure) 2019-12-14T20:00:53.537+0800: 788430.256: [ParNew: 670337K->11109K(737280K), 0.0272729 secs] 1124564K->466431K(2015232K), 0.0277349 secs] [Times: user=0.10 sys=0.00, real=0.03 secs] 
2019-12-14T20:51:14.029+0800: 791450.747: [GC (Allocation Failure) 2019-12-14T20:51:14.029+0800: 791450.748: [ParNew: 666469K->12026K(737280K), 0.0301126 secs] 1121791K->468598K(2015232K), 0.0305813 secs] [Times: user=0.08 sys=0.00, real=0.03 secs] 
2019-12-14T21:42:35.981+0800: 794532.700: [GC (Allocation Failure) 2019-12-14T21:42:35.982+0800: 794532.701: [ParNew: 667386K->14679K(737280K), 0.0307239 secs] 1123958K->472363K(2015232K), 0.0311949 secs] [Times: user=0.10 sys=0.00, real=0.04 secs] 
2019-12-14T22:31:08.957+0800: 797445.676: [GC (Allocation Failure) 2019-12-14T22:31:08.957+0800: 797445.676: [ParNew: 670039K->13744K(737280K), 0.0277191 secs] 1127723K->472644K(2015232K), 0.0281912 secs] [Times: user=0.10 sys=0.00, real=0.03 secs] 
2019-12-14T23:25:51.752+0800: 800728.471: [GC (Allocation Failure) 2019-12-14T23:25:51.752+0800: 800728.471: [ParNew: 669104K->15545K(737280K), 0.0288477 secs] 1128004K->475558K(2015232K), 0.0292818 secs] [Times: user=0.09 sys=0.00, real=0.03 secs] 
2019-12-15T00:26:08.953+0800: 804345.672: [GC (Allocation Failure) 2019-12-15T00:26:08.953+0800: 804345.672: [ParNew: 670905K->12522K(737280K), 0.0299249 secs] 1130918K->473616K(2015232K), 0.0303747 secs] [Times: user=0.08 sys=0.00, real=0.03 secs] 
2019-12-15T01:34:06.308+0800: 808423.027: [GC (Allocation Failure) 2019-12-15T01:34:06.308+0800: 808423.027: [ParNew: 667882K->14186K(737280K), 0.0286335 secs] 1128976K->476394K(2015232K), 0.0290897 secs] [Times: user=0.08 sys=0.00, real=0.03 secs] 
2019-12-15T02:54:03.263+0800: 813219.982: [GC (Allocation Failure) 2019-12-15T02:54:03.263+0800: 813219.982: [ParNew: 669545K->10025K(737280K), 0.0279574 secs] 1131753K->473375K(2015232K), 0.0284285 secs] [Times: user=0.09 sys=0.00, real=0.02 secs] 
2019-12-15T04:21:10.377+0800: 818447.095: [GC (Allocation Failure) 2019-12-15T04:21:10.377+0800: 818447.096: [ParNew: 665385K->11473K(737280K), 0.0296305 secs] 1128735K->475942K(2015232K), 0.0301160 secs] [Times: user=0.08 sys=0.00, real=0.03 secs] 
2019-12-15T05:54:49.858+0800: 824066.576: [GC (Allocation Failure) 2019-12-15T05:54:49.858+0800: 824066.577: [ParNew: 666833K->11883K(737280K), 0.0282946 secs] 1131302K->477479K(2015232K), 0.0287528 secs] [Times: user=0.07 sys=0.00, real=0.03 secs] 
2019-12-15T07:23:11.450+0800: 829368.169: [GC (Allocation Failure) 2019-12-15T07:23:11.450+0800: 829368.169: [ParNew: 667243K->10746K(737280K), 0.0237966 secs] 1132839K->477353K(2015232K), 0.0242194 secs] [Times: user=0.07 sys=0.00, real=0.02 secs] 
2019-12-15T08:31:06.415+0800: 833443.134: [GC (Allocation Failure) 2019-12-15T08:31:06.416+0800: 833443.134: [ParNew: 666106K->9938K(737280K), 0.0228149 secs] 1132713K->477481K(2015232K), 0.0232592 secs] [Times: user=0.07 sys=0.00, real=0.03 secs] 
2019-12-15T09:28:32.259+0800: 836888.978: [GC (Allocation Failure) 2019-12-15T09:28:32.259+0800: 836888.978: [ParNew: 665298K->8139K(737280K), 0.0264711 secs] 1132841K->476398K(2015232K), 0.0269489 secs] [Times: user=0.07 sys=0.00, real=0.03 secs] 
2019-12-15T10:16:36.191+0800: 839772.910: [GC (Allocation Failure) 2019-12-15T10:16:36.192+0800: 839772.910: [ParNew: 663499K->9529K(737280K), 0.0257016 secs] 1131758K->478287K(2015232K), 0.0261732 secs] [Times: user=0.07 sys=0.00, real=0.02 secs] 
2019-12-15T11:04:22.929+0800: 842639.648: [GC (Allocation Failure) 2019-12-15T11:04:22.930+0800: 842639.648: [ParNew: 664889K->10759K(737280K), 0.0237821 secs] 1133647K->479924K(2015232K), 0.0242277 secs] [Times: user=0.08 sys=0.00, real=0.02 secs] 
2019-12-15T11:54:00.513+0800: 845617.232: [GC (Allocation Failure) 2019-12-15T11:54:00.513+0800: 845617.232: [ParNew: 666114K->10686K(737280K), 0.0279707 secs] 1135279K->480346K(2015232K), 0.0284492 secs] [Times: user=0.07 sys=0.00, real=0.03 secs] 
2019-12-15T12:41:38.551+0800: 848475.270: [GC (Allocation Failure) 2019-12-15T12:41:38.551+0800: 848475.270: [ParNew: 666046K->12973K(737280K), 0.0266564 secs] 1135706K->483058K(2015232K), 0.0271386 secs] [Times: user=0.09 sys=0.00, real=0.03 secs] 
2019-12-15T13:30:12.262+0800: 851388.981: [GC (Allocation Failure) 2019-12-15T13:30:12.262+0800: 851388.981: [ParNew: 668333K->13273K(737280K), 0.0314981 secs] 1138418K->484218K(2015232K), 0.0319535 secs] [Times: user=0.08 sys=0.00, real=0.03 secs] 
2019-12-15T14:21:52.822+0800: 854489.540: [GC (Allocation Failure) 2019-12-15T14:21:52.822+0800: 854489.541: [ParNew: 668628K->15637K(737280K), 0.0281969 secs] 1139573K->487601K(2015232K), 0.0286641 secs] [Times: user=0.09 sys=0.00, real=0.03 secs] 
2019-12-15T15:11:34.256+0800: 857470.975: [GC (Allocation Failure) 2019-12-15T15:11:34.256+0800: 857470.975: [ParNew: 670996K->10079K(737280K), 0.0274068 secs] 1142960K->483231K(2015232K), 0.0278582 secs] [Times: user=0.09 sys=0.00, real=0.03 secs] 
2019-12-15T15:58:27.735+0800: 860284.454: [GC (Allocation Failure) 2019-12-15T15:58:27.735+0800: 860284.454: [ParNew: 665439K->14019K(737280K), 0.0281211 secs] 1138591K->488306K(2015232K), 0.0286125 secs] [Times: user=0.10 sys=0.00, real=0.03 secs] 
2019-12-15T16:46:12.603+0800: 863149.322: [GC (Allocation Failure) 2019-12-15T16:46:12.603+0800: 863149.322: [ParNew: 669379K->14885K(737280K), 0.0276881 secs] 1143666K->490297K(2015232K), 0.0281517 secs] [Times: user=0.10 sys=0.00, real=0.02 secs] 
2019-12-15T17:34:08.993+0800: 866025.711: [GC (Allocation Failure) 2019-12-15T17:34:08.993+0800: 866025.712: [ParNew: 670245K->9864K(737280K), 0.0271828 secs] 1145657K->486470K(2015232K), 0.0276379 secs] [Times: user=0.09 sys=0.00, real=0.03 secs] 
2019-12-15T18:26:05.563+0800: 869142.282: [GC (Allocation Failure) 2019-12-15T18:26:05.563+0800: 869142.282: [ParNew: 665224K->13950K(737280K), 0.0296522 secs] 1141830K->491646K(2015232K), 0.0300778 secs] [Times: user=0.08 sys=0.00, real=0.03 secs] 
2019-12-15T19:22:33.311+0800: 872530.030: [GC (Allocation Failure) 2019-12-15T19:22:33.311+0800: 872530.030: [ParNew: 669310K->15249K(737280K), 0.0278362 secs] 1147006K->494023K(2015232K), 0.0282992 secs] [Times: user=0.09 sys=0.00, real=0.03 secs] 
2019-12-15T20:14:46.501+0800: 875663.219: [GC (Allocation Failure) 2019-12-15T20:14:46.501+0800: 875663.220: [ParNew: 670609K->10880K(737280K), 0.0305138 secs] 1149383K->490726K(2015232K), 0.0310026 secs] [Times: user=0.08 sys=0.00, real=0.03 secs] 
2019-12-15T21:08:16.951+0800: 878873.670: [GC (Allocation Failure) 2019-12-15T21:08:16.951+0800: 878873.670: [ParNew: 666240K->13367K(737280K), 0.0271258 secs] 1146086K->494368K(2015232K), 0.0276093 secs] [Times: user=0.09 sys=0.00, real=0.03 secs] 
2019-12-15T22:02:04.751+0800: 882101.470: [GC (Allocation Failure) 2019-12-15T22:02:04.751+0800: 882101.470: [ParNew: 668727K->13312K(737280K), 0.0273082 secs] 1149728K->495454K(2015232K), 0.0277919 secs] [Times: user=0.09 sys=0.00, real=0.03 secs] 
2019-12-15T22:54:45.661+0800: 885262.380: [GC (Allocation Failure) 2019-12-15T22:54:45.661+0800: 885262.380: [ParNew: 668672K->13179K(737280K), 0.0280620 secs] 1150814K->496455K(2015232K), 0.0285259 secs] [Times: user=0.09 sys=0.00, real=0.03 secs] 
2019-12-15T23:55:00.577+0800: 888877.295: [GC (Allocation Failure) 2019-12-15T23:55:00.577+0800: 888877.296: [ParNew: 668539K->12901K(737280K), 0.0271665 secs] 1151815K->497202K(2015232K), 0.0276292 secs] [Times: user=0.09 sys=0.00, real=0.03 secs] 
2019-12-16T01:00:15.311+0800: 892792.030: [GC (Allocation Failure) 2019-12-16T01:00:15.311+0800: 892792.030: [ParNew: 668261K->15106K(737280K), 0.0271862 secs] 1152562K->500452K(2015232K), 0.0276520 secs] [Times: user=0.09 sys=0.00, real=0.03 secs] 
2019-12-16T02:16:55.620+0800: 897392.339: [GC (Allocation Failure) 2019-12-16T02:16:55.620+0800: 897392.339: [ParNew: 670466K->10157K(737280K), 0.0272784 secs] 1155812K->496557K(2015232K), 0.0276922 secs] [Times: user=0.08 sys=0.00, real=0.03 secs] 
2019-12-16T03:43:41.029+0800: 902597.747: [GC (Allocation Failure) 2019-12-16T03:43:41.029+0800: 902597.748: [ParNew: 665517K->11433K(737280K), 0.0262824 secs] 1151917K->498833K(2015232K), 0.0266994 secs] [Times: user=0.08 sys=0.00, real=0.02 secs] 
2019-12-16T05:20:34.058+0800: 908410.777: [GC (Allocation Failure) 2019-12-16T05:20:34.058+0800: 908410.777: [ParNew: 666793K->10466K(737280K), 0.0249985 secs] 1154193K->498896K(2015232K), 0.0254212 secs] [Times: user=0.08 sys=0.00, real=0.03 secs] 
2019-12-16T06:58:31.867+0800: 914288.586: [GC (Allocation Failure) 2019-12-16T06:58:31.868+0800: 914288.586: [ParNew: 665826K->9990K(737280K), 0.0237993 secs] 1154256K->499416K(2015232K), 0.0242034 secs] [Times: user=0.07 sys=0.00, real=0.02 secs] 
2019-12-16T08:15:28.008+0800: 918904.727: [GC (Allocation Failure) 2019-12-16T08:15:28.009+0800: 918904.727: [ParNew: 665345K->9693K(737280K), 0.0259811 secs] 1154771K->500052K(2015232K), 0.0264291 secs] [Times: user=0.07 sys=0.00, real=0.02 secs] 
2019-12-16T09:21:29.031+0800: 922865.749: [GC (Allocation Failure) 2019-12-16T09:21:29.031+0800: 922865.750: [ParNew: 665053K->7452K(737280K), 0.0269049 secs] 1155412K->498661K(2015232K), 0.0273848 secs] [Times: user=0.07 sys=0.00, real=0.02 secs] 
2019-12-16T10:16:31.884+0800: 926168.603: [GC (Allocation Failure) 2019-12-16T10:16:31.885+0800: 926168.603: [ParNew: 662812K->8053K(737280K), 0.0254326 secs] 1154021K->499865K(2015232K), 0.0259296 secs] [Times: user=0.06 sys=0.00, real=0.02 secs] 
2019-12-16T11:05:11.208+0800: 929087.926: [GC (Allocation Failure) 2019-12-16T11:05:11.208+0800: 929087.927: [ParNew: 663413K->7868K(737280K), 0.0263049 secs] 1155225K->500071K(2015232K), 0.0267650 secs] [Times: user=0.07 sys=0.00, real=0.03 secs] 
2019-12-16T11:59:50.468+0800: 932367.186: [GC (Allocation Failure) 2019-12-16T11:59:50.468+0800: 932367.187: [ParNew: 663228K->10310K(737280K), 0.0238836 secs] 1155431K->502778K(2015232K), 0.0243290 secs] [Times: user=0.08 sys=0.00, real=0.02 secs] 
2019-12-16T12:51:18.536+0800: 935455.255: [GC (Allocation Failure) 2019-12-16T12:51:18.536+0800: 935455.255: [ParNew: 665670K->11661K(737280K), 0.0240915 secs] 1158138K->504342K(2015232K), 0.0245637 secs] [Times: user=0.07 sys=0.00, real=0.02 secs] 
2019-12-16T13:41:14.918+0800: 938451.637: [GC (Allocation Failure) 2019-12-16T13:41:14.918+0800: 938451.637: [ParNew: 667021K->13425K(737280K), 0.0262455 secs] 1159702K->506820K(2015232K), 0.0267181 secs] [Times: user=0.09 sys=0.00, real=0.02 secs] 
2019-12-16T14:34:54.655+0800: 941671.374: [GC (Allocation Failure) 2019-12-16T14:34:54.655+0800: 941671.374: [ParNew: 668785K->13959K(737280K), 0.0279060 secs] 1162180K->508169K(2015232K), 0.0283939 secs] [Times: user=0.09 sys=0.00, real=0.03 secs] 
2019-12-16T15:27:29.003+0800: 944825.722: [GC (Allocation Failure) 2019-12-16T15:27:29.003+0800: 944825.722: [ParNew: 669319K->15099K(737280K), 0.0276293 secs] 1163529K->510358K(2015232K), 0.0280797 secs] [Times: user=0.09 sys=0.00, real=0.03 secs] 
2019-12-16T16:26:56.734+0800: 948393.453: [GC (Allocation Failure) 2019-12-16T16:26:56.734+0800: 948393.453: [ParNew: 670459K->11150K(737280K), 0.0275230 secs] 1165718K->507549K(2015232K), 0.0280031 secs] [Times: user=0.09 sys=0.00, real=0.03 secs] 
2019-12-16T17:31:33.931+0800: 952270.650: [GC (Allocation Failure) 2019-12-16T17:31:33.931+0800: 952270.650: [ParNew: 666510K->14179K(737280K), 0.0394312 secs] 1162909K->511636K(2015232K), 0.0398587 secs] [Times: user=0.09 sys=0.00, real=0.04 secs] 
2019-12-16T18:43:30.189+0800: 956586.907: [GC (Allocation Failure) 2019-12-16T18:43:30.189+0800: 956586.908: [ParNew: 669539K->15476K(737280K), 0.0296186 secs] 1166996K->514035K(2015232K), 0.0300599 secs] [Times: user=0.10 sys=0.00, real=0.03 secs] 
2019-12-16T19:54:15.090+0800: 960831.809: [GC (Allocation Failure) 2019-12-16T19:54:15.091+0800: 960831.810: [ParNew: 670836K->14098K(737280K), 0.0284755 secs] 1169395K->513792K(2015232K), 0.0289231 secs] [Times: user=0.10 sys=0.00, real=0.03 secs] 
2019-12-16T21:05:43.307+0800: 965120.026: [GC (Allocation Failure) 2019-12-16T21:05:43.307+0800: 965120.026: [ParNew: 669458K->15617K(737280K), 0.0282690 secs] 1169152K->516523K(2015232K), 0.0287297 secs] [Times: user=0.09 sys=0.00, real=0.03 secs] 
2019-12-16T22:17:29.102+0800: 969425.820: [GC (Allocation Failure) 2019-12-16T22:17:29.102+0800: 969425.821: [ParNew: 670977K->11622K(737280K), 0.0285515 secs] 1171883K->513609K(2015232K), 0.0290396 secs] [Times: user=0.10 sys=0.00, real=0.03 secs] 
2019-12-16T23:34:05.842+0800: 974022.561: [GC (Allocation Failure) 2019-12-16T23:34:05.843+0800: 974022.562: [ParNew: 666982K->14968K(737280K), 0.0289303 secs] 1168969K->518209K(2015232K), 0.0293820 secs] [Times: user=0.10 sys=0.00, real=0.03 secs] 
2019-12-17T01:12:05.193+0800: 979901.912: [GC (Allocation Failure) 2019-12-17T01:12:05.193+0800: 979901.912: [ParNew: 670328K->10530K(737280K), 0.0292858 secs] 1173569K->515160K(2015232K), 0.0297551 secs] [Times: user=0.10 sys=0.00, real=0.03 secs] 
2019-12-17T03:04:31.090+0800: 986647.809: [GC (Allocation Failure) 2019-12-17T03:04:31.090+0800: 986647.809: [ParNew: 665890K->14725K(737280K), 0.0290326 secs] 1170520K->520535K(2015232K), 0.0295185 secs] [Times: user=0.10 sys=0.00, real=0.03 secs] 
2019-12-17T05:27:31.534+0800: 995228.253: [GC (Allocation Failure) 2019-12-17T05:27:31.534+0800: 995228.253: [ParNew: 670085K->11137K(737280K), 0.0285353 secs] 1175895K->518158K(2015232K), 0.0289708 secs] [Times: user=0.08 sys=0.00, real=0.03 secs] 
2019-12-17T07:40:15.363+0800: 1003192.081: [GC (Allocation Failure) 2019-12-17T07:40:15.363+0800: 1003192.082: [ParNew: 666497K->13342K(737280K), 0.0266406 secs] 1173518K->521526K(2015232K), 0.0271081 secs] [Times: user=0.08 sys=0.00, real=0.02 secs] 
2019-12-17T09:10:19.229+0800: 1008595.948: [GC (Allocation Failure) 2019-12-17T09:10:19.229+0800: 1008595.948: [ParNew: 668698K->10593K(737280K), 0.0288063 secs] 1176882K->519997K(2015232K), 0.0292835 secs] [Times: user=0.09 sys=0.00, real=0.03 secs] 
2019-12-17T10:28:24.259+0800: 1013280.978: [GC (Allocation Failure) 2019-12-17T10:28:24.259+0800: 1013280.978: [ParNew: 665953K->9744K(737280K), 0.0252624 secs] 1175357K->520194K(2015232K), 0.0257143 secs] [Times: user=0.08 sys=0.00, real=0.03 secs] 
2019-12-17T11:28:08.354+0800: 1016865.073: [GC (Allocation Failure) 2019-12-17T11:28:08.355+0800: 1016865.074: [ParNew: 665104K->11218K(737280K), 0.0250491 secs] 1175554K->522610K(2015232K), 0.0255002 secs] [Times: user=0.08 sys=0.00, real=0.03 secs] 
2019-12-17T12:15:18.543+0800: 1019695.262: [GC (Allocation Failure) 2019-12-17T12:15:18.543+0800: 1019695.262: [ParNew: 666578K->10349K(737280K), 0.0244085 secs] 1177970K->522417K(2015232K), 0.0248768 secs] [Times: user=0.08 sys=0.00, real=0.03 secs] 
2019-12-17T13:00:29.504+0800: 1022406.223: [GC (Allocation Failure) 2019-12-17T13:00:29.505+0800: 1022406.223: [ParNew: 665703K->13084K(737280K), 0.0257819 secs] 1177770K->525627K(2015232K), 0.0262193 secs] [Times: user=0.08 sys=0.00, real=0.03 secs] 
2019-12-17T13:47:31.766+0800: 1025228.485: [GC (Allocation Failure) 2019-12-17T13:47:31.766+0800: 1025228.485: [ParNew: 668444K->13999K(737280K), 0.0268102 secs] 1180987K->527140K(2015232K), 0.0272607 secs] [Times: user=0.09 sys=0.00, real=0.03 secs] 
2019-12-17T14:35:13.250+0800: 1028089.969: [GC (Allocation Failure) 2019-12-17T14:35:13.250+0800: 1028089.969: [ParNew: 669359K->14959K(737280K), 0.0277845 secs] 1182500K->529120K(2015232K), 0.0282431 secs] [Times: user=0.10 sys=0.00, real=0.03 secs] 
2019-12-17T15:23:02.411+0800: 1030959.130: [GC (Allocation Failure) 2019-12-17T15:23:02.412+0800: 1030959.130: [ParNew: 670319K->9988K(737280K), 0.0277901 secs] 1184480K->525270K(2015232K), 0.0282909 secs] [Times: user=0.09 sys=0.00, real=0.03 secs] 
2019-12-17T16:09:58.102+0800: 1033774.820: [GC (Allocation Failure) 2019-12-17T16:09:58.102+0800: 1033774.821: [ParNew: 665348K->12033K(737280K), 0.0305352 secs] 1180630K->528559K(2015232K), 0.0309879 secs] [Times: user=0.08 sys=0.00, real=0.03 secs] 
2019-12-17T16:56:46.674+0800: 1036583.393: [GC (Allocation Failure) 2019-12-17T16:56:46.674+0800: 1036583.393: [ParNew: 667393K->15073K(737280K), 0.0288909 secs] 1183919K->532796K(2015232K), 0.0293281 secs] [Times: user=0.09 sys=0.00, real=0.02 secs] 
2019-12-17T17:46:36.563+0800: 1039573.282: [GC (Allocation Failure) 2019-12-17T17:46:36.563+0800: 1039573.282: [ParNew: 670433K->9965K(737280K), 0.0290627 secs] 1188156K->528893K(2015232K), 0.0295248 secs] [Times: user=0.09 sys=0.00, real=0.03 secs] 
2019-12-17T18:39:12.998+0800: 1042729.717: [GC (Allocation Failure) 2019-12-17T18:39:12.998+0800: 1042729.717: [ParNew: 665325K->13997K(737280K), 0.0275499 secs] 1184253K->534051K(2015232K), 0.0279903 secs] [Times: user=0.09 sys=0.00, real=0.03 secs] 
2019-12-17T19:29:42.833+0800: 1045759.552: [GC (Allocation Failure) 2019-12-17T19:29:42.834+0800: 1045759.552: [ParNew: 669356K->14699K(737280K), 0.0280537 secs] 1189409K->535892K(2015232K), 0.0285388 secs] [Times: user=0.09 sys=0.00, real=0.03 secs] 
2019-12-17T20:22:17.790+0800: 1048914.509: [GC (Allocation Failure) 2019-12-17T20:22:17.790+0800: 1048914.509: [ParNew: 670059K->15260K(737280K), 0.0270558 secs] 1191252K->537618K(2015232K), 0.0274854 secs] [Times: user=0.09 sys=0.00, real=0.02 secs] 
2019-12-17T21:14:21.324+0800: 1052038.043: [GC (Allocation Failure) 2019-12-17T21:14:21.325+0800: 1052038.044: [ParNew: 670620K->11037K(737280K), 0.0289256 secs] 1192978K->534540K(2015232K), 0.0294078 secs] [Times: user=0.09 sys=0.00, real=0.03 secs] 
2019-12-17T22:07:03.277+0800: 1055199.996: [GC (Allocation Failure) 2019-12-17T22:07:03.278+0800: 1055199.996: [ParNew: 666395K->11642K(737280K), 0.0311309 secs] 1189897K->536292K(2015232K), 0.0315824 secs] [Times: user=0.09 sys=0.00, real=0.03 secs] 
2019-12-17T22:57:01.081+0800: 1058197.800: [GC (Allocation Failure) 2019-12-17T22:57:01.081+0800: 1058197.800: [ParNew: 667002K->11130K(737280K), 0.0293083 secs] 1191652K->536934K(2015232K), 0.0297654 secs] [Times: user=0.08 sys=0.00, real=0.03 secs] 
2019-12-17T23:53:52.036+0800: 1061608.755: [GC (Allocation Failure) 2019-12-17T23:53:52.036+0800: 1061608.755: [ParNew: 666490K->10763K(737280K), 0.0303593 secs] 1192294K->537606K(2015232K), 0.0308232 secs] [Times: user=0.08 sys=0.00, real=0.03 secs] 
2019-12-18T00:55:05.495+0800: 1065282.214: [GC (Allocation Failure) 2019-12-18T00:55:05.495+0800: 1065282.214: [ParNew: 666123K->11289K(737280K), 0.0290457 secs] 1192966K->539196K(2015232K), 0.0294577 secs] [Times: user=0.08 sys=0.00, real=0.03 secs] 
2019-12-18T02:07:01.895+0800: 1069598.614: [GC (Allocation Failure) 2019-12-18T02:07:01.895+0800: 1069598.614: [ParNew: 666649K->12885K(737280K), 0.0272282 secs] 1194556K->541791K(2015232K), 0.0277270 secs] [Times: user=0.09 sys=0.00, real=0.03 secs] 
2019-12-18T03:30:42.184+0800: 1074618.903: [GC (Allocation Failure) 2019-12-18T03:30:42.184+0800: 1074618.903: [ParNew: 668245K->11717K(737280K), 0.0266286 secs] 1197151K->541746K(2015232K), 0.0270652 secs] [Times: user=0.08 sys=0.00, real=0.03 secs] 
2019-12-18T05:00:24.138+0800: 1080000.857: [GC (Allocation Failure) 2019-12-18T05:00:24.139+0800: 1080000.857: [ParNew: 667077K->10703K(737280K), 0.0258505 secs] 1197106K->541801K(2015232K), 0.0263410 secs] [Times: user=0.08 sys=0.00, real=0.03 secs] 
2019-12-18T06:35:04.259+0800: 1085680.978: [GC (Allocation Failure) 2019-12-18T06:35:04.259+0800: 1085680.978: [ParNew: 666063K->9935K(737280K), 0.0247034 secs] 1197161K->542054K(2015232K), 0.0251406 secs] [Times: user=0.07 sys=0.00, real=0.02 secs] 
2019-12-18T07:55:39.418+0800: 1090516.137: [GC (Allocation Failure) 2019-12-18T07:55:39.418+0800: 1090516.137: [ParNew: 665292K->9760K(737280K), 0.0239631 secs] 1197411K->542813K(2015232K), 0.0244309 secs] [Times: user=0.08 sys=0.00, real=0.03 secs] 
2019-12-18T08:59:11.948+0800: 1094328.667: [GC (Allocation Failure) 2019-12-18T08:59:11.948+0800: 1094328.667: [ParNew: 665120K->7455K(737280K), 0.0228737 secs] 1198173K->541382K(2015232K), 0.0233019 secs] [Times: user=0.07 sys=0.00, real=0.02 secs] 
2019-12-18T09:52:23.303+0800: 1097520.021: [GC (Allocation Failure) 2019-12-18T09:52:23.303+0800: 1097520.022: [ParNew: 662815K->9051K(737280K), 0.0224434 secs] 1196742K->543607K(2015232K), 0.0228835 secs] [Times: user=0.07 sys=0.00, real=0.02 secs] 
2019-12-18T10:41:32.448+0800: 1100469.167: [GC (Allocation Failure) 2019-12-18T10:41:32.448+0800: 1100469.167: [ParNew: 664411K->9907K(737280K), 0.0231409 secs] 1198967K->544906K(2015232K), 0.0236087 secs] [Times: user=0.08 sys=0.00, real=0.02 secs] 
2019-12-18T11:29:07.276+0800: 1103323.995: [GC (Allocation Failure) 2019-12-18T11:29:07.276+0800: 1103323.995: [ParNew: 665267K->10492K(737280K), 0.0235342 secs] 1200266K->545841K(2015232K), 0.0239926 secs] [Times: user=0.08 sys=0.00, real=0.03 secs] 
2019-12-18T12:15:59.181+0800: 1106135.900: [GC (Allocation Failure) 2019-12-18T12:15:59.181+0800: 1106135.900: [ParNew: 665852K->11865K(737280K), 0.0240930 secs] 1201201K->547494K(2015232K), 0.0245360 secs] [Times: user=0.08 sys=0.00, real=0.02 secs] 
2019-12-18T13:14:44.685+0800: 1109661.404: [GC (Allocation Failure) 2019-12-18T13:14:44.686+0800: 1109661.404: [ParNew: 667225K->13072K(737280K), 0.0268472 secs] 1202854K->549362K(2015232K), 0.0273231 secs] [Times: user=0.09 sys=0.00, real=0.03 secs] 
2019-12-18T14:11:17.664+0800: 1113054.383: [GC (Allocation Failure) 2019-12-18T14:11:17.665+0800: 1113054.383: [ParNew: 668432K->14033K(737280K), 0.0278445 secs] 1204722K->551216K(2015232K), 0.0283095 secs] [Times: user=0.09 sys=0.00, real=0.03 secs] 
2019-12-18T15:09:53.964+0800: 1116570.682: [GC (Allocation Failure) 2019-12-18T15:09:53.964+0800: 1116570.683: [ParNew: 669393K->15366K(737280K), 0.0281177 secs] 1206576K->553589K(2015232K), 0.0285711 secs] [Times: user=0.09 sys=0.00, real=0.03 secs] 
2019-12-18T16:06:01.092+0800: 1119937.811: [GC (Allocation Failure) 2019-12-18T16:06:01.093+0800: 1119937.811: [ParNew: 670726K->14534K(737280K), 0.0327706 secs] 1208949K->553804K(2015232K), 0.0332574 secs] [Times: user=0.08 sys=0.00, real=0.04 secs] 
2019-12-18T17:02:58.690+0800: 1123355.409: [GC (Allocation Failure) 2019-12-18T17:02:58.691+0800: 1123355.409: [ParNew: 669894K->17331K(737280K), 0.0293864 secs] 1209164K->557704K(2015232K), 0.0298649 secs] [Times: user=0.10 sys=0.00, real=0.03 secs] 
2019-12-18T18:03:49.505+0800: 1127006.224: [GC (Allocation Failure) 2019-12-18T18:03:49.505+0800: 1127006.224: [ParNew: 672691K->12836K(737280K), 0.0293841 secs] 1213064K->554532K(2015232K), 0.0298270 secs] [Times: user=0.10 sys=0.00, real=0.03 secs] 
2019-12-18T19:08:17.831+0800: 1130874.550: [GC (Allocation Failure) 2019-12-18T19:08:17.831+0800: 1130874.550: [ParNew: 668196K->15928K(737280K), 0.0288552 secs] 1209891K->558931K(2015232K), 0.0292869 secs] [Times: user=0.10 sys=0.00, real=0.03 secs] 
2019-12-18T20:11:49.935+0800: 1134686.654: [GC (Allocation Failure) 2019-12-18T20:11:49.936+0800: 1134686.654: [ParNew: 671288K->14341K(737280K), 0.0316430 secs] 1214291K->558714K(2015232K), 0.0321011 secs] [Times: user=0.09 sys=0.00, real=0.04 secs] 
2019-12-18T21:14:34.757+0800: 1138451.476: [GC (Allocation Failure) 2019-12-18T21:14:34.758+0800: 1138451.477: [ParNew: 669701K->14915K(737280K), 0.0291188 secs] 1214074K->560694K(2015232K), 0.0295945 secs] [Times: user=0.10 sys=0.00, real=0.02 secs] 
2019-12-18T22:17:29.534+0800: 1142226.253: [GC (Allocation Failure) 2019-12-18T22:17:29.534+0800: 1142226.253: [ParNew: 670275K->14352K(737280K), 0.0291223 secs] 1216054K->561520K(2015232K), 0.0295949 secs] [Times: user=0.10 sys=0.00, real=0.03 secs] 
2019-12-18T23:23:45.206+0800: 1146201.925: [GC (Allocation Failure) 2019-12-18T23:23:45.206+0800: 1146201.925: [ParNew: 669712K->16207K(737280K), 0.0288577 secs] 1216880K->564690K(2015232K), 0.0292902 secs] [Times: user=0.09 sys=0.00, real=0.02 secs] 
2019-12-19T00:41:05.303+0800: 1150842.022: [GC (Allocation Failure) 2019-12-19T00:41:05.303+0800: 1150842.022: [ParNew: 671567K->10555K(737280K), 0.0293058 secs] 1220050K->560320K(2015232K), 0.0297371 secs] [Times: user=0.10 sys=0.00, real=0.03 secs] 
2019-12-19T02:21:45.600+0800: 1156882.319: [GC (Allocation Failure) 2019-12-19T02:21:45.600+0800: 1156882.319: [ParNew: 665915K->14965K(737280K), 0.0299130 secs] 1215680K->565994K(2015232K), 0.0303863 secs] [Times: user=0.09 sys=0.00, real=0.03 secs] 
2019-12-19T04:29:04.225+0800: 1164520.944: [GC (Allocation Failure) 2019-12-19T04:29:04.225+0800: 1164520.944: [ParNew: 670325K->14258K(737280K), 0.0292160 secs] 1221354K->566544K(2015232K), 0.0296550 secs] [Times: user=0.09 sys=0.00, real=0.03 secs] 
2019-12-19T06:47:32.260+0800: 1172828.979: [GC (Allocation Failure) 2019-12-19T06:47:32.260+0800: 1172828.979: [ParNew: 669618K->14120K(737280K), 0.0279684 secs] 1221904K->567642K(2015232K), 0.0284309 secs] [Times: user=0.09 sys=0.00, real=0.03 secs] 
2019-12-19T08:30:37.993+0800: 1179014.712: [GC (Allocation Failure) 2019-12-19T08:30:37.994+0800: 1179014.713: [ParNew: 669480K->10529K(737280K), 0.0278238 secs] 1223002K->565278K(2015232K), 0.0282849 secs] [Times: user=0.09 sys=0.00, real=0.02 secs] 
2019-12-19T09:45:21.165+0800: 1183497.884: [GC (Allocation Failure) 2019-12-19T09:45:21.167+0800: 1183497.885: [ParNew: 665889K->10442K(737280K), 0.0267831 secs] 1220638K->566415K(2015232K), 0.0283862 secs] [Times: user=0.09 sys=0.00, real=0.02 secs] 
2019-12-19T10:43:43.315+0800: 1187000.034: [GC (Allocation Failure) 2019-12-19T10:43:43.315+0800: 1187000.034: [ParNew: 665802K->11883K(737280K), 0.0256076 secs] 1221775K->569011K(2015232K), 0.0260360 secs] [Times: user=0.08 sys=0.00, real=0.03 secs] 
2019-12-19T11:41:59.080+0800: 1190495.799: [GC (Allocation Failure) 2019-12-19T11:41:59.080+0800: 1190495.799: [ParNew: 667241K->10857K(737280K), 0.0258429 secs] 1224370K->568824K(2015232K), 0.0263010 secs] [Times: user=0.09 sys=0.00, real=0.02 secs] 
2019-12-19T12:38:25.318+0800: 1193882.037: [GC (Allocation Failure) 2019-12-19T12:38:25.319+0800: 1193882.037: [ParNew: 666210K->11952K(737280K), 0.0266081 secs] 1224177K->570469K(2015232K), 0.0270707 secs] [Times: user=0.09 sys=0.00, real=0.03 secs] 
2019-12-19T13:37:41.730+0800: 1197438.449: [GC (Allocation Failure) 2019-12-19T13:37:41.730+0800: 1197438.449: [ParNew: 667312K->13962K(737280K), 0.0268822 secs] 1225829K->572966K(2015232K), 0.0273324 secs] [Times: user=0.10 sys=0.00, real=0.03 secs] 
2019-12-19T14:36:48.321+0800: 1200985.040: [GC (Allocation Failure) 2019-12-19T14:36:48.321+0800: 1200985.040: [ParNew: 669322K->15582K(737280K), 0.0288181 secs] 1228326K->575583K(2015232K), 0.0292870 secs] [Times: user=0.10 sys=0.00, real=0.03 secs] 
2019-12-19T15:35:16.971+0800: 1204493.690: [GC (Allocation Failure) 2019-12-19T15:35:16.971+0800: 1204493.690: [ParNew: 670942K->16570K(737280K), 0.0287534 secs] 1230943K->577796K(2015232K), 0.0291908 secs] [Times: user=0.10 sys=0.00, real=0.03 secs] 
2019-12-19T16:28:56.635+0800: 1207713.354: [GC (Allocation Failure) 2019-12-19T16:28:56.635+0800: 1207713.354: [ParNew: 671930K->12296K(737280K), 0.0299136 secs] 1233156K->574819K(2015232K), 0.0303910 secs] [Times: user=0.11 sys=0.00, real=0.03 secs] 
2019-12-19T17:26:31.089+0800: 1211167.808: [GC (Allocation Failure) 2019-12-19T17:26:31.089+0800: 1211167.808: [ParNew: 667656K->15639K(737280K), 0.0287410 secs] 1230179K->579550K(2015232K), 0.0292142 secs] [Times: user=0.09 sys=0.00, real=0.03 secs] 
2019-12-19T18:26:23.759+0800: 1214760.478: [GC (Allocation Failure) 2019-12-19T18:26:23.759+0800: 1214760.478: [ParNew: 670999K->16638K(737280K), 0.0300578 secs] 1234910K->581926K(2015232K), 0.0305145 secs] [Times: user=0.10 sys=0.00, real=0.03 secs] 
2019-12-19T19:33:04.470+0800: 1218761.188: [GC (Allocation Failure) 2019-12-19T19:33:04.470+0800: 1218761.189: [ParNew: 671998K->13021K(737280K), 0.0286684 secs] 1237286K->579732K(2015232K), 0.0291308 secs] [Times: user=0.10 sys=0.00, real=0.03 secs] 
2019-12-19T20:37:24.606+0800: 1222621.325: [GC (Allocation Failure) 2019-12-19T20:37:24.607+0800: 1222621.325: [ParNew: 668381K->15086K(737280K), 0.0295396 secs] 1235092K->583125K(2015232K), 0.0299846 secs] [Times: user=0.10 sys=0.00, real=0.03 secs] 
2019-12-19T21:34:26.617+0800: 1226043.336: [GC (Allocation Failure) 2019-12-19T21:34:26.617+0800: 1226043.336: [ParNew: 670446K->15378K(737280K), 0.0310882 secs] 1238485K->584754K(2015232K), 0.0315403 secs] [Times: user=0.10 sys=0.00, real=0.03 secs] 
2019-12-19T22:28:06.069+0800: 1229262.788: [GC (Allocation Failure) 2019-12-19T22:28:06.069+0800: 1229262.788: [ParNew: 670738K->14706K(737280K), 0.0325916 secs] 1240114K->585431K(2015232K), 0.0330509 secs] [Times: user=0.09 sys=0.00, real=0.04 secs] 
2019-12-19T23:30:19.272+0800: 1232995.991: [GC (Allocation Failure) 2019-12-19T23:30:19.272+0800: 1232995.991: [ParNew: 670066K->14723K(737280K), 0.0300874 secs] 1240791K->586842K(2015232K), 0.0305423 secs] [Times: user=0.10 sys=0.00, real=0.03 secs] 
2019-12-20T00:47:37.754+0800: 1237634.473: [GC (Allocation Failure) 2019-12-20T00:47:37.755+0800: 1237634.473: [ParNew: 670083K->17663K(737280K), 0.0296097 secs] 1242202K->591116K(2015232K), 0.0300700 secs] [Times: user=0.10 sys=0.00, real=0.03 secs] 
2019-12-20T02:26:19.142+0800: 1243555.860: [GC (Allocation Failure) 2019-12-20T02:26:19.142+0800: 1243555.861: [ParNew: 673023K->11617K(737280K), 0.0295948 secs] 1246476K->586367K(2015232K), 0.0300443 secs] [Times: user=0.10 sys=0.00, real=0.03 secs] 
2019-12-20T04:33:01.109+0800: 1251157.828: [GC (Allocation Failure) 2019-12-20T04:33:01.109+0800: 1251157.828: [ParNew: 666977K->16058K(737280K), 0.0297888 secs] 1241727K->592079K(2015232K), 0.0302316 secs] [Times: user=0.09 sys=0.00, real=0.03 secs] 
2019-12-20T06:50:05.458+0800: 1259382.177: [GC (Allocation Failure) 2019-12-20T06:50:05.458+0800: 1259382.177: [ParNew: 671418K->12821K(737280K), 0.0332826 secs] 1247439K->590290K(2015232K), 0.0337462 secs] [Times: user=0.09 sys=0.00, real=0.04 secs] 
2019-12-20T08:19:58.717+0800: 1264775.436: [GC (Allocation Failure) 2019-12-20T08:19:58.717+0800: 1264775.436: [ParNew: 668181K->10896K(737280K), 0.0263128 secs] 1245650K->589766K(2015232K), 0.0267639 secs] [Times: user=0.09 sys=0.00, real=0.03 secs] 
2019-12-20T09:23:42.548+0800: 1268599.266: [GC (Allocation Failure) 2019-12-20T09:23:42.548+0800: 1268599.267: [ParNew: 666256K->12635K(737280K), 0.0350280 secs] 1245126K->592743K(2015232K), 0.0354735 secs] [Times: user=0.12 sys=0.00, real=0.04 secs] 
2019-12-20T10:19:20.006+0800: 1271936.725: [GC (Allocation Failure) 2019-12-20T10:19:20.007+0800: 1271936.725: [ParNew: 667995K->9154K(737280K), 0.0267170 secs] 1248103K->590447K(2015232K), 0.0272398 secs] [Times: user=0.08 sys=0.00, real=0.03 secs] 
2019-12-20T11:11:20.554+0800: 1275057.273: [GC (Allocation Failure) 2019-12-20T11:11:20.554+0800: 1275057.273: [ParNew: 664513K->11531K(737280K), 0.0262657 secs] 1245806K->593739K(2015232K), 0.0267182 secs] [Times: user=0.09 sys=0.00, real=0.02 secs] 
2019-12-20T12:05:16.808+0800: 1278293.527: [GC (Allocation Failure) 2019-12-20T12:05:16.809+0800: 1278293.527: [ParNew: 666891K->12905K(737280K), 0.0265666 secs] 1249099K->595654K(2015232K), 0.0270271 secs] [Times: user=0.09 sys=0.00, real=0.03 secs] 
2019-12-20T12:57:16.942+0800: 1281413.661: [GC (Allocation Failure) 2019-12-20T12:57:16.942+0800: 1281413.661: [ParNew: 668265K->14273K(737280K), 0.0268058 secs] 1251014K->597495K(2015232K), 0.0272198 secs] [Times: user=0.09 sys=0.00, real=0.03 secs] 
2019-12-20T13:49:31.089+0800: 1284547.808: [GC (Allocation Failure) 2019-12-20T13:49:31.089+0800: 1284547.808: [ParNew: 669633K->15864K(737280K), 0.0288951 secs] 1252855K->600154K(2015232K), 0.0293654 secs] [Times: user=0.10 sys=0.00, real=0.03 secs] 
2019-12-20T14:42:40.217+0800: 1287736.936: [GC (Allocation Failure) 2019-12-20T14:42:40.217+0800: 1287736.936: [ParNew: 671221K->14571K(737280K), 0.0300954 secs] 1255510K->600187K(2015232K), 0.0305540 secs] [Times: user=0.09 sys=0.00, real=0.03 secs] 
2019-12-20T15:36:49.540+0800: 1290986.259: [GC (Allocation Failure) 2019-12-20T15:36:49.541+0800: 1290986.259: [ParNew: 669931K->17148K(737280K), 0.0305967 secs] 1255547K->604122K(2015232K), 0.0310670 secs] [Times: user=0.10 sys=0.00, real=0.03 secs] 
2019-12-20T16:27:55.511+0800: 1294052.230: [GC (Allocation Failure) 2019-12-20T16:27:55.511+0800: 1294052.230: [ParNew: 672508K->11123K(737280K), 0.0291058 secs] 1259482K->599524K(2015232K), 0.0295393 secs] [Times: user=0.10 sys=0.00, real=0.03 secs] 
2019-12-20T17:24:13.369+0800: 1297430.088: [GC (Allocation Failure) 2019-12-20T17:24:13.370+0800: 1297430.088: [ParNew: 666483K->15754K(737280K), 0.0326951 secs] 1254884K->605519K(2015232K), 0.0331255 secs] [Times: user=0.08 sys=0.00, real=0.04 secs] 
2019-12-20T18:22:46.670+0800: 1300943.389: [GC (Allocation Failure) 2019-12-20T18:22:46.670+0800: 1300943.389: [ParNew: 671114K->15644K(737280K), 0.0308982 secs] 1260879K->606848K(2015232K), 0.0313413 secs] [Times: user=0.10 sys=0.00, real=0.03 secs] 
2019-12-20T19:19:44.534+0800: 1304361.253: [GC (Allocation Failure) 2019-12-20T19:19:44.534+0800: 1304361.253: [ParNew: 671004K->12645K(737280K), 0.0347827 secs] 1262208K->605234K(2015232K), 0.0352004 secs] [Times: user=0.10 sys=0.00, real=0.04 secs] 
2019-12-20T20:22:25.806+0800: 1308122.525: [GC (Allocation Failure) 2019-12-20T20:22:25.806+0800: 1308122.525: [ParNew: 668005K->17517K(737280K), 0.0297824 secs] 1260594K->611537K(2015232K), 0.0302764 secs] [Times: user=0.11 sys=0.00, real=0.03 secs] 
2019-12-20T21:15:33.726+0800: 1311310.444: [GC (Allocation Failure) 2019-12-20T21:15:33.726+0800: 1311310.445: [ParNew: 672877K->13108K(737280K), 0.0310052 secs] 1266897K->608458K(2015232K), 0.0314750 secs] [Times: user=0.10 sys=0.00, real=0.03 secs] 
2019-12-20T21:48:26.637+0800: 1313283.355: [GC (Allocation Failure) 2019-12-20T21:48:26.637+0800: 1313283.356: [ParNew: 668468K->15927K(737280K), 0.0319313 secs] 1263818K->612728K(2015232K), 0.0323740 secs] [Times: user=0.09 sys=0.00, real=0.03 secs] 
2019-12-20T22:23:13.657+0800: 1315370.376: [GC (Allocation Failure) 2019-12-20T22:23:13.657+0800: 1315370.376: [ParNew: 671287K->19663K(737280K), 0.0305033 secs] 1268088K->617853K(2015232K), 0.0309721 secs] [Times: user=0.10 sys=0.00, real=0.03 secs] 
2019-12-20T23:00:19.633+0800: 1317596.351: [GC (Allocation Failure) 2019-12-20T23:00:19.633+0800: 1317596.352: [ParNew: 675023K->17251K(737280K), 0.0377190 secs] 1273213K->616770K(2015232K), 0.0381487 secs] [Times: user=0.10 sys=0.00, real=0.04 secs] 
2019-12-20T23:38:20.313+0800: 1319877.032: [GC (Allocation Failure) 2019-12-20T23:38:20.314+0800: 1319877.033: [ParNew: 672611K->19029K(737280K), 0.0336863 secs] 1272130K->619862K(2015232K), 0.0341573 secs] [Times: user=0.08 sys=0.00, real=0.04 secs] 
2019-12-21T00:18:24.843+0800: 1322281.562: [GC (Allocation Failure) 2019-12-21T00:18:24.843+0800: 1322281.562: [ParNew: 674389K->16386K(737280K), 0.0325838 secs] 1275222K->618516K(2015232K), 0.0330429 secs] [Times: user=0.10 sys=0.00, real=0.03 secs] 
2019-12-21T01:06:05.065+0800: 1325141.784: [GC (Allocation Failure) 2019-12-21T01:06:05.065+0800: 1325141.784: [ParNew: 671746K->17266K(737280K), 0.0401371 secs] 1273876K->621085K(2015232K), 0.0405828 secs] [Times: user=0.09 sys=0.00, real=0.04 secs] 
2019-12-21T02:13:32.421+0800: 1329189.140: [GC (Allocation Failure) 2019-12-21T02:13:32.422+0800: 1329189.140: [ParNew: 672614K->17726K(737280K), 0.0301703 secs] 1276432K->623058K(2015232K), 0.0306326 secs] [Times: user=0.10 sys=0.00, real=0.03 secs] 
2019-12-21T03:35:49.932+0800: 1334126.651: [GC (Allocation Failure) 2019-12-21T03:35:49.932+0800: 1334126.651: [ParNew: 673086K->17899K(737280K), 0.0321721 secs] 1278418K->624602K(2015232K), 0.0326438 secs] [Times: user=0.08 sys=0.00, real=0.03 secs] 
2019-12-21T05:13:14.411+0800: 1339971.130: [GC (Allocation Failure) 2019-12-21T05:13:14.411+0800: 1339971.130: [ParNew: 673259K->14315K(737280K), 0.0314854 secs] 1279962K->622256K(2015232K), 0.0319203 secs] [Times: user=0.08 sys=0.00, real=0.03 secs] 
2019-12-21T07:00:05.753+0800: 1346382.472: [GC (Allocation Failure) 2019-12-21T07:00:05.753+0800: 1346382.472: [ParNew: 669675K->15513K(737280K), 0.0286275 secs] 1277616K->624704K(2015232K), 0.0290865 secs] [Times: user=0.09 sys=0.00, real=0.03 secs] 
2019-12-21T08:07:15.361+0800: 1350412.080: [GC (Allocation Failure) 2019-12-21T08:07:15.362+0800: 1350412.080: [ParNew: 670862K->13344K(737280K), 0.0308848 secs] 1280053K->623788K(2015232K), 0.0313179 secs] [Times: user=0.08 sys=0.00, real=0.03 secs] 
2019-12-21T08:52:21.480+0800: 1353118.198: [GC (Allocation Failure) 2019-12-21T08:52:21.480+0800: 1353118.199: [ParNew: 668702K->13778K(737280K), 0.0268448 secs] 1279146K->625381K(2015232K), 0.0272784 secs] [Times: user=0.09 sys=0.00, real=0.02 secs] 
2019-12-21T09:30:31.089+0800: 1355407.808: [GC (Allocation Failure) 2019-12-21T09:30:31.089+0800: 1355407.808: [ParNew: 669138K->13062K(737280K), 0.0250130 secs] 1280741K->625552K(2015232K), 0.0254336 secs] [Times: user=0.08 sys=0.00, real=0.02 secs] 
2019-12-21T10:06:22.836+0800: 1357559.554: [GC (Allocation Failure) 2019-12-21T10:06:22.836+0800: 1357559.555: [ParNew: 668422K->25885K(737280K), 0.0456997 secs] 1280912K->639175K(2015232K), 0.0461286 secs] [Times: user=0.17 sys=0.00, real=0.04 secs] 
2019-12-21T10:35:43.084+0800: 1359319.803: [GC (Allocation Failure) 2019-12-21T10:35:43.084+0800: 1359319.803: [ParNew: 681245K->28239K(737280K), 0.0475984 secs] 1294535K->642223K(2015232K), 0.0480437 secs] [Times: user=0.16 sys=0.00, real=0.05 secs] 
2019-12-21T11:07:06.428+0800: 1361203.147: [GC (Allocation Failure) 2019-12-21T11:07:06.428+0800: 1361203.147: [ParNew: 683599K->28347K(737280K), 0.0458782 secs] 1297583K->642951K(2015232K), 0.0463551 secs] [Times: user=0.17 sys=0.00, real=0.04 secs] 
2019-12-21T11:36:59.552+0800: 1362996.271: [GC (Allocation Failure) 2019-12-21T11:36:59.553+0800: 1362996.272: [ParNew: 683707K->29294K(737280K), 0.0467561 secs] 1298311K->644811K(2015232K), 0.0472280 secs] [Times: user=0.17 sys=0.00, real=0.05 secs] 
2019-12-21T12:08:37.011+0800: 1364893.729: [GC (Allocation Failure) 2019-12-21T12:08:37.011+0800: 1364893.730: [ParNew: 684654K->30028K(737280K), 0.0478279 secs] 1300171K->646759K(2015232K), 0.0482880 secs] [Times: user=0.18 sys=0.00, real=0.05 secs] 
2019-12-21T12:39:42.647+0800: 1366759.366: [GC (Allocation Failure) 2019-12-21T12:39:42.648+0800: 1366759.367: [ParNew: 685385K->30364K(737280K), 0.0485040 secs] 1302116K->648323K(2015232K), 0.0489711 secs] [Times: user=0.18 sys=0.00, real=0.05 secs] 
2019-12-21T13:11:05.569+0800: 1368642.287: [GC (Allocation Failure) 2019-12-21T13:11:05.569+0800: 1368642.288: [ParNew: 685711K->16533K(737280K), 0.0541819 secs] 1303670K->647964K(2015232K), 0.0546382 secs] [Times: user=0.19 sys=0.00, real=0.05 secs] 
2019-12-21T13:40:35.868+0800: 1370412.587: [GC (Allocation Failure) 2019-12-21T13:40:35.869+0800: 1370412.587: [ParNew: 671893K->15779K(737280K), 0.0294894 secs] 1303324K->648585K(2015232K), 0.0299558 secs] [Times: user=0.10 sys=0.00, real=0.03 secs] 
2019-12-21T14:11:15.717+0800: 1372252.436: [GC (Allocation Failure) 2019-12-21T14:11:15.717+0800: 1372252.436: [ParNew: 671139K->19550K(737280K), 0.0295394 secs] 1303945K->653702K(2015232K), 0.0299843 secs] [Times: user=0.10 sys=0.00, real=0.03 secs] 
2019-12-21T14:39:44.127+0800: 1373960.846: [GC (Allocation Failure) 2019-12-21T14:39:44.127+0800: 1373960.846: [ParNew: 674910K->14212K(737280K), 0.0287071 secs] 1309062K->649650K(2015232K), 0.0291437 secs] [Times: user=0.10 sys=0.00, real=0.03 secs] 
2019-12-21T15:13:02.231+0800: 1375958.950: [GC (Allocation Failure) 2019-12-21T15:13:02.231+0800: 1375958.950: [ParNew: 669572K->18445K(737280K), 0.0288628 secs] 1305010K->655161K(2015232K), 0.0293112 secs] [Times: user=0.10 sys=0.00, real=0.03 secs] 
2019-12-21T15:45:17.908+0800: 1377894.627: [GC (Allocation Failure) 2019-12-21T15:45:17.908+0800: 1377894.627: [ParNew: 673805K->18970K(737280K), 0.0292435 secs] 1310521K->657050K(2015232K), 0.0296950 secs] [Times: user=0.10 sys=0.00, real=0.03 secs] 
2019-12-21T16:19:00.138+0800: 1379916.856: [GC (Allocation Failure) 2019-12-21T16:19:00.138+0800: 1379916.857: [ParNew: 674330K->14490K(737280K), 0.0288434 secs] 1312410K->653901K(2015232K), 0.0293093 secs] [Times: user=0.10 sys=0.00, real=0.03 secs] 
2019-12-21T16:19:00.169+0800: 1379916.887: [GC (CMS Initial Mark) [1 CMS-initial-mark: 639410K(1277952K)] 653971K(2015232K), 0.0078429 secs] [Times: user=0.03 sys=0.00, real=0.01 secs] 
2019-12-21T16:19:00.177+0800: 1379916.895: [CMS-concurrent-mark-start]
2019-12-21T16:19:01.296+0800: 1379918.015: [CMS-concurrent-mark: 1.101/1.119 secs] [Times: user=1.15 sys=0.00, real=1.12 secs] 
2019-12-21T16:19:01.296+0800: 1379918.015: [CMS-concurrent-preclean-start]
2019-12-21T16:19:01.300+0800: 1379918.019: [CMS-concurrent-preclean: 0.004/0.004 secs] [Times: user=0.00 sys=0.00, real=0.01 secs] 
2019-12-21T16:19:01.300+0800: 1379918.019: [CMS-concurrent-abortable-preclean-start]
 CMS: abort preclean due to time 2019-12-21T16:19:06.471+0800: 1379923.190: [CMS-concurrent-abortable-preclean: 2.462/5.171 secs] [Times: user=2.54 sys=0.00, real=5.16 secs] 
2019-12-21T16:19:06.473+0800: 1379923.192: [GC (CMS Final Remark) [YG occupancy: 19530 K (737280 K)]2019-12-21T16:19:06.473+0800: 1379923.192: [Rescan (parallel) , 0.0066716 secs]2019-12-21T16:19:06.480+0800: 1379923.198: [weak refs processing, 0.0030560 secs]2019-12-21T16:19:06.483+0800: 1379923.202: [class unloading, 0.0396566 secs]2019-12-21T16:19:06.522+0800: 1379923.241: [scrub symbol table, 0.0095874 secs]2019-12-21T16:19:06.532+0800: 1379923.251: [scrub string table, 0.0019793 secs][1 CMS-remark: 639410K(1277952K)] 658940K(2015232K), 0.0821891 secs] [Times: user=0.10 sys=0.00, real=0.08 secs] 
2019-12-21T16:19:06.556+0800: 1379923.274: [CMS-concurrent-sweep-start]
2019-12-21T16:19:06.805+0800: 1379923.523: [CMS-concurrent-sweep: 0.232/0.249 secs] [Times: user=0.25 sys=0.00, real=0.25 secs] 
2019-12-21T16:19:06.805+0800: 1379923.524: [CMS-concurrent-reset-start]
2019-12-21T16:19:06.808+0800: 1379923.527: [CMS-concurrent-reset: 0.003/0.003 secs] [Times: user=0.01 sys=0.00, real=0.00 secs] 
2019-12-21T16:48:35.683+0800: 1381692.402: [GC (Allocation Failure) 2019-12-21T16:48:35.684+0800: 1381692.402: [ParNew: 669850K->19066K(737280K), 0.0243611 secs] 1259400K->609891K(2015232K), 0.0247933 secs] [Times: user=0.09 sys=0.00, real=0.02 secs] 
2019-12-21T17:23:31.027+0800: 1383787.746: [GC (Allocation Failure) 2019-12-21T17:23:31.027+0800: 1383787.746: [ParNew: 674426K->17553K(737280K), 0.0235095 secs] 1265251K->609753K(2015232K), 0.0239329 secs] [Times: user=0.08 sys=0.00, real=0.03 secs] 
2019-12-21T17:56:48.942+0800: 1385785.661: [GC (Allocation Failure) 2019-12-21T17:56:48.943+0800: 1385785.661: [ParNew: 672913K->17110K(737280K), 0.0237390 secs] 1265113K->610696K(2015232K), 0.0241895 secs] [Times: user=0.09 sys=0.00, real=0.02 secs] 
2019-12-21T18:32:30.661+0800: 1387927.380: [GC (Allocation Failure) 2019-12-21T18:32:30.662+0800: 1387927.380: [ParNew: 672470K->12744K(737280K), 0.0232332 secs] 1266056K->607661K(2015232K), 0.0236867 secs] [Times: user=0.08 sys=0.00, real=0.02 secs] 
2019-12-21T19:07:32.296+0800: 1390029.015: [GC (Allocation Failure) 2019-12-21T19:07:32.297+0800: 1390029.015: [ParNew: 668104K->17308K(737280K), 0.0231757 secs] 1263021K->613548K(2015232K), 0.0236042 secs] [Times: user=0.08 sys=0.00, real=0.03 secs] 
2019-12-21T19:49:35.399+0800: 1392552.118: [GC (Allocation Failure) 2019-12-21T19:49:35.399+0800: 1392552.118: [ParNew: 672668K->15588K(737280K), 0.0232772 secs] 1268908K->613167K(2015232K), 0.0237078 secs] [Times: user=0.08 sys=0.00, real=0.03 secs] 
2019-12-21T20:26:53.205+0800: 1394789.924: [GC (Allocation Failure) 2019-12-21T20:26:53.205+0800: 1394789.924: [ParNew: 670944K->12952K(737280K), 0.0230415 secs] 1268522K->612068K(2015232K), 0.0235010 secs] [Times: user=0.08 sys=0.00, real=0.02 secs] 
2019-12-21T21:05:32.672+0800: 1397109.390: [GC (Allocation Failure) 2019-12-21T21:05:32.672+0800: 1397109.391: [ParNew: 668312K->16658K(737280K), 0.0232709 secs] 1267428K->617096K(2015232K), 0.0236919 secs] [Times: user=0.08 sys=0.00, real=0.03 secs] 
2019-12-21T21:41:59.725+0800: 1399296.444: [GC (Allocation Failure) 2019-12-21T21:41:59.725+0800: 1399296.444: [ParNew: 671968K->16485K(737280K), 0.0238887 secs] 1272406K->618196K(2015232K), 0.0243595 secs] [Times: user=0.08 sys=0.00, real=0.03 secs] 
2019-12-21T22:17:00.203+0800: 1401396.922: [GC (Allocation Failure) 2019-12-21T22:17:00.204+0800: 1401396.922: [ParNew: 671834K->14078K(737280K), 0.0227775 secs] 1273544K->617075K(2015232K), 0.0232464 secs] [Times: user=0.08 sys=0.00, real=0.03 secs] 
2019-12-21T22:52:27.829+0800: 1403524.548: [GC (Allocation Failure) 2019-12-21T22:52:27.829+0800: 1403524.548: [ParNew: 669431K->16513K(737280K), 0.0229012 secs] 1272428K->620782K(2015232K), 0.0233699 secs] [Times: user=0.08 sys=0.00, real=0.02 secs] 
2019-12-21T23:31:49.326+0800: 1405886.045: [GC (Allocation Failure) 2019-12-21T23:31:49.327+0800: 1405886.046: [ParNew: 671873K->17236K(737280K), 0.0250983 secs] 1276142K->622731K(2015232K), 0.0255450 secs] [Times: user=0.07 sys=0.00, real=0.03 secs] 
2019-12-22T00:16:11.606+0800: 1408548.325: [GC (Allocation Failure) 2019-12-22T00:16:11.607+0800: 1408548.325: [ParNew: 672596K->14428K(737280K), 0.0228053 secs] 1278091K->621180K(2015232K), 0.0232566 secs] [Times: user=0.08 sys=0.00, real=0.02 secs] 
2019-12-22T01:09:28.321+0800: 1411745.040: [GC (Allocation Failure) 2019-12-22T01:09:28.321+0800: 1411745.040: [ParNew: 669788K->16926K(737280K), 0.0239324 secs] 1276540K->624899K(2015232K), 0.0244300 secs] [Times: user=0.08 sys=0.00, real=0.02 secs] 
2019-12-22T02:09:23.779+0800: 1415340.498: [GC (Allocation Failure) 2019-12-22T02:09:23.780+0800: 1415340.498: [ParNew: 672286K->15165K(737280K), 0.0272508 secs] 1280259K->624401K(2015232K), 0.0276931 secs] [Times: user=0.08 sys=0.00, real=0.03 secs] 
2019-12-22T03:28:01.121+0800: 1420057.840: [GC (Allocation Failure) 2019-12-22T03:28:01.122+0800: 1420057.840: [ParNew: 670525K->17225K(737280K), 0.0286606 secs] 1279761K->627705K(2015232K), 0.0291603 secs] [Times: user=0.07 sys=0.00, real=0.03 secs] 
2019-12-22T05:01:49.753+0800: 1425686.472: [GC (Allocation Failure) 2019-12-22T05:01:49.754+0800: 1425686.472: [ParNew: 672585K->13186K(737280K), 0.0247160 secs] 1283065K->624944K(2015232K), 0.0251957 secs] [Times: user=0.07 sys=0.00, real=0.03 secs] 
2019-12-22T06:41:42.439+0800: 1431679.157: [GC (Allocation Failure) 2019-12-22T06:41:42.439+0800: 1431679.158: [ParNew: 668546K->12375K(737280K), 0.0228112 secs] 1280304K->625385K(2015232K), 0.0232411 secs] [Times: user=0.07 sys=0.00, real=0.02 secs] 
2019-12-22T07:53:10.336+0800: 1435967.055: [GC (Allocation Failure) 2019-12-22T07:53:10.336+0800: 1435967.055: [ParNew: 667730K->12742K(737280K), 0.0216475 secs] 1280740K->626966K(2015232K), 0.0221032 secs] [Times: user=0.07 sys=0.00, real=0.02 secs] 
2019-12-22T08:43:41.432+0800: 1438998.151: [GC (Allocation Failure) 2019-12-22T08:43:41.432+0800: 1438998.151: [ParNew: 668097K->13354K(737280K), 0.0216768 secs] 1282321K->628649K(2015232K), 0.0221096 secs] [Times: user=0.06 sys=0.00, real=0.02 secs] 
2019-12-22T09:24:35.561+0800: 1441452.280: [GC (Allocation Failure) 2019-12-22T09:24:35.562+0800: 1441452.281: [ParNew: 668714K->15845K(737280K), 0.0200442 secs] 1284009K->632103K(2015232K), 0.0204773 secs] [Times: user=0.07 sys=0.00, real=0.02 secs] 
2019-12-22T09:57:09.372+0800: 1443406.091: [GC (Allocation Failure) 2019-12-22T09:57:09.372+0800: 1443406.091: [ParNew: 671205K->11438K(737280K), 0.0193493 secs] 1287463K->628476K(2015232K), 0.0198024 secs] [Times: user=0.07 sys=0.00, real=0.02 secs] 
2019-12-22T10:30:44.461+0800: 1445421.180: [GC (Allocation Failure) 2019-12-22T10:30:44.461+0800: 1445421.180: [ParNew: 666797K->14160K(737280K), 0.0263635 secs] 1283836K->631830K(2015232K), 0.0268094 secs] [Times: user=0.06 sys=0.00, real=0.03 secs] 
2019-12-22T11:02:53.940+0800: 1447350.659: [GC (Allocation Failure) 2019-12-22T11:02:53.941+0800: 1447350.659: [ParNew: 669520K->17710K(737280K), 0.0211618 secs] 1287190K->635979K(2015232K), 0.0216060 secs] [Times: user=0.07 sys=0.00, real=0.03 secs] 
2019-12-22T11:32:05.763+0800: 1449102.482: [GC (Allocation Failure) 2019-12-22T11:32:05.764+0800: 1449102.482: [ParNew: 673070K->12849K(737280K), 0.0215978 secs] 1291339K->632077K(2015232K), 0.0220495 secs] [Times: user=0.07 sys=0.00, real=0.02 secs] 
2019-12-22T12:00:41.964+0800: 1450818.683: [GC (Allocation Failure) 2019-12-22T12:00:41.965+0800: 1450818.683: [ParNew: 668209K->18814K(737280K), 0.0229181 secs] 1287437K->639144K(2015232K), 0.0233683 secs] [Times: user=0.08 sys=0.00, real=0.03 secs] 
2019-12-22T12:31:00.713+0800: 1452637.432: [GC (Allocation Failure) 2019-12-22T12:31:00.713+0800: 1452637.432: [ParNew: 674174K->13844K(737280K), 0.0233620 secs] 1294504K->635384K(2015232K), 0.0238047 secs] [Times: user=0.08 sys=0.00, real=0.03 secs] 
2019-12-22T13:02:09.748+0800: 1454506.467: [GC (Allocation Failure) 2019-12-22T13:02:09.748+0800: 1454506.467: [ParNew: 669204K->15288K(737280K), 0.0273453 secs] 1290744K->638128K(2015232K), 0.0277827 secs] [Times: user=0.07 sys=0.00, real=0.03 secs] 
2019-12-22T13:33:42.456+0800: 1456399.175: [GC (Allocation Failure) 2019-12-22T13:33:42.456+0800: 1456399.175: [ParNew: 670648K->16307K(737280K), 0.0247185 secs] 1293488K->640454K(2015232K), 0.0251706 secs] [Times: user=0.09 sys=0.00, real=0.02 secs] 
2019-12-22T14:04:39.807+0800: 1458256.526: [GC (Allocation Failure) 2019-12-22T14:04:39.807+0800: 1458256.526: [ParNew: 671667K->16361K(737280K), 0.0280001 secs] 1295814K->641838K(2015232K), 0.0284246 secs] [Times: user=0.08 sys=0.00, real=0.03 secs] 
2019-12-22T14:36:38.622+0800: 1460175.341: [GC (Allocation Failure) 2019-12-22T14:36:38.623+0800: 1460175.341: [ParNew: 671718K->16849K(737280K), 0.0284081 secs] 1297195K->643641K(2015232K), 0.0288494 secs] [Times: user=0.07 sys=0.00, real=0.03 secs] 
2019-12-22T15:07:37.556+0800: 1462034.275: [GC (Allocation Failure) 2019-12-22T15:07:37.556+0800: 1462034.275: [ParNew: 672209K->17018K(737280K), 0.0239949 secs] 1299001K->645130K(2015232K), 0.0245196 secs] [Times: user=0.09 sys=0.00, real=0.02 secs] 
2019-12-22T15:37:13.998+0800: 1463810.717: [GC (Allocation Failure) 2019-12-22T15:37:13.998+0800: 1463810.717: [ParNew: 672378K->14730K(737280K), 0.0232986 secs] 1300490K->644207K(2015232K), 0.0237433 secs] [Times: user=0.08 sys=0.00, real=0.02 secs] 
2019-12-22T16:13:20.207+0800: 1465976.926: [GC (Allocation Failure) 2019-12-22T16:13:20.207+0800: 1465976.926: [ParNew: 670090K->15236K(737280K), 0.0237127 secs] 1299567K->646052K(2015232K), 0.0241935 secs] [Times: user=0.08 sys=0.00, real=0.02 secs] 
2019-12-22T16:44:18.895+0800: 1467835.614: [GC (Allocation Failure) 2019-12-22T16:44:18.895+0800: 1467835.614: [ParNew: 670596K->16576K(737280K), 0.0223445 secs] 1301412K->648694K(2015232K), 0.0227939 secs] [Times: user=0.08 sys=0.00, real=0.02 secs] 
2019-12-22T17:15:13.928+0800: 1469690.647: [GC (Allocation Failure) 2019-12-22T17:15:13.928+0800: 1469690.647: [ParNew: 671936K->18356K(737280K), 0.0254698 secs] 1304054K->651765K(2015232K), 0.0259429 secs] [Times: user=0.08 sys=0.00, real=0.02 secs] 
2019-12-22T17:48:22.581+0800: 1471679.300: [GC (Allocation Failure) 2019-12-22T17:48:22.581+0800: 1471679.300: [ParNew: 673716K->14358K(737280K), 0.0270362 secs] 1307125K->649078K(2015232K), 0.0275000 secs] [Times: user=0.07 sys=0.00, real=0.02 secs] 
2019-12-22T18:20:58.190+0800: 1473634.909: [GC (Allocation Failure) 2019-12-22T18:20:58.190+0800: 1473634.909: [ParNew: 669718K->19077K(737280K), 0.0230660 secs] 1304438K->655089K(2015232K), 0.0234993 secs] [Times: user=0.08 sys=0.00, real=0.02 secs] 
2019-12-22T18:58:34.158+0800: 1475890.877: [GC (Allocation Failure) 2019-12-22T18:58:34.159+0800: 1475890.878: [ParNew: 674435K->14082K(737280K), 0.0255986 secs] 1310447K->651419K(2015232K), 0.0261307 secs] [Times: user=0.08 sys=0.00, real=0.03 secs] 
2019-12-22T19:35:54.180+0800: 1478130.899: [GC (Allocation Failure) 2019-12-22T19:35:54.181+0800: 1478130.899: [ParNew: 669439K->19052K(737280K), 0.0227473 secs] 1306777K->657642K(2015232K), 0.0231922 secs] [Times: user=0.08 sys=0.00, real=0.02 secs] 
2019-12-22T20:12:37.320+0800: 1480334.039: [GC (Allocation Failure) 2019-12-22T20:12:37.320+0800: 1480334.039: [ParNew: 674412K->13990K(737280K), 0.0233022 secs] 1313002K->653857K(2015232K), 0.0237557 secs] [Times: user=0.08 sys=0.00, real=0.03 secs] 
2019-12-22T20:48:26.510+0800: 1482483.229: [GC (Allocation Failure) 2019-12-22T20:48:26.510+0800: 1482483.229: [ParNew: 669350K->16732K(737280K), 0.0233080 secs] 1309217K->657934K(2015232K), 0.0237785 secs] [Times: user=0.08 sys=0.00, real=0.03 secs] 
2019-12-22T21:26:21.420+0800: 1484758.139: [GC (Allocation Failure) 2019-12-22T21:26:21.420+0800: 1484758.139: [ParNew: 672092K->18792K(737280K), 0.0252217 secs] 1313294K->661281K(2015232K), 0.0256624 secs] [Times: user=0.09 sys=0.00, real=0.02 secs] 
2019-12-22T22:01:39.077+0800: 1486875.795: [GC (Allocation Failure) 2019-12-22T22:01:39.077+0800: 1486875.796: [ParNew: 674152K->13741K(737280K), 0.0231747 secs] 1316641K->657483K(2015232K), 0.0236121 secs] [Times: user=0.08 sys=0.00, real=0.03 secs] 
2019-12-22T22:34:56.933+0800: 1488873.652: [GC (Allocation Failure) 2019-12-22T22:34:56.934+0800: 1488873.652: [ParNew: 669096K->18746K(737280K), 0.0223585 secs] 1312838K->663742K(2015232K), 0.0228396 secs] [Times: user=0.08 sys=0.00, real=0.02 secs] 
2019-12-22T23:08:06.098+0800: 1490862.817: [GC (Allocation Failure) 2019-12-22T23:08:06.099+0800: 1490862.817: [ParNew: 674106K->16113K(737280K), 0.0269025 secs] 1319102K->662388K(2015232K), 0.0273517 secs] [Times: user=0.08 sys=0.00, real=0.03 secs] 
2019-12-22T23:43:39.353+0800: 1492996.071: [GC (Allocation Failure) 2019-12-22T23:43:39.353+0800: 1492996.072: [ParNew: 671473K->17374K(737280K), 0.0224835 secs] 1317748K->664879K(2015232K), 0.0229591 secs] [Times: user=0.08 sys=0.00, real=0.02 secs] 
2019-12-23T00:25:54.984+0800: 1495531.702: [GC (Allocation Failure) 2019-12-23T00:25:54.984+0800: 1495531.703: [ParNew: 672726K->18642K(737280K), 0.0230418 secs] 1320231K->667386K(2015232K), 0.0234653 secs] [Times: user=0.08 sys=0.00, real=0.03 secs] 
2019-12-23T01:17:06.567+0800: 1498603.286: [GC (Allocation Failure) 2019-12-23T01:17:06.567+0800: 1498603.286: [ParNew: 674002K->15312K(737280K), 0.0242681 secs] 1322746K->665296K(2015232K), 0.0247114 secs] [Times: user=0.08 sys=0.00, real=0.03 secs] 
2019-12-23T02:17:50.255+0800: 1502246.974: [GC (Allocation Failure) 2019-12-23T02:17:50.255+0800: 1502246.974: [ParNew: 670672K->16134K(737280K), 0.0327302 secs] 1320656K->667413K(2015232K), 0.0331826 secs] [Times: user=0.08 sys=0.00, real=0.03 secs] 
2019-12-23T03:30:20.640+0800: 1506597.359: [GC (Allocation Failure) 2019-12-23T03:30:20.640+0800: 1506597.359: [ParNew: 671494K->15506K(737280K), 0.0239372 secs] 1322773K->668070K(2015232K), 0.0243653 secs] [Times: user=0.08 sys=0.00, real=0.02 secs] 
2019-12-23T05:11:13.114+0800: 1512649.833: [GC (Allocation Failure) 2019-12-23T05:11:13.114+0800: 1512649.833: [ParNew: 670866K->13155K(737280K), 0.0250029 secs] 1323430K->667012K(2015232K), 0.0254660 secs] [Times: user=0.08 sys=0.00, real=0.03 secs] 
2019-12-23T06:51:38.531+0800: 1518675.250: [GC (Allocation Failure) 2019-12-23T06:51:38.531+0800: 1518675.250: [ParNew: 668515K->14644K(737280K), 0.0244225 secs] 1322372K->669753K(2015232K), 0.0248737 secs] [Times: user=0.07 sys=0.00, real=0.03 secs] 
2019-12-23T07:55:14.106+0800: 1522490.825: [GC (Allocation Failure) 2019-12-23T07:55:14.107+0800: 1522490.825: [ParNew: 670004K->12952K(737280K), 0.0212099 secs] 1325113K->669315K(2015232K), 0.0216429 secs] [Times: user=0.07 sys=0.00, real=0.02 secs] 
2019-12-23T08:36:57.629+0800: 1524994.347: [GC (Allocation Failure) 2019-12-23T08:36:57.629+0800: 1524994.348: [ParNew: 668312K->14785K(737280K), 0.0206460 secs] 1324675K->672184K(2015232K), 0.0211130 secs] [Times: user=0.07 sys=0.00, real=0.02 secs] 
2019-12-23T09:11:58.330+0800: 1527095.049: [GC (Allocation Failure) 2019-12-23T09:11:58.330+0800: 1527095.049: [ParNew: 670143K->10925K(737280K), 0.0198372 secs] 1327542K->669272K(2015232K), 0.0203034 secs] [Times: user=0.06 sys=0.00, real=0.02 secs] 
2019-12-23T09:45:02.518+0800: 1529079.237: [GC (Allocation Failure) 2019-12-23T09:45:02.518+0800: 1529079.237: [ParNew: 666285K->15434K(737280K), 0.0202008 secs] 1324632K->674578K(2015232K), 0.0206115 secs] [Times: user=0.07 sys=0.00, real=0.02 secs] 
2019-12-23T10:13:07.911+0800: 1530764.630: [GC (Allocation Failure) 2019-12-23T10:13:07.911+0800: 1530764.630: [ParNew: 670794K->16516K(737280K), 0.0226521 secs] 1329938K->676250K(2015232K), 0.0230863 secs] [Times: user=0.07 sys=0.00, real=0.02 secs] 
2019-12-23T10:39:45.006+0800: 1532361.725: [GC (Allocation Failure) 2019-12-23T10:39:45.006+0800: 1532361.725: [ParNew: 671876K->13406K(737280K), 0.0216760 secs] 1331610K->673859K(2015232K), 0.0221329 secs] [Times: user=0.08 sys=0.00, real=0.02 secs] 
2019-12-23T11:07:04.708+0800: 1534001.427: [GC (Allocation Failure) 2019-12-23T11:07:04.709+0800: 1534001.427: [ParNew: 668766K->18192K(737280K), 0.0220661 secs] 1329219K->679625K(2015232K), 0.0225478 secs] [Times: user=0.08 sys=0.00, real=0.02 secs] 
2019-12-23T11:34:04.330+0800: 1535621.049: [GC (Allocation Failure) 2019-12-23T11:34:04.330+0800: 1535621.049: [ParNew: 673552K->13366K(737280K), 0.0225494 secs] 1334985K->676008K(2015232K), 0.0229840 secs] [Times: user=0.08 sys=0.00, real=0.02 secs] 
2019-12-23T12:01:54.629+0800: 1537291.348: [GC (Allocation Failure) 2019-12-23T12:01:54.629+0800: 1537291.348: [ParNew: 668726K->15180K(737280K), 0.0268730 secs] 1331368K->679112K(2015232K), 0.0273203 secs] [Times: user=0.07 sys=0.00, real=0.03 secs] 
2019-12-23T12:30:58.473+0800: 1539035.192: [GC (Allocation Failure) 2019-12-23T12:30:58.474+0800: 1539035.192: [ParNew: 670535K->16409K(737280K), 0.0253110 secs] 1334467K->681617K(2015232K), 0.0257604 secs] [Times: user=0.08 sys=0.00, real=0.03 secs] 
2019-12-23T12:59:04.759+0800: 1540721.478: [GC (Allocation Failure) 2019-12-23T12:59:04.759+0800: 1540721.478: [ParNew: 671769K->14405K(737280K), 0.0238847 secs] 1336977K->681003K(2015232K), 0.0243529 secs] [Times: user=0.09 sys=0.00, real=0.03 secs] 
2019-12-23T13:28:38.122+0800: 1542494.840: [GC (Allocation Failure) 2019-12-23T13:28:38.122+0800: 1542494.841: [ParNew: 669765K->17207K(737280K), 0.0225905 secs] 1336363K->685135K(2015232K), 0.0230277 secs] [Times: user=0.08 sys=0.00, real=0.03 secs] 
2019-12-23T13:54:51.568+0800: 1544068.286: [GC (Allocation Failure) 2019-12-23T13:54:51.568+0800: 1544068.287: [ParNew: 672567K->14065K(737280K), 0.0233136 secs] 1340495K->683340K(2015232K), 0.0237418 secs] [Times: user=0.08 sys=0.00, real=0.02 secs] 
2019-12-23T14:21:37.377+0800: 1545674.095: [GC (Allocation Failure) 2019-12-23T14:21:37.377+0800: 1545674.096: [ParNew: 669425K->16367K(737280K), 0.0228719 secs] 1338700K->687028K(2015232K), 0.0233165 secs] [Times: user=0.08 sys=0.00, real=0.02 secs] 
2019-12-23T14:48:04.437+0800: 1547261.156: [GC (Allocation Failure) 2019-12-23T14:48:04.438+0800: 1547261.157: [ParNew: 671727K->16439K(737280K), 0.0243944 secs] 1342388K->688492K(2015232K), 0.0248789 secs] [Times: user=0.09 sys=0.00, real=0.02 secs] 
2019-12-23T15:15:03.832+0800: 1548880.551: [GC (Allocation Failure) 2019-12-23T15:15:03.832+0800: 1548880.551: [ParNew: 671799K->19003K(737280K), 0.0240421 secs] 1343852K->692373K(2015232K), 0.0245093 secs] [Times: user=0.09 sys=0.00, real=0.03 secs] 
2019-12-23T15:36:39.199+0800: 1550175.918: [GC (Allocation Failure) 2019-12-23T15:36:39.199+0800: 1550175.918: [ParNew: 674362K->22906K(737280K), 0.0245250 secs] 1347732K->697629K(2015232K), 0.0249702 secs] [Times: user=0.08 sys=0.00, real=0.03 secs] 
2019-12-23T16:00:58.448+0800: 1551635.166: [GC (Allocation Failure) 2019-12-23T16:00:58.448+0800: 1551635.167: [ParNew: 678266K->21224K(737280K), 0.0250771 secs] 1352989K->697274K(2015232K), 0.0255336 secs] [Times: user=0.09 sys=0.00, real=0.03 secs] 
2019-12-23T16:22:32.579+0800: 1552929.298: [GC (Allocation Failure) 2019-12-23T16:22:32.580+0800: 1552929.298: [ParNew: 676584K->27852K(737280K), 0.0246463 secs] 1352634K->705254K(2015232K), 0.0251134 secs] [Times: user=0.09 sys=0.00, real=0.02 secs] 
2019-12-23T16:44:56.787+0800: 1554273.505: [GC (Allocation Failure) 2019-12-23T16:44:56.787+0800: 1554273.506: [ParNew: 683212K->21174K(737280K), 0.0256189 secs] 1360614K->699924K(2015232K), 0.0260516 secs] [Times: user=0.09 sys=0.00, real=0.03 secs] 
2019-12-23T17:09:10.770+0800: 1555727.489: [GC (Allocation Failure) 2019-12-23T17:09:10.770+0800: 1555727.489: [ParNew: 676534K->28852K(737280K), 0.0276083 secs] 1355284K->708989K(2015232K), 0.0280428 secs] [Times: user=0.08 sys=0.00, real=0.03 secs] 
2019-12-23T17:33:38.275+0800: 1557194.994: [GC (Allocation Failure) 2019-12-23T17:33:38.275+0800: 1557194.994: [ParNew: 684212K->20167K(737280K), 0.0277004 secs] 1364349K->702470K(2015232K), 0.0281627 secs] [Times: user=0.09 sys=0.00, real=0.03 secs] 
2019-12-23T17:59:07.743+0800: 1558724.462: [GC (Allocation Failure) 2019-12-23T17:59:07.744+0800: 1558724.462: [ParNew: 675527K->22656K(737280K), 0.0253125 secs] 1357830K->707668K(2015232K), 0.0257522 secs] [Times: user=0.09 sys=0.00, real=0.02 secs] 
2019-12-23T18:25:31.420+0800: 1560308.139: [GC (Allocation Failure) 2019-12-23T18:25:31.421+0800: 1560308.140: [ParNew: 678013K->19462K(737280K), 0.0297576 secs] 1363024K->706773K(2015232K), 0.0302151 secs] [Times: user=0.08 sys=0.00, real=0.03 secs] 
2019-12-23T18:49:59.058+0800: 1561775.777: [GC (Allocation Failure) 2019-12-23T18:49:59.058+0800: 1561775.777: [ParNew: 674822K->16236K(737280K), 0.0255051 secs] 1362133K->705733K(2015232K), 0.0259505 secs] [Times: user=0.09 sys=0.00, real=0.03 secs] 
2019-12-23T19:14:21.375+0800: 1563238.094: [GC (Allocation Failure) 2019-12-23T19:14:21.376+0800: 1563238.094: [ParNew: 671596K->20924K(737280K), 0.0266782 secs] 1361093K->712367K(2015232K), 0.0271548 secs] [Times: user=0.09 sys=0.00, real=0.03 secs] 
2019-12-23T19:38:59.388+0800: 1564716.107: [GC (Allocation Failure) 2019-12-23T19:38:59.388+0800: 1564716.107: [ParNew: 676280K->17527K(737280K), 0.0252062 secs] 1367722K->710797K(2015232K), 0.0256617 secs] [Times: user=0.09 sys=0.00, real=0.03 secs] 
2019-12-23T19:58:51.613+0800: 1565908.332: [GC (Allocation Failure) 2019-12-23T19:58:51.614+0800: 1565908.332: [ParNew: 672887K->14992K(737280K), 0.0245497 secs] 1366157K->710049K(2015232K), 0.0250101 secs] [Times: user=0.09 sys=0.00, real=0.02 secs] 
2019-12-23T20:19:35.345+0800: 1567152.064: [GC (Allocation Failure) 2019-12-23T20:19:35.345+0800: 1567152.064: [ParNew: 670340K->14403K(737280K), 0.0244673 secs] 1365398K->711154K(2015232K), 0.0249401 secs] [Times: user=0.08 sys=0.00, real=0.02 secs] 
2019-12-23T20:40:53.937+0800: 1568430.656: [GC (Allocation Failure) 2019-12-23T20:40:53.937+0800: 1568430.656: [ParNew: 669763K->17075K(737280K), 0.0243553 secs] 1366514K->715372K(2015232K), 0.0247928 secs] [Times: user=0.09 sys=0.00, real=0.02 secs] 
2019-12-23T21:06:04.570+0800: 1569941.289: [GC (Allocation Failure) 2019-12-23T21:06:04.570+0800: 1569941.289: [ParNew: 672435K->19826K(737280K), 0.0254329 secs] 1370732K->719588K(2015232K), 0.0259287 secs] [Times: user=0.08 sys=0.00, real=0.03 secs] 
2019-12-23T21:32:37.026+0800: 1571533.745: [GC (Allocation Failure) 2019-12-23T21:32:37.027+0800: 1571533.746: [ParNew: 675186K->16479K(737280K), 0.0245513 secs] 1374948K->717855K(2015232K), 0.0250339 secs] [Times: user=0.09 sys=0.00, real=0.02 secs] 
2019-12-23T22:01:10.465+0800: 1573247.183: [GC (Allocation Failure) 2019-12-23T22:01:10.465+0800: 1573247.184: [ParNew: 671839K->16225K(737280K), 0.0256640 secs] 1373215K->719199K(2015232K), 0.0261156 secs] [Times: user=0.09 sys=0.00, real=0.03 secs] 
2019-12-23T22:29:13.804+0800: 1574930.523: [GC (Allocation Failure) 2019-12-23T22:29:13.804+0800: 1574930.523: [ParNew: 671585K->18705K(737280K), 0.0299114 secs] 1374559K->723247K(2015232K), 0.0303680 secs] [Times: user=0.08 sys=0.00, real=0.03 secs] 
2019-12-23T22:56:50.126+0800: 1576586.844: [GC (Allocation Failure) 2019-12-23T22:56:50.126+0800: 1576586.845: [ParNew: 674065K->18460K(737280K), 0.0243091 secs] 1378607K->724560K(2015232K), 0.0247693 secs] [Times: user=0.08 sys=0.00, real=0.02 secs] 
2019-12-23T23:29:14.429+0800: 1578531.148: [GC (Allocation Failure) 2019-12-23T23:29:14.429+0800: 1578531.148: [ParNew: 673820K->17917K(737280K), 0.0304919 secs] 1379920K->725462K(2015232K), 0.0309578 secs] [Times: user=0.08 sys=0.00, real=0.04 secs] 
2019-12-24T00:01:00.271+0800: 1580436.990: [GC (Allocation Failure) 2019-12-24T00:01:00.271+0800: 1580436.990: [ParNew: 673277K->15758K(737280K), 0.0323305 secs] 1380822K->724701K(2015232K), 0.0327922 secs] [Times: user=0.08 sys=0.00, real=0.03 secs] 
2019-12-24T00:37:20.612+0800: 1582617.331: [GC (Allocation Failure) 2019-12-24T00:37:20.612+0800: 1582617.331: [ParNew: 671118K->20087K(737280K), 0.0302410 secs] 1380061K->730422K(2015232K), 0.0307253 secs] [Times: user=0.09 sys=0.00, real=0.03 secs] 
2019-12-24T01:23:22.643+0800: 1585379.362: [GC (Allocation Failure) 2019-12-24T01:23:22.643+0800: 1585379.362: [ParNew: 675447K->19761K(737280K), 0.0253669 secs] 1385782K->731495K(2015232K), 0.0258099 secs] [Times: user=0.09 sys=0.00, real=0.02 secs] 
2019-12-24T02:18:05.329+0800: 1588662.048: [GC (Allocation Failure) 2019-12-24T02:18:05.329+0800: 1588662.048: [ParNew: 675121K->14945K(737280K), 0.0256693 secs] 1386855K->728035K(2015232K), 0.0261144 secs] [Times: user=0.08 sys=0.00, real=0.03 secs] 
2019-12-24T03:27:32.779+0800: 1592829.498: [GC (Allocation Failure) 2019-12-24T03:27:32.779+0800: 1592829.498: [ParNew: 670305K->15440K(737280K), 0.0247704 secs] 1383395K->729863K(2015232K), 0.0252161 secs] [Times: user=0.08 sys=0.00, real=0.03 secs] 
2019-12-24T04:55:34.319+0800: 1598111.038: [GC (Allocation Failure) 2019-12-24T04:55:34.320+0800: 1598111.039: [ParNew: 670800K->17650K(737280K), 0.0255188 secs] 1385223K->733346K(2015232K), 0.0259514 secs] [Times: user=0.08 sys=0.00, real=0.02 secs] 
2019-12-24T06:24:21.264+0800: 1603437.983: [GC (Allocation Failure) 2019-12-24T06:24:21.265+0800: 1603437.984: [ParNew: 673010K->14470K(737280K), 0.0239660 secs] 1388706K->731528K(2015232K), 0.0244130 secs] [Times: user=0.08 sys=0.00, real=0.03 secs] 
2019-12-24T07:32:17.404+0800: 1607514.123: [GC (Allocation Failure) 2019-12-24T07:32:17.404+0800: 1607514.123: [ParNew: 669830K->14592K(737280K), 0.0232671 secs] 1386888K->732907K(2015232K), 0.0236951 secs] [Times: user=0.08 sys=0.00, real=0.03 secs] 
2019-12-24T08:14:09.017+0800: 1610025.736: [GC (Allocation Failure) 2019-12-24T08:14:09.017+0800: 1610025.736: [ParNew: 669945K->14904K(737280K), 0.0218329 secs] 1388260K->734345K(2015232K), 0.0222613 secs] [Times: user=0.07 sys=0.00, real=0.03 secs] 
2019-12-24T08:51:01.414+0800: 1612238.133: [GC (Allocation Failure) 2019-12-24T08:51:01.414+0800: 1612238.133: [ParNew: 670264K->12757K(737280K), 0.0227019 secs] 1389705K->733218K(2015232K), 0.0231416 secs] [Times: user=0.08 sys=0.00, real=0.02 secs] 
2019-12-24T09:22:53.316+0800: 1614150.035: [GC (Allocation Failure) 2019-12-24T09:22:53.317+0800: 1614150.035: [ParNew: 668117K->17849K(737280K), 0.0209458 secs] 1388578K->739120K(2015232K), 0.0213732 secs] [Times: user=0.07 sys=0.00, real=0.02 secs] 
2019-12-24T09:49:24.375+0800: 1615741.093: [GC (Allocation Failure) 2019-12-24T09:49:24.375+0800: 1615741.094: [ParNew: 673209K->14116K(737280K), 0.0233519 secs] 1394480K->736043K(2015232K), 0.0237943 secs] [Times: user=0.08 sys=0.00, real=0.03 secs] 
2019-12-24T10:17:04.579+0800: 1617401.298: [GC (Allocation Failure) 2019-12-24T10:17:04.579+0800: 1617401.298: [ParNew: 669475K->19628K(737280K), 0.0223261 secs] 1391402K->742303K(2015232K), 0.0227748 secs] [Times: user=0.07 sys=0.00, real=0.02 secs] 
2019-12-24T10:43:24.571+0800: 1618981.290: [GC (Allocation Failure) 2019-12-24T10:43:24.571+0800: 1618981.290: [ParNew: 674988K->12824K(737280K), 0.0222481 secs] 1397663K->736437K(2015232K), 0.0226841 secs] [Times: user=0.08 sys=0.00, real=0.02 secs] 
2019-12-24T11:07:52.307+0800: 1620449.026: [GC (Allocation Failure) 2019-12-24T11:07:52.308+0800: 1620449.026: [ParNew: 668174K->18723K(737280K), 0.0237740 secs] 1391787K->743511K(2015232K), 0.0242146 secs] [Times: user=0.08 sys=0.00, real=0.03 secs] 
2019-12-24T11:32:59.436+0800: 1621956.155: [GC (Allocation Failure) 2019-12-24T11:32:59.436+0800: 1621956.155: [ParNew: 674083K->14450K(737280K), 0.0235792 secs] 1398871K->740491K(2015232K), 0.0240366 secs] [Times: user=0.09 sys=0.00, real=0.02 secs] 
2019-12-24T11:58:21.255+0800: 1623477.974: [GC (Allocation Failure) 2019-12-24T11:58:21.255+0800: 1623477.974: [ParNew: 669810K->21034K(737280K), 0.0244226 secs] 1395851K->748359K(2015232K), 0.0248381 secs] [Times: user=0.08 sys=0.00, real=0.02 secs] 
2019-12-24T12:23:14.475+0800: 1624971.194: [GC (Allocation Failure) 2019-12-24T12:23:14.475+0800: 1624971.194: [ParNew: 676391K->15291K(737280K), 0.0300155 secs] 1403716K->744002K(2015232K), 0.0304556 secs] [Times: user=0.09 sys=0.00, real=0.03 secs] 
2019-12-24T12:48:30.473+0800: 1626487.192: [GC (Allocation Failure) 2019-12-24T12:48:30.474+0800: 1626487.192: [ParNew: 670651K->17860K(737280K), 0.0386765 secs] 1399362K->747938K(2015232K), 0.0391356 secs] [Times: user=0.09 sys=0.00, real=0.04 secs] 
2019-12-24T13:10:11.330+0800: 1627788.049: [GC (Allocation Failure) 2019-12-24T13:10:11.331+0800: 1627788.049: [ParNew: 673220K->18687K(737280K), 0.0252276 secs] 1403298K->750249K(2015232K), 0.0256802 secs] [Times: user=0.09 sys=0.00, real=0.02 secs] 
2019-12-24T13:35:57.668+0800: 1629334.387: [GC (Allocation Failure) 2019-12-24T13:35:57.668+0800: 1629334.387: [ParNew: 674047K->15173K(737280K), 0.0254613 secs] 1405609K->748189K(2015232K), 0.0259352 secs] [Times: user=0.09 sys=0.00, real=0.03 secs] 
2019-12-24T14:01:07.435+0800: 1630844.154: [GC (Allocation Failure) 2019-12-24T14:01:07.436+0800: 1630844.155: [ParNew: 670533K->12817K(737280K), 0.0239257 secs] 1403549K->747221K(2015232K), 0.0243971 secs] [Times: user=0.08 sys=0.00, real=0.02 secs] 
2019-12-24T14:25:21.583+0800: 1632298.302: [GC (Allocation Failure) 2019-12-24T14:25:21.584+0800: 1632298.302: [ParNew: 668177K->20563K(737280K), 0.0252488 secs] 1402581K->756390K(2015232K), 0.0257339 secs] [Times: user=0.09 sys=0.00, real=0.02 secs] 
2019-12-24T14:48:19.752+0800: 1633676.471: [GC (Allocation Failure) 2019-12-24T14:48:19.752+0800: 1633676.471: [ParNew: 675923K->16295K(737280K), 0.0247220 secs] 1411750K->753529K(2015232K), 0.0251698 secs] [Times: user=0.09 sys=0.00, real=0.03 secs] 
2019-12-24T15:11:00.899+0800: 1635037.618: [GC (Allocation Failure) 2019-12-24T15:11:00.899+0800: 1635037.618: [ParNew: 671655K->21522K(737280K), 0.0253232 secs] 1408889K->760181K(2015232K), 0.0257907 secs] [Times: user=0.09 sys=0.00, real=0.02 secs] 
2019-12-24T15:34:54.358+0800: 1636471.076: [GC (Allocation Failure) 2019-12-24T15:34:54.358+0800: 1636471.077: [ParNew: 676882K->15675K(737280K), 0.0247501 secs] 1415541K->755718K(2015232K), 0.0252158 secs] [Times: user=0.09 sys=0.00, real=0.02 secs] 
2019-12-24T15:59:39.409+0800: 1637956.127: [GC (Allocation Failure) 2019-12-24T15:59:39.409+0800: 1637956.128: [ParNew: 671029K->20616K(737280K), 0.0241731 secs] 1411071K->762158K(2015232K), 0.0245975 secs] [Times: user=0.09 sys=0.00, real=0.03 secs] 
2019-12-24T16:23:43.121+0800: 1639399.840: [GC (Allocation Failure) 2019-12-24T16:23:43.122+0800: 1639399.841: [ParNew: 675976K->16378K(737280K), 0.0302795 secs] 1417518K->759327K(2015232K), 0.0307099 secs] [Times: user=0.08 sys=0.00, real=0.03 secs] 
2019-12-24T16:45:08.971+0800: 1640685.690: [GC (Allocation Failure) 2019-12-24T16:45:08.971+0800: 1640685.690: [ParNew: 671738K->17327K(737280K), 0.0289589 secs] 1414687K->761689K(2015232K), 0.0294014 secs] [Times: user=0.09 sys=0.00, real=0.03 secs] 
2019-12-24T17:05:01.527+0800: 1641878.246: [GC (Allocation Failure) 2019-12-24T17:05:01.528+0800: 1641878.246: [ParNew: 672687K->17827K(737280K), 0.0300128 secs] 1417049K->763620K(2015232K), 0.0305598 secs] [Times: user=0.08 sys=0.00, real=0.03 secs] 
2019-12-24T17:27:22.360+0800: 1643219.079: [GC (Allocation Failure) 2019-12-24T17:27:22.360+0800: 1643219.079: [ParNew: 673187K->18449K(737280K), 0.0249896 secs] 1418980K->765610K(2015232K), 0.0254384 secs] [Times: user=0.09 sys=0.00, real=0.03 secs] 
2019-12-24T17:53:50.773+0800: 1644807.492: [GC (Allocation Failure) 2019-12-24T17:53:50.773+0800: 1644807.492: [ParNew: 673809K->19621K(737280K), 0.0285993 secs] 1420970K->768167K(2015232K), 0.0290458 secs] [Times: user=0.08 sys=0.00, real=0.03 secs] 
2019-12-24T18:23:17.018+0800: 1646573.737: [GC (Allocation Failure) 2019-12-24T18:23:17.019+0800: 1646573.737: [ParNew: 674981K->17682K(737280K), 0.0298091 secs] 1423527K->767645K(2015232K), 0.0302545 secs] [Times: user=0.09 sys=0.00, real=0.03 secs] 
2019-12-24T18:51:57.762+0800: 1648294.481: [GC (Allocation Failure) 2019-12-24T18:51:57.762+0800: 1648294.481: [ParNew: 673042K->21124K(737280K), 0.0252844 secs] 1423005K->772512K(2015232K), 0.0257283 secs] [Times: user=0.09 sys=0.00, real=0.03 secs] 
2019-12-24T19:20:15.852+0800: 1649992.571: [GC (Allocation Failure) 2019-12-24T19:20:15.852+0800: 1649992.571: [ParNew: 676484K->13125K(737280K), 0.0239116 secs] 1427872K->765903K(2015232K), 0.0243546 secs] [Times: user=0.09 sys=0.00, real=0.03 secs] 
2019-12-24T19:46:21.870+0800: 1651558.589: [GC (Allocation Failure) 2019-12-24T19:46:21.871+0800: 1651558.590: [ParNew: 668485K->15483K(737280K), 0.0242427 secs] 1421263K->769695K(2015232K), 0.0246863 secs] [Times: user=0.09 sys=0.00, real=0.02 secs] 
2019-12-24T20:14:25.822+0800: 1653242.540: [GC (Allocation Failure) 2019-12-24T20:14:25.822+0800: 1653242.541: [ParNew: 670843K->15093K(737280K), 0.0247174 secs] 1425055K->770669K(2015232K), 0.0251608 secs] [Times: user=0.08 sys=0.00, real=0.03 secs] 
2019-12-24T20:41:12.847+0800: 1654849.565: [GC (Allocation Failure) 2019-12-24T20:41:12.847+0800: 1654849.566: [ParNew: 670453K->20036K(737280K), 0.0292820 secs] 1426029K->776976K(2015232K), 0.0297284 secs] [Times: user=0.07 sys=0.00, real=0.03 secs] 
2019-12-24T21:08:14.634+0800: 1656471.353: [GC (Allocation Failure) 2019-12-24T21:08:14.635+0800: 1656471.353: [ParNew: 675396K->16454K(737280K), 0.0247696 secs] 1432336K->774779K(2015232K), 0.0252451 secs] [Times: user=0.09 sys=0.00, real=0.03 secs] 
2019-12-24T21:33:14.854+0800: 1657971.573: [GC (Allocation Failure) 2019-12-24T21:33:14.855+0800: 1657971.573: [ParNew: 671814K->15404K(737280K), 0.0238606 secs] 1430139K->775014K(2015232K), 0.0242954 secs] [Times: user=0.08 sys=0.00, real=0.02 secs] 
2019-12-24T22:00:14.565+0800: 1659591.284: [GC (Allocation Failure) 2019-12-24T22:00:14.565+0800: 1659591.284: [ParNew: 670764K->15584K(737280K), 0.0248197 secs] 1430374K->776602K(2015232K), 0.0252820 secs] [Times: user=0.08 sys=0.00, real=0.02 secs] 
2019-12-24T22:28:37.224+0800: 1661293.943: [GC (Allocation Failure) 2019-12-24T22:28:37.224+0800: 1661293.943: [ParNew: 670944K->20363K(737280K), 0.0252902 secs] 1431962K->782800K(2015232K), 0.0257850 secs] [Times: user=0.09 sys=0.00, real=0.03 secs] 
2019-12-24T22:56:57.405+0800: 1662994.124: [GC (Allocation Failure) 2019-12-24T22:56:57.405+0800: 1662994.124: [ParNew: 675720K->15978K(737280K), 0.0248626 secs] 1438157K->779801K(2015232K), 0.0253237 secs] [Times: user=0.09 sys=0.00, real=0.03 secs] 
2019-12-24T23:26:06.376+0800: 1664743.095: [GC (Allocation Failure) 2019-12-24T23:26:06.376+0800: 1664743.095: [ParNew: 671338K->16444K(737280K), 0.0294793 secs] 1435161K->781674K(2015232K), 0.0299543 secs] [Times: user=0.08 sys=0.00, real=0.03 secs] 
2019-12-25T00:00:38.503+0800: 1666815.222: [GC (Allocation Failure) 2019-12-25T00:00:38.503+0800: 1666815.222: [ParNew: 671804K->17987K(737280K), 0.0268455 secs] 1437034K->784577K(2015232K), 0.0272995 secs] [Times: user=0.09 sys=0.00, real=0.03 secs] 
2019-12-25T00:39:16.526+0800: 1669133.244: [GC (Allocation Failure) 2019-12-25T00:39:16.526+0800: 1669133.245: [ParNew: 673347K->14054K(737280K), 0.0247855 secs] 1439937K->781974K(2015232K), 0.0252780 secs] [Times: user=0.08 sys=0.00, real=0.03 secs] 
2019-12-25T01:27:23.040+0800: 1672019.759: [GC (Allocation Failure) 2019-12-25T01:27:23.041+0800: 1672019.760: [ParNew: 669414K->18522K(737280K), 0.0295721 secs] 1437334K->787802K(2015232K), 0.0300159 secs] [Times: user=0.08 sys=0.00, real=0.03 secs] 
2019-12-25T02:19:26.552+0800: 1675143.271: [GC (Allocation Failure) 2019-12-25T02:19:26.553+0800: 1675143.271: [ParNew: 673882K->14653K(737280K), 0.0249094 secs] 1443162K->785292K(2015232K), 0.0253748 secs] [Times: user=0.08 sys=0.00, real=0.03 secs] 
2019-12-25T03:25:59.262+0800: 1679135.981: [GC (Allocation Failure) 2019-12-25T03:25:59.262+0800: 1679135.981: [ParNew: 670013K->19195K(737280K), 0.0254285 secs] 1440652K->791167K(2015232K), 0.0258881 secs] [Times: user=0.09 sys=0.00, real=0.02 secs] 
2019-12-25T04:44:10.198+0800: 1683826.917: [GC (Allocation Failure) 2019-12-25T04:44:10.199+0800: 1683826.917: [ParNew: 674555K->14850K(737280K), 0.0259547 secs] 1446527K->788120K(2015232K), 0.0263899 secs] [Times: user=0.09 sys=0.00, real=0.03 secs] 
2019-12-25T06:14:11.458+0800: 1689228.176: [GC (Allocation Failure) 2019-12-25T06:14:11.458+0800: 1689228.177: [ParNew: 670210K->16546K(737280K), 0.0248818 secs] 1443480K->791135K(2015232K), 0.0253367 secs] [Times: user=0.08 sys=0.00, real=0.02 secs] 
2019-12-25T07:29:52.920+0800: 1693769.639: [GC (Allocation Failure) 2019-12-25T07:29:52.920+0800: 1693769.639: [ParNew: 671906K->15269K(737280K), 0.0248639 secs] 1446495K->791060K(2015232K), 0.0253321 secs] [Times: user=0.08 sys=0.00, real=0.02 secs] 
2019-12-25T08:17:29.895+0800: 1696626.614: [GC (Allocation Failure) 2019-12-25T08:17:29.896+0800: 1696626.615: [ParNew: 670629K->13413K(737280K), 0.0217974 secs] 1446420K->790313K(2015232K), 0.0222126 secs] [Times: user=0.07 sys=0.00, real=0.02 secs] 
2019-12-25T08:53:35.041+0800: 1698791.760: [GC (Allocation Failure) 2019-12-25T08:53:35.041+0800: 1698791.760: [ParNew: 668773K->13777K(737280K), 0.0211550 secs] 1445673K->791677K(2015232K), 0.0216229 secs] [Times: user=0.08 sys=0.00, real=0.02 secs] 
2019-12-25T09:24:48.550+0800: 1700665.269: [GC (Allocation Failure) 2019-12-25T09:24:48.550+0800: 1700665.269: [ParNew: 669137K->15473K(737280K), 0.0209243 secs] 1447037K->794192K(2015232K), 0.0213728 secs] [Times: user=0.08 sys=0.00, real=0.02 secs] 
2019-12-25T09:55:18.165+0800: 1702494.884: [GC (Allocation Failure) 2019-12-25T09:55:18.165+0800: 1702494.884: [ParNew: 670833K->18652K(737280K), 0.0220058 secs] 1449552K->798155K(2015232K), 0.0224741 secs] [Times: user=0.07 sys=0.00, real=0.02 secs] 
2019-12-25T10:21:03.639+0800: 1704040.358: [GC (Allocation Failure) 2019-12-25T10:21:03.639+0800: 1704040.358: [ParNew: 674012K->13106K(737280K), 0.0220072 secs] 1453515K->793323K(2015232K), 0.0224729 secs] [Times: user=0.08 sys=0.00, real=0.02 secs] 
2019-12-25T10:47:10.480+0800: 1705607.198: [GC (Allocation Failure) 2019-12-25T10:47:10.480+0800: 1705607.199: [ParNew: 668466K->18013K(737280K), 0.0229534 secs] 1448683K->799035K(2015232K), 0.0233894 secs] [Times: user=0.08 sys=0.00, real=0.02 secs] 
2019-12-25T11:10:31.959+0800: 1707008.677: [GC (Allocation Failure) 2019-12-25T11:10:31.959+0800: 1707008.678: [ParNew: 673373K->18581K(737280K), 0.0238730 secs] 1454395K->800782K(2015232K), 0.0243480 secs] [Times: user=0.08 sys=0.00, real=0.02 secs] 
2019-12-25T11:37:18.576+0800: 1708615.295: [GC (Allocation Failure) 2019-12-25T11:37:18.576+0800: 1708615.295: [ParNew: 673941K->21290K(737280K), 0.0242149 secs] 1456142K->804765K(2015232K), 0.0246766 secs] [Times: user=0.09 sys=0.00, real=0.02 secs] 
2019-12-25T11:59:09.007+0800: 1709925.725: [GC (Allocation Failure) 2019-12-25T11:59:09.007+0800: 1709925.726: [ParNew: 676650K->15328K(737280K), 0.0250760 secs] 1460125K->800160K(2015232K), 0.0255225 secs] [Times: user=0.09 sys=0.00, real=0.03 secs] 
2019-12-25T12:19:19.537+0800: 1711136.256: [GC (Allocation Failure) 2019-12-25T12:19:19.537+0800: 1711136.256: [ParNew: 670688K->21829K(737280K), 0.0254128 secs] 1455520K->807910K(2015232K), 0.0258500 secs] [Times: user=0.09 sys=0.00, real=0.02 secs] 
2019-12-25T12:39:42.870+0800: 1712359.589: [GC (Allocation Failure) 2019-12-25T12:39:42.870+0800: 1712359.589: [ParNew: 677189K->16291K(737280K), 0.0249395 secs] 1463270K->803700K(2015232K), 0.0253754 secs] [Times: user=0.08 sys=0.00, real=0.03 secs] 
2019-12-25T12:58:32.121+0800: 1713488.839: [GC (Allocation Failure) 2019-12-25T12:58:32.121+0800: 1713488.840: [ParNew: 671651K->22350K(737280K), 0.0259468 secs] 1459060K->811177K(2015232K), 0.0264323 secs] [Times: user=0.09 sys=0.00, real=0.03 secs] 
2019-12-25T13:18:53.769+0800: 1714710.488: [GC (Allocation Failure) 2019-12-25T13:18:53.769+0800: 1714710.488: [ParNew: 677710K->15726K(737280K), 0.0253144 secs] 1466537K->805934K(2015232K), 0.0257486 secs] [Times: user=0.09 sys=0.00, real=0.03 secs] 
2019-12-25T13:38:20.500+0800: 1715877.218: [GC (Allocation Failure) 2019-12-25T13:38:20.500+0800: 1715877.219: [ParNew: 671086K->21711K(737280K), 0.0252981 secs] 1461294K->813338K(2015232K), 0.0257253 secs] [Times: user=0.09 sys=0.00, real=0.02 secs] 
2019-12-25T13:57:23.519+0800: 1717020.238: [GC (Allocation Failure) 2019-12-25T13:57:23.519+0800: 1717020.238: [ParNew: 677071K->17260K(737280K), 0.0265169 secs] 1468698K->810606K(2015232K), 0.0269626 secs] [Times: user=0.10 sys=0.00, real=0.03 secs] 
2019-12-25T14:16:53.520+0800: 1718190.239: [GC (Allocation Failure) 2019-12-25T14:16:53.520+0800: 1718190.239: [ParNew: 672620K->17262K(737280K), 0.0259174 secs] 1465966K->812096K(2015232K), 0.0263559 secs] [Times: user=0.09 sys=0.00, real=0.02 secs] 
2019-12-25T14:35:04.252+0800: 1719280.971: [GC (Allocation Failure) 2019-12-25T14:35:04.252+0800: 1719280.971: [ParNew: 672621K->18358K(737280K), 0.0260321 secs] 1467455K->814659K(2015232K), 0.0264862 secs] [Times: user=0.09 sys=0.00, real=0.03 secs] 
2019-12-25T14:51:07.799+0800: 1720244.517: [GC (Allocation Failure) 2019-12-25T14:51:07.799+0800: 1720244.518: [ParNew: 673718K->19207K(737280K), 0.0251016 secs] 1470019K->817014K(2015232K), 0.0255257 secs] [Times: user=0.09 sys=0.00, real=0.03 secs] 
2019-12-25T15:07:42.318+0800: 1721239.037: [GC (Allocation Failure) 2019-12-25T15:07:42.318+0800: 1721239.037: [ParNew: 674567K->25300K(737280K), 0.0266034 secs] 1472374K->824595K(2015232K), 0.0270417 secs] [Times: user=0.10 sys=0.00, real=0.03 secs] 
2019-12-25T15:25:33.890+0800: 1722310.609: [GC (Allocation Failure) 2019-12-25T15:25:33.890+0800: 1722310.609: [ParNew: 680660K->18280K(737280K), 0.0275541 secs] 1479955K->819096K(2015232K), 0.0280276 secs] [Times: user=0.10 sys=0.00, real=0.03 secs] 
2019-12-25T15:46:23.731+0800: 1723560.450: [GC (Allocation Failure) 2019-12-25T15:46:23.731+0800: 1723560.450: [ParNew: 673640K->19203K(737280K), 0.0281422 secs] 1474456K->821556K(2015232K), 0.0285774 secs] [Times: user=0.09 sys=0.00, real=0.03 secs] 
2019-12-25T16:02:37.756+0800: 1724534.475: [GC (Allocation Failure) 2019-12-25T16:02:37.756+0800: 1724534.475: [ParNew: 674563K->20068K(737280K), 0.0256408 secs] 1476916K->823933K(2015232K), 0.0260717 secs] [Times: user=0.09 sys=0.00, real=0.02 secs] 
2019-12-25T16:19:35.738+0800: 1725552.457: [GC (Allocation Failure) 2019-12-25T16:19:35.739+0800: 1725552.457: [ParNew: 675428K->20588K(737280K), 0.0261257 secs] 1479293K->825980K(2015232K), 0.0265727 secs] [Times: user=0.10 sys=0.00, real=0.02 secs] 
2019-12-25T16:35:29.794+0800: 1726506.513: [GC (Allocation Failure) 2019-12-25T16:35:29.795+0800: 1726506.513: [ParNew: 675948K->19981K(737280K), 0.0254856 secs] 1481340K->826901K(2015232K), 0.0259422 secs] [Times: user=0.09 sys=0.00, real=0.02 secs] 
2019-12-25T16:53:55.629+0800: 1727612.348: [GC (Allocation Failure) 2019-12-25T16:53:55.630+0800: 1727612.349: [ParNew: 675335K->18731K(737280K), 0.0289727 secs] 1482256K->827248K(2015232K), 0.0293964 secs] [Times: user=0.09 sys=0.00, real=0.03 secs] 
2019-12-25T17:11:48.186+0800: 1728684.905: [GC (Allocation Failure) 2019-12-25T17:11:48.187+0800: 1728684.905: [ParNew: 674091K->16668K(737280K), 0.0251772 secs] 1482608K->826674K(2015232K), 0.0256241 secs] [Times: user=0.09 sys=0.00, real=0.02 secs] 
2019-12-25T17:28:36.291+0800: 1729693.010: [GC (Allocation Failure) 2019-12-25T17:28:36.291+0800: 1729693.010: [ParNew: 672022K->18869K(737280K), 0.0244911 secs] 1482028K->830315K(2015232K), 0.0249336 secs] [Times: user=0.09 sys=0.00, real=0.02 secs] 
2019-12-25T17:51:31.435+0800: 1731068.154: [GC (Allocation Failure) 2019-12-25T17:51:31.435+0800: 1731068.154: [ParNew: 674226K->18828K(737280K), 0.0250398 secs] 1485672K->831765K(2015232K), 0.0255012 secs] [Times: user=0.09 sys=0.00, real=0.03 secs] 
2019-12-25T18:14:39.220+0800: 1732455.939: [GC (Allocation Failure) 2019-12-25T18:14:39.221+0800: 1732455.939: [ParNew: 674188K->16400K(737280K), 0.0249949 secs] 1487125K->830805K(2015232K), 0.0254505 secs] [Times: user=0.09 sys=0.00, real=0.02 secs] 
2019-12-25T18:36:37.489+0800: 1733774.208: [GC (Allocation Failure) 2019-12-25T18:36:37.490+0800: 1733774.209: [ParNew: 671757K->20052K(737280K), 0.0323169 secs] 1486161K->835933K(2015232K), 0.0327595 secs] [Times: user=0.09 sys=0.00, real=0.03 secs] 
2019-12-25T18:55:47.743+0800: 1734924.462: [GC (Allocation Failure) 2019-12-25T18:55:47.743+0800: 1734924.462: [ParNew: 675412K->16534K(737280K), 0.0264338 secs] 1491293K->833906K(2015232K), 0.0268815 secs] [Times: user=0.08 sys=0.00, real=0.02 secs] 
2019-12-25T19:15:30.540+0800: 1736107.258: [GC (Allocation Failure) 2019-12-25T19:15:30.540+0800: 1736107.259: [ParNew: 671894K->21776K(737280K), 0.0256130 secs] 1489266K->840637K(2015232K), 0.0260560 secs] [Times: user=0.09 sys=0.00, real=0.03 secs] 
2019-12-25T19:36:32.236+0800: 1737368.955: [GC (Allocation Failure) 2019-12-25T19:36:32.236+0800: 1737368.955: [ParNew: 677136K->16255K(737280K), 0.0262369 secs] 1495997K->836608K(2015232K), 0.0266954 secs] [Times: user=0.09 sys=0.00, real=0.02 secs] 
2019-12-25T19:59:05.690+0800: 1738722.409: [GC (Allocation Failure) 2019-12-25T19:59:05.690+0800: 1738722.409: [ParNew: 671615K->22045K(737280K), 0.0256053 secs] 1491968K->843796K(2015232K), 0.0260484 secs] [Times: user=0.09 sys=0.00, real=0.02 secs] 
2019-12-25T20:21:08.600+0800: 1740045.319: [GC (Allocation Failure) 2019-12-25T20:21:08.600+0800: 1740045.319: [ParNew: 677405K->16164K(737280K), 0.0262311 secs] 1499156K->839367K(2015232K), 0.0267139 secs] [Times: user=0.10 sys=0.00, real=0.03 secs] 
2019-12-25T20:43:21.737+0800: 1741378.456: [GC (Allocation Failure) 2019-12-25T20:43:21.738+0800: 1741378.457: [ParNew: 671524K->20156K(737280K), 0.0248564 secs] 1494727K->844742K(2015232K), 0.0253161 secs] [Times: user=0.08 sys=0.00, real=0.03 secs] 
2019-12-25T21:04:20.908+0800: 1742637.627: [GC (Allocation Failure) 2019-12-25T21:04:20.908+0800: 1742637.627: [ParNew: 675516K->18612K(737280K), 0.0247318 secs] 1500102K->844678K(2015232K), 0.0251656 secs] [Times: user=0.09 sys=0.00, real=0.02 secs] 
2019-12-25T21:25:25.687+0800: 1743902.405: [GC (Allocation Failure) 2019-12-25T21:25:25.687+0800: 1743902.406: [ParNew: 673972K->19452K(737280K), 0.0299928 secs] 1500038K->846993K(2015232K), 0.0304688 secs] [Times: user=0.08 sys=0.00, real=0.03 secs] 
2019-12-25T21:46:50.921+0800: 1745187.640: [GC (Allocation Failure) 2019-12-25T21:46:50.922+0800: 1745187.640: [ParNew: 674812K->19020K(737280K), 0.0254329 secs] 1502353K->847994K(2015232K), 0.0258735 secs] [Times: user=0.09 sys=0.00, real=0.02 secs] 
2019-12-25T22:08:42.287+0800: 1746499.006: [GC (Allocation Failure) 2019-12-25T22:08:42.287+0800: 1746499.006: [ParNew: 674374K->19366K(737280K), 0.0257054 secs] 1503349K->849817K(2015232K), 0.0261725 secs] [Times: user=0.09 sys=0.00, real=0.03 secs] 
2019-12-25T22:32:02.465+0800: 1747899.184: [GC (Allocation Failure) 2019-12-25T22:32:02.465+0800: 1747899.184: [ParNew: 674726K->16107K(737280K), 0.0257095 secs] 1505177K->847975K(2015232K), 0.0262085 secs] [Times: user=0.09 sys=0.00, real=0.02 secs] 
2019-12-25T22:32:02.493+0800: 1747899.212: [GC (CMS Initial Mark) [1 CMS-initial-mark: 831867K(1277952K)] 848000K(2015232K), 0.0058168 secs] [Times: user=0.02 sys=0.00, real=0.01 secs] 
2019-12-25T22:32:02.499+0800: 1747899.218: [CMS-concurrent-mark-start]
2019-12-25T22:32:03.888+0800: 1747900.607: [CMS-concurrent-mark: 1.389/1.389 secs] [Times: user=1.41 sys=0.00, real=1.39 secs] 
2019-12-25T22:32:03.888+0800: 1747900.607: [CMS-concurrent-preclean-start]
2019-12-25T22:32:03.892+0800: 1747900.611: [CMS-concurrent-preclean: 0.004/0.004 secs] [Times: user=0.01 sys=0.00, real=0.00 secs] 
2019-12-25T22:32:03.894+0800: 1747900.612: [GC (CMS Final Remark) [YG occupancy: 17944 K (737280 K)]2019-12-25T22:32:03.894+0800: 1747900.613: [Rescan (parallel) , 0.0056894 secs]2019-12-25T22:32:03.899+0800: 1747900.618: [weak refs processing, 0.0004606 secs]2019-12-25T22:32:03.900+0800: 1747900.619: [class unloading, 0.0397626 secs]2019-12-25T22:32:03.940+0800: 1747900.659: [scrub symbol table, 0.0098686 secs]2019-12-25T22:32:03.950+0800: 1747900.668: [scrub string table, 0.0017175 secs][1 CMS-remark: 831867K(1277952K)] 849811K(2015232K), 0.0754755 secs] [Times: user=0.09 sys=0.00, real=0.08 secs] 
2019-12-25T22:32:03.970+0800: 1747900.688: [CMS-concurrent-sweep-start]
2019-12-25T22:32:04.257+0800: 1747900.976: [CMS-concurrent-sweep: 0.288/0.288 secs] [Times: user=0.29 sys=0.00, real=0.29 secs] 
2019-12-25T22:32:04.257+0800: 1747900.976: [CMS-concurrent-reset-start]
2019-12-25T22:32:04.260+0800: 1747900.979: [CMS-concurrent-reset: 0.003/0.003 secs] [Times: user=0.00 sys=0.00, real=0.00 secs] 
2019-12-25T22:55:50.599+0800: 1749327.318: [GC (Allocation Failure) 2019-12-25T22:55:50.599+0800: 1749327.318: [ParNew: 671467K->20717K(737280K), 0.0246258 secs] 1496991K->847686K(2015232K), 0.0250909 secs] [Times: user=0.08 sys=0.00, real=0.03 secs] 
2019-12-25T23:17:48.870+0800: 1750645.589: [GC (Allocation Failure) 2019-12-25T23:17:48.871+0800: 1750645.589: [ParNew: 676075K->18924K(737280K), 0.0253588 secs] 1503044K->847353K(2015232K), 0.0258103 secs] [Times: user=0.09 sys=0.00, real=0.03 secs] 
2019-12-25T23:46:04.770+0800: 1752341.489: [GC (Allocation Failure) 2019-12-25T23:46:04.770+0800: 1752341.489: [ParNew: 674284K->22297K(737280K), 0.0246872 secs] 1502713K->852170K(2015232K), 0.0251334 secs] [Times: user=0.09 sys=0.00, real=0.02 secs] 
2019-12-26T00:15:34.114+0800: 1754110.833: [GC (Allocation Failure) 2019-12-26T00:15:34.115+0800: 1754110.834: [ParNew: 677657K->16427K(737280K), 0.0248370 secs] 1507530K->847733K(2015232K), 0.0252855 secs] [Times: user=0.09 sys=0.00, real=0.03 secs] 
2019-12-26T00:15:34.142+0800: 1754110.861: [GC (CMS Initial Mark) [1 CMS-initial-mark: 831306K(1277952K)] 847864K(2015232K), 0.0057756 secs] [Times: user=0.02 sys=0.00, real=0.00 secs] 
2019-12-26T00:15:34.148+0800: 1754110.867: [CMS-concurrent-mark-start]
2019-12-26T00:15:35.544+0800: 1754112.263: [CMS-concurrent-mark: 1.393/1.396 secs] [Times: user=1.43 sys=0.00, real=1.40 secs] 
2019-12-26T00:15:35.544+0800: 1754112.263: [CMS-concurrent-preclean-start]
2019-12-26T00:15:35.549+0800: 1754112.268: [CMS-concurrent-preclean: 0.005/0.005 secs] [Times: user=0.01 sys=0.00, real=0.01 secs] 
2019-12-26T00:15:35.549+0800: 1754112.268: [CMS-concurrent-abortable-preclean-start]
 CMS: abort preclean due to time 2019-12-26T00:15:40.688+0800: 1754117.407: [CMS-concurrent-abortable-preclean: 2.750/5.140 secs] [Times: user=2.85 sys=0.00, real=5.13 secs] 
2019-12-26T00:15:40.690+0800: 1754117.409: [GC (CMS Final Remark) [YG occupancy: 26272 K (737280 K)]2019-12-26T00:15:40.690+0800: 1754117.409: [Rescan (parallel) , 0.0081179 secs]2019-12-26T00:15:40.698+0800: 1754117.417: [weak refs processing, 0.0002603 secs]2019-12-26T00:15:40.699+0800: 1754117.418: [class unloading, 0.0395109 secs]2019-12-26T00:15:40.738+0800: 1754117.457: [scrub symbol table, 0.0089820 secs]2019-12-26T00:15:40.747+0800: 1754117.466: [scrub string table, 0.0016677 secs][1 CMS-remark: 831306K(1277952K)] 857578K(2015232K), 0.0760776 secs] [Times: user=0.10 sys=0.00, real=0.07 secs] 
2019-12-26T00:15:40.767+0800: 1754117.486: [CMS-concurrent-sweep-start]
2019-12-26T00:15:41.058+0800: 1754117.777: [CMS-concurrent-sweep: 0.291/0.291 secs] [Times: user=0.30 sys=0.00, real=0.29 secs] 
2019-12-26T00:15:41.058+0800: 1754117.777: [CMS-concurrent-reset-start]
2019-12-26T00:15:41.061+0800: 1754117.780: [CMS-concurrent-reset: 0.003/0.003 secs] [Times: user=0.00 sys=0.00, real=0.01 secs] 
2019-12-26T00:48:31.383+0800: 1756088.102: [GC (Allocation Failure) 2019-12-26T00:48:31.384+0800: 1756088.102: [ParNew: 671787K->26696K(737280K), 0.0267510 secs] 1489830K->846153K(2015232K), 0.0272010 secs] [Times: user=0.09 sys=0.00, real=0.03 secs] 
2019-12-26T01:30:09.094+0800: 1758585.812: [GC (Allocation Failure) 2019-12-26T01:30:09.094+0800: 1758585.813: [ParNew: 682053K->28386K(737280K), 0.0262220 secs] 1501509K->849236K(2015232K), 0.0266556 secs] [Times: user=0.09 sys=0.00, real=0.03 secs] 
2019-12-26T02:18:39.878+0800: 1761496.596: [GC (Allocation Failure) 2019-12-26T02:18:39.878+0800: 1761496.597: [ParNew: 683744K->31544K(737280K), 0.0273370 secs] 1504594K->854062K(2015232K), 0.0278005 secs] [Times: user=0.09 sys=0.00, real=0.03 secs] 
2019-12-26T03:16:32.963+0800: 1764969.681: [GC (Allocation Failure) 2019-12-26T03:16:32.963+0800: 1764969.682: [ParNew: 686904K->28468K(737280K), 0.0264266 secs] 1509422K->852389K(2015232K), 0.0268932 secs] [Times: user=0.09 sys=0.00, real=0.03 secs] 
2019-12-26T04:29:42.178+0800: 1769358.897: [GC (Allocation Failure) 2019-12-26T04:29:42.179+0800: 1769358.897: [ParNew: 683828K->34068K(737280K), 0.0271593 secs] 1507749K->859408K(2015232K), 0.0276272 secs] [Times: user=0.09 sys=0.00, real=0.03 secs] 
2019-12-26T05:50:28.712+0800: 1774205.431: [GC (Allocation Failure) 2019-12-26T05:50:28.712+0800: 1774205.431: [ParNew: 689428K->28918K(737280K), 0.0279918 secs] 1514768K->855665K(2015232K), 0.0284325 secs] [Times: user=0.09 sys=0.00, real=0.03 secs] 
2019-12-26T07:06:54.344+0800: 1778791.063: [GC (Allocation Failure) 2019-12-26T07:06:54.345+0800: 1778791.063: [ParNew: 684278K->23375K(737280K), 0.0266057 secs] 1511025K->856578K(2015232K), 0.0270620 secs] [Times: user=0.08 sys=0.00, real=0.03 secs] 
2019-12-26T07:06:54.373+0800: 1778791.092: [GC (CMS Initial Mark) [1 CMS-initial-mark: 833203K(1277952K)] 856604K(2015232K), 0.0050602 secs] [Times: user=0.02 sys=0.00, real=0.00 secs] 
2019-12-26T07:06:54.378+0800: 1778791.097: [CMS-concurrent-mark-start]
2019-12-26T07:06:55.834+0800: 1778792.553: [CMS-concurrent-mark: 1.456/1.456 secs] [Times: user=1.48 sys=0.00, real=1.46 secs] 
2019-12-26T07:06:55.834+0800: 1778792.553: [CMS-concurrent-preclean-start]
2019-12-26T07:06:55.838+0800: 1778792.557: [CMS-concurrent-preclean: 0.004/0.004 secs] [Times: user=0.01 sys=0.00, real=0.00 secs] 
2019-12-26T07:06:55.838+0800: 1778792.557: [CMS-concurrent-abortable-preclean-start]
 CMS: abort preclean due to time 2019-12-26T07:07:00.882+0800: 1778797.601: [CMS-concurrent-abortable-preclean: 2.141/5.043 secs] [Times: user=2.19 sys=0.00, real=5.05 secs] 
2019-12-26T07:07:00.883+0800: 1778797.602: [GC (CMS Final Remark) [YG occupancy: 26507 K (737280 K)]2019-12-26T07:07:00.884+0800: 1778797.602: [Rescan (parallel) , 0.0060273 secs]2019-12-26T07:07:00.890+0800: 1778797.608: [weak refs processing, 0.0002831 secs]2019-12-26T07:07:00.890+0800: 1778797.609: [class unloading, 0.0394483 secs]2019-12-26T07:07:00.929+0800: 1778797.648: [scrub symbol table, 0.0090899 secs]2019-12-26T07:07:00.938+0800: 1778797.657: [scrub string table, 0.0016951 secs][1 CMS-remark: 833203K(1277952K)] 859711K(2015232K), 0.0740613 secs] [Times: user=0.09 sys=0.00, real=0.07 secs] 
2019-12-26T07:07:00.958+0800: 1778797.677: [CMS-concurrent-sweep-start]
2019-12-26T07:07:01.257+0800: 1778797.975: [CMS-concurrent-sweep: 0.299/0.299 secs] [Times: user=0.30 sys=0.00, real=0.30 secs] 
2019-12-26T07:07:01.257+0800: 1778797.976: [CMS-concurrent-reset-start]
2019-12-26T07:07:01.260+0800: 1778797.979: [CMS-concurrent-reset: 0.003/0.003 secs] [Times: user=0.00 sys=0.00, real=0.00 secs] 
2019-12-26T07:58:07.539+0800: 1781864.258: [GC (Allocation Failure) 2019-12-26T07:58:07.539+0800: 1781864.258: [ParNew: 678735K->31100K(737280K), 0.0251870 secs] 1505880K->859735K(2015232K), 0.0256749 secs] [Times: user=0.09 sys=0.00, real=0.02 secs] 
2019-12-26T08:30:15.019+0800: 1783791.738: [GC (Allocation Failure) 2019-12-26T08:30:15.019+0800: 1783791.738: [ParNew: 686460K->24626K(737280K), 0.0233366 secs] 1515095K->854522K(2015232K), 0.0238119 secs] [Times: user=0.08 sys=0.00, real=0.03 secs] 
2019-12-26T08:56:50.146+0800: 1785386.865: [GC (Allocation Failure) 2019-12-26T08:56:50.146+0800: 1785386.865: [ParNew: 679978K->29232K(737280K), 0.0230877 secs] 1509874K->860308K(2015232K), 0.0235377 secs] [Times: user=0.08 sys=0.00, real=0.02 secs] 
2019-12-26T08:56:50.171+0800: 1785386.890: [GC (CMS Initial Mark) [1 CMS-initial-mark: 831075K(1277952K)] 860343K(2015232K), 0.0052487 secs] [Times: user=0.02 sys=0.00, real=0.01 secs] 
2019-12-26T08:56:50.177+0800: 1785386.895: [CMS-concurrent-mark-start]
2019-12-26T08:56:51.608+0800: 1785388.327: [CMS-concurrent-mark: 1.431/1.431 secs] [Times: user=1.46 sys=0.00, real=1.43 secs] 
2019-12-26T08:56:51.608+0800: 1785388.327: [CMS-concurrent-preclean-start]
2019-12-26T08:56:51.612+0800: 1785388.331: [CMS-concurrent-preclean: 0.004/0.004 secs] [Times: user=0.00 sys=0.00, real=0.00 secs] 
2019-12-26T08:56:51.614+0800: 1785388.333: [GC (CMS Final Remark) [YG occupancy: 31074 K (737280 K)]2019-12-26T08:56:51.614+0800: 1785388.333: [Rescan (parallel) , 0.0050561 secs]2019-12-26T08:56:51.619+0800: 1785388.338: [weak refs processing, 0.0000678 secs]2019-12-26T08:56:51.619+0800: 1785388.338: [class unloading, 0.0394416 secs]2019-12-26T08:56:51.658+0800: 1785388.377: [scrub symbol table, 0.0092110 secs]2019-12-26T08:56:51.668+0800: 1785388.386: [scrub string table, 0.0016700 secs][1 CMS-remark: 831075K(1277952K)] 862150K(2015232K), 0.0727613 secs] [Times: user=0.09 sys=0.00, real=0.07 secs] 
2019-12-26T08:56:51.687+0800: 1785388.406: [CMS-concurrent-sweep-start]
2019-12-26T08:56:51.984+0800: 1785388.703: [CMS-concurrent-sweep: 0.297/0.297 secs] [Times: user=0.30 sys=0.00, real=0.30 secs] 
2019-12-26T08:56:51.984+0800: 1785388.703: [CMS-concurrent-reset-start]
2019-12-26T08:56:51.988+0800: 1785388.707: [CMS-concurrent-reset: 0.003/0.003 secs] [Times: user=0.00 sys=0.00, real=0.00 secs] 
2019-12-26T09:19:09.639+0800: 1786726.357: [GC (Allocation Failure) 2019-12-26T09:19:09.639+0800: 1786726.358: [ParNew: 684591K->28736K(737280K), 0.0278742 secs] 1514747K->860011K(2015232K), 0.0283008 secs] [Times: user=0.08 sys=0.00, real=0.03 secs] 
2019-12-26T09:19:09.669+0800: 1786726.387: [GC (CMS Initial Mark) [1 CMS-initial-mark: 831274K(1277952K)] 860051K(2015232K), 0.0054646 secs] [Times: user=0.02 sys=0.00, real=0.00 secs] 
2019-12-26T09:19:09.674+0800: 1786726.393: [CMS-concurrent-mark-start]
2019-12-26T09:19:11.104+0800: 1786727.823: [CMS-concurrent-mark: 1.429/1.430 secs] [Times: user=1.47 sys=0.00, real=1.43 secs] 
2019-12-26T09:19:11.105+0800: 1786727.823: [CMS-concurrent-preclean-start]
2019-12-26T09:19:11.108+0800: 1786727.827: [CMS-concurrent-preclean: 0.004/0.004 secs] [Times: user=0.01 sys=0.00, real=0.01 secs] 
2019-12-26T09:19:11.108+0800: 1786727.827: [CMS-concurrent-abortable-preclean-start]
 CMS: abort preclean due to time 2019-12-26T09:19:16.118+0800: 1786732.837: [CMS-concurrent-abortable-preclean: 2.304/5.009 secs] [Times: user=2.36 sys=0.00, real=5.01 secs] 
2019-12-26T09:19:16.120+0800: 1786732.839: [GC (CMS Final Remark) [YG occupancy: 33102 K (737280 K)]2019-12-26T09:19:16.120+0800: 1786732.839: [Rescan (parallel) , 0.0059668 secs]2019-12-26T09:19:16.126+0800: 1786732.845: [weak refs processing, 0.0000616 secs]2019-12-26T09:19:16.126+0800: 1786732.845: [class unloading, 0.0289658 secs]2019-12-26T09:19:16.155+0800: 1786732.874: [scrub symbol table, 0.0090967 secs]2019-12-26T09:19:16.164+0800: 1786732.883: [scrub string table, 0.0016911 secs][1 CMS-remark: 831274K(1277952K)] 864377K(2015232K), 0.0483126 secs] [Times: user=0.06 sys=0.00, real=0.05 secs] 
2019-12-26T09:19:16.168+0800: 1786732.887: [CMS-concurrent-sweep-start]
2019-12-26T09:19:16.460+0800: 1786733.179: [CMS-concurrent-sweep: 0.291/0.291 secs] [Times: user=0.30 sys=0.00, real=0.29 secs] 
2019-12-26T09:19:16.460+0800: 1786733.179: [CMS-concurrent-reset-start]
2019-12-26T09:19:16.463+0800: 1786733.182: [CMS-concurrent-reset: 0.003/0.003 secs] [Times: user=0.00 sys=0.00, real=0.00 secs] 
2019-12-26T09:19:18.464+0800: 1786735.183: [GC (CMS Initial Mark) [1 CMS-initial-mark: 830868K(1277952K)] 864315K(2015232K), 0.0074703 secs] [Times: user=0.02 sys=0.00, real=0.01 secs] 
2019-12-26T09:19:18.472+0800: 1786735.191: [CMS-concurrent-mark-start]
2019-12-26T09:19:19.893+0800: 1786736.611: [CMS-concurrent-mark: 1.421/1.421 secs] [Times: user=1.45 sys=0.00, real=1.42 secs] 
2019-12-26T09:19:19.893+0800: 1786736.611: [CMS-concurrent-preclean-start]
2019-12-26T09:19:19.897+0800: 1786736.616: [CMS-concurrent-preclean: 0.004/0.004 secs] [Times: user=0.00 sys=0.00, real=0.00 secs] 
2019-12-26T09:19:19.897+0800: 1786736.616: [CMS-concurrent-abortable-preclean-start]
 CMS: abort preclean due to time 2019-12-26T09:19:24.999+0800: 1786741.718: [CMS-concurrent-abortable-preclean: 2.391/5.102 secs] [Times: user=2.49 sys=0.00, real=5.11 secs] 
2019-12-26T09:19:25.001+0800: 1786741.720: [GC (CMS Final Remark) [YG occupancy: 39435 K (737280 K)]2019-12-26T09:19:25.001+0800: 1786741.720: [Rescan (parallel) , 0.0096053 secs]2019-12-26T09:19:25.011+0800: 1786741.729: [weak refs processing, 0.0000557 secs]2019-12-26T09:19:25.011+0800: 1786741.729: [class unloading, 0.0287938 secs]2019-12-26T09:19:25.039+0800: 1786741.758: [scrub symbol table, 0.0096044 secs]2019-12-26T09:19:25.049+0800: 1786741.768: [scrub string table, 0.0017026 secs][1 CMS-remark: 830868K(1277952K)] 870303K(2015232K), 0.0523063 secs] [Times: user=0.08 sys=0.00, real=0.05 secs] 
2019-12-26T09:19:25.054+0800: 1786741.772: [CMS-concurrent-sweep-start]
2019-12-26T09:19:25.344+0800: 1786742.063: [CMS-concurrent-sweep: 0.290/0.290 secs] [Times: user=0.29 sys=0.00, real=0.29 secs] 
2019-12-26T09:19:25.344+0800: 1786742.063: [CMS-concurrent-reset-start]
2019-12-26T09:19:25.347+0800: 1786742.066: [CMS-concurrent-reset: 0.003/0.003 secs] [Times: user=0.00 sys=0.00, real=0.01 secs] 
2019-12-26T09:19:27.349+0800: 1786744.068: [GC (CMS Initial Mark) [1 CMS-initial-mark: 830867K(1277952K)] 872502K(2015232K), 0.0095618 secs] [Times: user=0.04 sys=0.00, real=0.01 secs] 
2019-12-26T09:19:27.359+0800: 1786744.078: [CMS-concurrent-mark-start]
2019-12-26T09:19:28.775+0800: 1786745.494: [CMS-concurrent-mark: 1.417/1.417 secs] [Times: user=1.43 sys=0.00, real=1.41 secs] 
2019-12-26T09:19:28.776+0800: 1786745.494: [CMS-concurrent-preclean-start]
2019-12-26T09:19:28.780+0800: 1786745.499: [CMS-concurrent-preclean: 0.004/0.005 secs] [Times: user=0.01 sys=0.00, real=0.01 secs] 
2019-12-26T09:19:28.780+0800: 1786745.499: [CMS-concurrent-abortable-preclean-start]
 CMS: abort preclean due to time 2019-12-26T09:19:33.792+0800: 1786750.511: [CMS-concurrent-abortable-preclean: 2.209/5.011 secs] [Times: user=2.26 sys=0.00, real=5.01 secs] 
2019-12-26T09:19:33.793+0800: 1786750.512: [GC (CMS Final Remark) [YG occupancy: 41985 K (737280 K)]2019-12-26T09:19:33.793+0800: 1786750.512: [Rescan (parallel) , 0.0092123 secs]2019-12-26T09:19:33.803+0800: 1786750.522: [weak refs processing, 0.0000555 secs]2019-12-26T09:19:33.803+0800: 1786750.522: [class unloading, 0.0286508 secs]2019-12-26T09:19:33.831+0800: 1786750.550: [scrub symbol table, 0.0091946 secs]2019-12-26T09:19:33.841+0800: 1786750.560: [scrub string table, 0.0016969 secs][1 CMS-remark: 830867K(1277952K)] 872853K(2015232K), 0.0513532 secs] [Times: user=0.08 sys=0.00, real=0.05 secs] 
2019-12-26T09:19:33.845+0800: 1786750.564: [CMS-concurrent-sweep-start]
2019-12-26T09:19:34.142+0800: 1786750.860: [CMS-concurrent-sweep: 0.296/0.296 secs] [Times: user=0.30 sys=0.00, real=0.30 secs] 
2019-12-26T09:19:34.142+0800: 1786750.861: [CMS-concurrent-reset-start]
2019-12-26T09:19:34.145+0800: 1786750.864: [CMS-concurrent-reset: 0.003/0.003 secs] [Times: user=0.01 sys=0.00, real=0.00 secs] 
2019-12-26T09:19:36.146+0800: 1786752.865: [GC (CMS Initial Mark) [1 CMS-initial-mark: 830867K(1277952K)] 872861K(2015232K), 0.0091541 secs] [Times: user=0.03 sys=0.00, real=0.01 secs] 
2019-12-26T09:19:36.155+0800: 1786752.874: [CMS-concurrent-mark-start]
2019-12-26T09:19:37.574+0800: 1786754.293: [CMS-concurrent-mark: 1.419/1.419 secs] [Times: user=1.44 sys=0.00, real=1.42 secs] 
2019-12-26T09:19:37.574+0800: 1786754.293: [CMS-concurrent-preclean-start]
2019-12-26T09:19:37.578+0800: 1786754.297: [CMS-concurrent-preclean: 0.004/0.004 secs] [Times: user=0.00 sys=0.00, real=0.00 secs] 
2019-12-26T09:19:37.578+0800: 1786754.297: [CMS-concurrent-abortable-preclean-start]
 CMS: abort preclean due to time 2019-12-26T09:19:42.671+0800: 1786759.390: [CMS-concurrent-abortable-preclean: 2.287/5.093 secs] [Times: user=2.36 sys=0.00, real=5.10 secs] 
2019-12-26T09:19:42.673+0800: 1786759.391: [GC (CMS Final Remark) [YG occupancy: 44055 K (737280 K)]2019-12-26T09:19:42.673+0800: 1786759.392: [Rescan (parallel) , 0.0100430 secs]2019-12-26T09:19:42.683+0800: 1786759.402: [weak refs processing, 0.0000565 secs]2019-12-26T09:19:42.683+0800: 1786759.402: [class unloading, 0.0292366 secs]2019-12-26T09:19:42.712+0800: 1786759.431: [scrub symbol table, 0.0096299 secs]2019-12-26T09:19:42.722+0800: 1786759.441: [scrub string table, 0.0016794 secs][1 CMS-remark: 830867K(1277952K)] 874923K(2015232K), 0.0531900 secs] [Times: user=0.08 sys=0.00, real=0.05 secs] 
2019-12-26T09:19:42.726+0800: 1786759.445: [CMS-concurrent-sweep-start]
2019-12-26T09:19:43.023+0800: 1786759.742: [CMS-concurrent-sweep: 0.292/0.297 secs] [Times: user=0.30 sys=0.00, real=0.30 secs] 
2019-12-26T09:19:43.023+0800: 1786759.742: [CMS-concurrent-reset-start]
2019-12-26T09:19:43.026+0800: 1786759.745: [CMS-concurrent-reset: 0.003/0.003 secs] [Times: user=0.00 sys=0.00, real=0.00 secs] 
2019-12-26T09:19:45.027+0800: 1786761.746: [GC (CMS Initial Mark) [1 CMS-initial-mark: 830867K(1277952K)] 874923K(2015232K), 0.0097769 secs] [Times: user=0.03 sys=0.00, real=0.01 secs] 
2019-12-26T09:19:45.037+0800: 1786761.756: [CMS-concurrent-mark-start]
2019-12-26T09:19:46.441+0800: 1786763.160: [CMS-concurrent-mark: 1.404/1.404 secs] [Times: user=1.44 sys=0.00, real=1.40 secs] 
2019-12-26T09:19:46.441+0800: 1786763.160: [CMS-concurrent-preclean-start]
2019-12-26T09:19:46.446+0800: 1786763.165: [CMS-concurrent-preclean: 0.004/0.005 secs] [Times: user=0.00 sys=0.00, real=0.01 secs] 
2019-12-26T09:19:46.446+0800: 1786763.165: [CMS-concurrent-abortable-preclean-start]
 CMS: abort preclean due to time 2019-12-26T09:19:51.614+0800: 1786768.333: [CMS-concurrent-abortable-preclean: 2.362/5.168 secs] [Times: user=2.44 sys=0.00, real=5.17 secs] 
2019-12-26T09:19:51.616+0800: 1786768.335: [GC (CMS Final Remark) [YG occupancy: 49784 K (737280 K)]2019-12-26T09:19:51.616+0800: 1786768.335: [Rescan (parallel) , 0.0111414 secs]2019-12-26T09:19:51.627+0800: 1786768.346: [weak refs processing, 0.0000592 secs]2019-12-26T09:19:51.627+0800: 1786768.346: [class unloading, 0.0289066 secs]2019-12-26T09:19:51.656+0800: 1786768.375: [scrub symbol table, 0.0092148 secs]2019-12-26T09:19:51.665+0800: 1786768.384: [scrub string table, 0.0016660 secs][1 CMS-remark: 830867K(1277952K)] 880651K(2015232K), 0.0535400 secs] [Times: user=0.09 sys=0.00, real=0.05 secs] 
2019-12-26T09:19:51.670+0800: 1786768.389: [CMS-concurrent-sweep-start]
2019-12-26T09:19:51.963+0800: 1786768.682: [CMS-concurrent-sweep: 0.294/0.294 secs] [Times: user=0.29 sys=0.00, real=0.30 secs] 
2019-12-26T09:19:51.964+0800: 1786768.682: [CMS-concurrent-reset-start]
2019-12-26T09:19:51.967+0800: 1786768.686: [CMS-concurrent-reset: 0.003/0.003 secs] [Times: user=0.01 sys=0.00, real=0.00 secs] 
2019-12-26T09:19:53.968+0800: 1786770.686: [GC (CMS Initial Mark) [1 CMS-initial-mark: 830867K(1277952K)] 880655K(2015232K), 0.0107695 secs] [Times: user=0.04 sys=0.00, real=0.01 secs] 
2019-12-26T09:19:53.979+0800: 1786770.697: [CMS-concurrent-mark-start]
2019-12-26T09:19:55.380+0800: 1786772.099: [CMS-concurrent-mark: 1.402/1.402 secs] [Times: user=1.41 sys=0.00, real=1.40 secs] 
2019-12-26T09:19:55.380+0800: 1786772.099: [CMS-concurrent-preclean-start]
2019-12-26T09:19:55.384+0800: 1786772.103: [CMS-concurrent-preclean: 0.004/0.004 secs] [Times: user=0.01 sys=0.00, real=0.01 secs] 
2019-12-26T09:19:55.384+0800: 1786772.103: [CMS-concurrent-abortable-preclean-start]
 CMS: abort preclean due to time 2019-12-26T09:20:00.509+0800: 1786777.228: [CMS-concurrent-abortable-preclean: 2.317/5.125 secs] [Times: user=2.38 sys=0.00, real=5.12 secs] 
2019-12-26T09:20:00.511+0800: 1786777.230: [GC (CMS Final Remark) [YG occupancy: 51489 K (737280 K)]2019-12-26T09:20:00.511+0800: 1786777.230: [Rescan (parallel) , 0.0141341 secs]2019-12-26T09:20:00.525+0800: 1786777.244: [weak refs processing, 0.0000652 secs]2019-12-26T09:20:00.525+0800: 1786777.244: [class unloading, 0.0292910 secs]2019-12-26T09:20:00.555+0800: 1786777.273: [scrub symbol table, 0.0090916 secs]2019-12-26T09:20:00.564+0800: 1786777.283: [scrub string table, 0.0017018 secs][1 CMS-remark: 830867K(1277952K)] 882356K(2015232K), 0.0569015 secs] [Times: user=0.09 sys=0.00, real=0.06 secs] 
2019-12-26T09:20:00.568+0800: 1786777.287: [CMS-concurrent-sweep-start]
2019-12-26T09:20:00.863+0800: 1786777.582: [CMS-concurrent-sweep: 0.295/0.295 secs] [Times: user=0.30 sys=0.00, real=0.29 secs] 
2019-12-26T09:20:00.863+0800: 1786777.582: [CMS-concurrent-reset-start]
2019-12-26T09:20:00.866+0800: 1786777.585: [CMS-concurrent-reset: 0.003/0.003 secs] [Times: user=0.01 sys=0.00, real=0.01 secs] 
2019-12-26T09:20:02.867+0800: 1786779.586: [GC (CMS Initial Mark) [1 CMS-initial-mark: 830867K(1277952K)] 883648K(2015232K), 0.0119119 secs] [Times: user=0.04 sys=0.00, real=0.01 secs] 
2019-12-26T09:20:02.879+0800: 1786779.598: [CMS-concurrent-mark-start]
2019-12-26T09:20:04.289+0800: 1786781.008: [CMS-concurrent-mark: 1.410/1.410 secs] [Times: user=1.42 sys=0.00, real=1.41 secs] 
2019-12-26T09:20:04.289+0800: 1786781.008: [CMS-concurrent-preclean-start]
2019-12-26T09:20:04.294+0800: 1786781.013: [CMS-concurrent-preclean: 0.004/0.004 secs] [Times: user=0.01 sys=0.00, real=0.01 secs] 
2019-12-26T09:20:04.294+0800: 1786781.013: [CMS-concurrent-abortable-preclean-start]
 CMS: abort preclean due to time 2019-12-26T09:20:09.462+0800: 1786786.180: [CMS-concurrent-abortable-preclean: 2.458/5.168 secs] [Times: user=2.56 sys=0.00, real=5.16 secs] 
2019-12-26T09:20:09.464+0800: 1786786.182: [GC (CMS Final Remark) [YG occupancy: 57947 K (737280 K)]2019-12-26T09:20:09.464+0800: 1786786.182: [Rescan (parallel) , 0.0171110 secs]2019-12-26T09:20:09.481+0800: 1786786.200: [weak refs processing, 0.0000600 secs]2019-12-26T09:20:09.481+0800: 1786786.200: [class unloading, 0.0306324 secs]2019-12-26T09:20:09.512+0800: 1786786.230: [scrub symbol table, 0.0100990 secs]2019-12-26T09:20:09.522+0800: 1786786.240: [scrub string table, 0.0017005 secs][1 CMS-remark: 830867K(1277952K)] 888815K(2015232K), 0.0622453 secs] [Times: user=0.09 sys=0.00, real=0.07 secs] 
2019-12-26T09:20:09.526+0800: 1786786.245: [CMS-concurrent-sweep-start]
2019-12-26T09:20:09.855+0800: 1786786.574: [CMS-concurrent-sweep: 0.329/0.329 secs] [Times: user=0.35 sys=0.00, real=0.33 secs] 
2019-12-26T09:20:09.856+0800: 1786786.574: [CMS-concurrent-reset-start]
2019-12-26T09:20:09.859+0800: 1786786.578: [CMS-concurrent-reset: 0.003/0.003 secs] [Times: user=0.00 sys=0.00, real=0.00 secs] 
2019-12-26T09:20:11.861+0800: 1786788.579: [GC (CMS Initial Mark) [1 CMS-initial-mark: 830867K(1277952K)] 894579K(2015232K), 0.0137542 secs] [Times: user=0.06 sys=0.00, real=0.01 secs] 
2019-12-26T09:20:11.875+0800: 1786788.593: [CMS-concurrent-mark-start]
2019-12-26T09:20:13.284+0800: 1786790.002: [CMS-concurrent-mark: 1.409/1.409 secs] [Times: user=1.42 sys=0.00, real=1.41 secs] 
2019-12-26T09:20:13.284+0800: 1786790.003: [CMS-concurrent-preclean-start]
2019-12-26T09:20:13.289+0800: 1786790.008: [CMS-concurrent-preclean: 0.005/0.005 secs] [Times: user=0.01 sys=0.00, real=0.01 secs] 
2019-12-26T09:20:13.289+0800: 1786790.008: [CMS-concurrent-abortable-preclean-start]
 CMS: abort preclean due to time 2019-12-26T09:20:18.405+0800: 1786795.123: [CMS-concurrent-abortable-preclean: 2.313/5.116 secs] [Times: user=2.37 sys=0.00, real=5.11 secs] 
2019-12-26T09:20:18.406+0800: 1786795.125: [GC (CMS Final Remark) [YG occupancy: 65895 K (737280 K)]2019-12-26T09:20:18.407+0800: 1786795.125: [Rescan (parallel) , 0.0170973 secs]2019-12-26T09:20:18.424+0800: 1786795.142: [weak refs processing, 0.0000677 secs]2019-12-26T09:20:18.424+0800: 1786795.143: [class unloading, 0.0292997 secs]2019-12-26T09:20:18.453+0800: 1786795.172: [scrub symbol table, 0.0091098 secs]2019-12-26T09:20:18.462+0800: 1786795.181: [scrub string table, 0.0017488 secs][1 CMS-remark: 830867K(1277952K)] 896762K(2015232K), 0.0600279 secs] [Times: user=0.09 sys=0.00, real=0.06 secs] 
2019-12-26T09:20:18.467+0800: 1786795.186: [CMS-concurrent-sweep-start]
2019-12-26T09:20:18.763+0800: 1786795.482: [CMS-concurrent-sweep: 0.296/0.296 secs] [Times: user=0.30 sys=0.00, real=0.29 secs] 
2019-12-26T09:20:18.763+0800: 1786795.482: [CMS-concurrent-reset-start]
2019-12-26T09:20:18.767+0800: 1786795.486: [CMS-concurrent-reset: 0.003/0.003 secs] [Times: user=0.00 sys=0.00, real=0.01 secs] 
2019-12-26T09:20:20.768+0800: 1786797.486: [GC (CMS Initial Mark) [1 CMS-initial-mark: 830867K(1277952K)] 899079K(2015232K), 0.0148647 secs] [Times: user=0.05 sys=0.00, real=0.01 secs] 
2019-12-26T09:20:20.783+0800: 1786797.502: [CMS-concurrent-mark-start]
2019-12-26T09:20:22.187+0800: 1786798.906: [CMS-concurrent-mark: 1.405/1.405 secs] [Times: user=1.43 sys=0.00, real=1.41 secs] 
2019-12-26T09:20:22.188+0800: 1786798.906: [CMS-concurrent-preclean-start]
2019-12-26T09:20:22.192+0800: 1786798.911: [CMS-concurrent-preclean: 0.004/0.005 secs] [Times: user=0.01 sys=0.00, real=0.00 secs] 
2019-12-26T09:20:22.192+0800: 1786798.911: [CMS-concurrent-abortable-preclean-start]
 CMS: abort preclean due to time 2019-12-26T09:20:27.216+0800: 1786803.935: [CMS-concurrent-abortable-preclean: 2.221/5.023 secs] [Times: user=2.26 sys=0.00, real=5.02 secs] 
2019-12-26T09:20:27.218+0800: 1786803.936: [GC (CMS Final Remark) [YG occupancy: 69332 K (737280 K)]2019-12-26T09:20:27.218+0800: 1786803.936: [Rescan (parallel) , 0.0149973 secs]2019-12-26T09:20:27.233+0800: 1786803.952: [weak refs processing, 0.0000592 secs]2019-12-26T09:20:27.233+0800: 1786803.952: [class unloading, 0.0292836 secs]2019-12-26T09:20:27.262+0800: 1786803.981: [scrub symbol table, 0.0094889 secs]2019-12-26T09:20:27.272+0800: 1786803.990: [scrub string table, 0.0017326 secs][1 CMS-remark: 830867K(1277952K)] 900200K(2015232K), 0.0581418 secs] [Times: user=0.10 sys=0.00, real=0.06 secs] 
2019-12-26T09:20:27.276+0800: 1786803.995: [CMS-concurrent-sweep-start]
2019-12-26T09:20:27.568+0800: 1786804.287: [CMS-concurrent-sweep: 0.292/0.292 secs] [Times: user=0.30 sys=0.00, real=0.30 secs] 
2019-12-26T09:20:27.568+0800: 1786804.287: [CMS-concurrent-reset-start]
2019-12-26T09:20:27.571+0800: 1786804.290: [CMS-concurrent-reset: 0.003/0.003 secs] [Times: user=0.00 sys=0.00, real=0.00 secs] 
2019-12-26T09:20:29.572+0800: 1786806.291: [GC (CMS Initial Mark) [1 CMS-initial-mark: 830867K(1277952K)] 901433K(2015232K), 0.0152447 secs] [Times: user=0.05 sys=0.00, real=0.02 secs] 
2019-12-26T09:20:29.588+0800: 1786806.307: [CMS-concurrent-mark-start]
2019-12-26T09:20:31.010+0800: 1786807.729: [CMS-concurrent-mark: 1.420/1.422 secs] [Times: user=1.48 sys=0.00, real=1.42 secs] 
2019-12-26T09:20:31.010+0800: 1786807.729: [CMS-concurrent-preclean-start]
2019-12-26T09:20:31.015+0800: 1786807.734: [CMS-concurrent-preclean: 0.005/0.005 secs] [Times: user=0.00 sys=0.00, real=0.00 secs] 
2019-12-26T09:20:31.015+0800: 1786807.734: [CMS-concurrent-abortable-preclean-start]
 CMS: abort preclean due to time 2019-12-26T09:20:36.176+0800: 1786812.895: [CMS-concurrent-abortable-preclean: 2.364/5.161 secs] [Times: user=2.44 sys=0.00, real=5.16 secs] 
2019-12-26T09:20:36.178+0800: 1786812.897: [GC (CMS Final Remark) [YG occupancy: 77056 K (737280 K)]2019-12-26T09:20:36.178+0800: 1786812.897: [Rescan (parallel) , 0.0186189 secs]2019-12-26T09:20:36.197+0800: 1786812.916: [weak refs processing, 0.0000646 secs]2019-12-26T09:20:36.197+0800: 1786812.916: [class unloading, 0.0291466 secs]2019-12-26T09:20:36.226+0800: 1786812.945: [scrub symbol table, 0.0091705 secs]2019-12-26T09:20:36.235+0800: 1786812.954: [scrub string table, 0.0017243 secs][1 CMS-remark: 830867K(1277952K)] 907923K(2015232K), 0.0613561 secs] [Times: user=0.12 sys=0.00, real=0.07 secs] 
2019-12-26T09:20:36.240+0800: 1786812.959: [CMS-concurrent-sweep-start]
2019-12-26T09:20:36.534+0800: 1786813.253: [CMS-concurrent-sweep: 0.294/0.294 secs] [Times: user=0.30 sys=0.00, real=0.29 secs] 
2019-12-26T09:20:36.534+0800: 1786813.253: [CMS-concurrent-reset-start]
2019-12-26T09:20:36.537+0800: 1786813.256: [CMS-concurrent-reset: 0.003/0.003 secs] [Times: user=0.00 sys=0.00, real=0.00 secs] 
2019-12-26T09:20:38.538+0800: 1786815.257: [GC (CMS Initial Mark) [1 CMS-initial-mark: 830867K(1277952K)] 908138K(2015232K), 0.0164544 secs] [Times: user=0.06 sys=0.00, real=0.02 secs] 
2019-12-26T09:20:38.555+0800: 1786815.274: [CMS-concurrent-mark-start]
2019-12-26T09:20:39.953+0800: 1786816.672: [CMS-concurrent-mark: 1.398/1.398 secs] [Times: user=1.41 sys=0.00, real=1.40 secs] 
2019-12-26T09:20:39.953+0800: 1786816.672: [CMS-concurrent-preclean-start]
2019-12-26T09:20:39.957+0800: 1786816.676: [CMS-concurrent-preclean: 0.004/0.004 secs] [Times: user=0.00 sys=0.00, real=0.00 secs] 
2019-12-26T09:20:39.957+0800: 1786816.676: [CMS-concurrent-abortable-preclean-start]
 CMS: abort preclean due to time 2019-12-26T09:20:45.082+0800: 1786821.801: [CMS-concurrent-abortable-preclean: 2.314/5.125 secs] [Times: user=2.36 sys=0.00, real=5.13 secs] 
2019-12-26T09:20:45.084+0800: 1786821.803: [GC (CMS Final Remark) [YG occupancy: 77291 K (737280 K)]2019-12-26T09:20:45.084+0800: 1786821.803: [Rescan (parallel) , 0.0170422 secs]2019-12-26T09:20:45.101+0800: 1786821.820: [weak refs processing, 0.0000708 secs]2019-12-26T09:20:45.101+0800: 1786821.820: [class unloading, 0.0292260 secs]2019-12-26T09:20:45.131+0800: 1786821.849: [scrub symbol table, 0.0102048 secs]2019-12-26T09:20:45.141+0800: 1786821.860: [scrub string table, 0.0017310 secs][1 CMS-remark: 830867K(1277952K)] 908158K(2015232K), 0.0609393 secs] [Times: user=0.11 sys=0.00, real=0.06 secs] 
2019-12-26T09:20:45.145+0800: 1786821.864: [CMS-concurrent-sweep-start]
2019-12-26T09:20:45.441+0800: 1786822.160: [CMS-concurrent-sweep: 0.296/0.296 secs] [Times: user=0.31 sys=0.00, real=0.30 secs] 
2019-12-26T09:20:45.441+0800: 1786822.160: [CMS-concurrent-reset-start]
2019-12-26T09:20:45.444+0800: 1786822.163: [CMS-concurrent-reset: 0.003/0.003 secs] [Times: user=0.00 sys=0.00, real=0.00 secs] 
2019-12-26T09:20:47.446+0800: 1786824.165: [GC (CMS Initial Mark) [1 CMS-initial-mark: 830867K(1277952K)] 911584K(2015232K), 0.0179311 secs] [Times: user=0.06 sys=0.00, real=0.02 secs] 
2019-12-26T09:20:47.464+0800: 1786824.183: [CMS-concurrent-mark-start]
2019-12-26T09:20:48.891+0800: 1786825.610: [CMS-concurrent-mark: 1.427/1.427 secs] [Times: user=1.46 sys=0.00, real=1.43 secs] 
2019-12-26T09:20:48.891+0800: 1786825.610: [CMS-concurrent-preclean-start]
2019-12-26T09:20:48.896+0800: 1786825.614: [CMS-concurrent-preclean: 0.004/0.005 secs] [Times: user=0.00 sys=0.00, real=0.00 secs] 
2019-12-26T09:20:48.896+0800: 1786825.615: [CMS-concurrent-abortable-preclean-start]
 CMS: abort preclean due to time 2019-12-26T09:20:53.960+0800: 1786830.679: [CMS-concurrent-abortable-preclean: 2.309/5.064 secs] [Times: user=2.38 sys=0.00, real=5.06 secs] 
2019-12-26T09:20:53.962+0800: 1786830.681: [GC (CMS Final Remark) [YG occupancy: 83804 K (737280 K)]2019-12-26T09:20:53.962+0800: 1786830.681: [Rescan (parallel) , 0.0188912 secs]2019-12-26T09:20:53.981+0800: 1786830.700: [weak refs processing, 0.0000649 secs]2019-12-26T09:20:53.981+0800: 1786830.700: [class unloading, 0.0294639 secs]2019-12-26T09:20:54.011+0800: 1786830.729: [scrub symbol table, 0.0092444 secs]2019-12-26T09:20:54.020+0800: 1786830.739: [scrub string table, 0.0016871 secs][1 CMS-remark: 830867K(1277952K)] 914671K(2015232K), 0.0620002 secs] [Times: user=0.11 sys=0.00, real=0.06 secs] 
2019-12-26T09:20:54.024+0800: 1786830.743: [CMS-concurrent-sweep-start]
2019-12-26T09:20:54.323+0800: 1786831.042: [CMS-concurrent-sweep: 0.299/0.299 secs] [Times: user=0.30 sys=0.00, real=0.30 secs] 
2019-12-26T09:20:54.323+0800: 1786831.042: [CMS-concurrent-reset-start]
2019-12-26T09:20:54.326+0800: 1786831.045: [CMS-concurrent-reset: 0.003/0.003 secs] [Times: user=0.00 sys=0.00, real=0.00 secs] 
2019-12-26T09:20:56.327+0800: 1786833.046: [GC (CMS Initial Mark) [1 CMS-initial-mark: 830867K(1277952K)] 915660K(2015232K), 0.0192116 secs] [Times: user=0.07 sys=0.00, real=0.02 secs] 
2019-12-26T09:20:56.347+0800: 1786833.066: [CMS-concurrent-mark-start]
2019-12-26T09:20:57.767+0800: 1786834.486: [CMS-concurrent-mark: 1.420/1.420 secs] [Times: user=1.46 sys=0.00, real=1.42 secs] 
2019-12-26T09:20:57.767+0800: 1786834.486: [CMS-concurrent-preclean-start]
2019-12-26T09:20:57.772+0800: 1786834.491: [CMS-concurrent-preclean: 0.005/0.005 secs] [Times: user=0.00 sys=0.00, real=0.00 secs] 
2019-12-26T09:20:57.772+0800: 1786834.491: [CMS-concurrent-abortable-preclean-start]
 CMS: abort preclean due to time 2019-12-26T09:21:02.813+0800: 1786839.532: [CMS-concurrent-abortable-preclean: 2.239/5.041 secs] [Times: user=2.30 sys=0.00, real=5.05 secs] 
2019-12-26T09:21:02.815+0800: 1786839.534: [GC (CMS Final Remark) [YG occupancy: 87576 K (737280 K)]2019-12-26T09:21:02.815+0800: 1786839.534: [Rescan (parallel) , 0.0210776 secs]2019-12-26T09:21:02.837+0800: 1786839.555: [weak refs processing, 0.0000626 secs]2019-12-26T09:21:02.837+0800: 1786839.555: [class unloading, 0.0290253 secs]2019-12-26T09:21:02.866+0800: 1786839.584: [scrub symbol table, 0.0094381 secs]2019-12-26T09:21:02.875+0800: 1786839.594: [scrub string table, 0.0017073 secs][1 CMS-remark: 830867K(1277952K)] 918443K(2015232K), 0.0639254 secs] [Times: user=0.12 sys=0.00, real=0.06 secs] 
2019-12-26T09:21:02.880+0800: 1786839.598: [CMS-concurrent-sweep-start]
2019-12-26T09:21:03.179+0800: 1786839.897: [CMS-concurrent-sweep: 0.299/0.299 secs] [Times: user=0.30 sys=0.00, real=0.30 secs] 
2019-12-26T09:21:03.179+0800: 1786839.897: [CMS-concurrent-reset-start]
2019-12-26T09:21:03.182+0800: 1786839.901: [CMS-concurrent-reset: 0.003/0.003 secs] [Times: user=0.00 sys=0.00, real=0.00 secs] 
2019-12-26T09:21:05.183+0800: 1786841.902: [GC (CMS Initial Mark) [1 CMS-initial-mark: 830867K(1277952K)] 918838K(2015232K), 0.0229707 secs] [Times: user=0.07 sys=0.00, real=0.03 secs] 
2019-12-26T09:21:05.206+0800: 1786841.925: [CMS-concurrent-mark-start]
2019-12-26T09:21:06.626+0800: 1786843.345: [CMS-concurrent-mark: 1.418/1.420 secs] [Times: user=1.43 sys=0.00, real=1.42 secs] 
2019-12-26T09:21:06.626+0800: 1786843.345: [CMS-concurrent-preclean-start]
2019-12-26T09:21:06.630+0800: 1786843.349: [CMS-concurrent-preclean: 0.004/0.004 secs] [Times: user=0.01 sys=0.00, real=0.00 secs] 
2019-12-26T09:21:06.630+0800: 1786843.349: [CMS-concurrent-abortable-preclean-start]
 CMS: abort preclean due to time 2019-12-26T09:21:11.642+0800: 1786848.361: [CMS-concurrent-abortable-preclean: 2.409/5.012 secs] [Times: user=2.50 sys=0.00, real=5.01 secs] 
2019-12-26T09:21:11.644+0800: 1786848.362: [GC (CMS Final Remark) [YG occupancy: 94133 K (737280 K)]2019-12-26T09:21:11.644+0800: 1786848.362: [Rescan (parallel) , 0.0251332 secs]2019-12-26T09:21:11.669+0800: 1786848.388: [weak refs processing, 0.0000591 secs]2019-12-26T09:21:11.669+0800: 1786848.388: [class unloading, 0.0288600 secs]2019-12-26T09:21:11.698+0800: 1786848.417: [scrub symbol table, 0.0094395 secs]2019-12-26T09:21:11.707+0800: 1786848.426: [scrub string table, 0.0016934 secs][1 CMS-remark: 830867K(1277952K)] 925000K(2015232K), 0.0677837 secs] [Times: user=0.12 sys=0.00, real=0.07 secs] 
2019-12-26T09:21:11.712+0800: 1786848.430: [CMS-concurrent-sweep-start]
2019-12-26T09:21:12.004+0800: 1786848.723: [CMS-concurrent-sweep: 0.292/0.292 secs] [Times: user=0.30 sys=0.00, real=0.29 secs] 
2019-12-26T09:21:12.004+0800: 1786848.723: [CMS-concurrent-reset-start]
2019-12-26T09:21:12.007+0800: 1786848.726: [CMS-concurrent-reset: 0.003/0.003 secs] [Times: user=0.01 sys=0.00, real=0.01 secs] 
2019-12-26T09:21:14.008+0800: 1786850.727: [GC (CMS Initial Mark) [1 CMS-initial-mark: 830867K(1277952K)] 926456K(2015232K), 0.0210338 secs] [Times: user=0.09 sys=0.00, real=0.02 secs] 
2019-12-26T09:21:14.030+0800: 1786850.748: [CMS-concurrent-mark-start]
2019-12-26T09:21:15.443+0800: 1786852.162: [CMS-concurrent-mark: 1.413/1.413 secs] [Times: user=1.43 sys=0.00, real=1.41 secs] 
2019-12-26T09:21:15.443+0800: 1786852.162: [CMS-concurrent-preclean-start]
2019-12-26T09:21:15.448+0800: 1786852.167: [CMS-concurrent-preclean: 0.004/0.005 secs] [Times: user=0.01 sys=0.00, real=0.01 secs] 
2019-12-26T09:21:15.448+0800: 1786852.167: [CMS-concurrent-abortable-preclean-start]
 CMS: abort preclean due to time 2019-12-26T09:21:20.545+0800: 1786857.264: [CMS-concurrent-abortable-preclean: 2.394/5.097 secs] [Times: user=2.47 sys=0.00, real=5.09 secs] 
2019-12-26T09:21:20.547+0800: 1786857.266: [GC (CMS Final Remark) [YG occupancy: 99779 K (737280 K)]2019-12-26T09:21:20.547+0800: 1786857.266: [Rescan (parallel) , 0.0229994 secs]2019-12-26T09:21:20.570+0800: 1786857.289: [weak refs processing, 0.0000683 secs]2019-12-26T09:21:20.570+0800: 1786857.289: [class unloading, 0.0291392 secs]2019-12-26T09:21:20.599+0800: 1786857.318: [scrub symbol table, 0.0097319 secs]2019-12-26T09:21:20.609+0800: 1786857.328: [scrub string table, 0.0017220 secs][1 CMS-remark: 830867K(1277952K)] 930646K(2015232K), 0.0662603 secs] [Times: user=0.13 sys=0.00, real=0.06 secs] 
2019-12-26T09:21:20.614+0800: 1786857.332: [CMS-concurrent-sweep-start]
2019-12-26T09:21:20.906+0800: 1786857.625: [CMS-concurrent-sweep: 0.292/0.292 secs] [Times: user=0.29 sys=0.00, real=0.30 secs] 
2019-12-26T09:21:20.906+0800: 1786857.625: [CMS-concurrent-reset-start]
2019-12-26T09:21:20.909+0800: 1786857.628: [CMS-concurrent-reset: 0.003/0.003 secs] [Times: user=0.00 sys=0.00, real=0.00 secs] 
2019-12-26T09:21:22.910+0800: 1786859.629: [GC (CMS Initial Mark) [1 CMS-initial-mark: 830867K(1277952K)] 930646K(2015232K), 0.0254027 secs] [Times: user=0.07 sys=0.00, real=0.02 secs] 
2019-12-26T09:21:22.935+0800: 1786859.654: [CMS-concurrent-mark-start]
2019-12-26T09:21:24.367+0800: 1786861.086: [CMS-concurrent-mark: 1.422/1.431 secs] [Times: user=1.46 sys=0.00, real=1.44 secs] 
2019-12-26T09:21:24.367+0800: 1786861.086: [CMS-concurrent-preclean-start]
2019-12-26T09:21:24.372+0800: 1786861.090: [CMS-concurrent-preclean: 0.004/0.005 secs] [Times: user=0.01 sys=0.00, real=0.00 secs] 
2019-12-26T09:21:24.372+0800: 1786861.090: [CMS-concurrent-abortable-preclean-start]
 CMS: abort preclean due to time 2019-12-26T09:21:29.414+0800: 1786866.133: [CMS-concurrent-abortable-preclean: 2.439/5.042 secs] [Times: user=2.51 sys=0.00, real=5.04 secs] 
2019-12-26T09:21:29.416+0800: 1786866.135: [GC (CMS Final Remark) [YG occupancy: 105180 K (737280 K)]2019-12-26T09:21:29.416+0800: 1786866.135: [Rescan (parallel) , 0.0279914 secs]2019-12-26T09:21:29.444+0800: 1786866.163: [weak refs processing, 0.0000630 secs]2019-12-26T09:21:29.444+0800: 1786866.163: [class unloading, 0.0288038 secs]2019-12-26T09:21:29.473+0800: 1786866.192: [scrub symbol table, 0.0090768 secs]2019-12-26T09:21:29.482+0800: 1786866.201: [scrub string table, 0.0017002 secs][1 CMS-remark: 830867K(1277952K)] 936048K(2015232K), 0.0702307 secs] [Times: user=0.12 sys=0.00, real=0.07 secs] 
2019-12-26T09:21:29.486+0800: 1786866.205: [CMS-concurrent-sweep-start]
2019-12-26T09:21:29.780+0800: 1786866.499: [CMS-concurrent-sweep: 0.293/0.293 secs] [Times: user=0.30 sys=0.00, real=0.30 secs] 
2019-12-26T09:21:29.780+0800: 1786866.499: [CMS-concurrent-reset-start]
2019-12-26T09:21:29.783+0800: 1786866.502: [CMS-concurrent-reset: 0.003/0.003 secs] [Times: user=0.00 sys=0.00, real=0.00 secs] 
2019-12-26T09:21:31.784+0800: 1786868.503: [GC (CMS Initial Mark) [1 CMS-initial-mark: 830867K(1277952K)] 936260K(2015232K), 0.0231008 secs] [Times: user=0.09 sys=0.00, real=0.02 secs] 
2019-12-26T09:21:31.807+0800: 1786868.526: [CMS-concurrent-mark-start]
2019-12-26T09:21:33.218+0800: 1786869.937: [CMS-concurrent-mark: 1.411/1.411 secs] [Times: user=1.43 sys=0.00, real=1.42 secs] 
2019-12-26T09:21:33.218+0800: 1786869.937: [CMS-concurrent-preclean-start]
2019-12-26T09:21:33.222+0800: 1786869.941: [CMS-concurrent-preclean: 0.004/0.004 secs] [Times: user=0.01 sys=0.00, real=0.00 secs] 
2019-12-26T09:21:33.223+0800: 1786869.941: [CMS-concurrent-abortable-preclean-start]
 CMS: abort preclean due to time 2019-12-26T09:21:38.241+0800: 1786874.960: [CMS-concurrent-abortable-preclean: 2.386/5.019 secs] [Times: user=2.47 sys=0.00, real=5.02 secs] 
2019-12-26T09:21:38.243+0800: 1786874.962: [GC (CMS Final Remark) [YG occupancy: 111594 K (737280 K)]2019-12-26T09:21:38.243+0800: 1786874.962: [Rescan (parallel) , 0.0264181 secs]2019-12-26T09:21:38.270+0800: 1786874.988: [weak refs processing, 0.0000619 secs]2019-12-26T09:21:38.270+0800: 1786874.989: [class unloading, 0.0289144 secs]2019-12-26T09:21:38.299+0800: 1786875.017: [scrub symbol table, 0.0093051 secs]2019-12-26T09:21:38.308+0800: 1786875.027: [scrub string table, 0.0017771 secs][1 CMS-remark: 830867K(1277952K)] 942461K(2015232K), 0.0691332 secs] [Times: user=0.15 sys=0.00, real=0.07 secs] 
2019-12-26T09:21:38.313+0800: 1786875.031: [CMS-concurrent-sweep-start]
2019-12-26T09:21:38.616+0800: 1786875.335: [CMS-concurrent-sweep: 0.303/0.303 secs] [Times: user=0.31 sys=0.00, real=0.30 secs] 
2019-12-26T09:21:38.616+0800: 1786875.335: [CMS-concurrent-reset-start]
2019-12-26T09:21:38.619+0800: 1786875.338: [CMS-concurrent-reset: 0.003/0.003 secs] [Times: user=0.00 sys=0.00, real=0.01 secs] 
2019-12-26T09:21:40.620+0800: 1786877.339: [GC (CMS Initial Mark) [1 CMS-initial-mark: 830867K(1277952K)] 946752K(2015232K), 0.0247628 secs] [Times: user=0.10 sys=0.00, real=0.02 secs] 
2019-12-26T09:21:40.645+0800: 1786877.364: [CMS-concurrent-mark-start]
2019-12-26T09:21:42.064+0800: 1786878.782: [CMS-concurrent-mark: 1.419/1.419 secs] [Times: user=1.44 sys=0.00, real=1.42 secs] 
2019-12-26T09:21:42.064+0800: 1786878.783: [CMS-concurrent-preclean-start]
2019-12-26T09:21:42.069+0800: 1786878.788: [CMS-concurrent-preclean: 0.005/0.005 secs] [Times: user=0.01 sys=0.00, real=0.01 secs] 
2019-12-26T09:21:42.069+0800: 1786878.788: [CMS-concurrent-abortable-preclean-start]
 CMS: abort preclean due to time 2019-12-26T09:21:47.184+0800: 1786883.903: [CMS-concurrent-abortable-preclean: 2.445/5.115 secs] [Times: user=2.54 sys=0.00, real=5.11 secs] 
2019-12-26T09:21:47.186+0800: 1786883.904: [GC (CMS Final Remark) [YG occupancy: 122602 K (737280 K)]2019-12-26T09:21:47.186+0800: 1786883.905: [Rescan (parallel) , 0.0271882 secs]2019-12-26T09:21:47.213+0800: 1786883.932: [weak refs processing, 0.0000641 secs]2019-12-26T09:21:47.213+0800: 1786883.932: [class unloading, 0.0288145 secs]2019-12-26T09:21:47.242+0800: 1786883.961: [scrub symbol table, 0.0093451 secs]2019-12-26T09:21:47.251+0800: 1786883.970: [scrub string table, 0.0016997 secs][1 CMS-remark: 830867K(1277952K)] 953469K(2015232K), 0.0697972 secs] [Times: user=0.15 sys=0.00, real=0.07 secs] 
2019-12-26T09:21:47.256+0800: 1786883.975: [CMS-concurrent-sweep-start]
2019-12-26T09:21:47.557+0800: 1786884.276: [CMS-concurrent-sweep: 0.301/0.301 secs] [Times: user=0.30 sys=0.00, real=0.30 secs] 
2019-12-26T09:21:47.557+0800: 1786884.276: [CMS-concurrent-reset-start]
2019-12-26T09:21:47.560+0800: 1786884.279: [CMS-concurrent-reset: 0.003/0.003 secs] [Times: user=0.00 sys=0.00, real=0.01 secs] 
2019-12-26T09:21:49.561+0800: 1786886.280: [GC (CMS Initial Mark) [1 CMS-initial-mark: 830867K(1277952K)] 956052K(2015232K), 0.0265756 secs] [Times: user=0.10 sys=0.00, real=0.02 secs] 
2019-12-26T09:21:49.588+0800: 1786886.307: [CMS-concurrent-mark-start]
2019-12-26T09:21:50.989+0800: 1786887.708: [CMS-concurrent-mark: 1.402/1.402 secs] [Times: user=1.43 sys=0.00, real=1.40 secs] 
2019-12-26T09:21:50.989+0800: 1786887.708: [CMS-concurrent-preclean-start]
2019-12-26T09:21:50.994+0800: 1786887.713: [CMS-concurrent-preclean: 0.004/0.005 secs] [Times: user=0.00 sys=0.00, real=0.01 secs] 
2019-12-26T09:21:50.994+0800: 1786887.713: [CMS-concurrent-abortable-preclean-start]
 CMS: abort preclean due to time 2019-12-26T09:21:56.058+0800: 1786892.777: [CMS-concurrent-abortable-preclean: 2.361/5.064 secs] [Times: user=2.44 sys=0.00, real=5.06 secs] 
2019-12-26T09:21:56.060+0800: 1786892.779: [GC (CMS Final Remark) [YG occupancy: 129445 K (737280 K)]2019-12-26T09:21:56.060+0800: 1786892.779: [Rescan (parallel) , 0.0298027 secs]2019-12-26T09:21:56.090+0800: 1786892.809: [weak refs processing, 0.0000649 secs]2019-12-26T09:21:56.090+0800: 1786892.809: [class unloading, 0.0292749 secs]2019-12-26T09:21:56.119+0800: 1786892.838: [scrub symbol table, 0.0094832 secs]2019-12-26T09:21:56.129+0800: 1786892.848: [scrub string table, 0.0017051 secs][1 CMS-remark: 830867K(1277952K)] 960312K(2015232K), 0.0729613 secs] [Times: user=0.16 sys=0.00, real=0.08 secs] 
2019-12-26T09:21:56.133+0800: 1786892.852: [CMS-concurrent-sweep-start]
2019-12-26T09:21:56.434+0800: 1786893.153: [CMS-concurrent-sweep: 0.301/0.301 secs] [Times: user=0.30 sys=0.00, real=0.30 secs] 
2019-12-26T09:21:56.434+0800: 1786893.153: [CMS-concurrent-reset-start]
2019-12-26T09:21:56.438+0800: 1786893.156: [CMS-concurrent-reset: 0.003/0.003 secs] [Times: user=0.00 sys=0.00, real=0.00 secs] 
2019-12-26T09:21:58.438+0800: 1786895.157: [GC (CMS Initial Mark) [1 CMS-initial-mark: 830867K(1277952K)] 961023K(2015232K), 0.0279401 secs] [Times: user=0.11 sys=0.00, real=0.03 secs] 
2019-12-26T09:21:58.467+0800: 1786895.185: [CMS-concurrent-mark-start]
2019-12-26T09:21:59.889+0800: 1786896.608: [CMS-concurrent-mark: 1.422/1.422 secs] [Times: user=1.44 sys=0.00, real=1.42 secs] 
2019-12-26T09:21:59.889+0800: 1786896.608: [CMS-concurrent-preclean-start]
2019-12-26T09:21:59.893+0800: 1786896.612: [CMS-concurrent-preclean: 0.004/0.004 secs] [Times: user=0.00 sys=0.00, real=0.01 secs] 
2019-12-26T09:21:59.893+0800: 1786896.612: [CMS-concurrent-abortable-preclean-start]
 CMS: abort preclean due to time 2019-12-26T09:22:05.010+0800: 1786901.729: [CMS-concurrent-abortable-preclean: 2.314/5.117 secs] [Times: user=2.38 sys=0.00, real=5.11 secs] 
2019-12-26T09:22:05.012+0800: 1786901.731: [GC (CMS Final Remark) [YG occupancy: 132074 K (737280 K)]2019-12-26T09:22:05.012+0800: 1786901.731: [Rescan (parallel) , 0.0297135 secs]2019-12-26T09:22:05.042+0800: 1786901.761: [weak refs processing, 0.0000664 secs]2019-12-26T09:22:05.042+0800: 1786901.761: [class unloading, 0.0293779 secs]2019-12-26T09:22:05.071+0800: 1786901.790: [scrub symbol table, 0.0090846 secs]2019-12-26T09:22:05.080+0800: 1786901.799: [scrub string table, 0.0017288 secs][1 CMS-remark: 830867K(1277952K)] 962941K(2015232K), 0.0726254 secs] [Times: user=0.16 sys=0.00, real=0.08 secs] 
2019-12-26T09:22:05.085+0800: 1786901.804: [CMS-concurrent-sweep-start]
2019-12-26T09:22:05.378+0800: 1786902.097: [CMS-concurrent-sweep: 0.293/0.293 secs] [Times: user=0.29 sys=0.00, real=0.29 secs] 
2019-12-26T09:22:05.378+0800: 1786902.097: [CMS-concurrent-reset-start]
2019-12-26T09:22:05.382+0800: 1786902.100: [CMS-concurrent-reset: 0.003/0.003 secs] [Times: user=0.01 sys=0.00, real=0.00 secs] 
2019-12-26T09:22:07.383+0800: 1786904.101: [GC (CMS Initial Mark) [1 CMS-initial-mark: 830867K(1277952K)] 962965K(2015232K), 0.0287381 secs] [Times: user=0.11 sys=0.00, real=0.02 secs] 
2019-12-26T09:22:07.412+0800: 1786904.131: [CMS-concurrent-mark-start]
2019-12-26T09:22:08.821+0800: 1786905.540: [CMS-concurrent-mark: 1.409/1.409 secs] [Times: user=1.43 sys=0.00, real=1.41 secs] 
2019-12-26T09:22:08.821+0800: 1786905.540: [CMS-concurrent-preclean-start]
2019-12-26T09:22:08.825+0800: 1786905.544: [CMS-concurrent-preclean: 0.004/0.004 secs] [Times: user=0.00 sys=0.00, real=0.01 secs] 
2019-12-26T09:22:08.825+0800: 1786905.544: [CMS-concurrent-abortable-preclean-start]
 CMS: abort preclean due to time 2019-12-26T09:22:13.864+0800: 1786910.583: [CMS-concurrent-abortable-preclean: 2.252/5.039 secs] [Times: user=2.34 sys=0.00, real=5.04 secs] 
2019-12-26T09:22:13.866+0800: 1786910.585: [GC (CMS Final Remark) [YG occupancy: 135866 K (737280 K)]2019-12-26T09:22:13.866+0800: 1786910.585: [Rescan (parallel) , 0.0306580 secs]2019-12-26T09:22:13.897+0800: 1786910.616: [weak refs processing, 0.0000644 secs]2019-12-26T09:22:13.897+0800: 1786910.616: [class unloading, 0.0295315 secs]2019-12-26T09:22:13.926+0800: 1786910.645: [scrub symbol table, 0.0093511 secs]2019-12-26T09:22:13.936+0800: 1786910.655: [scrub string table, 0.0017464 secs][1 CMS-remark: 830867K(1277952K)] 966733K(2015232K), 0.0739941 secs] [Times: user=0.17 sys=0.00, real=0.07 secs] 
2019-12-26T09:22:13.940+0800: 1786910.659: [CMS-concurrent-sweep-start]
2019-12-26T09:22:14.233+0800: 1786910.952: [CMS-concurrent-sweep: 0.293/0.293 secs] [Times: user=0.29 sys=0.00, real=0.29 secs] 
2019-12-26T09:22:14.233+0800: 1786910.952: [CMS-concurrent-reset-start]
2019-12-26T09:22:14.236+0800: 1786910.955: [CMS-concurrent-reset: 0.003/0.003 secs] [Times: user=0.01 sys=0.00, real=0.01 secs] 
2019-12-26T09:22:16.237+0800: 1786912.956: [GC (CMS Initial Mark) [1 CMS-initial-mark: 830867K(1277952K)] 968311K(2015232K), 0.0304256 secs] [Times: user=0.12 sys=0.00, real=0.03 secs] 
2019-12-26T09:22:16.268+0800: 1786912.987: [CMS-concurrent-mark-start]
2019-12-26T09:22:17.690+0800: 1786914.409: [CMS-concurrent-mark: 1.422/1.422 secs] [Times: user=1.43 sys=0.00, real=1.42 secs] 
2019-12-26T09:22:17.690+0800: 1786914.409: [CMS-concurrent-preclean-start]
2019-12-26T09:22:17.694+0800: 1786914.413: [CMS-concurrent-preclean: 0.004/0.004 secs] [Times: user=0.00 sys=0.00, real=0.00 secs] 
2019-12-26T09:22:17.695+0800: 1786914.413: [CMS-concurrent-abortable-preclean-start]
 CMS: abort preclean due to time 2019-12-26T09:22:22.808+0800: 1786919.527: [CMS-concurrent-abortable-preclean: 2.310/5.114 secs] [Times: user=2.38 sys=0.00, real=5.12 secs] 
2019-12-26T09:22:22.810+0800: 1786919.529: [GC (CMS Final Remark) [YG occupancy: 139379 K (737280 K)]2019-12-26T09:22:22.810+0800: 1786919.529: [Rescan (parallel) , 0.0315597 secs]2019-12-26T09:22:22.842+0800: 1786919.561: [weak refs processing, 0.0000630 secs]2019-12-26T09:22:22.842+0800: 1786919.561: [class unloading, 0.0290262 secs]2019-12-26T09:22:22.871+0800: 1786919.590: [scrub symbol table, 0.0093549 secs]2019-12-26T09:22:22.880+0800: 1786919.599: [scrub string table, 0.0017119 secs][1 CMS-remark: 830867K(1277952K)] 970246K(2015232K), 0.0744007 secs] [Times: user=0.17 sys=0.00, real=0.08 secs] 
2019-12-26T09:22:22.885+0800: 1786919.604: [CMS-concurrent-sweep-start]
2019-12-26T09:22:23.176+0800: 1786919.895: [CMS-concurrent-sweep: 0.291/0.291 secs] [Times: user=0.30 sys=0.00, real=0.29 secs] 
2019-12-26T09:22:23.176+0800: 1786919.895: [CMS-concurrent-reset-start]
2019-12-26T09:22:23.179+0800: 1786919.898: [CMS-concurrent-reset: 0.003/0.003 secs] [Times: user=0.00 sys=0.00, real=0.00 secs] 
2019-12-26T09:22:25.180+0800: 1786921.899: [GC (CMS Initial Mark) [1 CMS-initial-mark: 830867K(1277952K)] 970248K(2015232K), 0.0298975 secs] [Times: user=0.12 sys=0.00, real=0.03 secs] 
2019-12-26T09:22:25.210+0800: 1786921.929: [CMS-concurrent-mark-start]
2019-12-26T09:22:26.626+0800: 1786923.345: [CMS-concurrent-mark: 1.415/1.415 secs] [Times: user=1.43 sys=0.00, real=1.42 secs] 
2019-12-26T09:22:26.626+0800: 1786923.345: [CMS-concurrent-preclean-start]
2019-12-26T09:22:26.630+0800: 1786923.348: [CMS-concurrent-preclean: 0.004/0.004 secs] [Times: user=0.00 sys=0.00, real=0.00 secs] 
2019-12-26T09:22:26.630+0800: 1786923.348: [CMS-concurrent-abortable-preclean-start]
 CMS: abort preclean due to time 2019-12-26T09:22:31.652+0800: 1786928.370: [CMS-concurrent-abortable-preclean: 2.219/5.022 secs] [Times: user=2.27 sys=0.00, real=5.02 secs] 
2019-12-26T09:22:31.653+0800: 1786928.372: [GC (CMS Final Remark) [YG occupancy: 139479 K (737280 K)]2019-12-26T09:22:31.653+0800: 1786928.372: [Rescan (parallel) , 0.0315287 secs]2019-12-26T09:22:31.685+0800: 1786928.404: [weak refs processing, 0.0000632 secs]2019-12-26T09:22:31.685+0800: 1786928.404: [class unloading, 0.0288832 secs]2019-12-26T09:22:31.714+0800: 1786928.433: [scrub symbol table, 0.0093236 secs]2019-12-26T09:22:31.723+0800: 1786928.442: [scrub string table, 0.0017056 secs][1 CMS-remark: 830867K(1277952K)] 970346K(2015232K), 0.0741235 secs] [Times: user=0.17 sys=0.00, real=0.08 secs] 
2019-12-26T09:22:31.728+0800: 1786928.447: [CMS-concurrent-sweep-start]
2019-12-26T09:22:32.023+0800: 1786928.742: [CMS-concurrent-sweep: 0.296/0.296 secs] [Times: user=0.30 sys=0.00, real=0.29 secs] 
2019-12-26T09:22:32.024+0800: 1786928.742: [CMS-concurrent-reset-start]
2019-12-26T09:22:32.027+0800: 1786928.746: [CMS-concurrent-reset: 0.003/0.003 secs] [Times: user=0.01 sys=0.00, real=0.01 secs] 
2019-12-26T09:22:34.028+0800: 1786930.746: [GC (CMS Initial Mark) [1 CMS-initial-mark: 830867K(1277952K)] 970428K(2015232K), 0.0299225 secs] [Times: user=0.11 sys=0.00, real=0.03 secs] 
2019-12-26T09:22:34.058+0800: 1786930.777: [CMS-concurrent-mark-start]
2019-12-26T09:22:35.473+0800: 1786932.192: [CMS-concurrent-mark: 1.410/1.415 secs] [Times: user=1.44 sys=0.00, real=1.41 secs] 
2019-12-26T09:22:35.473+0800: 1786932.192: [CMS-concurrent-preclean-start]
2019-12-26T09:22:35.478+0800: 1786932.196: [CMS-concurrent-preclean: 0.004/0.004 secs] [Times: user=0.01 sys=0.00, real=0.01 secs] 
2019-12-26T09:22:35.478+0800: 1786932.196: [CMS-concurrent-abortable-preclean-start]
 CMS: abort preclean due to time 2019-12-26T09:22:40.487+0800: 1786937.206: [CMS-concurrent-abortable-preclean: 2.477/5.010 secs] [Times: user=2.58 sys=0.00, real=5.01 secs] 
2019-12-26T09:22:40.489+0800: 1786937.208: [GC (CMS Final Remark) [YG occupancy: 146731 K (737280 K)]2019-12-26T09:22:40.489+0800: 1786937.208: [Rescan (parallel) , 0.0332227 secs]2019-12-26T09:22:40.523+0800: 1786937.241: [weak refs processing, 0.0000649 secs]2019-12-26T09:22:40.523+0800: 1786937.241: [class unloading, 0.0291075 secs]2019-12-26T09:22:40.552+0800: 1786937.271: [scrub symbol table, 0.0092242 secs]2019-12-26T09:22:40.561+0800: 1786937.280: [scrub string table, 0.0017420 secs][1 CMS-remark: 830867K(1277952K)] 977598K(2015232K), 0.0759810 secs] [Times: user=0.17 sys=0.00, real=0.07 secs] 
2019-12-26T09:22:40.566+0800: 1786937.284: [CMS-concurrent-sweep-start]
2019-12-26T09:22:40.858+0800: 1786937.577: [CMS-concurrent-sweep: 0.292/0.292 secs] [Times: user=0.30 sys=0.00, real=0.30 secs] 
2019-12-26T09:22:40.858+0800: 1786937.577: [CMS-concurrent-reset-start]
2019-12-26T09:22:40.861+0800: 1786937.580: [CMS-concurrent-reset: 0.003/0.003 secs] [Times: user=0.00 sys=0.00, real=0.00 secs] 
2019-12-26T09:22:42.862+0800: 1786939.581: [GC (CMS Initial Mark) [1 CMS-initial-mark: 830867K(1277952K)] 977602K(2015232K), 0.0317436 secs] [Times: user=0.13 sys=0.00, real=0.03 secs] 
2019-12-26T09:22:42.894+0800: 1786939.613: [CMS-concurrent-mark-start]
2019-12-26T09:22:44.303+0800: 1786941.022: [CMS-concurrent-mark: 1.406/1.409 secs] [Times: user=1.42 sys=0.00, real=1.41 secs] 
2019-12-26T09:22:44.303+0800: 1786941.022: [CMS-concurrent-preclean-start]
2019-12-26T09:22:44.307+0800: 1786941.026: [CMS-concurrent-preclean: 0.004/0.004 secs] [Times: user=0.01 sys=0.00, real=0.00 secs] 
2019-12-26T09:22:44.308+0800: 1786941.026: [CMS-concurrent-abortable-preclean-start]
 CMS: abort preclean due to time 2019-12-26T09:22:49.329+0800: 1786946.047: [CMS-concurrent-abortable-preclean: 2.219/5.021 secs] [Times: user=2.27 sys=0.00, real=5.03 secs] 
2019-12-26T09:22:49.331+0800: 1786946.049: [GC (CMS Final Remark) [YG occupancy: 148331 K (737280 K)]2019-12-26T09:22:49.331+0800: 1786946.049: [Rescan (parallel) , 0.0344636 secs]2019-12-26T09:22:49.365+0800: 1786946.084: [weak refs processing, 0.0000647 secs]2019-12-26T09:22:49.365+0800: 1786946.084: [class unloading, 0.0299107 secs]2019-12-26T09:22:49.395+0800: 1786946.114: [scrub symbol table, 0.0099263 secs]2019-12-26T09:22:49.405+0800: 1786946.124: [scrub string table, 0.0017469 secs][1 CMS-remark: 830867K(1277952K)] 979198K(2015232K), 0.0788026 secs] [Times: user=0.18 sys=0.00, real=0.07 secs] 
2019-12-26T09:22:49.410+0800: 1786946.129: [CMS-concurrent-sweep-start]
2019-12-26T09:22:49.703+0800: 1786946.422: [CMS-concurrent-sweep: 0.294/0.294 secs] [Times: user=0.29 sys=0.00, real=0.29 secs] 
2019-12-26T09:22:49.704+0800: 1786946.422: [CMS-concurrent-reset-start]
2019-12-26T09:22:49.707+0800: 1786946.425: [CMS-concurrent-reset: 0.003/0.003 secs] [Times: user=0.01 sys=0.00, real=0.00 secs] 
2019-12-26T09:22:51.707+0800: 1786948.426: [GC (CMS Initial Mark) [1 CMS-initial-mark: 830867K(1277952K)] 979198K(2015232K), 0.0325156 secs] [Times: user=0.13 sys=0.00, real=0.04 secs] 
2019-12-26T09:22:51.740+0800: 1786948.459: [CMS-concurrent-mark-start]
2019-12-26T09:22:53.172+0800: 1786949.891: [CMS-concurrent-mark: 1.432/1.432 secs] [Times: user=1.45 sys=0.00, real=1.43 secs] 
2019-12-26T09:22:53.172+0800: 1786949.891: [CMS-concurrent-preclean-start]
2019-12-26T09:22:53.176+0800: 1786949.895: [CMS-concurrent-preclean: 0.004/0.004 secs] [Times: user=0.00 sys=0.00, real=0.00 secs] 
2019-12-26T09:22:53.176+0800: 1786949.895: [CMS-concurrent-abortable-preclean-start]
 CMS: abort preclean due to time 2019-12-26T09:22:58.335+0800: 1786955.053: [CMS-concurrent-abortable-preclean: 2.444/5.158 secs] [Times: user=2.55 sys=0.00, real=5.16 secs] 
2019-12-26T09:22:58.336+0800: 1786955.055: [GC (CMS Final Remark) [YG occupancy: 154153 K (737280 K)]2019-12-26T09:22:58.336+0800: 1786955.055: [Rescan (parallel) , 0.0351077 secs]2019-12-26T09:22:58.372+0800: 1786955.090: [weak refs processing, 0.0000659 secs]2019-12-26T09:22:58.372+0800: 1786955.090: [class unloading, 0.0290369 secs]2019-12-26T09:22:58.401+0800: 1786955.120: [scrub symbol table, 0.0092396 secs]2019-12-26T09:22:58.410+0800: 1786955.129: [scrub string table, 0.0016907 secs][1 CMS-remark: 830867K(1277952K)] 985020K(2015232K), 0.0777583 secs] [Times: user=0.18 sys=0.00, real=0.08 secs] 
2019-12-26T09:22:58.414+0800: 1786955.133: [CMS-concurrent-sweep-start]
2019-12-26T09:22:58.709+0800: 1786955.428: [CMS-concurrent-sweep: 0.295/0.295 secs] [Times: user=0.29 sys=0.00, real=0.29 secs] 
2019-12-26T09:22:58.709+0800: 1786955.428: [CMS-concurrent-reset-start]
2019-12-26T09:22:58.712+0800: 1786955.431: [CMS-concurrent-reset: 0.003/0.003 secs] [Times: user=0.01 sys=0.00, real=0.01 secs] 
2019-12-26T09:23:00.713+0800: 1786957.432: [GC (CMS Initial Mark) [1 CMS-initial-mark: 830867K(1277952K)] 985020K(2015232K), 0.0342359 secs] [Times: user=0.13 sys=0.00, real=0.03 secs] 
2019-12-26T09:23:00.748+0800: 1786957.467: [CMS-concurrent-mark-start]
2019-12-26T09:23:02.180+0800: 1786958.899: [CMS-concurrent-mark: 1.432/1.432 secs] [Times: user=1.45 sys=0.00, real=1.43 secs] 
2019-12-26T09:23:02.180+0800: 1786958.899: [CMS-concurrent-preclean-start]
2019-12-26T09:23:02.184+0800: 1786958.903: [CMS-concurrent-preclean: 0.004/0.004 secs] [Times: user=0.01 sys=0.00, real=0.00 secs] 
2019-12-26T09:23:02.184+0800: 1786958.903: [CMS-concurrent-abortable-preclean-start]
 CMS: abort preclean due to time 2019-12-26T09:23:07.298+0800: 1786964.017: [CMS-concurrent-abortable-preclean: 2.366/5.114 secs] [Times: user=2.44 sys=0.00, real=5.11 secs] 
2019-12-26T09:23:07.300+0800: 1786964.018: [GC (CMS Final Remark) [YG occupancy: 156807 K (737280 K)]2019-12-26T09:23:07.300+0800: 1786964.019: [Rescan (parallel) , 0.0358118 secs]2019-12-26T09:23:07.336+0800: 1786964.054: [weak refs processing, 0.0000662 secs]2019-12-26T09:23:07.336+0800: 1786964.054: [class unloading, 0.0290854 secs]2019-12-26T09:23:07.365+0800: 1786964.084: [scrub symbol table, 0.0093378 secs]2019-12-26T09:23:07.374+0800: 1786964.093: [scrub string table, 0.0017009 secs][1 CMS-remark: 830867K(1277952K)] 987675K(2015232K), 0.0786111 secs] [Times: user=0.18 sys=0.00, real=0.08 secs] 
2019-12-26T09:23:07.379+0800: 1786964.097: [CMS-concurrent-sweep-start]
2019-12-26T09:23:07.676+0800: 1786964.394: [CMS-concurrent-sweep: 0.297/0.297 secs] [Times: user=0.31 sys=0.00, real=0.30 secs] 
2019-12-26T09:23:07.676+0800: 1786964.395: [CMS-concurrent-reset-start]
2019-12-26T09:23:07.679+0800: 1786964.398: [CMS-concurrent-reset: 0.003/0.003 secs] [Times: user=0.00 sys=0.00, real=0.00 secs] 
2019-12-26T09:23:09.680+0800: 1786966.399: [GC (CMS Initial Mark) [1 CMS-initial-mark: 830849K(1277952K)] 991476K(2015232K), 0.0358721 secs] [Times: user=0.14 sys=0.00, real=0.04 secs] 
2019-12-26T09:23:09.716+0800: 1786966.435: [CMS-concurrent-mark-start]
2019-12-26T09:23:11.153+0800: 1786967.872: [CMS-concurrent-mark: 1.437/1.437 secs] [Times: user=1.48 sys=0.00, real=1.44 secs] 
2019-12-26T09:23:11.153+0800: 1786967.872: [CMS-concurrent-preclean-start]
2019-12-26T09:23:11.158+0800: 1786967.877: [CMS-concurrent-preclean: 0.004/0.005 secs] [Times: user=0.01 sys=0.00, real=0.00 secs] 
2019-12-26T09:23:11.158+0800: 1786967.877: [CMS-concurrent-abortable-preclean-start]
 CMS: abort preclean due to time 2019-12-26T09:23:16.175+0800: 1786972.894: [CMS-concurrent-abortable-preclean: 2.214/5.017 secs] [Times: user=2.27 sys=0.00, real=5.02 secs] 
2019-12-26T09:23:16.177+0800: 1786972.895: [GC (CMS Final Remark) [YG occupancy: 162693 K (737280 K)]2019-12-26T09:23:16.177+0800: 1786972.896: [Rescan (parallel) , 0.0371762 secs]2019-12-26T09:23:16.214+0800: 1786972.933: [weak refs processing, 0.0000650 secs]2019-12-26T09:23:16.214+0800: 1786972.933: [class unloading, 0.0296387 secs]2019-12-26T09:23:16.244+0800: 1786972.963: [scrub symbol table, 0.0095843 secs]2019-12-26T09:23:16.253+0800: 1786972.972: [scrub string table, 0.0017139 secs][1 CMS-remark: 830849K(1277952K)] 993543K(2015232K), 0.0808593 secs] [Times: user=0.19 sys=0.00, real=0.08 secs] 
2019-12-26T09:23:16.258+0800: 1786972.977: [CMS-concurrent-sweep-start]
2019-12-26T09:23:16.550+0800: 1786973.269: [CMS-concurrent-sweep: 0.293/0.293 secs] [Times: user=0.30 sys=0.00, real=0.29 secs] 
2019-12-26T09:23:16.551+0800: 1786973.269: [CMS-concurrent-reset-start]
2019-12-26T09:23:16.554+0800: 1786973.272: [CMS-concurrent-reset: 0.003/0.003 secs] [Times: user=0.00 sys=0.00, real=0.01 secs] 
2019-12-26T09:23:18.554+0800: 1786975.273: [GC (CMS Initial Mark) [1 CMS-initial-mark: 830849K(1277952K)] 994404K(2015232K), 0.0361481 secs] [Times: user=0.14 sys=0.00, real=0.03 secs] 
2019-12-26T09:23:18.591+0800: 1786975.310: [CMS-concurrent-mark-start]
2019-12-26T09:23:20.005+0800: 1786976.723: [CMS-concurrent-mark: 1.414/1.414 secs] [Times: user=1.45 sys=0.00, real=1.42 secs] 
2019-12-26T09:23:20.005+0800: 1786976.724: [CMS-concurrent-preclean-start]
2019-12-26T09:23:20.009+0800: 1786976.728: [CMS-concurrent-preclean: 0.004/0.005 secs] [Times: user=0.00 sys=0.00, real=0.00 secs] 
2019-12-26T09:23:20.009+0800: 1786976.728: [CMS-concurrent-abortable-preclean-start]
 CMS: abort preclean due to time 2019-12-26T09:23:25.030+0800: 1786981.748: [CMS-concurrent-abortable-preclean: 2.317/5.020 secs] [Times: user=2.38 sys=0.00, real=5.02 secs] 
2019-12-26T09:23:25.031+0800: 1786981.750: [GC (CMS Final Remark) [YG occupancy: 167117 K (737280 K)]2019-12-26T09:23:25.031+0800: 1786981.750: [Rescan (parallel) , 0.0386520 secs]2019-12-26T09:23:25.070+0800: 1786981.789: [weak refs processing, 0.0000741 secs]2019-12-26T09:23:25.070+0800: 1786981.789: [class unloading, 0.0293045 secs]2019-12-26T09:23:25.100+0800: 1786981.818: [scrub symbol table, 0.0094812 secs]2019-12-26T09:23:25.109+0800: 1786981.828: [scrub string table, 0.0017299 secs][1 CMS-remark: 830849K(1277952K)] 997966K(2015232K), 0.0818554 secs] [Times: user=0.20 sys=0.00, real=0.08 secs] 
2019-12-26T09:23:25.114+0800: 1786981.832: [CMS-concurrent-sweep-start]
2019-12-26T09:23:25.408+0800: 1786982.127: [CMS-concurrent-sweep: 0.295/0.295 secs] [Times: user=0.31 sys=0.00, real=0.30 secs] 
2019-12-26T09:23:25.408+0800: 1786982.127: [CMS-concurrent-reset-start]
2019-12-26T09:23:25.412+0800: 1786982.130: [CMS-concurrent-reset: 0.003/0.003 secs] [Times: user=0.00 sys=0.00, real=0.00 secs] 
2019-12-26T09:23:27.412+0800: 1786984.131: [GC (CMS Initial Mark) [1 CMS-initial-mark: 830849K(1277952K)] 1004291K(2015232K), 0.0388895 secs] [Times: user=0.15 sys=0.00, real=0.04 secs] 
2019-12-26T09:23:27.452+0800: 1786984.170: [CMS-concurrent-mark-start]
2019-12-26T09:23:28.921+0800: 1786985.640: [CMS-concurrent-mark: 1.452/1.470 secs] [Times: user=1.50 sys=0.00, real=1.47 secs] 
2019-12-26T09:23:28.921+0800: 1786985.640: [CMS-concurrent-preclean-start]
2019-12-26T09:23:28.927+0800: 1786985.645: [CMS-concurrent-preclean: 0.005/0.005 secs] [Times: user=0.00 sys=0.00, real=0.01 secs] 
2019-12-26T09:23:28.927+0800: 1786985.645: [CMS-concurrent-abortable-preclean-start]
 CMS: abort preclean due to time 2019-12-26T09:23:33.958+0800: 1786990.677: [CMS-concurrent-abortable-preclean: 2.229/5.031 secs] [Times: user=2.29 sys=0.00, real=5.03 secs] 
2019-12-26T09:23:33.960+0800: 1786990.679: [GC (CMS Final Remark) [YG occupancy: 175641 K (737280 K)]2019-12-26T09:23:33.960+0800: 1786990.679: [Rescan (parallel) , 0.0404620 secs]2019-12-26T09:23:34.001+0800: 1786990.719: [weak refs processing, 0.0000649 secs]2019-12-26T09:23:34.001+0800: 1786990.719: [class unloading, 0.0291324 secs]2019-12-26T09:23:34.030+0800: 1786990.749: [scrub symbol table, 0.0091370 secs]2019-12-26T09:23:34.039+0800: 1786990.758: [scrub string table, 0.0016910 secs][1 CMS-remark: 830849K(1277952K)] 1006490K(2015232K), 0.0831099 secs] [Times: user=0.20 sys=0.00, real=0.08 secs] 
2019-12-26T09:23:34.043+0800: 1786990.762: [CMS-concurrent-sweep-start]
2019-12-26T09:23:34.336+0800: 1786991.055: [CMS-concurrent-sweep: 0.293/0.293 secs] [Times: user=0.30 sys=0.00, real=0.30 secs] 
2019-12-26T09:23:34.337+0800: 1786991.055: [CMS-concurrent-reset-start]
2019-12-26T09:23:34.340+0800: 1786991.059: [CMS-concurrent-reset: 0.003/0.003 secs] [Times: user=0.00 sys=0.00, real=0.00 secs] 
2019-12-26T09:23:36.341+0800: 1786993.059: [GC (CMS Initial Mark) [1 CMS-initial-mark: 830849K(1277952K)] 1008125K(2015232K), 0.0395050 secs] [Times: user=0.16 sys=0.00, real=0.04 secs] 
2019-12-26T09:23:36.380+0800: 1786993.099: [CMS-concurrent-mark-start]
2019-12-26T09:23:37.794+0800: 1786994.513: [CMS-concurrent-mark: 1.406/1.414 secs] [Times: user=1.45 sys=0.00, real=1.41 secs] 
2019-12-26T09:23:37.795+0800: 1786994.513: [CMS-concurrent-preclean-start]
2019-12-26T09:23:37.799+0800: 1786994.518: [CMS-concurrent-preclean: 0.004/0.005 secs] [Times: user=0.01 sys=0.00, real=0.01 secs] 
2019-12-26T09:23:37.800+0800: 1786994.518: [CMS-concurrent-abortable-preclean-start]
 CMS: abort preclean due to time 2019-12-26T09:23:42.906+0800: 1786999.625: [CMS-concurrent-abortable-preclean: 2.302/5.106 secs] [Times: user=2.36 sys=0.00, real=5.10 secs] 
2019-12-26T09:23:42.908+0800: 1786999.627: [GC (CMS Final Remark) [YG occupancy: 180977 K (737280 K)]2019-12-26T09:23:42.908+0800: 1786999.627: [Rescan (parallel) , 0.0419656 secs]2019-12-26T09:23:42.950+0800: 1786999.669: [weak refs processing, 0.0000649 secs]2019-12-26T09:23:42.950+0800: 1786999.669: [class unloading, 0.0289114 secs]2019-12-26T09:23:42.979+0800: 1786999.698: [scrub symbol table, 0.0093298 secs]2019-12-26T09:23:42.988+0800: 1786999.707: [scrub string table, 0.0017483 secs][1 CMS-remark: 830849K(1277952K)] 1011826K(2015232K), 0.0846508 secs] [Times: user=0.21 sys=0.00, real=0.08 secs] 
2019-12-26T09:23:42.994+0800: 1786999.713: [CMS-concurrent-sweep-start]
2019-12-26T09:23:43.290+0800: 1787000.009: [CMS-concurrent-sweep: 0.296/0.296 secs] [Times: user=0.30 sys=0.00, real=0.30 secs] 
2019-12-26T09:23:43.290+0800: 1787000.009: [CMS-concurrent-reset-start]
2019-12-26T09:23:43.293+0800: 1787000.012: [CMS-concurrent-reset: 0.003/0.003 secs] [Times: user=0.00 sys=0.00, real=0.00 secs] 
2019-12-26T09:23:45.294+0800: 1787002.013: [GC (CMS Initial Mark) [1 CMS-initial-mark: 830849K(1277952K)] 1011826K(2015232K), 0.0399957 secs] [Times: user=0.16 sys=0.00, real=0.04 secs] 
2019-12-26T09:23:45.334+0800: 1787002.053: [CMS-concurrent-mark-start]
2019-12-26T09:23:46.747+0800: 1787003.466: [CMS-concurrent-mark: 1.412/1.412 secs] [Times: user=1.42 sys=0.00, real=1.41 secs] 
2019-12-26T09:23:46.747+0800: 1787003.466: [CMS-concurrent-preclean-start]
2019-12-26T09:23:46.751+0800: 1787003.470: [CMS-concurrent-preclean: 0.004/0.004 secs] [Times: user=0.01 sys=0.00, real=0.01 secs] 
2019-12-26T09:23:46.751+0800: 1787003.470: [CMS-concurrent-abortable-preclean-start]
 CMS: abort preclean due to time 2019-12-26T09:23:51.862+0800: 1787008.581: [CMS-concurrent-abortable-preclean: 2.304/5.111 secs] [Times: user=2.37 sys=0.00, real=5.11 secs] 
2019-12-26T09:23:51.864+0800: 1787008.582: [GC (CMS Final Remark) [YG occupancy: 183349 K (737280 K)]2019-12-26T09:23:51.864+0800: 1787008.583: [Rescan (parallel) , 0.0437271 secs]2019-12-26T09:23:51.907+0800: 1787008.626: [weak refs processing, 0.0000772 secs]2019-12-26T09:23:51.908+0800: 1787008.626: [class unloading, 0.0292336 secs]2019-12-26T09:23:51.937+0800: 1787008.656: [scrub symbol table, 0.0093131 secs]2019-12-26T09:23:51.946+0800: 1787008.665: [scrub string table, 0.0017157 secs][1 CMS-remark: 830849K(1277952K)] 1014199K(2015232K), 0.0866812 secs] [Times: user=0.22 sys=0.00, real=0.09 secs] 
2019-12-26T09:23:51.951+0800: 1787008.669: [CMS-concurrent-sweep-start]
2019-12-26T09:23:52.250+0800: 1787008.969: [CMS-concurrent-sweep: 0.297/0.299 secs] [Times: user=0.31 sys=0.00, real=0.30 secs] 
2019-12-26T09:23:52.250+0800: 1787008.969: [CMS-concurrent-reset-start]
2019-12-26T09:23:52.253+0800: 1787008.972: [CMS-concurrent-reset: 0.003/0.003 secs] [Times: user=0.01 sys=0.00, real=0.00 secs] 
2019-12-26T09:23:54.254+0800: 1787010.973: [GC (CMS Initial Mark) [1 CMS-initial-mark: 830849K(1277952K)] 1018553K(2015232K), 0.0422247 secs] [Times: user=0.16 sys=0.00, real=0.04 secs] 
2019-12-26T09:23:54.296+0800: 1787011.015: [CMS-concurrent-mark-start]
2019-12-26T09:23:55.701+0800: 1787012.420: [CMS-concurrent-mark: 1.405/1.405 secs] [Times: user=1.43 sys=0.00, real=1.41 secs] 
2019-12-26T09:23:55.701+0800: 1787012.420: [CMS-concurrent-preclean-start]
2019-12-26T09:23:55.706+0800: 1787012.425: [CMS-concurrent-preclean: 0.005/0.005 secs] [Times: user=0.01 sys=0.00, real=0.00 secs] 
2019-12-26T09:23:55.706+0800: 1787012.425: [CMS-concurrent-abortable-preclean-start]
 CMS: abort preclean due to time 2019-12-26T09:24:00.732+0800: 1787017.451: [CMS-concurrent-abortable-preclean: 2.613/5.026 secs] [Times: user=2.73 sys=0.00, real=5.03 secs] 
2019-12-26T09:24:00.734+0800: 1787017.453: [GC (CMS Final Remark) [YG occupancy: 197796 K (737280 K)]2019-12-26T09:24:00.734+0800: 1787017.453: [Rescan (parallel) , 0.0475409 secs]2019-12-26T09:24:00.782+0800: 1787017.500: [weak refs processing, 0.0000645 secs]2019-12-26T09:24:00.782+0800: 1787017.500: [class unloading, 0.0295594 secs]2019-12-26T09:24:00.811+0800: 1787017.530: [scrub symbol table, 0.0092072 secs]2019-12-26T09:24:00.820+0800: 1787017.539: [scrub string table, 0.0016985 secs][1 CMS-remark: 830849K(1277952K)] 1028646K(2015232K), 0.0906892 secs] [Times: user=0.22 sys=0.00, real=0.09 secs] 
2019-12-26T09:24:00.825+0800: 1787017.544: [CMS-concurrent-sweep-start]
2019-12-26T09:24:01.118+0800: 1787017.836: [CMS-concurrent-sweep: 0.293/0.293 secs] [Times: user=0.29 sys=0.00, real=0.29 secs] 
2019-12-26T09:24:01.118+0800: 1787017.837: [CMS-concurrent-reset-start]
2019-12-26T09:24:01.121+0800: 1787017.840: [CMS-concurrent-reset: 0.003/0.003 secs] [Times: user=0.01 sys=0.00, real=0.01 secs] 
2019-12-26T09:24:03.122+0800: 1787019.840: [GC (CMS Initial Mark) [1 CMS-initial-mark: 830849K(1277952K)] 1028881K(2015232K), 0.0451741 secs] [Times: user=0.17 sys=0.00, real=0.04 secs] 
2019-12-26T09:24:03.167+0800: 1787019.886: [CMS-concurrent-mark-start]
2019-12-26T09:24:04.598+0800: 1787021.317: [CMS-concurrent-mark: 1.431/1.431 secs] [Times: user=1.45 sys=0.00, real=1.43 secs] 
2019-12-26T09:24:04.598+0800: 1787021.317: [CMS-concurrent-preclean-start]
2019-12-26T09:24:04.602+0800: 1787021.321: [CMS-concurrent-preclean: 0.004/0.004 secs] [Times: user=0.01 sys=0.00, real=0.01 secs] 
2019-12-26T09:24:04.602+0800: 1787021.321: [CMS-concurrent-abortable-preclean-start]
 CMS: abort preclean due to time 2019-12-26T09:24:09.642+0800: 1787026.361: [CMS-concurrent-abortable-preclean: 2.236/5.040 secs] [Times: user=2.29 sys=0.00, real=5.04 secs] 
2019-12-26T09:24:09.644+0800: 1787026.363: [GC (CMS Final Remark) [YG occupancy: 198396 K (737280 K)]2019-12-26T09:24:09.644+0800: 1787026.363: [Rescan (parallel) , 0.0470125 secs]2019-12-26T09:24:09.691+0800: 1787026.410: [weak refs processing, 0.0000668 secs]2019-12-26T09:24:09.691+0800: 1787026.410: [class unloading, 0.0296553 secs]2019-12-26T09:24:09.721+0800: 1787026.440: [scrub symbol table, 0.0105566 secs]2019-12-26T09:24:09.731+0800: 1787026.450: [scrub string table, 0.0017132 secs][1 CMS-remark: 830849K(1277952K)] 1029245K(2015232K), 0.0917273 secs] [Times: user=0.23 sys=0.00, real=0.09 secs] 
2019-12-26T09:24:09.736+0800: 1787026.455: [CMS-concurrent-sweep-start]
2019-12-26T09:24:10.030+0800: 1787026.748: [CMS-concurrent-sweep: 0.294/0.294 secs] [Times: user=0.30 sys=0.00, real=0.29 secs] 
2019-12-26T09:24:10.030+0800: 1787026.749: [CMS-concurrent-reset-start]
2019-12-26T09:24:10.033+0800: 1787026.752: [CMS-concurrent-reset: 0.003/0.003 secs] [Times: user=0.00 sys=0.00, real=0.01 secs] 
2019-12-26T09:24:12.034+0800: 1787028.753: [GC (CMS Initial Mark) [1 CMS-initial-mark: 830849K(1277952K)] 1033875K(2015232K), 0.0472884 secs] [Times: user=0.19 sys=0.00, real=0.05 secs] 
2019-12-26T09:24:12.082+0800: 1787028.800: [CMS-concurrent-mark-start]
2019-12-26T09:24:13.541+0800: 1787030.260: [CMS-concurrent-mark: 1.460/1.460 secs] [Times: user=1.48 sys=0.00, real=1.46 secs] 
2019-12-26T09:24:13.542+0800: 1787030.260: [CMS-concurrent-preclean-start]
2019-12-26T09:24:13.546+0800: 1787030.265: [CMS-concurrent-preclean: 0.004/0.005 secs] [Times: user=0.00 sys=0.00, real=0.00 secs] 
2019-12-26T09:24:13.546+0800: 1787030.265: [CMS-concurrent-abortable-preclean-start]
 CMS: abort preclean due to time 2019-12-26T09:24:18.684+0800: 1787035.403: [CMS-concurrent-abortable-preclean: 2.435/5.138 secs] [Times: user=2.53 sys=0.00, real=5.14 secs] 
2019-12-26T09:24:18.686+0800: 1787035.405: [GC (CMS Final Remark) [YG occupancy: 207898 K (737280 K)]2019-12-26T09:24:18.686+0800: 1787035.405: [Rescan (parallel) , 0.0491079 secs]2019-12-26T09:24:18.735+0800: 1787035.454: [weak refs processing, 0.0000673 secs]2019-12-26T09:24:18.735+0800: 1787035.454: [class unloading, 0.0293858 secs]2019-12-26T09:24:18.765+0800: 1787035.483: [scrub symbol table, 0.0092368 secs]2019-12-26T09:24:18.774+0800: 1787035.493: [scrub string table, 0.0017054 secs][1 CMS-remark: 830849K(1277952K)] 1038747K(2015232K), 0.0921560 secs] [Times: user=0.24 sys=0.00, real=0.09 secs] 
2019-12-26T09:24:18.778+0800: 1787035.497: [CMS-concurrent-sweep-start]
2019-12-26T09:24:19.080+0800: 1787035.799: [CMS-concurrent-sweep: 0.302/0.302 secs] [Times: user=0.30 sys=0.00, real=0.30 secs] 
2019-12-26T09:24:19.080+0800: 1787035.799: [CMS-concurrent-reset-start]
2019-12-26T09:24:19.084+0800: 1787035.802: [CMS-concurrent-reset: 0.003/0.003 secs] [Times: user=0.01 sys=0.00, real=0.01 secs] 
2019-12-26T09:24:21.084+0800: 1787037.803: [GC (CMS Initial Mark) [1 CMS-initial-mark: 830849K(1277952K)] 1038754K(2015232K), 0.0492081 secs] [Times: user=0.18 sys=0.00, real=0.05 secs] 
2019-12-26T09:24:21.134+0800: 1787037.853: [CMS-concurrent-mark-start]
2019-12-26T09:24:22.529+0800: 1787039.248: [CMS-concurrent-mark: 1.395/1.395 secs] [Times: user=1.41 sys=0.00, real=1.39 secs] 
2019-12-26T09:24:22.529+0800: 1787039.248: [CMS-concurrent-preclean-start]
2019-12-26T09:24:22.533+0800: 1787039.252: [CMS-concurrent-preclean: 0.004/0.004 secs] [Times: user=0.01 sys=0.00, real=0.00 secs] 
2019-12-26T09:24:22.533+0800: 1787039.252: [CMS-concurrent-abortable-preclean-start]
 CMS: abort preclean due to time 2019-12-26T09:24:27.548+0800: 1787044.267: [CMS-concurrent-abortable-preclean: 2.212/5.015 secs] [Times: user=2.26 sys=0.00, real=5.02 secs] 
2019-12-26T09:24:27.550+0800: 1787044.269: [GC (CMS Final Remark) [YG occupancy: 207925 K (737280 K)]2019-12-26T09:24:27.550+0800: 1787044.269: [Rescan (parallel) , 0.0491178 secs]2019-12-26T09:24:27.599+0800: 1787044.318: [weak refs processing, 0.0000644 secs]2019-12-26T09:24:27.599+0800: 1787044.318: [class unloading, 0.0290945 secs]2019-12-26T09:24:27.628+0800: 1787044.347: [scrub symbol table, 0.0090117 secs]2019-12-26T09:24:27.637+0800: 1787044.356: [scrub string table, 0.0016985 secs][1 CMS-remark: 830849K(1277952K)] 1038774K(2015232K), 0.0916345 secs] [Times: user=0.24 sys=0.00, real=0.09 secs] 
2019-12-26T09:24:27.642+0800: 1787044.361: [CMS-concurrent-sweep-start]
2019-12-26T09:24:27.936+0800: 1787044.655: [CMS-concurrent-sweep: 0.295/0.295 secs] [Times: user=0.30 sys=0.00, real=0.30 secs] 
2019-12-26T09:24:27.937+0800: 1787044.655: [CMS-concurrent-reset-start]
2019-12-26T09:24:27.940+0800: 1787044.659: [CMS-concurrent-reset: 0.003/0.003 secs] [Times: user=0.00 sys=0.00, real=0.00 secs] 
2019-12-26T09:24:29.941+0800: 1787046.660: [GC (CMS Initial Mark) [1 CMS-initial-mark: 830849K(1277952K)] 1041785K(2015232K), 0.0470354 secs] [Times: user=0.18 sys=0.00, real=0.05 secs] 
2019-12-26T09:24:29.988+0800: 1787046.707: [CMS-concurrent-mark-start]
2019-12-26T09:24:31.393+0800: 1787048.112: [CMS-concurrent-mark: 1.405/1.405 secs] [Times: user=1.43 sys=0.00, real=1.40 secs] 
2019-12-26T09:24:31.393+0800: 1787048.112: [CMS-concurrent-preclean-start]
2019-12-26T09:24:31.400+0800: 1787048.118: [CMS-concurrent-preclean: 0.005/0.006 secs] [Times: user=0.01 sys=0.00, real=0.01 secs] 
2019-12-26T09:24:31.400+0800: 1787048.119: [CMS-concurrent-abortable-preclean-start]
 CMS: abort preclean due to time 2019-12-26T09:24:36.408+0800: 1787053.127: [CMS-concurrent-abortable-preclean: 2.205/5.008 secs] [Times: user=2.27 sys=0.00, real=5.01 secs] 
2019-12-26T09:24:36.410+0800: 1787053.129: [GC (CMS Final Remark) [YG occupancy: 213543 K (737280 K)]2019-12-26T09:24:36.410+0800: 1787053.129: [Rescan (parallel) , 0.0514703 secs]2019-12-26T09:24:36.461+0800: 1787053.180: [weak refs processing, 0.0000750 secs]2019-12-26T09:24:36.461+0800: 1787053.180: [class unloading, 0.0292653 secs]2019-12-26T09:24:36.491+0800: 1787053.210: [scrub symbol table, 0.0093640 secs]2019-12-26T09:24:36.500+0800: 1787053.219: [scrub string table, 0.0017237 secs][1 CMS-remark: 830849K(1277952K)] 1044393K(2015232K), 0.0945583 secs] [Times: user=0.25 sys=0.00, real=0.09 secs] 
2019-12-26T09:24:36.505+0800: 1787053.223: [CMS-concurrent-sweep-start]
2019-12-26T09:24:36.802+0800: 1787053.520: [CMS-concurrent-sweep: 0.297/0.297 secs] [Times: user=0.30 sys=0.00, real=0.30 secs] 
2019-12-26T09:24:36.802+0800: 1787053.521: [CMS-concurrent-reset-start]
2019-12-26T09:24:36.805+0800: 1787053.524: [CMS-concurrent-reset: 0.003/0.003 secs] [Times: user=0.01 sys=0.00, real=0.00 secs] 
2019-12-26T09:24:38.807+0800: 1787055.525: [GC (CMS Initial Mark) [1 CMS-initial-mark: 830849K(1277952K)] 1044631K(2015232K), 0.0483327 secs] [Times: user=0.19 sys=0.00, real=0.04 secs] 
2019-12-26T09:24:38.855+0800: 1787055.574: [CMS-concurrent-mark-start]
2019-12-26T09:24:40.277+0800: 1787056.996: [CMS-concurrent-mark: 1.422/1.422 secs] [Times: user=1.44 sys=0.00, real=1.43 secs] 
2019-12-26T09:24:40.277+0800: 1787056.996: [CMS-concurrent-preclean-start]
2019-12-26T09:24:40.281+0800: 1787057.000: [CMS-concurrent-preclean: 0.004/0.004 secs] [Times: user=0.00 sys=0.00, real=0.00 secs] 
2019-12-26T09:24:40.281+0800: 1787057.000: [CMS-concurrent-abortable-preclean-start]
 CMS: abort preclean due to time 2019-12-26T09:24:45.328+0800: 1787062.047: [CMS-concurrent-abortable-preclean: 2.243/5.047 secs] [Times: user=2.30 sys=0.00, real=5.05 secs] 
2019-12-26T09:24:45.330+0800: 1787062.048: [GC (CMS Final Remark) [YG occupancy: 214124 K (737280 K)]2019-12-26T09:24:45.330+0800: 1787062.049: [Rescan (parallel) , 0.0509771 secs]2019-12-26T09:24:45.381+0800: 1787062.100: [weak refs processing, 0.0000658 secs]2019-12-26T09:24:45.381+0800: 1787062.100: [class unloading, 0.0289378 secs]2019-12-26T09:24:45.410+0800: 1787062.129: [scrub symbol table, 0.0091929 secs]2019-12-26T09:24:45.419+0800: 1787062.138: [scrub string table, 0.0017027 secs][1 CMS-remark: 830849K(1277952K)] 1044974K(2015232K), 0.0935014 secs] [Times: user=0.25 sys=0.00, real=0.09 secs] 
2019-12-26T09:24:45.424+0800: 1787062.142: [CMS-concurrent-sweep-start]
2019-12-26T09:24:45.716+0800: 1787062.435: [CMS-concurrent-sweep: 0.292/0.292 secs] [Times: user=0.29 sys=0.00, real=0.29 secs] 
2019-12-26T09:24:45.716+0800: 1787062.435: [CMS-concurrent-reset-start]
2019-12-26T09:24:45.719+0800: 1787062.438: [CMS-concurrent-reset: 0.003/0.003 secs] [Times: user=0.01 sys=0.00, real=0.01 secs] 
2019-12-26T09:24:47.720+0800: 1787064.439: [GC (CMS Initial Mark) [1 CMS-initial-mark: 830849K(1277952K)] 1044974K(2015232K), 0.0565659 secs] [Times: user=0.16 sys=0.00, real=0.06 secs] 
2019-12-26T09:24:47.777+0800: 1787064.496: [CMS-concurrent-mark-start]
2019-12-26T09:24:49.200+0800: 1787065.918: [CMS-concurrent-mark: 1.422/1.422 secs] [Times: user=1.43 sys=0.00, real=1.42 secs] 
2019-12-26T09:24:49.200+0800: 1787065.919: [CMS-concurrent-preclean-start]
2019-12-26T09:24:49.204+0800: 1787065.922: [CMS-concurrent-preclean: 0.004/0.004 secs] [Times: user=0.00 sys=0.00, real=0.00 secs] 
2019-12-26T09:24:49.204+0800: 1787065.922: [CMS-concurrent-abortable-preclean-start]
 CMS: abort preclean due to time 2019-12-26T09:24:54.300+0800: 1787071.019: [CMS-concurrent-abortable-preclean: 2.292/5.097 secs] [Times: user=2.37 sys=0.00, real=5.10 secs] 
2019-12-26T09:24:54.302+0800: 1787071.021: [GC (CMS Final Remark) [YG occupancy: 216138 K (737280 K)]2019-12-26T09:24:54.302+0800: 1787071.021: [Rescan (parallel) , 0.0517870 secs]2019-12-26T09:24:54.354+0800: 1787071.073: [weak refs processing, 0.0000651 secs]2019-12-26T09:24:54.354+0800: 1787071.073: [class unloading, 0.0293221 secs]2019-12-26T09:24:54.384+0800: 1787071.102: [scrub symbol table, 0.0092135 secs]2019-12-26T09:24:54.393+0800: 1787071.112: [scrub string table, 0.0016959 secs][1 CMS-remark: 830849K(1277952K)] 1046987K(2015232K), 0.0947367 secs] [Times: user=0.25 sys=0.00, real=0.09 secs] 
2019-12-26T09:24:54.397+0800: 1787071.116: [CMS-concurrent-sweep-start]
2019-12-26T09:24:54.689+0800: 1787071.408: [CMS-concurrent-sweep: 0.292/0.292 secs] [Times: user=0.29 sys=0.00, real=0.30 secs] 
2019-12-26T09:24:54.689+0800: 1787071.408: [CMS-concurrent-reset-start]
2019-12-26T09:24:54.692+0800: 1787071.411: [CMS-concurrent-reset: 0.003/0.003 secs] [Times: user=0.01 sys=0.00, real=0.00 secs] 
2019-12-26T09:24:56.693+0800: 1787073.412: [GC (CMS Initial Mark) [1 CMS-initial-mark: 830849K(1277952K)] 1046987K(2015232K), 0.0485015 secs] [Times: user=0.19 sys=0.00, real=0.05 secs] 
2019-12-26T09:24:56.742+0800: 1787073.461: [CMS-concurrent-mark-start]
2019-12-26T09:24:58.172+0800: 1787074.891: [CMS-concurrent-mark: 1.425/1.430 secs] [Times: user=1.45 sys=0.00, real=1.43 secs] 
2019-12-26T09:24:58.172+0800: 1787074.891: [CMS-concurrent-preclean-start]
2019-12-26T09:24:58.177+0800: 1787074.896: [CMS-concurrent-preclean: 0.004/0.004 secs] [Times: user=0.00 sys=0.00, real=0.00 secs] 
2019-12-26T09:24:58.177+0800: 1787074.896: [CMS-concurrent-abortable-preclean-start]
 CMS: abort preclean due to time 2019-12-26T09:25:03.298+0800: 1787080.017: [CMS-concurrent-abortable-preclean: 2.319/5.121 secs] [Times: user=2.38 sys=0.00, real=5.12 secs] 
2019-12-26T09:25:03.300+0800: 1787080.019: [GC (CMS Final Remark) [YG occupancy: 219495 K (737280 K)]2019-12-26T09:25:03.300+0800: 1787080.019: [Rescan (parallel) , 0.0540466 secs]2019-12-26T09:25:03.354+0800: 1787080.073: [weak refs processing, 0.0000637 secs]2019-12-26T09:25:03.354+0800: 1787080.073: [class unloading, 0.0289762 secs]2019-12-26T09:25:03.383+0800: 1787080.102: [scrub symbol table, 0.0092881 secs]2019-12-26T09:25:03.392+0800: 1787080.111: [scrub string table, 0.0017097 secs][1 CMS-remark: 830849K(1277952K)] 1050344K(2015232K), 0.0967394 secs] [Times: user=0.25 sys=0.00, real=0.09 secs] 
2019-12-26T09:25:03.397+0800: 1787080.116: [CMS-concurrent-sweep-start]
2019-12-26T09:25:03.689+0800: 1787080.408: [CMS-concurrent-sweep: 0.293/0.293 secs] [Times: user=0.29 sys=0.00, real=0.30 secs] 
2019-12-26T09:25:03.690+0800: 1787080.408: [CMS-concurrent-reset-start]
2019-12-26T09:25:03.693+0800: 1787080.412: [CMS-concurrent-reset: 0.003/0.003 secs] [Times: user=0.00 sys=0.00, real=0.00 secs] 
2019-12-26T09:25:05.694+0800: 1787082.412: [GC (CMS Initial Mark) [1 CMS-initial-mark: 830849K(1277952K)] 1050960K(2015232K), 0.0498282 secs] [Times: user=0.19 sys=0.00, real=0.05 secs] 
2019-12-26T09:25:05.744+0800: 1787082.463: [CMS-concurrent-mark-start]
2019-12-26T09:25:07.182+0800: 1787083.901: [CMS-concurrent-mark: 1.437/1.438 secs] [Times: user=1.46 sys=0.00, real=1.44 secs] 
2019-12-26T09:25:07.182+0800: 1787083.901: [CMS-concurrent-preclean-start]
2019-12-26T09:25:07.187+0800: 1787083.906: [CMS-concurrent-preclean: 0.004/0.005 secs] [Times: user=0.00 sys=0.00, real=0.00 secs] 
2019-12-26T09:25:07.187+0800: 1787083.906: [CMS-concurrent-abortable-preclean-start]
 CMS: abort preclean due to time 2019-12-26T09:25:12.278+0800: 1787088.997: [CMS-concurrent-abortable-preclean: 2.486/5.091 secs] [Times: user=2.59 sys=0.00, real=5.09 secs] 
2019-12-26T09:25:12.280+0800: 1787088.998: [GC (CMS Final Remark) [YG occupancy: 226217 K (737280 K)]2019-12-26T09:25:12.280+0800: 1787088.998: [Rescan (parallel) , 0.0532822 secs]2019-12-26T09:25:12.333+0800: 1787089.052: [weak refs processing, 0.0000640 secs]2019-12-26T09:25:12.333+0800: 1787089.052: [class unloading, 0.0292223 secs]2019-12-26T09:25:12.362+0800: 1787089.081: [scrub symbol table, 0.0093181 secs]2019-12-26T09:25:12.372+0800: 1787089.090: [scrub string table, 0.0017371 secs][1 CMS-remark: 830849K(1277952K)] 1057067K(2015232K), 0.0962888 secs] [Times: user=0.25 sys=0.00, real=0.10 secs] 
2019-12-26T09:25:12.376+0800: 1787089.095: [CMS-concurrent-sweep-start]
2019-12-26T09:25:12.668+0800: 1787089.387: [CMS-concurrent-sweep: 0.292/0.292 secs] [Times: user=0.30 sys=0.00, real=0.29 secs] 
2019-12-26T09:25:12.669+0800: 1787089.387: [CMS-concurrent-reset-start]
2019-12-26T09:25:12.672+0800: 1787089.390: [CMS-concurrent-reset: 0.003/0.003 secs] [Times: user=0.00 sys=0.00, real=0.01 secs] 
2019-12-26T09:25:14.672+0800: 1787091.391: [GC (CMS Initial Mark) [1 CMS-initial-mark: 830849K(1277952K)] 1057083K(2015232K), 0.0506839 secs] [Times: user=0.20 sys=0.00, real=0.05 secs] 
2019-12-26T09:25:14.723+0800: 1787091.442: [CMS-concurrent-mark-start]
2019-12-26T09:25:16.146+0800: 1787092.865: [CMS-concurrent-mark: 1.423/1.423 secs] [Times: user=1.44 sys=0.00, real=1.42 secs] 
2019-12-26T09:25:16.146+0800: 1787092.865: [CMS-concurrent-preclean-start]
2019-12-26T09:25:16.150+0800: 1787092.869: [CMS-concurrent-preclean: 0.004/0.004 secs] [Times: user=0.00 sys=0.00, real=0.00 secs] 
2019-12-26T09:25:16.150+0800: 1787092.869: [CMS-concurrent-abortable-preclean-start]
 CMS: abort preclean due to time 2019-12-26T09:25:21.326+0800: 1787098.045: [CMS-concurrent-abortable-preclean: 2.373/5.176 secs] [Times: user=2.45 sys=0.00, real=5.18 secs] 
2019-12-26T09:25:21.328+0800: 1787098.047: [GC (CMS Final Remark) [YG occupancy: 230904 K (737280 K)]2019-12-26T09:25:21.328+0800: 1787098.047: [Rescan (parallel) , 0.0553621 secs]2019-12-26T09:25:21.384+0800: 1787098.102: [weak refs processing, 0.0000661 secs]2019-12-26T09:25:21.384+0800: 1787098.103: [class unloading, 0.0291151 secs]2019-12-26T09:25:21.413+0800: 1787098.132: [scrub symbol table, 0.0092686 secs]2019-12-26T09:25:21.422+0800: 1787098.141: [scrub string table, 0.0017002 secs][1 CMS-remark: 830849K(1277952K)] 1061753K(2015232K), 0.0981170 secs] [Times: user=0.26 sys=0.00, real=0.10 secs] 
2019-12-26T09:25:21.427+0800: 1787098.145: [CMS-concurrent-sweep-start]
2019-12-26T09:25:21.719+0800: 1787098.437: [CMS-concurrent-sweep: 0.292/0.292 secs] [Times: user=0.30 sys=0.00, real=0.29 secs] 
2019-12-26T09:25:21.719+0800: 1787098.438: [CMS-concurrent-reset-start]
2019-12-26T09:25:21.722+0800: 1787098.441: [CMS-concurrent-reset: 0.003/0.003 secs] [Times: user=0.00 sys=0.00, real=0.00 secs] 
2019-12-26T09:25:23.723+0800: 1787100.441: [GC (CMS Initial Mark) [1 CMS-initial-mark: 830849K(1277952K)] 1066270K(2015232K), 0.0539896 secs] [Times: user=0.22 sys=0.00, real=0.05 secs] 
2019-12-26T09:25:23.777+0800: 1787100.496: [CMS-concurrent-mark-start]
2019-12-26T09:25:25.202+0800: 1787101.921: [CMS-concurrent-mark: 1.416/1.425 secs] [Times: user=1.46 sys=0.00, real=1.42 secs] 
2019-12-26T09:25:25.202+0800: 1787101.921: [CMS-concurrent-preclean-start]
2019-12-26T09:25:25.207+0800: 1787101.926: [CMS-concurrent-preclean: 0.005/0.005 secs] [Times: user=0.01 sys=0.00, real=0.01 secs] 
2019-12-26T09:25:25.207+0800: 1787101.926: [CMS-concurrent-abortable-preclean-start]
 CMS: abort preclean due to time 2019-12-26T09:25:30.340+0800: 1787107.059: [CMS-concurrent-abortable-preclean: 2.383/5.133 secs] [Times: user=2.47 sys=0.00, real=5.13 secs] 
2019-12-26T09:25:30.342+0800: 1787107.061: [GC (CMS Final Remark) [YG occupancy: 242969 K (737280 K)]2019-12-26T09:25:30.342+0800: 1787107.061: [Rescan (parallel) , 0.0578656 secs]2019-12-26T09:25:30.400+0800: 1787107.119: [weak refs processing, 0.0000658 secs]2019-12-26T09:25:30.400+0800: 1787107.119: [class unloading, 0.0290497 secs]2019-12-26T09:25:30.429+0800: 1787107.148: [scrub symbol table, 0.0093532 secs]2019-12-26T09:25:30.438+0800: 1787107.157: [scrub string table, 0.0017210 secs][1 CMS-remark: 830849K(1277952K)] 1073818K(2015232K), 0.1006795 secs] [Times: user=0.27 sys=0.00, real=0.10 secs] 
2019-12-26T09:25:30.443+0800: 1787107.162: [CMS-concurrent-sweep-start]
2019-12-26T09:25:30.734+0800: 1787107.453: [CMS-concurrent-sweep: 0.291/0.291 secs] [Times: user=0.29 sys=0.00, real=0.30 secs] 
2019-12-26T09:25:30.734+0800: 1787107.453: [CMS-concurrent-reset-start]
2019-12-26T09:25:30.737+0800: 1787107.456: [CMS-concurrent-reset: 0.003/0.003 secs] [Times: user=0.01 sys=0.00, real=0.00 secs] 
2019-12-26T09:25:32.738+0800: 1787109.457: [GC (CMS Initial Mark) [1 CMS-initial-mark: 830849K(1277952K)] 1074053K(2015232K), 0.0559166 secs] [Times: user=0.22 sys=0.00, real=0.06 secs] 
2019-12-26T09:25:32.794+0800: 1787109.513: [CMS-concurrent-mark-start]
2019-12-26T09:25:34.210+0800: 1787110.929: [CMS-concurrent-mark: 1.416/1.416 secs] [Times: user=1.43 sys=0.00, real=1.41 secs] 
2019-12-26T09:25:34.210+0800: 1787110.929: [CMS-concurrent-preclean-start]
2019-12-26T09:25:34.214+0800: 1787110.933: [CMS-concurrent-preclean: 0.004/0.004 secs] [Times: user=0.00 sys=0.00, real=0.00 secs] 
2019-12-26T09:25:34.214+0800: 1787110.933: [CMS-concurrent-abortable-preclean-start]
 CMS: abort preclean due to time 2019-12-26T09:25:39.359+0800: 1787116.078: [CMS-concurrent-abortable-preclean: 2.296/5.145 secs] [Times: user=2.36 sys=0.00, real=5.15 secs] 
2019-12-26T09:25:39.361+0800: 1787116.080: [GC (CMS Final Remark) [YG occupancy: 243679 K (737280 K)]2019-12-26T09:25:39.361+0800: 1787116.080: [Rescan (parallel) , 0.0584751 secs]2019-12-26T09:25:39.420+0800: 1787116.139: [weak refs processing, 0.0000645 secs]2019-12-26T09:25:39.420+0800: 1787116.139: [class unloading, 0.0291286 secs]2019-12-26T09:25:39.449+0800: 1787116.168: [scrub symbol table, 0.0090420 secs]2019-12-26T09:25:39.458+0800: 1787116.177: [scrub string table, 0.0017183 secs][1 CMS-remark: 830849K(1277952K)] 1074528K(2015232K), 0.1010933 secs] [Times: user=0.28 sys=0.00, real=0.10 secs] 
2019-12-26T09:25:39.463+0800: 1787116.181: [CMS-concurrent-sweep-start]
2019-12-26T09:25:39.752+0800: 1787116.471: [CMS-concurrent-sweep: 0.290/0.290 secs] [Times: user=0.29 sys=0.00, real=0.29 secs] 
2019-12-26T09:25:39.753+0800: 1787116.471: [CMS-concurrent-reset-start]
2019-12-26T09:25:39.756+0800: 1787116.474: [CMS-concurrent-reset: 0.003/0.003 secs] [Times: user=0.01 sys=0.00, real=0.01 secs] 
2019-12-26T09:25:41.757+0800: 1787118.476: [GC (CMS Initial Mark) [1 CMS-initial-mark: 830849K(1277952K)] 1074530K(2015232K), 0.0552046 secs] [Times: user=0.22 sys=0.00, real=0.05 secs] 
2019-12-26T09:25:41.813+0800: 1787118.531: [CMS-concurrent-mark-start]
2019-12-26T09:25:43.210+0800: 1787119.929: [CMS-concurrent-mark: 1.397/1.397 secs] [Times: user=1.41 sys=0.00, real=1.40 secs] 
2019-12-26T09:25:43.210+0800: 1787119.929: [CMS-concurrent-preclean-start]
2019-12-26T09:25:43.214+0800: 1787119.933: [CMS-concurrent-preclean: 0.004/0.004 secs] [Times: user=0.00 sys=0.00, real=0.00 secs] 
2019-12-26T09:25:43.214+0800: 1787119.933: [CMS-concurrent-abortable-preclean-start]
 CMS: abort preclean due to time 2019-12-26T09:25:48.229+0800: 1787124.948: [CMS-concurrent-abortable-preclean: 2.312/5.015 secs] [Times: user=2.41 sys=0.00, real=5.02 secs] 
2019-12-26T09:25:48.230+0800: 1787124.949: [GC (CMS Final Remark) [YG occupancy: 246544 K (737280 K)]2019-12-26T09:25:48.231+0800: 1787124.949: [Rescan (parallel) , 0.0596352 secs]2019-12-26T09:25:48.290+0800: 1787125.009: [weak refs processing, 0.0000645 secs]2019-12-26T09:25:48.290+0800: 1787125.009: [class unloading, 0.0296079 secs]2019-12-26T09:25:48.320+0800: 1787125.039: [scrub symbol table, 0.0091341 secs]2019-12-26T09:25:48.329+0800: 1787125.048: [scrub string table, 0.0017331 secs][1 CMS-remark: 830849K(1277952K)] 1077393K(2015232K), 0.1028311 secs] [Times: user=0.28 sys=0.00, real=0.10 secs] 
2019-12-26T09:25:48.334+0800: 1787125.053: [CMS-concurrent-sweep-start]
2019-12-26T09:25:48.627+0800: 1787125.346: [CMS-concurrent-sweep: 0.293/0.293 secs] [Times: user=0.30 sys=0.00, real=0.30 secs] 
2019-12-26T09:25:48.627+0800: 1787125.346: [CMS-concurrent-reset-start]
2019-12-26T09:25:48.630+0800: 1787125.349: [CMS-concurrent-reset: 0.003/0.003 secs] [Times: user=0.00 sys=0.00, real=0.00 secs] 
2019-12-26T09:25:50.631+0800: 1787127.350: [GC (CMS Initial Mark) [1 CMS-initial-mark: 830849K(1277952K)] 1077393K(2015232K), 0.0561180 secs] [Times: user=0.22 sys=0.00, real=0.06 secs] 
2019-12-26T09:25:50.687+0800: 1787127.406: [CMS-concurrent-mark-start]
2019-12-26T09:25:52.095+0800: 1787128.813: [CMS-concurrent-mark: 1.407/1.407 secs] [Times: user=1.42 sys=0.00, real=1.40 secs] 
2019-12-26T09:25:52.095+0800: 1787128.813: [CMS-concurrent-preclean-start]
2019-12-26T09:25:52.098+0800: 1787128.817: [CMS-concurrent-preclean: 0.004/0.004 secs] [Times: user=0.00 sys=0.00, real=0.01 secs] 
2019-12-26T09:25:52.098+0800: 1787128.817: [CMS-concurrent-abortable-preclean-start]
 CMS: abort preclean due to time 2019-12-26T09:25:57.123+0800: 1787133.842: [CMS-concurrent-abortable-preclean: 2.223/5.025 secs] [Times: user=2.28 sys=0.00, real=5.02 secs] 
2019-12-26T09:25:57.125+0800: 1787133.844: [GC (CMS Final Remark) [YG occupancy: 246568 K (737280 K)]2019-12-26T09:25:57.125+0800: 1787133.844: [Rescan (parallel) , 0.0710881 secs]2019-12-26T09:25:57.196+0800: 1787133.915: [weak refs processing, 0.0000666 secs]2019-12-26T09:25:57.197+0800: 1787133.915: [class unloading, 0.0321696 secs]2019-12-26T09:25:57.229+0800: 1787133.948: [scrub symbol table, 0.0091313 secs]2019-12-26T09:25:57.238+0800: 1787133.957: [scrub string table, 0.0017029 secs][1 CMS-remark: 830849K(1277952K)] 1077418K(2015232K), 0.1168170 secs] [Times: user=0.28 sys=0.00, real=0.12 secs] 
2019-12-26T09:25:57.242+0800: 1787133.961: [CMS-concurrent-sweep-start]
2019-12-26T09:25:57.535+0800: 1787134.254: [CMS-concurrent-sweep: 0.293/0.293 secs] [Times: user=0.30 sys=0.00, real=0.29 secs] 
2019-12-26T09:25:57.535+0800: 1787134.254: [CMS-concurrent-reset-start]
2019-12-26T09:25:57.538+0800: 1787134.257: [CMS-concurrent-reset: 0.003/0.003 secs] [Times: user=0.00 sys=0.00, real=0.01 secs] 
2019-12-26T09:25:59.539+0800: 1787136.258: [GC (CMS Initial Mark) [1 CMS-initial-mark: 830849K(1277952K)] 1078049K(2015232K), 0.0643622 secs] [Times: user=0.19 sys=0.00, real=0.06 secs] 
2019-12-26T09:25:59.604+0800: 1787136.323: [CMS-concurrent-mark-start]
2019-12-26T09:26:01.024+0800: 1787137.743: [CMS-concurrent-mark: 1.417/1.420 secs] [Times: user=1.44 sys=0.00, real=1.42 secs] 
2019-12-26T09:26:01.024+0800: 1787137.743: [CMS-concurrent-preclean-start]
2019-12-26T09:26:01.029+0800: 1787137.747: [CMS-concurrent-preclean: 0.004/0.004 secs] [Times: user=0.01 sys=0.00, real=0.01 secs] 
2019-12-26T09:26:01.029+0800: 1787137.747: [CMS-concurrent-abortable-preclean-start]
 CMS: abort preclean due to time 2019-12-26T09:26:06.184+0800: 1787142.903: [CMS-concurrent-abortable-preclean: 2.459/5.156 secs] [Times: user=2.55 sys=0.00, real=5.15 secs] 
2019-12-26T09:26:06.186+0800: 1787142.905: [GC (CMS Final Remark) [YG occupancy: 250978 K (737280 K)]2019-12-26T09:26:06.186+0800: 1787142.905: [Rescan (parallel) , 0.0691660 secs]2019-12-26T09:26:06.256+0800: 1787142.974: [weak refs processing, 0.0000774 secs]2019-12-26T09:26:06.256+0800: 1787142.975: [class unloading, 0.0293577 secs]2019-12-26T09:26:06.285+0800: 1787143.004: [scrub symbol table, 0.0094609 secs]2019-12-26T09:26:06.295+0800: 1787143.013: [scrub string table, 0.0017318 secs][1 CMS-remark: 830849K(1277952K)] 1081827K(2015232K), 0.1124256 secs] [Times: user=0.28 sys=0.00, real=0.12 secs] 
2019-12-26T09:26:06.299+0800: 1787143.018: [CMS-concurrent-sweep-start]
2019-12-26T09:26:06.592+0800: 1787143.311: [CMS-concurrent-sweep: 0.293/0.293 secs] [Times: user=0.30 sys=0.00, real=0.29 secs] 
2019-12-26T09:26:06.592+0800: 1787143.311: [CMS-concurrent-reset-start]
2019-12-26T09:26:06.595+0800: 1787143.314: [CMS-concurrent-reset: 0.003/0.003 secs] [Times: user=0.00 sys=0.00, real=0.00 secs] 
2019-12-26T09:26:08.596+0800: 1787145.315: [GC (CMS Initial Mark) [1 CMS-initial-mark: 830849K(1277952K)] 1082405K(2015232K), 0.0654032 secs] [Times: user=0.19 sys=0.00, real=0.07 secs] 
2019-12-26T09:26:08.661+0800: 1787145.380: [CMS-concurrent-mark-start]
2019-12-26T09:26:10.063+0800: 1787146.782: [CMS-concurrent-mark: 1.401/1.401 secs] [Times: user=1.42 sys=0.00, real=1.40 secs] 
2019-12-26T09:26:10.063+0800: 1787146.782: [CMS-concurrent-preclean-start]
2019-12-26T09:26:10.067+0800: 1787146.786: [CMS-concurrent-preclean: 0.004/0.004 secs] [Times: user=0.00 sys=0.00, real=0.00 secs] 
2019-12-26T09:26:10.067+0800: 1787146.786: [CMS-concurrent-abortable-preclean-start]
 CMS: abort preclean due to time 2019-12-26T09:26:15.236+0800: 1787151.955: [CMS-concurrent-abortable-preclean: 2.366/5.169 secs] [Times: user=2.47 sys=0.00, real=5.17 secs] 
2019-12-26T09:26:15.238+0800: 1787151.957: [GC (CMS Final Remark) [YG occupancy: 256479 K (737280 K)]2019-12-26T09:26:15.238+0800: 1787151.957: [Rescan (parallel) , 0.0773248 secs]2019-12-26T09:26:15.315+0800: 1787152.034: [weak refs processing, 0.0000815 secs]2019-12-26T09:26:15.315+0800: 1787152.034: [class unloading, 0.0291496 secs]2019-12-26T09:26:15.345+0800: 1787152.063: [scrub symbol table, 0.0093314 secs]2019-12-26T09:26:15.354+0800: 1787152.073: [scrub string table, 0.0017340 secs][1 CMS-remark: 830849K(1277952K)] 1087328K(2015232K), 0.1202562 secs] [Times: user=0.28 sys=0.00, real=0.12 secs] 
2019-12-26T09:26:15.358+0800: 1787152.077: [CMS-concurrent-sweep-start]
2019-12-26T09:26:15.651+0800: 1787152.370: [CMS-concurrent-sweep: 0.292/0.292 secs] [Times: user=0.30 sys=0.00, real=0.30 secs] 
2019-12-26T09:26:15.651+0800: 1787152.370: [CMS-concurrent-reset-start]
2019-12-26T09:26:15.654+0800: 1787152.373: [CMS-concurrent-reset: 0.003/0.003 secs] [Times: user=0.00 sys=0.00, real=0.00 secs] 
2019-12-26T09:26:17.655+0800: 1787154.374: [GC (CMS Initial Mark) [1 CMS-initial-mark: 830849K(1277952K)] 1087335K(2015232K), 0.0576998 secs] [Times: user=0.22 sys=0.00, real=0.06 secs] 
2019-12-26T09:26:17.713+0800: 1787154.432: [CMS-concurrent-mark-start]
2019-12-26T09:26:19.131+0800: 1787155.850: [CMS-concurrent-mark: 1.418/1.418 secs] [Times: user=1.44 sys=0.00, real=1.42 secs] 
2019-12-26T09:26:19.131+0800: 1787155.850: [CMS-concurrent-preclean-start]
2019-12-26T09:26:19.135+0800: 1787155.854: [CMS-concurrent-preclean: 0.004/0.004 secs] [Times: user=0.00 sys=0.00, real=0.00 secs] 
2019-12-26T09:26:19.135+0800: 1787155.854: [CMS-concurrent-abortable-preclean-start]
 CMS: abort preclean due to time 2019-12-26T09:26:24.138+0800: 1787160.857: [CMS-concurrent-abortable-preclean: 2.201/5.003 secs] [Times: user=2.25 sys=0.00, real=5.00 secs] 
2019-12-26T09:26:24.140+0800: 1787160.859: [GC (CMS Final Remark) [YG occupancy: 256488 K (737280 K)]2019-12-26T09:26:24.140+0800: 1787160.859: [Rescan (parallel) , 0.0610282 secs]2019-12-26T09:26:24.201+0800: 1787160.920: [weak refs processing, 0.0000718 secs]2019-12-26T09:26:24.201+0800: 1787160.920: [class unloading, 0.0293700 secs]2019-12-26T09:26:24.231+0800: 1787160.950: [scrub symbol table, 0.0094085 secs]2019-12-26T09:26:24.240+0800: 1787160.959: [scrub string table, 0.0017138 secs][1 CMS-remark: 830849K(1277952K)] 1087337K(2015232K), 0.1043031 secs] [Times: user=0.29 sys=0.00, real=0.11 secs] 
2019-12-26T09:26:24.245+0800: 1787160.964: [CMS-concurrent-sweep-start]
2019-12-26T09:26:24.547+0800: 1787161.266: [CMS-concurrent-sweep: 0.302/0.302 secs] [Times: user=0.31 sys=0.00, real=0.30 secs] 
2019-12-26T09:26:24.547+0800: 1787161.266: [CMS-concurrent-reset-start]
2019-12-26T09:26:24.550+0800: 1787161.269: [CMS-concurrent-reset: 0.003/0.003 secs] [Times: user=0.00 sys=0.00, real=0.00 secs] 
2019-12-26T09:26:26.551+0800: 1787163.270: [GC (CMS Initial Mark) [1 CMS-initial-mark: 830849K(1277952K)] 1087341K(2015232K), 0.0579913 secs] [Times: user=0.23 sys=0.00, real=0.06 secs] 
2019-12-26T09:26:26.609+0800: 1787163.328: [CMS-concurrent-mark-start]
2019-12-26T09:26:28.032+0800: 1787164.751: [CMS-concurrent-mark: 1.423/1.423 secs] [Times: user=1.44 sys=0.00, real=1.43 secs] 
2019-12-26T09:26:28.032+0800: 1787164.751: [CMS-concurrent-preclean-start]
2019-12-26T09:26:28.036+0800: 1787164.755: [CMS-concurrent-preclean: 0.004/0.004 secs] [Times: user=0.00 sys=0.00, real=0.00 secs] 
2019-12-26T09:26:28.036+0800: 1787164.755: [CMS-concurrent-abortable-preclean-start]
 CMS: abort preclean due to time 2019-12-26T09:26:33.070+0800: 1787169.789: [CMS-concurrent-abortable-preclean: 2.231/5.034 secs] [Times: user=2.28 sys=0.00, real=5.03 secs] 
2019-12-26T09:26:33.072+0800: 1787169.790: [GC (CMS Final Remark) [YG occupancy: 256670 K (737280 K)]2019-12-26T09:26:33.072+0800: 1787169.791: [Rescan (parallel) , 0.0621419 secs]2019-12-26T09:26:33.134+0800: 1787169.853: [weak refs processing, 0.0000646 secs]2019-12-26T09:26:33.134+0800: 1787169.853: [class unloading, 0.0294021 secs]2019-12-26T09:26:33.163+0800: 1787169.882: [scrub symbol table, 0.0095364 secs]2019-12-26T09:26:33.173+0800: 1787169.892: [scrub string table, 0.0017317 secs][1 CMS-remark: 830849K(1277952K)] 1087519K(2015232K), 0.1055476 secs] [Times: user=0.29 sys=0.00, real=0.11 secs] 
2019-12-26T09:26:33.178+0800: 1787169.896: [CMS-concurrent-sweep-start]
2019-12-26T09:26:33.483+0800: 1787170.202: [CMS-concurrent-sweep: 0.305/0.305 secs] [Times: user=0.30 sys=0.00, real=0.30 secs] 
2019-12-26T09:26:33.483+0800: 1787170.202: [CMS-concurrent-reset-start]
2019-12-26T09:26:33.486+0800: 1787170.205: [CMS-concurrent-reset: 0.003/0.003 secs] [Times: user=0.01 sys=0.00, real=0.01 secs] 
2019-12-26T09:26:35.487+0800: 1787172.206: [GC (CMS Initial Mark) [1 CMS-initial-mark: 830849K(1277952K)] 1091290K(2015232K), 0.0595448 secs] [Times: user=0.23 sys=0.00, real=0.06 secs] 
2019-12-26T09:26:35.547+0800: 1787172.266: [CMS-concurrent-mark-start]
2019-12-26T09:26:36.960+0800: 1787173.679: [CMS-concurrent-mark: 1.413/1.413 secs] [Times: user=1.44 sys=0.00, real=1.41 secs] 
2019-12-26T09:26:36.960+0800: 1787173.679: [CMS-concurrent-preclean-start]
2019-12-26T09:26:36.965+0800: 1787173.684: [CMS-concurrent-preclean: 0.005/0.005 secs] [Times: user=0.01 sys=0.00, real=0.01 secs] 
2019-12-26T09:26:36.965+0800: 1787173.684: [CMS-concurrent-abortable-preclean-start]
 CMS: abort preclean due to time 2019-12-26T09:26:42.139+0800: 1787178.858: [CMS-concurrent-abortable-preclean: 2.305/5.174 secs] [Times: user=2.36 sys=0.00, real=5.17 secs] 
2019-12-26T09:26:42.140+0800: 1787178.859: [GC (CMS Final Remark) [YG occupancy: 262474 K (737280 K)]2019-12-26T09:26:42.141+0800: 1787178.859: [Rescan (parallel) , 0.0643002 secs]2019-12-26T09:26:42.205+0800: 1787178.924: [weak refs processing, 0.0000649 secs]2019-12-26T09:26:42.205+0800: 1787178.924: [class unloading, 0.0288250 secs]2019-12-26T09:26:42.234+0800: 1787178.953: [scrub symbol table, 0.0090194 secs]2019-12-26T09:26:42.243+0800: 1787178.962: [scrub string table, 0.0017204 secs][1 CMS-remark: 830849K(1277952K)] 1093323K(2015232K), 0.1065869 secs] [Times: user=0.30 sys=0.00, real=0.11 secs] 
2019-12-26T09:26:42.247+0800: 1787178.966: [CMS-concurrent-sweep-start]
2019-12-26T09:26:42.549+0800: 1787179.267: [CMS-concurrent-sweep: 0.301/0.301 secs] [Times: user=0.31 sys=0.00, real=0.30 secs] 
2019-12-26T09:26:42.549+0800: 1787179.268: [CMS-concurrent-reset-start]
2019-12-26T09:26:42.552+0800: 1787179.271: [CMS-concurrent-reset: 0.003/0.003 secs] [Times: user=0.00 sys=0.00, real=0.00 secs] 
2019-12-26T09:26:44.554+0800: 1787181.272: [GC (CMS Initial Mark) [1 CMS-initial-mark: 830849K(1277952K)] 1095999K(2015232K), 0.0600067 secs] [Times: user=0.24 sys=0.00, real=0.06 secs] 
2019-12-26T09:26:44.614+0800: 1787181.333: [CMS-concurrent-mark-start]
2019-12-26T09:26:46.026+0800: 1787182.744: [CMS-concurrent-mark: 1.412/1.412 secs] [Times: user=1.43 sys=0.00, real=1.42 secs] 
2019-12-26T09:26:46.026+0800: 1787182.744: [CMS-concurrent-preclean-start]
2019-12-26T09:26:46.031+0800: 1787182.749: [CMS-concurrent-preclean: 0.005/0.005 secs] [Times: user=0.01 sys=0.00, real=0.00 secs] 
2019-12-26T09:26:46.031+0800: 1787182.749: [CMS-concurrent-abortable-preclean-start]
 CMS: abort preclean due to time 2019-12-26T09:26:51.086+0800: 1787187.805: [CMS-concurrent-abortable-preclean: 2.527/5.055 secs] [Times: user=2.63 sys=0.00, real=5.06 secs] 
2019-12-26T09:26:51.088+0800: 1787187.807: [GC (CMS Final Remark) [YG occupancy: 271610 K (737280 K)]2019-12-26T09:26:51.088+0800: 1787187.807: [Rescan (parallel) , 0.0651886 secs]2019-12-26T09:26:51.153+0800: 1787187.872: [weak refs processing, 0.0000640 secs]2019-12-26T09:26:51.153+0800: 1787187.872: [class unloading, 0.0291357 secs]2019-12-26T09:26:51.182+0800: 1787187.901: [scrub symbol table, 0.0095890 secs]2019-12-26T09:26:51.192+0800: 1787187.911: [scrub string table, 0.0017242 secs][1 CMS-remark: 830849K(1277952K)] 1102459K(2015232K), 0.1083523 secs] [Times: user=0.30 sys=0.00, real=0.11 secs] 
2019-12-26T09:26:51.196+0800: 1787187.915: [CMS-concurrent-sweep-start]
2019-12-26T09:26:51.491+0800: 1787188.209: [CMS-concurrent-sweep: 0.294/0.294 secs] [Times: user=0.30 sys=0.00, real=0.29 secs] 
2019-12-26T09:26:51.491+0800: 1787188.210: [CMS-concurrent-reset-start]
2019-12-26T09:26:51.494+0800: 1787188.213: [CMS-concurrent-reset: 0.003/0.003 secs] [Times: user=0.00 sys=0.00, real=0.00 secs] 
2019-12-26T09:26:53.495+0800: 1787190.213: [GC (CMS Initial Mark) [1 CMS-initial-mark: 830849K(1277952K)] 1102611K(2015232K), 0.0621942 secs] [Times: user=0.24 sys=0.00, real=0.07 secs] 
2019-12-26T09:26:53.557+0800: 1787190.276: [CMS-concurrent-mark-start]
2019-12-26T09:26:54.980+0800: 1787191.699: [CMS-concurrent-mark: 1.423/1.423 secs] [Times: user=1.44 sys=0.00, real=1.42 secs] 
2019-12-26T09:26:54.980+0800: 1787191.699: [CMS-concurrent-preclean-start]
2019-12-26T09:26:54.984+0800: 1787191.703: [CMS-concurrent-preclean: 0.004/0.004 secs] [Times: user=0.00 sys=0.00, real=0.00 secs] 
2019-12-26T09:26:54.984+0800: 1787191.703: [CMS-concurrent-abortable-preclean-start]
 CMS: abort preclean due to time 2019-12-26T09:27:00.035+0800: 1787196.754: [CMS-concurrent-abortable-preclean: 2.248/5.051 secs] [Times: user=2.30 sys=0.00, real=5.05 secs] 
2019-12-26T09:27:00.037+0800: 1787196.756: [GC (CMS Final Remark) [YG occupancy: 271774 K (737280 K)]2019-12-26T09:27:00.037+0800: 1787196.756: [Rescan (parallel) , 0.0664151 secs]2019-12-26T09:27:00.103+0800: 1787196.822: [weak refs processing, 0.0000680 secs]2019-12-26T09:27:00.104+0800: 1787196.822: [class unloading, 0.0289235 secs]2019-12-26T09:27:00.132+0800: 1787196.851: [scrub symbol table, 0.0093076 secs]2019-12-26T09:27:00.142+0800: 1787196.861: [scrub string table, 0.0017120 secs][1 CMS-remark: 830849K(1277952K)] 1102624K(2015232K), 0.1090277 secs] [Times: user=0.31 sys=0.00, real=0.11 secs] 
2019-12-26T09:27:00.146+0800: 1787196.865: [CMS-concurrent-sweep-start]
2019-12-26T09:27:00.436+0800: 1787197.155: [CMS-concurrent-sweep: 0.290/0.290 secs] [Times: user=0.29 sys=0.00, real=0.29 secs] 
2019-12-26T09:27:00.436+0800: 1787197.155: [CMS-concurrent-reset-start]
2019-12-26T09:27:00.439+0800: 1787197.158: [CMS-concurrent-reset: 0.003/0.003 secs] [Times: user=0.00 sys=0.00, real=0.01 secs] 
2019-12-26T09:27:02.441+0800: 1787199.160: [GC (CMS Initial Mark) [1 CMS-initial-mark: 830849K(1277952K)] 1105065K(2015232K), 0.0628205 secs] [Times: user=0.25 sys=0.00, real=0.06 secs] 
2019-12-26T09:27:02.504+0800: 1787199.223: [CMS-concurrent-mark-start]
2019-12-26T09:27:03.917+0800: 1787200.636: [CMS-concurrent-mark: 1.411/1.413 secs] [Times: user=1.44 sys=0.00, real=1.41 secs] 
2019-12-26T09:27:03.917+0800: 1787200.636: [CMS-concurrent-preclean-start]
2019-12-26T09:27:03.923+0800: 1787200.641: [CMS-concurrent-preclean: 0.005/0.005 secs] [Times: user=0.01 sys=0.00, real=0.00 secs] 
2019-12-26T09:27:03.923+0800: 1787200.641: [CMS-concurrent-abortable-preclean-start]
 CMS: abort preclean due to time 2019-12-26T09:27:09.015+0800: 1787205.734: [CMS-concurrent-abortable-preclean: 2.375/5.092 secs] [Times: user=2.44 sys=0.00, real=5.09 secs] 
2019-12-26T09:27:09.017+0800: 1787205.736: [GC (CMS Final Remark) [YG occupancy: 279117 K (737280 K)]2019-12-26T09:27:09.017+0800: 1787205.736: [Rescan (parallel) , 0.0679633 secs]2019-12-26T09:27:09.085+0800: 1787205.804: [weak refs processing, 0.0000636 secs]2019-12-26T09:27:09.085+0800: 1787205.804: [class unloading, 0.0294063 secs]2019-12-26T09:27:09.114+0800: 1787205.833: [scrub symbol table, 0.0093665 secs]2019-12-26T09:27:09.124+0800: 1787205.843: [scrub string table, 0.0017183 secs][1 CMS-remark: 830849K(1277952K)] 1109966K(2015232K), 0.1111861 secs] [Times: user=0.31 sys=0.00, real=0.11 secs] 
2019-12-26T09:27:09.128+0800: 1787205.847: [CMS-concurrent-sweep-start]
2019-12-26T09:27:09.423+0800: 1787206.142: [CMS-concurrent-sweep: 0.294/0.294 secs] [Times: user=0.31 sys=0.00, real=0.30 secs] 
2019-12-26T09:27:09.423+0800: 1787206.142: [CMS-concurrent-reset-start]
2019-12-26T09:27:09.426+0800: 1787206.145: [CMS-concurrent-reset: 0.003/0.003 secs] [Times: user=0.00 sys=0.00, real=0.00 secs] 
2019-12-26T09:27:11.427+0800: 1787208.146: [GC (CMS Initial Mark) [1 CMS-initial-mark: 830849K(1277952K)] 1110942K(2015232K), 0.0647031 secs] [Times: user=0.25 sys=0.00, real=0.07 secs] 
2019-12-26T09:27:11.492+0800: 1787208.211: [CMS-concurrent-mark-start]
2019-12-26T09:27:12.961+0800: 1787209.680: [CMS-concurrent-mark: 1.465/1.469 secs] [Times: user=1.52 sys=0.00, real=1.47 secs] 
2019-12-26T09:27:12.962+0800: 1787209.680: [CMS-concurrent-preclean-start]
2019-12-26T09:27:12.966+0800: 1787209.685: [CMS-concurrent-preclean: 0.004/0.004 secs] [Times: user=0.01 sys=0.00, real=0.00 secs] 
2019-12-26T09:27:12.966+0800: 1787209.685: [CMS-concurrent-abortable-preclean-start]
 CMS: abort preclean due to time 2019-12-26T09:27:17.984+0800: 1787214.703: [CMS-concurrent-abortable-preclean: 2.315/5.018 secs] [Times: user=2.39 sys=0.00, real=5.02 secs] 
2019-12-26T09:27:17.986+0800: 1787214.705: [GC (CMS Final Remark) [YG occupancy: 285608 K (737280 K)]2019-12-26T09:27:17.986+0800: 1787214.705: [Rescan (parallel) , 0.0689897 secs]2019-12-26T09:27:18.055+0800: 1787214.774: [weak refs processing, 0.0000653 secs]2019-12-26T09:27:18.055+0800: 1787214.774: [class unloading, 0.0291125 secs]2019-12-26T09:27:18.084+0800: 1787214.803: [scrub symbol table, 0.0095005 secs]2019-12-26T09:27:18.094+0800: 1787214.812: [scrub string table, 0.0017199 secs][1 CMS-remark: 830849K(1277952K)] 1116457K(2015232K), 0.1120794 secs] [Times: user=0.31 sys=0.00, real=0.11 secs] 
2019-12-26T09:27:18.098+0800: 1787214.817: [CMS-concurrent-sweep-start]
2019-12-26T09:27:18.388+0800: 1787215.107: [CMS-concurrent-sweep: 0.290/0.290 secs] [Times: user=0.30 sys=0.00, real=0.29 secs] 
2019-12-26T09:27:18.388+0800: 1787215.107: [CMS-concurrent-reset-start]
2019-12-26T09:27:18.391+0800: 1787215.110: [CMS-concurrent-reset: 0.003/0.003 secs] [Times: user=0.00 sys=0.00, real=0.01 secs] 
2019-12-26T09:27:20.392+0800: 1787217.111: [GC (CMS Initial Mark) [1 CMS-initial-mark: 830849K(1277952K)] 1116471K(2015232K), 0.0651847 secs] [Times: user=0.26 sys=0.00, real=0.06 secs] 
2019-12-26T09:27:20.457+0800: 1787217.176: [CMS-concurrent-mark-start]
2019-12-26T09:27:21.870+0800: 1787218.589: [CMS-concurrent-mark: 1.413/1.413 secs] [Times: user=1.42 sys=0.00, real=1.41 secs] 
2019-12-26T09:27:21.870+0800: 1787218.589: [CMS-concurrent-preclean-start]
2019-12-26T09:27:21.874+0800: 1787218.593: [CMS-concurrent-preclean: 0.004/0.004 secs] [Times: user=0.01 sys=0.00, real=0.01 secs] 
2019-12-26T09:27:21.874+0800: 1787218.593: [CMS-concurrent-abortable-preclean-start]
 CMS: abort preclean due to time 2019-12-26T09:27:26.992+0800: 1787223.711: [CMS-concurrent-abortable-preclean: 2.415/5.118 secs] [Times: user=2.48 sys=0.00, real=5.12 secs] 
2019-12-26T09:27:26.994+0800: 1787223.713: [GC (CMS Final Remark) [YG occupancy: 288937 K (737280 K)]2019-12-26T09:27:26.994+0800: 1787223.713: [Rescan (parallel) , 0.0695966 secs]2019-12-26T09:27:27.064+0800: 1787223.783: [weak refs processing, 0.0000644 secs]2019-12-26T09:27:27.064+0800: 1787223.783: [class unloading, 0.0293351 secs]2019-12-26T09:27:27.093+0800: 1787223.812: [scrub symbol table, 0.0095191 secs]2019-12-26T09:27:27.103+0800: 1787223.822: [scrub string table, 0.0016950 secs][1 CMS-remark: 830849K(1277952K)] 1119786K(2015232K), 0.1128657 secs] [Times: user=0.32 sys=0.00, real=0.11 secs] 
2019-12-26T09:27:27.107+0800: 1787223.826: [CMS-concurrent-sweep-start]
2019-12-26T09:27:27.397+0800: 1787224.115: [CMS-concurrent-sweep: 0.289/0.289 secs] [Times: user=0.29 sys=0.00, real=0.29 secs] 
2019-12-26T09:27:27.397+0800: 1787224.116: [CMS-concurrent-reset-start]
2019-12-26T09:27:27.400+0800: 1787224.119: [CMS-concurrent-reset: 0.003/0.003 secs] [Times: user=0.00 sys=0.00, real=0.00 secs] 
2019-12-26T09:27:29.401+0800: 1787226.119: [GC (CMS Initial Mark) [1 CMS-initial-mark: 830849K(1277952K)] 1119810K(2015232K), 0.0653954 secs] [Times: user=0.26 sys=0.00, real=0.07 secs] 
2019-12-26T09:27:29.466+0800: 1787226.185: [CMS-concurrent-mark-start]
2019-12-26T09:27:30.876+0800: 1787227.595: [CMS-concurrent-mark: 1.410/1.410 secs] [Times: user=1.43 sys=0.00, real=1.41 secs] 
2019-12-26T09:27:30.876+0800: 1787227.595: [CMS-concurrent-preclean-start]
2019-12-26T09:27:30.880+0800: 1787227.599: [CMS-concurrent-preclean: 0.004/0.004 secs] [Times: user=0.00 sys=0.00, real=0.00 secs] 
2019-12-26T09:27:30.880+0800: 1787227.599: [CMS-concurrent-abortable-preclean-start]
 CMS: abort preclean due to time 2019-12-26T09:27:35.911+0800: 1787232.630: [CMS-concurrent-abortable-preclean: 2.228/5.031 secs] [Times: user=2.29 sys=0.00, real=5.03 secs] 
2019-12-26T09:27:35.913+0800: 1787232.631: [GC (CMS Final Remark) [YG occupancy: 290361 K (737280 K)]2019-12-26T09:27:35.913+0800: 1787232.632: [Rescan (parallel) , 0.0706998 secs]2019-12-26T09:27:35.983+0800: 1787232.702: [weak refs processing, 0.0000649 secs]2019-12-26T09:27:35.984+0800: 1787232.702: [class unloading, 0.0294514 secs]2019-12-26T09:27:36.013+0800: 1787232.732: [scrub symbol table, 0.0092772 secs]2019-12-26T09:27:36.022+0800: 1787232.741: [scrub string table, 0.0017136 secs][1 CMS-remark: 830849K(1277952K)] 1121210K(2015232K), 0.1139299 secs] [Times: user=0.32 sys=0.00, real=0.11 secs] 
2019-12-26T09:27:36.027+0800: 1787232.746: [CMS-concurrent-sweep-start]
2019-12-26T09:27:36.324+0800: 1787233.043: [CMS-concurrent-sweep: 0.297/0.297 secs] [Times: user=0.30 sys=0.00, real=0.30 secs] 
2019-12-26T09:27:36.324+0800: 1787233.043: [CMS-concurrent-reset-start]
2019-12-26T09:27:36.327+0800: 1787233.046: [CMS-concurrent-reset: 0.003/0.003 secs] [Times: user=0.01 sys=0.00, real=0.00 secs] 
2019-12-26T09:27:38.328+0800: 1787235.047: [GC (CMS Initial Mark) [1 CMS-initial-mark: 830848K(1277952K)] 1123070K(2015232K), 0.0773771 secs] [Times: user=0.23 sys=0.00, real=0.08 secs] 
2019-12-26T09:27:38.406+0800: 1787235.125: [CMS-concurrent-mark-start]
2019-12-26T09:27:39.820+0800: 1787236.539: [CMS-concurrent-mark: 1.414/1.414 secs] [Times: user=1.43 sys=0.00, real=1.41 secs] 
2019-12-26T09:27:39.820+0800: 1787236.539: [CMS-concurrent-preclean-start]
2019-12-26T09:27:39.825+0800: 1787236.544: [CMS-concurrent-preclean: 0.004/0.005 secs] [Times: user=0.01 sys=0.00, real=0.01 secs] 
2019-12-26T09:27:39.825+0800: 1787236.544: [CMS-concurrent-abortable-preclean-start]
 CMS: abort preclean due to time 2019-12-26T09:27:44.902+0800: 1787241.621: [CMS-concurrent-abortable-preclean: 2.288/5.077 secs] [Times: user=2.36 sys=0.00, real=5.07 secs] 
2019-12-26T09:27:44.903+0800: 1787241.622: [GC (CMS Final Remark) [YG occupancy: 294738 K (737280 K)]2019-12-26T09:27:44.904+0800: 1787241.622: [Rescan (parallel) , 0.0802470 secs]2019-12-26T09:27:44.984+0800: 1787241.703: [weak refs processing, 0.0000641 secs]2019-12-26T09:27:44.984+0800: 1787241.703: [class unloading, 0.0290664 secs]2019-12-26T09:27:45.013+0800: 1787241.732: [scrub symbol table, 0.0094547 secs]2019-12-26T09:27:45.023+0800: 1787241.741: [scrub string table, 0.0016819 secs][1 CMS-remark: 830848K(1277952K)] 1125587K(2015232K), 0.1231264 secs] [Times: user=0.28 sys=0.00, real=0.12 secs] 
2019-12-26T09:27:45.027+0800: 1787241.746: [CMS-concurrent-sweep-start]
2019-12-26T09:27:45.317+0800: 1787242.036: [CMS-concurrent-sweep: 0.290/0.290 secs] [Times: user=0.31 sys=0.00, real=0.29 secs] 
2019-12-26T09:27:45.317+0800: 1787242.036: [CMS-concurrent-reset-start]
2019-12-26T09:27:45.320+0800: 1787242.039: [CMS-concurrent-reset: 0.003/0.003 secs] [Times: user=0.00 sys=0.00, real=0.00 secs] 
2019-12-26T09:27:47.322+0800: 1787244.040: [GC (CMS Initial Mark) [1 CMS-initial-mark: 830848K(1277952K)] 1132737K(2015232K), 0.0697380 secs] [Times: user=0.28 sys=0.00, real=0.07 secs] 
2019-12-26T09:27:47.392+0800: 1787244.110: [CMS-concurrent-mark-start]
2019-12-26T09:27:48.826+0800: 1787245.545: [CMS-concurrent-mark: 1.435/1.435 secs] [Times: user=1.45 sys=0.00, real=1.44 secs] 
2019-12-26T09:27:48.826+0800: 1787245.545: [CMS-concurrent-preclean-start]
2019-12-26T09:27:48.832+0800: 1787245.550: [CMS-concurrent-preclean: 0.005/0.005 secs] [Times: user=0.00 sys=0.00, real=0.00 secs] 
2019-12-26T09:27:48.832+0800: 1787245.550: [CMS-concurrent-abortable-preclean-start]
 CMS: abort preclean due to time 2019-12-26T09:27:53.902+0800: 1787250.621: [CMS-concurrent-abortable-preclean: 2.368/5.070 secs] [Times: user=2.45 sys=0.00, real=5.07 secs] 
2019-12-26T09:27:53.904+0800: 1787250.623: [GC (CMS Final Remark) [YG occupancy: 306285 K (737280 K)]2019-12-26T09:27:53.906+0800: 1787250.625: [Rescan (parallel) , 0.0732102 secs]2019-12-26T09:27:53.979+0800: 1787250.698: [weak refs processing, 0.0000644 secs]2019-12-26T09:27:53.980+0800: 1787250.698: [class unloading, 0.0289286 secs]2019-12-26T09:27:54.009+0800: 1787250.727: [scrub symbol table, 0.0088409 secs]2019-12-26T09:27:54.017+0800: 1787250.736: [scrub string table, 0.0016769 secs][1 CMS-remark: 830848K(1277952K)] 1137133K(2015232K), 0.1175793 secs] [Times: user=0.33 sys=0.00, real=0.12 secs] 
2019-12-26T09:27:54.022+0800: 1787250.741: [CMS-concurrent-sweep-start]
2019-12-26T09:27:54.315+0800: 1787251.034: [CMS-concurrent-sweep: 0.293/0.293 secs] [Times: user=0.30 sys=0.00, real=0.30 secs] 
2019-12-26T09:27:54.315+0800: 1787251.034: [CMS-concurrent-reset-start]
2019-12-26T09:27:54.319+0800: 1787251.037: [CMS-concurrent-reset: 0.003/0.003 secs] [Times: user=0.00 sys=0.00, real=0.00 secs] 
2019-12-26T09:27:56.319+0800: 1787253.038: [GC (CMS Initial Mark) [1 CMS-initial-mark: 830848K(1277952K)] 1137133K(2015232K), 0.0696244 secs] [Times: user=0.28 sys=0.00, real=0.07 secs] 
2019-12-26T09:27:56.389+0800: 1787253.108: [CMS-concurrent-mark-start]
2019-12-26T09:27:57.816+0800: 1787254.534: [CMS-concurrent-mark: 1.426/1.426 secs] [Times: user=1.44 sys=0.00, real=1.43 secs] 
2019-12-26T09:27:57.816+0800: 1787254.535: [CMS-concurrent-preclean-start]
2019-12-26T09:27:57.820+0800: 1787254.538: [CMS-concurrent-preclean: 0.004/0.004 secs] [Times: user=0.00 sys=0.00, real=0.00 secs] 
2019-12-26T09:27:57.820+0800: 1787254.538: [CMS-concurrent-abortable-preclean-start]
 CMS: abort preclean due to time 2019-12-26T09:28:02.850+0800: 1787259.568: [CMS-concurrent-abortable-preclean: 2.227/5.030 secs] [Times: user=2.27 sys=0.00, real=5.03 secs] 
2019-12-26T09:28:02.851+0800: 1787259.570: [GC (CMS Final Remark) [YG occupancy: 306895 K (737280 K)]2019-12-26T09:28:02.852+0800: 1787259.570: [Rescan (parallel) , 0.0731584 secs]2019-12-26T09:28:02.925+0800: 1787259.644: [weak refs processing, 0.0000644 secs]2019-12-26T09:28:02.925+0800: 1787259.644: [class unloading, 0.0288889 secs]2019-12-26T09:28:02.954+0800: 1787259.673: [scrub symbol table, 0.0093016 secs]2019-12-26T09:28:02.963+0800: 1787259.682: [scrub string table, 0.0016969 secs][1 CMS-remark: 830848K(1277952K)] 1137743K(2015232K), 0.1157833 secs] [Times: user=0.34 sys=0.00, real=0.12 secs] 
2019-12-26T09:28:02.968+0800: 1787259.686: [CMS-concurrent-sweep-start]
2019-12-26T09:28:03.261+0800: 1787259.979: [CMS-concurrent-sweep: 0.293/0.293 secs] [Times: user=0.29 sys=0.00, real=0.29 secs] 
2019-12-26T09:28:03.261+0800: 1787259.980: [CMS-concurrent-reset-start]
2019-12-26T09:28:03.264+0800: 1787259.983: [CMS-concurrent-reset: 0.003/0.003 secs] [Times: user=0.01 sys=0.00, real=0.00 secs] 
2019-12-26T09:28:05.265+0800: 1787261.983: [GC (CMS Initial Mark) [1 CMS-initial-mark: 830848K(1277952K)] 1137743K(2015232K), 0.0697279 secs] [Times: user=0.27 sys=0.00, real=0.07 secs] 
2019-12-26T09:28:05.335+0800: 1787262.053: [CMS-concurrent-mark-start]
2019-12-26T09:28:06.747+0800: 1787263.466: [CMS-concurrent-mark: 1.412/1.412 secs] [Times: user=1.43 sys=0.00, real=1.41 secs] 
2019-12-26T09:28:06.747+0800: 1787263.466: [CMS-concurrent-preclean-start]
2019-12-26T09:28:06.751+0800: 1787263.470: [CMS-concurrent-preclean: 0.004/0.004 secs] [Times: user=0.00 sys=0.00, real=0.01 secs] 
2019-12-26T09:28:06.751+0800: 1787263.470: [CMS-concurrent-abortable-preclean-start]
 CMS: abort preclean due to time 2019-12-26T09:28:11.925+0800: 1787268.644: [CMS-concurrent-abortable-preclean: 2.689/5.174 secs] [Times: user=2.82 sys=0.00, real=5.17 secs] 
2019-12-26T09:28:11.927+0800: 1787268.646: [GC (CMS Final Remark) [YG occupancy: 315691 K (737280 K)]2019-12-26T09:28:11.927+0800: 1787268.646: [Rescan (parallel) , 0.0754503 secs]2019-12-26T09:28:12.003+0800: 1787268.722: [weak refs processing, 0.0000643 secs]2019-12-26T09:28:12.003+0800: 1787268.722: [class unloading, 0.0289809 secs]2019-12-26T09:28:12.032+0800: 1787268.751: [scrub symbol table, 0.0090601 secs]2019-12-26T09:28:12.041+0800: 1787268.760: [scrub string table, 0.0017202 secs][1 CMS-remark: 830848K(1277952K)] 1146540K(2015232K), 0.1179071 secs] [Times: user=0.34 sys=0.00, real=0.12 secs] 
2019-12-26T09:28:12.045+0800: 1787268.764: [CMS-concurrent-sweep-start]
2019-12-26T09:28:12.339+0800: 1787269.058: [CMS-concurrent-sweep: 0.294/0.294 secs] [Times: user=0.30 sys=0.00, real=0.30 secs] 
2019-12-26T09:28:12.340+0800: 1787269.058: [CMS-concurrent-reset-start]
2019-12-26T09:28:12.343+0800: 1787269.061: [CMS-concurrent-reset: 0.003/0.003 secs] [Times: user=0.01 sys=0.00, real=0.00 secs] 
2019-12-26T09:28:14.343+0800: 1787271.062: [GC (CMS Initial Mark) [1 CMS-initial-mark: 830848K(1277952K)] 1150399K(2015232K), 0.0727620 secs] [Times: user=0.29 sys=0.00, real=0.07 secs] 
2019-12-26T09:28:14.417+0800: 1787271.135: [CMS-concurrent-mark-start]
2019-12-26T09:28:15.846+0800: 1787272.565: [CMS-concurrent-mark: 1.429/1.429 secs] [Times: user=1.45 sys=0.00, real=1.43 secs] 
2019-12-26T09:28:15.846+0800: 1787272.565: [CMS-concurrent-preclean-start]
2019-12-26T09:28:15.851+0800: 1787272.570: [CMS-concurrent-preclean: 0.004/0.005 secs] [Times: user=0.00 sys=0.00, real=0.01 secs] 
2019-12-26T09:28:15.851+0800: 1787272.570: [CMS-concurrent-abortable-preclean-start]
 CMS: abort preclean due to time 2019-12-26T09:28:20.961+0800: 1787277.680: [CMS-concurrent-abortable-preclean: 2.376/5.110 secs] [Times: user=2.46 sys=0.00, real=5.11 secs] 
2019-12-26T09:28:20.962+0800: 1787277.681: [GC (CMS Final Remark) [YG occupancy: 324225 K (737280 K)]2019-12-26T09:28:20.963+0800: 1787277.681: [Rescan (parallel) , 0.0889848 secs]2019-12-26T09:28:21.052+0800: 1787277.770: [weak refs processing, 0.0000667 secs]2019-12-26T09:28:21.052+0800: 1787277.771: [class unloading, 0.0289470 secs]2019-12-26T09:28:21.081+0800: 1787277.799: [scrub symbol table, 0.0090070 secs]2019-12-26T09:28:21.090+0800: 1787277.809: [scrub string table, 0.0016800 secs][1 CMS-remark: 830848K(1277952K)] 1155073K(2015232K), 0.1313532 secs] [Times: user=0.32 sys=0.00, real=0.13 secs] 
2019-12-26T09:28:21.094+0800: 1787277.813: [CMS-concurrent-sweep-start]
2019-12-26T09:28:21.389+0800: 1787278.108: [CMS-concurrent-sweep: 0.295/0.295 secs] [Times: user=0.29 sys=0.00, real=0.29 secs] 
2019-12-26T09:28:21.389+0800: 1787278.108: [CMS-concurrent-reset-start]
2019-12-26T09:28:21.392+0800: 1787278.111: [CMS-concurrent-reset: 0.003/0.003 secs] [Times: user=0.01 sys=0.00, real=0.01 secs] 
2019-12-26T09:28:23.393+0800: 1787280.112: [GC (CMS Initial Mark) [1 CMS-initial-mark: 830848K(1277952K)] 1155077K(2015232K), 0.0734704 secs] [Times: user=0.29 sys=0.00, real=0.07 secs] 
2019-12-26T09:28:23.467+0800: 1787280.185: [CMS-concurrent-mark-start]
2019-12-26T09:28:24.891+0800: 1787281.610: [CMS-concurrent-mark: 1.425/1.425 secs] [Times: user=1.44 sys=0.00, real=1.43 secs] 
2019-12-26T09:28:24.891+0800: 1787281.610: [CMS-concurrent-preclean-start]
2019-12-26T09:28:24.895+0800: 1787281.614: [CMS-concurrent-preclean: 0.004/0.004 secs] [Times: user=0.00 sys=0.00, real=0.00 secs] 
2019-12-26T09:28:24.895+0800: 1787281.614: [CMS-concurrent-abortable-preclean-start]
 CMS: abort preclean due to time 2019-12-26T09:28:29.919+0800: 1787286.638: [CMS-concurrent-abortable-preclean: 2.221/5.024 secs] [Times: user=2.28 sys=0.00, real=5.02 secs] 
2019-12-26T09:28:29.921+0800: 1787286.640: [GC (CMS Final Remark) [YG occupancy: 324238 K (737280 K)]2019-12-26T09:28:29.921+0800: 1787286.640: [Rescan (parallel) , 0.0787244 secs]2019-12-26T09:28:30.000+0800: 1787286.719: [weak refs processing, 0.0000663 secs]2019-12-26T09:28:30.000+0800: 1787286.719: [class unloading, 0.0291490 secs]2019-12-26T09:28:30.029+0800: 1787286.748: [scrub symbol table, 0.0090792 secs]2019-12-26T09:28:30.038+0800: 1787286.757: [scrub string table, 0.0017067 secs][1 CMS-remark: 830848K(1277952K)] 1155087K(2015232K), 0.1213355 secs] [Times: user=0.36 sys=0.00, real=0.12 secs] 
2019-12-26T09:28:30.042+0800: 1787286.761: [CMS-concurrent-sweep-start]
2019-12-26T09:28:30.336+0800: 1787287.054: [CMS-concurrent-sweep: 0.293/0.293 secs] [Times: user=0.29 sys=0.00, real=0.29 secs] 
2019-12-26T09:28:30.336+0800: 1787287.055: [CMS-concurrent-reset-start]
2019-12-26T09:28:30.339+0800: 1787287.058: [CMS-concurrent-reset: 0.003/0.003 secs] [Times: user=0.01 sys=0.00, real=0.00 secs] 
2019-12-26T09:28:32.339+0800: 1787289.058: [GC (CMS Initial Mark) [1 CMS-initial-mark: 830848K(1277952K)] 1156004K(2015232K), 0.0847999 secs] [Times: user=0.26 sys=0.00, real=0.09 secs] 
2019-12-26T09:28:32.425+0800: 1787289.143: [CMS-concurrent-mark-start]
2019-12-26T09:28:33.856+0800: 1787290.575: [CMS-concurrent-mark: 1.431/1.431 secs] [Times: user=1.44 sys=0.00, real=1.43 secs] 
2019-12-26T09:28:33.856+0800: 1787290.575: [CMS-concurrent-preclean-start]
2019-12-26T09:28:33.860+0800: 1787290.579: [CMS-concurrent-preclean: 0.004/0.004 secs] [Times: user=0.01 sys=0.00, real=0.00 secs] 
2019-12-26T09:28:33.860+0800: 1787290.579: [CMS-concurrent-abortable-preclean-start]
 CMS: abort preclean due to time 2019-12-26T09:28:38.914+0800: 1787295.633: [CMS-concurrent-abortable-preclean: 2.243/5.054 secs] [Times: user=2.31 sys=0.00, real=5.06 secs] 
2019-12-26T09:28:38.916+0800: 1787295.635: [GC (CMS Final Remark) [YG occupancy: 327725 K (737280 K)]2019-12-26T09:28:38.916+0800: 1787295.635: [Rescan (parallel) , 0.0904585 secs]2019-12-26T09:28:39.007+0800: 1787295.726: [weak refs processing, 0.0000658 secs]2019-12-26T09:28:39.007+0800: 1787295.726: [class unloading, 0.0292497 secs]2019-12-26T09:28:39.036+0800: 1787295.755: [scrub symbol table, 0.0094273 secs]2019-12-26T09:28:39.045+0800: 1787295.764: [scrub string table, 0.0016928 secs][1 CMS-remark: 830848K(1277952K)] 1158574K(2015232K), 0.1335566 secs] [Times: user=0.32 sys=0.00, real=0.13 secs] 
2019-12-26T09:28:39.050+0800: 1787295.769: [CMS-concurrent-sweep-start]
2019-12-26T09:28:39.343+0800: 1787296.062: [CMS-concurrent-sweep: 0.293/0.293 secs] [Times: user=0.29 sys=0.00, real=0.30 secs] 
2019-12-26T09:28:39.343+0800: 1787296.062: [CMS-concurrent-reset-start]
2019-12-26T09:28:39.346+0800: 1787296.065: [CMS-concurrent-reset: 0.003/0.003 secs] [Times: user=0.01 sys=0.00, real=0.00 secs] 
2019-12-26T09:28:41.347+0800: 1787298.066: [GC (CMS Initial Mark) [1 CMS-initial-mark: 830848K(1277952K)] 1158587K(2015232K), 0.0747209 secs] [Times: user=0.29 sys=0.00, real=0.07 secs] 
2019-12-26T09:28:41.422+0800: 1787298.141: [CMS-concurrent-mark-start]
2019-12-26T09:28:42.827+0800: 1787299.546: [CMS-concurrent-mark: 1.405/1.405 secs] [Times: user=1.41 sys=0.00, real=1.41 secs] 
2019-12-26T09:28:42.828+0800: 1787299.546: [CMS-concurrent-preclean-start]
2019-12-26T09:28:42.831+0800: 1787299.550: [CMS-concurrent-preclean: 0.004/0.004 secs] [Times: user=0.00 sys=0.00, real=0.00 secs] 
2019-12-26T09:28:42.831+0800: 1787299.550: [CMS-concurrent-abortable-preclean-start]
 CMS: abort preclean due to time 2019-12-26T09:28:47.833+0800: 1787304.551: [CMS-concurrent-abortable-preclean: 2.220/5.001 secs] [Times: user=2.28 sys=0.00, real=5.00 secs] 
2019-12-26T09:28:47.834+0800: 1787304.553: [GC (CMS Final Remark) [YG occupancy: 328618 K (737280 K)]2019-12-26T09:28:47.835+0800: 1787304.553: [Rescan (parallel) , 0.0801853 secs]2019-12-26T09:28:47.915+0800: 1787304.634: [weak refs processing, 0.0000646 secs]2019-12-26T09:28:47.915+0800: 1787304.634: [class unloading, 0.0293658 secs]2019-12-26T09:28:47.944+0800: 1787304.663: [scrub symbol table, 0.0093894 secs]2019-12-26T09:28:47.954+0800: 1787304.672: [scrub string table, 0.0017255 secs][1 CMS-remark: 830848K(1277952K)] 1159467K(2015232K), 0.1233867 secs] [Times: user=0.36 sys=0.00, real=0.12 secs] 
2019-12-26T09:28:47.958+0800: 1787304.677: [CMS-concurrent-sweep-start]
2019-12-26T09:28:48.255+0800: 1787304.974: [CMS-concurrent-sweep: 0.297/0.297 secs] [Times: user=0.30 sys=0.00, real=0.30 secs] 
2019-12-26T09:28:48.255+0800: 1787304.974: [CMS-concurrent-reset-start]
2019-12-26T09:28:48.259+0800: 1787304.977: [CMS-concurrent-reset: 0.003/0.003 secs] [Times: user=0.01 sys=0.00, real=0.00 secs] 
2019-12-26T09:28:50.259+0800: 1787306.978: [GC (CMS Initial Mark) [1 CMS-initial-mark: 830848K(1277952K)] 1159469K(2015232K), 0.0788348 secs] [Times: user=0.29 sys=0.00, real=0.08 secs] 
2019-12-26T09:28:50.338+0800: 1787307.057: [CMS-concurrent-mark-start]
2019-12-26T09:28:51.739+0800: 1787308.457: [CMS-concurrent-mark: 1.400/1.400 secs] [Times: user=1.42 sys=0.00, real=1.40 secs] 
2019-12-26T09:28:51.739+0800: 1787308.458: [CMS-concurrent-preclean-start]
2019-12-26T09:28:51.743+0800: 1787308.462: [CMS-concurrent-preclean: 0.004/0.004 secs] [Times: user=0.01 sys=0.00, real=0.00 secs] 
2019-12-26T09:28:51.743+0800: 1787308.462: [CMS-concurrent-abortable-preclean-start]
 CMS: abort preclean due to time 2019-12-26T09:28:56.854+0800: 1787313.573: [CMS-concurrent-abortable-preclean: 2.308/5.111 secs] [Times: user=2.37 sys=0.00, real=5.11 secs] 
2019-12-26T09:28:56.855+0800: 1787313.574: [GC (CMS Final Remark) [YG occupancy: 330692 K (737280 K)]2019-12-26T09:28:56.856+0800: 1787313.574: [Rescan (parallel) , 0.0788165 secs]2019-12-26T09:28:56.934+0800: 1787313.653: [weak refs processing, 0.0000665 secs]2019-12-26T09:28:56.935+0800: 1787313.653: [class unloading, 0.0290478 secs]2019-12-26T09:28:56.964+0800: 1787313.682: [scrub symbol table, 0.0090488 secs]2019-12-26T09:28:56.973+0800: 1787313.692: [scrub string table, 0.0017237 secs][1 CMS-remark: 830848K(1277952K)] 1161541K(2015232K), 0.1213444 secs] [Times: user=0.35 sys=0.00, real=0.12 secs] 
2019-12-26T09:28:56.977+0800: 1787313.696: [CMS-concurrent-sweep-start]
2019-12-26T09:28:57.266+0800: 1787313.985: [CMS-concurrent-sweep: 0.289/0.289 secs] [Times: user=0.29 sys=0.00, real=0.29 secs] 
2019-12-26T09:28:57.266+0800: 1787313.985: [CMS-concurrent-reset-start]
2019-12-26T09:28:57.269+0800: 1787313.988: [CMS-concurrent-reset: 0.003/0.003 secs] [Times: user=0.00 sys=0.00, real=0.00 secs] 
2019-12-26T09:28:59.270+0800: 1787315.989: [GC (CMS Initial Mark) [1 CMS-initial-mark: 830848K(1277952K)] 1161541K(2015232K), 0.0757047 secs] [Times: user=0.30 sys=0.00, real=0.08 secs] 
2019-12-26T09:28:59.346+0800: 1787316.065: [CMS-concurrent-mark-start]
2019-12-26T09:29:00.769+0800: 1787317.488: [CMS-concurrent-mark: 1.423/1.423 secs] [Times: user=1.44 sys=0.00, real=1.42 secs] 
2019-12-26T09:29:00.770+0800: 1787317.488: [CMS-concurrent-preclean-start]
2019-12-26T09:29:00.773+0800: 1787317.492: [CMS-concurrent-preclean: 0.004/0.004 secs] [Times: user=0.00 sys=0.00, real=0.00 secs] 
2019-12-26T09:29:00.773+0800: 1787317.492: [CMS-concurrent-abortable-preclean-start]
 CMS: abort preclean due to time 2019-12-26T09:29:05.872+0800: 1787322.591: [CMS-concurrent-abortable-preclean: 2.296/5.099 secs] [Times: user=2.36 sys=0.00, real=5.10 secs] 
2019-12-26T09:29:05.874+0800: 1787322.592: [GC (CMS Final Remark) [YG occupancy: 332190 K (737280 K)]2019-12-26T09:29:05.874+0800: 1787322.593: [Rescan (parallel) , 0.0806301 secs]2019-12-26T09:29:05.954+0800: 1787322.673: [weak refs processing, 0.0000646 secs]2019-12-26T09:29:05.955+0800: 1787322.673: [class unloading, 0.0289055 secs]2019-12-26T09:29:05.983+0800: 1787322.702: [scrub symbol table, 0.0089965 secs]2019-12-26T09:29:05.993+0800: 1787322.711: [scrub string table, 0.0016821 secs][1 CMS-remark: 830848K(1277952K)] 1163038K(2015232K), 0.1229158 secs] [Times: user=0.37 sys=0.00, real=0.13 secs] 
2019-12-26T09:29:05.997+0800: 1787322.716: [CMS-concurrent-sweep-start]
2019-12-26T09:29:06.293+0800: 1787323.012: [CMS-concurrent-sweep: 0.296/0.296 secs] [Times: user=0.30 sys=0.00, real=0.29 secs] 
2019-12-26T09:29:06.293+0800: 1787323.012: [CMS-concurrent-reset-start]
2019-12-26T09:29:06.296+0800: 1787323.015: [CMS-concurrent-reset: 0.003/0.003 secs] [Times: user=0.00 sys=0.00, real=0.00 secs] 
2019-12-26T09:29:08.298+0800: 1787325.017: [GC (CMS Initial Mark) [1 CMS-initial-mark: 830848K(1277952K)] 1163062K(2015232K), 0.0760351 secs] [Times: user=0.30 sys=0.00, real=0.07 secs] 
2019-12-26T09:29:08.374+0800: 1787325.093: [CMS-concurrent-mark-start]
2019-12-26T09:29:09.795+0800: 1787326.514: [CMS-concurrent-mark: 1.420/1.420 secs] [Times: user=1.44 sys=0.00, real=1.42 secs] 
2019-12-26T09:29:09.795+0800: 1787326.514: [CMS-concurrent-preclean-start]
2019-12-26T09:29:09.799+0800: 1787326.517: [CMS-concurrent-preclean: 0.004/0.004 secs] [Times: user=0.01 sys=0.00, real=0.01 secs] 
2019-12-26T09:29:09.799+0800: 1787326.518: [CMS-concurrent-abortable-preclean-start]
 CMS: abort preclean due to time 2019-12-26T09:29:14.843+0800: 1787331.561: [CMS-concurrent-abortable-preclean: 2.241/5.044 secs] [Times: user=2.31 sys=0.00, real=5.04 secs] 
2019-12-26T09:29:14.844+0800: 1787331.563: [GC (CMS Final Remark) [YG occupancy: 334154 K (737280 K)]2019-12-26T09:29:14.845+0800: 1787331.563: [Rescan (parallel) , 0.0807215 secs]2019-12-26T09:29:14.925+0800: 1787331.644: [weak refs processing, 0.0000707 secs]2019-12-26T09:29:14.925+0800: 1787331.644: [class unloading, 0.0290922 secs]2019-12-26T09:29:14.954+0800: 1787331.673: [scrub symbol table, 0.0092347 secs]2019-12-26T09:29:14.964+0800: 1787331.683: [scrub string table, 0.0016984 secs][1 CMS-remark: 830848K(1277952K)] 1165003K(2015232K), 0.1234833 secs] [Times: user=0.37 sys=0.00, real=0.13 secs] 
2019-12-26T09:29:14.968+0800: 1787331.687: [CMS-concurrent-sweep-start]
2019-12-26T09:29:15.260+0800: 1787331.979: [CMS-concurrent-sweep: 0.292/0.292 secs] [Times: user=0.29 sys=0.00, real=0.29 secs] 
2019-12-26T09:29:15.260+0800: 1787331.979: [CMS-concurrent-reset-start]
2019-12-26T09:29:15.263+0800: 1787331.982: [CMS-concurrent-reset: 0.003/0.003 secs] [Times: user=0.01 sys=0.00, real=0.00 secs] 
2019-12-26T09:29:17.264+0800: 1787333.983: [GC (CMS Initial Mark) [1 CMS-initial-mark: 830848K(1277952K)] 1165003K(2015232K), 0.0757447 secs] [Times: user=0.30 sys=0.00, real=0.08 secs] 
2019-12-26T09:29:17.340+0800: 1787334.059: [CMS-concurrent-mark-start]
2019-12-26T09:29:18.753+0800: 1787335.472: [CMS-concurrent-mark: 1.413/1.413 secs] [Times: user=1.42 sys=0.00, real=1.41 secs] 
2019-12-26T09:29:18.754+0800: 1787335.472: [CMS-concurrent-preclean-start]
2019-12-26T09:29:18.757+0800: 1787335.476: [CMS-concurrent-preclean: 0.004/0.004 secs] [Times: user=0.01 sys=0.00, real=0.00 secs] 
2019-12-26T09:29:18.758+0800: 1787335.476: [CMS-concurrent-abortable-preclean-start]
 CMS: abort preclean due to time 2019-12-26T09:29:23.801+0800: 1787340.520: [CMS-concurrent-abortable-preclean: 2.241/5.044 secs] [Times: user=2.29 sys=0.00, real=5.05 secs] 
2019-12-26T09:29:23.803+0800: 1787340.522: [GC (CMS Final Remark) [YG occupancy: 334161 K (737280 K)]2019-12-26T09:29:23.803+0800: 1787340.522: [Rescan (parallel) , 0.0800030 secs]2019-12-26T09:29:23.883+0800: 1787340.602: [weak refs processing, 0.0000744 secs]2019-12-26T09:29:23.883+0800: 1787340.602: [class unloading, 0.0288275 secs]2019-12-26T09:29:23.912+0800: 1787340.631: [scrub symbol table, 0.0092984 secs]2019-12-26T09:29:23.922+0800: 1787340.640: [scrub string table, 0.0017157 secs][1 CMS-remark: 830848K(1277952K)] 1165010K(2015232K), 0.1226002 secs] [Times: user=0.36 sys=0.00, real=0.12 secs] 
2019-12-26T09:29:23.926+0800: 1787340.645: [CMS-concurrent-sweep-start]
2019-12-26T09:29:24.222+0800: 1787340.940: [CMS-concurrent-sweep: 0.295/0.295 secs] [Times: user=0.30 sys=0.00, real=0.30 secs] 
2019-12-26T09:29:24.222+0800: 1787340.941: [CMS-concurrent-reset-start]
2019-12-26T09:29:24.225+0800: 1787340.944: [CMS-concurrent-reset: 0.003/0.003 secs] [Times: user=0.01 sys=0.00, real=0.00 secs] 
2019-12-26T09:29:26.226+0800: 1787342.944: [GC (CMS Initial Mark) [1 CMS-initial-mark: 830848K(1277952K)] 1165010K(2015232K), 0.0753291 secs] [Times: user=0.29 sys=0.00, real=0.08 secs] 
2019-12-26T09:29:26.301+0800: 1787343.020: [CMS-concurrent-mark-start]
2019-12-26T09:29:27.711+0800: 1787344.430: [CMS-concurrent-mark: 1.410/1.410 secs] [Times: user=1.43 sys=0.00, real=1.41 secs] 
2019-12-26T09:29:27.711+0800: 1787344.430: [CMS-concurrent-preclean-start]
2019-12-26T09:29:27.715+0800: 1787344.434: [CMS-concurrent-preclean: 0.004/0.004 secs] [Times: user=0.00 sys=0.00, real=0.00 secs] 
2019-12-26T09:29:27.715+0800: 1787344.434: [CMS-concurrent-abortable-preclean-start]
 CMS: abort preclean due to time 2019-12-26T09:29:32.769+0800: 1787349.488: [CMS-concurrent-abortable-preclean: 2.251/5.054 secs] [Times: user=2.30 sys=0.00, real=5.05 secs] 
2019-12-26T09:29:32.771+0800: 1787349.489: [GC (CMS Final Remark) [YG occupancy: 334908 K (737280 K)]2019-12-26T09:29:32.771+0800: 1787349.489: [Rescan (parallel) , 0.0797816 secs]2019-12-26T09:29:32.850+0800: 1787349.569: [weak refs processing, 0.0000644 secs]2019-12-26T09:29:32.851+0800: 1787349.569: [class unloading, 0.0287837 secs]2019-12-26T09:29:32.879+0800: 1787349.598: [scrub symbol table, 0.0089827 secs]2019-12-26T09:29:32.888+0800: 1787349.607: [scrub string table, 0.0017062 secs][1 CMS-remark: 830848K(1277952K)] 1165757K(2015232K), 0.1219906 secs] [Times: user=0.35 sys=0.00, real=0.12 secs] 
2019-12-26T09:29:32.893+0800: 1787349.612: [CMS-concurrent-sweep-start]
2019-12-26T09:29:33.185+0800: 1787349.904: [CMS-concurrent-sweep: 0.293/0.293 secs] [Times: user=0.29 sys=0.00, real=0.29 secs] 
2019-12-26T09:29:33.186+0800: 1787349.904: [CMS-concurrent-reset-start]
2019-12-26T09:29:33.189+0800: 1787349.908: [CMS-concurrent-reset: 0.003/0.003 secs] [Times: user=0.01 sys=0.00, real=0.00 secs] 
2019-12-26T09:29:35.190+0800: 1787351.908: [GC (CMS Initial Mark) [1 CMS-initial-mark: 830848K(1277952K)] 1165848K(2015232K), 0.0754496 secs] [Times: user=0.29 sys=0.00, real=0.08 secs] 
2019-12-26T09:29:35.265+0800: 1787351.984: [CMS-concurrent-mark-start]
2019-12-26T09:29:36.679+0800: 1787353.398: [CMS-concurrent-mark: 1.414/1.414 secs] [Times: user=1.43 sys=0.00, real=1.41 secs] 
2019-12-26T09:29:36.680+0800: 1787353.398: [CMS-concurrent-preclean-start]
2019-12-26T09:29:36.683+0800: 1787353.402: [CMS-concurrent-preclean: 0.004/0.004 secs] [Times: user=0.01 sys=0.00, real=0.01 secs] 
2019-12-26T09:29:36.683+0800: 1787353.402: [CMS-concurrent-abortable-preclean-start]
 CMS: abort preclean due to time 2019-12-26T09:29:41.851+0800: 1787358.570: [CMS-concurrent-abortable-preclean: 2.362/5.168 secs] [Times: user=2.42 sys=0.00, real=5.16 secs] 
2019-12-26T09:29:41.853+0800: 1787358.572: [GC (CMS Final Remark) [YG occupancy: 335532 K (737280 K)]2019-12-26T09:29:41.853+0800: 1787358.572: [Rescan (parallel) , 0.0798244 secs]2019-12-26T09:29:41.933+0800: 1787358.652: [weak refs processing, 0.0000641 secs]2019-12-26T09:29:41.933+0800: 1787358.652: [class unloading, 0.0288987 secs]2019-12-26T09:29:41.962+0800: 1787358.681: [scrub symbol table, 0.0092953 secs]2019-12-26T09:29:41.972+0800: 1787358.690: [scrub string table, 0.0016879 secs][1 CMS-remark: 830848K(1277952K)] 1166381K(2015232K), 0.1224322 secs] [Times: user=0.36 sys=0.00, real=0.12 secs] 
2019-12-26T09:29:41.976+0800: 1787358.695: [CMS-concurrent-sweep-start]
2019-12-26T09:29:42.267+0800: 1787358.986: [CMS-concurrent-sweep: 0.291/0.291 secs] [Times: user=0.30 sys=0.00, real=0.29 secs] 
2019-12-26T09:29:42.268+0800: 1787358.986: [CMS-concurrent-reset-start]
2019-12-26T09:29:42.271+0800: 1787358.989: [CMS-concurrent-reset: 0.003/0.003 secs] [Times: user=0.00 sys=0.00, real=0.00 secs] 
2019-12-26T09:29:44.272+0800: 1787360.991: [GC (CMS Initial Mark) [1 CMS-initial-mark: 830848K(1277952K)] 1166389K(2015232K), 0.0762256 secs] [Times: user=0.30 sys=0.00, real=0.08 secs] 
2019-12-26T09:29:44.349+0800: 1787361.067: [CMS-concurrent-mark-start]
2019-12-26T09:29:45.755+0800: 1787362.474: [CMS-concurrent-mark: 1.406/1.406 secs] [Times: user=1.42 sys=0.00, real=1.41 secs] 
2019-12-26T09:29:45.755+0800: 1787362.474: [CMS-concurrent-preclean-start]
2019-12-26T09:29:45.759+0800: 1787362.478: [CMS-concurrent-preclean: 0.004/0.004 secs] [Times: user=0.01 sys=0.00, real=0.00 secs] 
2019-12-26T09:29:45.759+0800: 1787362.478: [CMS-concurrent-abortable-preclean-start]
 CMS: abort preclean due to time 2019-12-26T09:29:50.786+0800: 1787367.505: [CMS-concurrent-abortable-preclean: 2.224/5.027 secs] [Times: user=2.28 sys=0.00, real=5.03 secs] 
2019-12-26T09:29:50.788+0800: 1787367.506: [GC (CMS Final Remark) [YG occupancy: 336018 K (737280 K)]2019-12-26T09:29:50.788+0800: 1787367.506: [Rescan (parallel) , 0.0803367 secs]2019-12-26T09:29:50.868+0800: 1787367.587: [weak refs processing, 0.0000641 secs]2019-12-26T09:29:50.868+0800: 1787367.587: [class unloading, 0.0288112 secs]2019-12-26T09:29:50.897+0800: 1787367.616: [scrub symbol table, 0.0092082 secs]2019-12-26T09:29:50.906+0800: 1787367.625: [scrub string table, 0.0017364 secs][1 CMS-remark: 830848K(1277952K)] 1166867K(2015232K), 0.1227643 secs] [Times: user=0.36 sys=0.00, real=0.12 secs] 
2019-12-26T09:29:50.911+0800: 1787367.629: [CMS-concurrent-sweep-start]
2019-12-26T09:29:51.206+0800: 1787367.925: [CMS-concurrent-sweep: 0.296/0.296 secs] [Times: user=0.30 sys=0.00, real=0.30 secs] 
2019-12-26T09:29:51.207+0800: 1787367.925: [CMS-concurrent-reset-start]
2019-12-26T09:29:51.210+0800: 1787367.928: [CMS-concurrent-reset: 0.003/0.003 secs] [Times: user=0.01 sys=0.00, real=0.00 secs] 
2019-12-26T09:29:53.210+0800: 1787369.929: [GC (CMS Initial Mark) [1 CMS-initial-mark: 830848K(1277952K)] 1166870K(2015232K), 0.0761321 secs] [Times: user=0.30 sys=0.00, real=0.08 secs] 
2019-12-26T09:29:53.287+0800: 1787370.006: [CMS-concurrent-mark-start]
2019-12-26T09:29:54.701+0800: 1787371.420: [CMS-concurrent-mark: 1.415/1.415 secs] [Times: user=1.44 sys=0.00, real=1.41 secs] 
2019-12-26T09:29:54.702+0800: 1787371.420: [CMS-concurrent-preclean-start]
2019-12-26T09:29:54.706+0800: 1787371.425: [CMS-concurrent-preclean: 0.004/0.004 secs] [Times: user=0.00 sys=0.00, real=0.01 secs] 
2019-12-26T09:29:54.706+0800: 1787371.425: [CMS-concurrent-abortable-preclean-start]
 CMS: abort preclean due to time 2019-12-26T09:29:59.798+0800: 1787376.517: [CMS-concurrent-abortable-preclean: 2.289/5.092 secs] [Times: user=2.35 sys=0.00, real=5.09 secs] 
2019-12-26T09:29:59.800+0800: 1787376.518: [GC (CMS Final Remark) [YG occupancy: 338155 K (737280 K)]2019-12-26T09:29:59.800+0800: 1787376.518: [Rescan (parallel) , 0.0816125 secs]2019-12-26T09:29:59.881+0800: 1787376.600: [weak refs processing, 0.0000644 secs]2019-12-26T09:29:59.881+0800: 1787376.600: [class unloading, 0.0292972 secs]2019-12-26T09:29:59.911+0800: 1787376.630: [scrub symbol table, 0.0094380 secs]2019-12-26T09:29:59.920+0800: 1787376.639: [scrub string table, 0.0017416 secs][1 CMS-remark: 830848K(1277952K)] 1169004K(2015232K), 0.1248398 secs] [Times: user=0.37 sys=0.00, real=0.13 secs] 
2019-12-26T09:29:59.925+0800: 1787376.644: [CMS-concurrent-sweep-start]
2019-12-26T09:30:00.217+0800: 1787376.936: [CMS-concurrent-sweep: 0.293/0.293 secs] [Times: user=0.30 sys=0.00, real=0.29 secs] 
2019-12-26T09:30:00.218+0800: 1787376.936: [CMS-concurrent-reset-start]
2019-12-26T09:30:00.221+0800: 1787376.939: [CMS-concurrent-reset: 0.003/0.003 secs] [Times: user=0.00 sys=0.00, real=0.00 secs] 
2019-12-26T09:30:02.221+0800: 1787378.940: [GC (CMS Initial Mark) [1 CMS-initial-mark: 830848K(1277952K)] 1169080K(2015232K), 0.0761642 secs] [Times: user=0.30 sys=0.00, real=0.08 secs] 
2019-12-26T09:30:02.298+0800: 1787379.017: [CMS-concurrent-mark-start]
2019-12-26T09:30:03.713+0800: 1787380.432: [CMS-concurrent-mark: 1.416/1.416 secs] [Times: user=1.43 sys=0.00, real=1.41 secs] 
2019-12-26T09:30:03.714+0800: 1787380.432: [CMS-concurrent-preclean-start]
2019-12-26T09:30:03.718+0800: 1787380.436: [CMS-concurrent-preclean: 0.004/0.004 secs] [Times: user=0.00 sys=0.00, real=0.01 secs] 
2019-12-26T09:30:03.718+0800: 1787380.436: [CMS-concurrent-abortable-preclean-start]
 CMS: abort preclean due to time 2019-12-26T09:30:08.735+0800: 1787385.453: [CMS-concurrent-abortable-preclean: 2.216/5.017 secs] [Times: user=2.27 sys=0.00, real=5.01 secs] 
2019-12-26T09:30:08.736+0800: 1787385.455: [GC (CMS Final Remark) [YG occupancy: 338263 K (737280 K)]2019-12-26T09:30:08.736+0800: 1787385.455: [Rescan (parallel) , 0.0812645 secs]2019-12-26T09:30:08.818+0800: 1787385.537: [weak refs processing, 0.0000636 secs]2019-12-26T09:30:08.818+0800: 1787385.537: [class unloading, 0.0291585 secs]2019-12-26T09:30:08.847+0800: 1787385.566: [scrub symbol table, 0.0096232 secs]2019-12-26T09:30:08.857+0800: 1787385.575: [scrub string table, 0.0017357 secs][1 CMS-remark: 830848K(1277952K)] 1169112K(2015232K), 0.1245485 secs] [Times: user=0.37 sys=0.00, real=0.12 secs] 
2019-12-26T09:30:08.861+0800: 1787385.580: [CMS-concurrent-sweep-start]
2019-12-26T09:30:09.154+0800: 1787385.873: [CMS-concurrent-sweep: 0.293/0.293 secs] [Times: user=0.29 sys=0.00, real=0.29 secs] 
2019-12-26T09:30:09.154+0800: 1787385.873: [CMS-concurrent-reset-start]
2019-12-26T09:30:09.157+0800: 1787385.876: [CMS-concurrent-reset: 0.003/0.003 secs] [Times: user=0.01 sys=0.00, real=0.01 secs] 
2019-12-26T09:30:11.158+0800: 1787387.877: [GC (CMS Initial Mark) [1 CMS-initial-mark: 830848K(1277952K)] 1169112K(2015232K), 0.0761378 secs] [Times: user=0.30 sys=0.00, real=0.07 secs] 
2019-12-26T09:30:11.234+0800: 1787387.953: [CMS-concurrent-mark-start]
2019-12-26T09:30:12.646+0800: 1787389.365: [CMS-concurrent-mark: 1.412/1.412 secs] [Times: user=1.42 sys=0.00, real=1.41 secs] 
2019-12-26T09:30:12.646+0800: 1787389.365: [CMS-concurrent-preclean-start]
2019-12-26T09:30:12.650+0800: 1787389.369: [CMS-concurrent-preclean: 0.004/0.004 secs] [Times: user=0.01 sys=0.00, real=0.00 secs] 
2019-12-26T09:30:12.650+0800: 1787389.369: [CMS-concurrent-abortable-preclean-start]
 CMS: abort preclean due to time 2019-12-26T09:30:17.705+0800: 1787394.424: [CMS-concurrent-abortable-preclean: 2.249/5.055 secs] [Times: user=2.33 sys=0.00, real=5.05 secs] 
2019-12-26T09:30:17.707+0800: 1787394.426: [GC (CMS Final Remark) [YG occupancy: 340871 K (737280 K)]2019-12-26T09:30:17.708+0800: 1787394.426: [Rescan (parallel) , 0.0810331 secs]2019-12-26T09:30:17.789+0800: 1787394.507: [weak refs processing, 0.0000644 secs]2019-12-26T09:30:17.789+0800: 1787394.507: [class unloading, 0.0289495 secs]2019-12-26T09:30:17.818+0800: 1787394.536: [scrub symbol table, 0.0091720 secs]2019-12-26T09:30:17.827+0800: 1787394.546: [scrub string table, 0.0016808 secs][1 CMS-remark: 830848K(1277952K)] 1171720K(2015232K), 0.1235722 secs] [Times: user=0.37 sys=0.00, real=0.13 secs] 
2019-12-26T09:30:17.831+0800: 1787394.550: [CMS-concurrent-sweep-start]
2019-12-26T09:30:18.120+0800: 1787394.839: [CMS-concurrent-sweep: 0.289/0.289 secs] [Times: user=0.29 sys=0.00, real=0.29 secs] 
2019-12-26T09:30:18.120+0800: 1787394.839: [CMS-concurrent-reset-start]
2019-12-26T09:30:18.124+0800: 1787394.842: [CMS-concurrent-reset: 0.003/0.003 secs] [Times: user=0.00 sys=0.00, real=0.00 secs] 
2019-12-26T09:30:20.124+0800: 1787396.843: [GC (CMS Initial Mark) [1 CMS-initial-mark: 830848K(1277952K)] 1171720K(2015232K), 0.0770183 secs] [Times: user=0.30 sys=0.00, real=0.08 secs] 
2019-12-26T09:30:20.202+0800: 1787396.921: [CMS-concurrent-mark-start]
2019-12-26T09:30:21.630+0800: 1787398.349: [CMS-concurrent-mark: 1.428/1.428 secs] [Times: user=1.45 sys=0.00, real=1.43 secs] 
2019-12-26T09:30:21.630+0800: 1787398.349: [CMS-concurrent-preclean-start]
2019-12-26T09:30:21.634+0800: 1787398.353: [CMS-concurrent-preclean: 0.004/0.004 secs] [Times: user=0.00 sys=0.00, real=0.00 secs] 
2019-12-26T09:30:21.634+0800: 1787398.353: [CMS-concurrent-abortable-preclean-start]
 CMS: abort preclean due to time 2019-12-26T09:30:26.675+0800: 1787403.394: [CMS-concurrent-abortable-preclean: 2.239/5.042 secs] [Times: user=2.29 sys=0.00, real=5.04 secs] 
2019-12-26T09:30:26.677+0800: 1787403.396: [GC (CMS Final Remark) [YG occupancy: 341028 K (737280 K)]2019-12-26T09:30:26.677+0800: 1787403.396: [Rescan (parallel) , 0.0941522 secs]2019-12-26T09:30:26.771+0800: 1787403.490: [weak refs processing, 0.0000624 secs]2019-12-26T09:30:26.772+0800: 1787403.490: [class unloading, 0.0289925 secs]2019-12-26T09:30:26.801+0800: 1787403.519: [scrub symbol table, 0.0094859 secs]2019-12-26T09:30:26.810+0800: 1787403.529: [scrub string table, 0.0017151 secs][1 CMS-remark: 830848K(1277952K)] 1171876K(2015232K), 0.1370667 secs] [Times: user=0.33 sys=0.00, real=0.14 secs] 
2019-12-26T09:30:26.815+0800: 1787403.533: [CMS-concurrent-sweep-start]
2019-12-26T09:30:27.107+0800: 1787403.826: [CMS-concurrent-sweep: 0.292/0.292 secs] [Times: user=0.30 sys=0.00, real=0.29 secs] 
2019-12-26T09:30:27.107+0800: 1787403.826: [CMS-concurrent-reset-start]
2019-12-26T09:30:27.110+0800: 1787403.829: [CMS-concurrent-reset: 0.003/0.003 secs] [Times: user=0.00 sys=0.00, real=0.01 secs] 
2019-12-26T09:30:29.111+0800: 1787405.829: [GC (CMS Initial Mark) [1 CMS-initial-mark: 830848K(1277952K)] 1172238K(2015232K), 0.0767998 secs] [Times: user=0.30 sys=0.00, real=0.07 secs] 
2019-12-26T09:30:29.188+0800: 1787405.907: [CMS-concurrent-mark-start]
2019-12-26T09:30:30.590+0800: 1787407.308: [CMS-concurrent-mark: 1.399/1.402 secs] [Times: user=1.41 sys=0.00, real=1.41 secs] 
2019-12-26T09:30:30.590+0800: 1787407.308: [CMS-concurrent-preclean-start]
2019-12-26T09:30:30.594+0800: 1787407.313: [CMS-concurrent-preclean: 0.004/0.004 secs] [Times: user=0.01 sys=0.00, real=0.00 secs] 
2019-12-26T09:30:30.594+0800: 1787407.313: [CMS-concurrent-abortable-preclean-start]
 CMS: abort preclean due to time 2019-12-26T09:30:35.625+0800: 1787412.344: [CMS-concurrent-abortable-preclean: 2.226/5.031 secs] [Times: user=2.28 sys=0.00, real=5.03 secs] 
2019-12-26T09:30:35.627+0800: 1787412.346: [GC (CMS Final Remark) [YG occupancy: 341747 K (737280 K)]2019-12-26T09:30:35.627+0800: 1787412.346: [Rescan (parallel) , 0.0811397 secs]2019-12-26T09:30:35.708+0800: 1787412.427: [weak refs processing, 0.0000718 secs]2019-12-26T09:30:35.708+0800: 1787412.427: [class unloading, 0.0289051 secs]2019-12-26T09:30:35.737+0800: 1787412.456: [scrub symbol table, 0.0095733 secs]2019-12-26T09:30:35.747+0800: 1787412.466: [scrub string table, 0.0016805 secs][1 CMS-remark: 830848K(1277952K)] 1172596K(2015232K), 0.1240036 secs] [Times: user=0.37 sys=0.00, real=0.13 secs] 
2019-12-26T09:30:35.751+0800: 1787412.470: [CMS-concurrent-sweep-start]
2019-12-26T09:30:36.043+0800: 1787412.762: [CMS-concurrent-sweep: 0.292/0.292 secs] [Times: user=0.29 sys=0.00, real=0.29 secs] 
2019-12-26T09:30:36.043+0800: 1787412.762: [CMS-concurrent-reset-start]
2019-12-26T09:30:36.046+0800: 1787412.765: [CMS-concurrent-reset: 0.003/0.003 secs] [Times: user=0.01 sys=0.00, real=0.00 secs] 
2019-12-26T09:30:38.048+0800: 1787414.766: [GC (CMS Initial Mark) [1 CMS-initial-mark: 830848K(1277952K)] 1173085K(2015232K), 0.0768301 secs] [Times: user=0.30 sys=0.00, real=0.08 secs] 
2019-12-26T09:30:38.125+0800: 1787414.843: [CMS-concurrent-mark-start]
2019-12-26T09:30:39.528+0800: 1787416.247: [CMS-concurrent-mark: 1.403/1.403 secs] [Times: user=1.42 sys=0.00, real=1.40 secs] 
2019-12-26T09:30:39.528+0800: 1787416.247: [CMS-concurrent-preclean-start]
2019-12-26T09:30:39.532+0800: 1787416.251: [CMS-concurrent-preclean: 0.004/0.004 secs] [Times: user=0.00 sys=0.00, real=0.01 secs] 
2019-12-26T09:30:39.532+0800: 1787416.251: [CMS-concurrent-abortable-preclean-start]
 CMS: abort preclean due to time 2019-12-26T09:30:44.618+0800: 1787421.337: [CMS-concurrent-abortable-preclean: 2.297/5.086 secs] [Times: user=2.36 sys=0.00, real=5.08 secs] 
2019-12-26T09:30:44.620+0800: 1787421.339: [GC (CMS Final Remark) [YG occupancy: 344044 K (737280 K)]2019-12-26T09:30:44.620+0800: 1787421.339: [Rescan (parallel) , 0.0847284 secs]2019-12-26T09:30:44.705+0800: 1787421.424: [weak refs processing, 0.0000871 secs]2019-12-26T09:30:44.705+0800: 1787421.424: [class unloading, 0.0295365 secs]2019-12-26T09:30:44.735+0800: 1787421.453: [scrub symbol table, 0.0095488 secs]2019-12-26T09:30:44.744+0800: 1787421.463: [scrub string table, 0.0017617 secs][1 CMS-remark: 830848K(1277952K)] 1174893K(2015232K), 0.1283121 secs] [Times: user=0.37 sys=0.00, real=0.13 secs] 
2019-12-26T09:30:44.749+0800: 1787421.468: [CMS-concurrent-sweep-start]
2019-12-26T09:30:45.038+0800: 1787421.757: [CMS-concurrent-sweep: 0.289/0.289 secs] [Times: user=0.30 sys=0.00, real=0.29 secs] 
2019-12-26T09:30:45.038+0800: 1787421.757: [CMS-concurrent-reset-start]
2019-12-26T09:30:45.041+0800: 1787421.760: [CMS-concurrent-reset: 0.003/0.003 secs] [Times: user=0.00 sys=0.00, real=0.01 secs] 
2019-12-26T09:30:47.042+0800: 1787423.761: [GC (CMS Initial Mark) [1 CMS-initial-mark: 830848K(1277952K)] 1174893K(2015232K), 0.0785096 secs] [Times: user=0.31 sys=0.00, real=0.07 secs] 
2019-12-26T09:30:47.121+0800: 1787423.840: [CMS-concurrent-mark-start]
2019-12-26T09:30:48.530+0800: 1787425.249: [CMS-concurrent-mark: 1.409/1.409 secs] [Times: user=1.43 sys=0.00, real=1.41 secs] 
2019-12-26T09:30:48.530+0800: 1787425.249: [CMS-concurrent-preclean-start]
2019-12-26T09:30:48.534+0800: 1787425.253: [CMS-concurrent-preclean: 0.004/0.004 secs] [Times: user=0.00 sys=0.00, real=0.01 secs] 
2019-12-26T09:30:48.534+0800: 1787425.253: [CMS-concurrent-abortable-preclean-start]
 CMS: abort preclean due to time 2019-12-26T09:30:53.590+0800: 1787430.309: [CMS-concurrent-abortable-preclean: 2.253/5.056 secs] [Times: user=2.31 sys=0.00, real=5.05 secs] 
2019-12-26T09:30:53.592+0800: 1787430.311: [GC (CMS Final Remark) [YG occupancy: 344725 K (737280 K)]2019-12-26T09:30:53.592+0800: 1787430.311: [Rescan (parallel) , 0.0827070 secs]2019-12-26T09:30:53.675+0800: 1787430.394: [weak refs processing, 0.0000757 secs]2019-12-26T09:30:53.675+0800: 1787430.394: [class unloading, 0.0293215 secs]2019-12-26T09:30:53.704+0800: 1787430.423: [scrub symbol table, 0.0092948 secs]2019-12-26T09:30:53.713+0800: 1787430.432: [scrub string table, 0.0016708 secs][1 CMS-remark: 830848K(1277952K)] 1175573K(2015232K), 0.1257347 secs] [Times: user=0.37 sys=0.00, real=0.13 secs] 
2019-12-26T09:30:53.718+0800: 1787430.437: [CMS-concurrent-sweep-start]
2019-12-26T09:30:54.008+0800: 1787430.727: [CMS-concurrent-sweep: 0.291/0.291 secs] [Times: user=0.29 sys=0.00, real=0.29 secs] 
2019-12-26T09:30:54.009+0800: 1787430.727: [CMS-concurrent-reset-start]
2019-12-26T09:30:54.012+0800: 1787430.731: [CMS-concurrent-reset: 0.003/0.003 secs] [Times: user=0.01 sys=0.00, real=0.00 secs] 
2019-12-26T09:30:56.013+0800: 1787432.731: [GC (CMS Initial Mark) [1 CMS-initial-mark: 830848K(1277952K)] 1175580K(2015232K), 0.0891283 secs] [Times: user=0.26 sys=0.00, real=0.09 secs] 
2019-12-26T09:30:56.102+0800: 1787432.821: [CMS-concurrent-mark-start]
2019-12-26T09:30:57.517+0800: 1787434.236: [CMS-concurrent-mark: 1.415/1.415 secs] [Times: user=1.43 sys=0.00, real=1.42 secs] 
2019-12-26T09:30:57.517+0800: 1787434.236: [CMS-concurrent-preclean-start]
2019-12-26T09:30:57.521+0800: 1787434.240: [CMS-concurrent-preclean: 0.004/0.004 secs] [Times: user=0.01 sys=0.00, real=0.00 secs] 
2019-12-26T09:30:57.521+0800: 1787434.240: [CMS-concurrent-abortable-preclean-start]
 CMS: abort preclean due to time 2019-12-26T09:31:02.557+0800: 1787439.276: [CMS-concurrent-abortable-preclean: 2.234/5.036 secs] [Times: user=2.28 sys=0.00, real=5.04 secs] 
2019-12-26T09:31:02.559+0800: 1787439.278: [GC (CMS Final Remark) [YG occupancy: 344775 K (737280 K)]2019-12-26T09:31:02.559+0800: 1787439.278: [Rescan (parallel) , 0.0948429 secs]2019-12-26T09:31:02.654+0800: 1787439.373: [weak refs processing, 0.0000625 secs]2019-12-26T09:31:02.654+0800: 1787439.373: [class unloading, 0.0290746 secs]2019-12-26T09:31:02.683+0800: 1787439.402: [scrub symbol table, 0.0089502 secs]2019-12-26T09:31:02.692+0800: 1787439.411: [scrub string table, 0.0016970 secs][1 CMS-remark: 830848K(1277952K)] 1175624K(2015232K), 0.1372849 secs] [Times: user=0.33 sys=0.00, real=0.14 secs] 
2019-12-26T09:31:02.697+0800: 1787439.416: [CMS-concurrent-sweep-start]
2019-12-26T09:31:02.997+0800: 1787439.716: [CMS-concurrent-sweep: 0.300/0.300 secs] [Times: user=0.30 sys=0.00, real=0.30 secs] 
2019-12-26T09:31:02.997+0800: 1787439.716: [CMS-concurrent-reset-start]
2019-12-26T09:31:03.000+0800: 1787439.719: [CMS-concurrent-reset: 0.003/0.003 secs] [Times: user=0.01 sys=0.00, real=0.00 secs] 
2019-12-26T09:31:05.001+0800: 1787441.720: [GC (CMS Initial Mark) [1 CMS-initial-mark: 830848K(1277952K)] 1177244K(2015232K), 0.0783267 secs] [Times: user=0.31 sys=0.00, real=0.08 secs] 
2019-12-26T09:31:05.080+0800: 1787441.799: [CMS-concurrent-mark-start]
2019-12-26T09:31:06.478+0800: 1787443.197: [CMS-concurrent-mark: 1.398/1.398 secs] [Times: user=1.42 sys=0.00, real=1.40 secs] 
2019-12-26T09:31:06.478+0800: 1787443.197: [CMS-concurrent-preclean-start]
2019-12-26T09:31:06.483+0800: 1787443.201: [CMS-concurrent-preclean: 0.004/0.004 secs] [Times: user=0.00 sys=0.00, real=0.00 secs] 
2019-12-26T09:31:06.483+0800: 1787443.201: [CMS-concurrent-abortable-preclean-start]
 CMS: abort preclean due to time 2019-12-26T09:31:11.541+0800: 1787448.259: [CMS-concurrent-abortable-preclean: 2.371/5.058 secs] [Times: user=2.44 sys=0.00, real=5.06 secs] 
2019-12-26T09:31:11.542+0800: 1787448.261: [GC (CMS Final Remark) [YG occupancy: 348538 K (737280 K)]2019-12-26T09:31:11.542+0800: 1787448.261: [Rescan (parallel) , 0.0835084 secs]2019-12-26T09:31:11.626+0800: 1787448.345: [weak refs processing, 0.0000663 secs]2019-12-26T09:31:11.626+0800: 1787448.345: [class unloading, 0.0289334 secs]2019-12-26T09:31:11.655+0800: 1787448.374: [scrub symbol table, 0.0090569 secs]2019-12-26T09:31:11.664+0800: 1787448.383: [scrub string table, 0.0016986 secs][1 CMS-remark: 830848K(1277952K)] 1179386K(2015232K), 0.1258975 secs] [Times: user=0.37 sys=0.00, real=0.13 secs] 
2019-12-26T09:31:11.669+0800: 1787448.387: [CMS-concurrent-sweep-start]
2019-12-26T09:31:11.970+0800: 1787448.689: [CMS-concurrent-sweep: 0.301/0.301 secs] [Times: user=0.31 sys=0.00, real=0.30 secs] 
2019-12-26T09:31:11.970+0800: 1787448.689: [CMS-concurrent-reset-start]
2019-12-26T09:31:11.973+0800: 1787448.692: [CMS-concurrent-reset: 0.003/0.003 secs] [Times: user=0.00 sys=0.00, real=0.00 secs] 
2019-12-26T09:31:13.974+0800: 1787450.693: [GC (CMS Initial Mark) [1 CMS-initial-mark: 830848K(1277952K)] 1179688K(2015232K), 0.0802687 secs] [Times: user=0.31 sys=0.00, real=0.08 secs] 
2019-12-26T09:31:14.055+0800: 1787450.773: [CMS-concurrent-mark-start]
2019-12-26T09:31:15.489+0800: 1787452.208: [CMS-concurrent-mark: 1.434/1.434 secs] [Times: user=1.48 sys=0.00, real=1.44 secs] 
2019-12-26T09:31:15.489+0800: 1787452.208: [CMS-concurrent-preclean-start]
2019-12-26T09:31:15.493+0800: 1787452.212: [CMS-concurrent-preclean: 0.004/0.004 secs] [Times: user=0.00 sys=0.00, real=0.00 secs] 
2019-12-26T09:31:15.493+0800: 1787452.212: [CMS-concurrent-abortable-preclean-start]
 CMS: abort preclean due to time 2019-12-26T09:31:20.634+0800: 1787457.353: [CMS-concurrent-abortable-preclean: 2.339/5.141 secs] [Times: user=2.40 sys=0.00, real=5.14 secs] 
2019-12-26T09:31:20.636+0800: 1787457.355: [GC (CMS Final Remark) [YG occupancy: 351649 K (737280 K)]2019-12-26T09:31:20.636+0800: 1787457.355: [Rescan (parallel) , 0.0847946 secs]2019-12-26T09:31:20.721+0800: 1787457.440: [weak refs processing, 0.0000668 secs]2019-12-26T09:31:20.721+0800: 1787457.440: [class unloading, 0.0291569 secs]2019-12-26T09:31:20.750+0800: 1787457.469: [scrub symbol table, 0.0090402 secs]2019-12-26T09:31:20.760+0800: 1787457.478: [scrub string table, 0.0017062 secs][1 CMS-remark: 830848K(1277952K)] 1182498K(2015232K), 0.1274148 secs] [Times: user=0.38 sys=0.00, real=0.13 secs] 
2019-12-26T09:31:20.764+0800: 1787457.483: [CMS-concurrent-sweep-start]
2019-12-26T09:31:21.062+0800: 1787457.781: [CMS-concurrent-sweep: 0.298/0.298 secs] [Times: user=0.30 sys=0.00, real=0.30 secs] 
2019-12-26T09:31:21.062+0800: 1787457.781: [CMS-concurrent-reset-start]
2019-12-26T09:31:21.065+0800: 1787457.784: [CMS-concurrent-reset: 0.003/0.003 secs] [Times: user=0.00 sys=0.00, real=0.00 secs] 
2019-12-26T09:31:23.066+0800: 1787459.785: [GC (CMS Initial Mark) [1 CMS-initial-mark: 830848K(1277952K)] 1182943K(2015232K), 0.0794142 secs] [Times: user=0.31 sys=0.00, real=0.08 secs] 
2019-12-26T09:31:23.145+0800: 1787459.864: [CMS-concurrent-mark-start]
2019-12-26T09:31:24.540+0800: 1787461.259: [CMS-concurrent-mark: 1.395/1.395 secs] [Times: user=1.41 sys=0.00, real=1.40 secs] 
2019-12-26T09:31:24.540+0800: 1787461.259: [CMS-concurrent-preclean-start]
2019-12-26T09:31:24.544+0800: 1787461.263: [CMS-concurrent-preclean: 0.004/0.004 secs] [Times: user=0.00 sys=0.00, real=0.00 secs] 
2019-12-26T09:31:24.544+0800: 1787461.263: [CMS-concurrent-abortable-preclean-start]
 CMS: abort preclean due to time 2019-12-26T09:31:29.691+0800: 1787466.410: [CMS-concurrent-abortable-preclean: 2.344/5.146 secs] [Times: user=2.41 sys=0.00, real=5.15 secs] 
2019-12-26T09:31:29.693+0800: 1787466.411: [GC (CMS Final Remark) [YG occupancy: 353045 K (737280 K)]2019-12-26T09:31:29.693+0800: 1787466.412: [Rescan (parallel) , 0.0850736 secs]2019-12-26T09:31:29.778+0800: 1787466.497: [weak refs processing, 0.0000638 secs]2019-12-26T09:31:29.778+0800: 1787466.497: [class unloading, 0.0287880 secs]2019-12-26T09:31:29.807+0800: 1787466.526: [scrub symbol table, 0.0093750 secs]2019-12-26T09:31:29.816+0800: 1787466.535: [scrub string table, 0.0017606 secs][1 CMS-remark: 830848K(1277952K)] 1183894K(2015232K), 0.1277011 secs] [Times: user=0.38 sys=0.00, real=0.13 secs] 
2019-12-26T09:31:29.821+0800: 1787466.540: [CMS-concurrent-sweep-start]
2019-12-26T09:31:30.112+0800: 1787466.831: [CMS-concurrent-sweep: 0.291/0.291 secs] [Times: user=0.29 sys=0.00, real=0.29 secs] 
2019-12-26T09:31:30.112+0800: 1787466.831: [CMS-concurrent-reset-start]
2019-12-26T09:31:30.115+0800: 1787466.834: [CMS-concurrent-reset: 0.003/0.003 secs] [Times: user=0.00 sys=0.00, real=0.00 secs] 
2019-12-26T09:31:32.116+0800: 1787468.835: [GC (CMS Initial Mark) [1 CMS-initial-mark: 830848K(1277952K)] 1183991K(2015232K), 0.0799259 secs] [Times: user=0.32 sys=0.00, real=0.08 secs] 
2019-12-26T09:31:32.196+0800: 1787468.915: [CMS-concurrent-mark-start]
2019-12-26T09:31:33.613+0800: 1787470.332: [CMS-concurrent-mark: 1.417/1.417 secs] [Times: user=1.44 sys=0.00, real=1.42 secs] 
2019-12-26T09:31:33.613+0800: 1787470.332: [CMS-concurrent-preclean-start]
2019-12-26T09:31:33.617+0800: 1787470.336: [CMS-concurrent-preclean: 0.004/0.004 secs] [Times: user=0.00 sys=0.00, real=0.00 secs] 
2019-12-26T09:31:33.618+0800: 1787470.336: [CMS-concurrent-abortable-preclean-start]
 CMS: abort preclean due to time 2019-12-26T09:31:38.730+0800: 1787475.449: [CMS-concurrent-abortable-preclean: 2.308/5.113 secs] [Times: user=2.38 sys=0.00, real=5.12 secs] 
2019-12-26T09:31:38.732+0800: 1787475.451: [GC (CMS Final Remark) [YG occupancy: 356274 K (737280 K)]2019-12-26T09:31:38.732+0800: 1787475.451: [Rescan (parallel) , 0.0852247 secs]2019-12-26T09:31:38.817+0800: 1787475.536: [weak refs processing, 0.0000645 secs]2019-12-26T09:31:38.818+0800: 1787475.536: [class unloading, 0.0291035 secs]2019-12-26T09:31:38.847+0800: 1787475.565: [scrub symbol table, 0.0096599 secs]2019-12-26T09:31:38.856+0800: 1787475.575: [scrub string table, 0.0017366 secs][1 CMS-remark: 830848K(1277952K)] 1187122K(2015232K), 0.1284370 secs] [Times: user=0.38 sys=0.00, real=0.13 secs] 
2019-12-26T09:31:38.861+0800: 1787475.580: [CMS-concurrent-sweep-start]
2019-12-26T09:31:39.157+0800: 1787475.875: [CMS-concurrent-sweep: 0.296/0.296 secs] [Times: user=0.30 sys=0.00, real=0.29 secs] 
2019-12-26T09:31:39.157+0800: 1787475.876: [CMS-concurrent-reset-start]
2019-12-26T09:31:39.160+0800: 1787475.879: [CMS-concurrent-reset: 0.003/0.003 secs] [Times: user=0.00 sys=0.00, real=0.01 secs] 
2019-12-26T09:31:41.161+0800: 1787477.880: [GC (CMS Initial Mark) [1 CMS-initial-mark: 830848K(1277952K)] 1187752K(2015232K), 0.0814152 secs] [Times: user=0.32 sys=0.00, real=0.08 secs] 
2019-12-26T09:31:41.243+0800: 1787477.962: [CMS-concurrent-mark-start]
2019-12-26T09:31:42.656+0800: 1787479.375: [CMS-concurrent-mark: 1.413/1.413 secs] [Times: user=1.43 sys=0.00, real=1.41 secs] 
2019-12-26T09:31:42.657+0800: 1787479.375: [CMS-concurrent-preclean-start]
2019-12-26T09:31:42.661+0800: 1787479.380: [CMS-concurrent-preclean: 0.004/0.004 secs] [Times: user=0.00 sys=0.00, real=0.01 secs] 
2019-12-26T09:31:42.661+0800: 1787479.380: [CMS-concurrent-abortable-preclean-start]
 CMS: abort preclean due to time 2019-12-26T09:31:47.709+0800: 1787484.428: [CMS-concurrent-abortable-preclean: 2.267/5.048 secs] [Times: user=2.32 sys=0.00, real=5.04 secs] 
2019-12-26T09:31:47.711+0800: 1787484.430: [GC (CMS Final Remark) [YG occupancy: 357477 K (737280 K)]2019-12-26T09:31:47.711+0800: 1787484.430: [Rescan (parallel) , 0.0861421 secs]2019-12-26T09:31:47.797+0800: 1787484.516: [weak refs processing, 0.0000644 secs]2019-12-26T09:31:47.797+0800: 1787484.516: [class unloading, 0.0289260 secs]2019-12-26T09:31:47.826+0800: 1787484.545: [scrub symbol table, 0.0094405 secs]2019-12-26T09:31:47.836+0800: 1787484.555: [scrub string table, 0.0016991 secs][1 CMS-remark: 830848K(1277952K)] 1188326K(2015232K), 0.1288707 secs] [Times: user=0.39 sys=0.00, real=0.12 secs] 
2019-12-26T09:31:47.840+0800: 1787484.559: [CMS-concurrent-sweep-start]
2019-12-26T09:31:48.131+0800: 1787484.850: [CMS-concurrent-sweep: 0.291/0.291 secs] [Times: user=0.29 sys=0.00, real=0.30 secs] 
2019-12-26T09:31:48.132+0800: 1787484.850: [CMS-concurrent-reset-start]
2019-12-26T09:31:48.135+0800: 1787484.853: [CMS-concurrent-reset: 0.003/0.003 secs] [Times: user=0.00 sys=0.00, real=0.00 secs] 
2019-12-26T09:31:50.135+0800: 1787486.854: [GC (CMS Initial Mark) [1 CMS-initial-mark: 830848K(1277952K)] 1188326K(2015232K), 0.0803347 secs] [Times: user=0.32 sys=0.00, real=0.08 secs] 
2019-12-26T09:31:50.216+0800: 1787486.935: [CMS-concurrent-mark-start]
2019-12-26T09:31:51.622+0800: 1787488.341: [CMS-concurrent-mark: 1.406/1.406 secs] [Times: user=1.42 sys=0.00, real=1.41 secs] 
2019-12-26T09:31:51.622+0800: 1787488.341: [CMS-concurrent-preclean-start]
2019-12-26T09:31:51.626+0800: 1787488.345: [CMS-concurrent-preclean: 0.004/0.004 secs] [Times: user=0.01 sys=0.00, real=0.00 secs] 
2019-12-26T09:31:51.626+0800: 1787488.345: [CMS-concurrent-abortable-preclean-start]
 CMS: abort preclean due to time 2019-12-26T09:31:56.662+0800: 1787493.381: [CMS-concurrent-abortable-preclean: 2.233/5.036 secs] [Times: user=2.28 sys=0.00, real=5.03 secs] 
2019-12-26T09:31:56.664+0800: 1787493.382: [GC (CMS Final Remark) [YG occupancy: 358587 K (737280 K)]2019-12-26T09:31:56.664+0800: 1787493.383: [Rescan (parallel) , 0.0854645 secs]2019-12-26T09:31:56.749+0800: 1787493.468: [weak refs processing, 0.0000824 secs]2019-12-26T09:31:56.749+0800: 1787493.468: [class unloading, 0.0290633 secs]2019-12-26T09:31:56.778+0800: 1787493.497: [scrub symbol table, 0.0090861 secs]2019-12-26T09:31:56.788+0800: 1787493.506: [scrub string table, 0.0017055 secs][1 CMS-remark: 830848K(1277952K)] 1189436K(2015232K), 0.1280876 secs] [Times: user=0.38 sys=0.00, real=0.12 secs] 
2019-12-26T09:31:56.792+0800: 1787493.511: [CMS-concurrent-sweep-start]
2019-12-26T09:31:57.088+0800: 1787493.807: [CMS-concurrent-sweep: 0.296/0.296 secs] [Times: user=0.30 sys=0.00, real=0.30 secs] 
2019-12-26T09:31:57.088+0800: 1787493.807: [CMS-concurrent-reset-start]
2019-12-26T09:31:57.091+0800: 1787493.810: [CMS-concurrent-reset: 0.003/0.003 secs] [Times: user=0.00 sys=0.00, real=0.00 secs] 
2019-12-26T09:31:59.092+0800: 1787495.811: [GC (CMS Initial Mark) [1 CMS-initial-mark: 830848K(1277952K)] 1189436K(2015232K), 0.0807653 secs] [Times: user=0.32 sys=0.00, real=0.09 secs] 
2019-12-26T09:31:59.173+0800: 1787495.892: [CMS-concurrent-mark-start]
2019-12-26T09:32:00.594+0800: 1787497.312: [CMS-concurrent-mark: 1.420/1.420 secs] [Times: user=1.44 sys=0.00, real=1.42 secs] 
2019-12-26T09:32:00.594+0800: 1787497.312: [CMS-concurrent-preclean-start]
2019-12-26T09:32:00.597+0800: 1787497.316: [CMS-concurrent-preclean: 0.004/0.004 secs] [Times: user=0.01 sys=0.00, real=0.00 secs] 
2019-12-26T09:32:00.597+0800: 1787497.316: [CMS-concurrent-abortable-preclean-start]
 CMS: abort preclean due to time 2019-12-26T09:32:05.701+0800: 1787502.420: [CMS-concurrent-abortable-preclean: 2.301/5.104 secs] [Times: user=2.36 sys=0.00, real=5.10 secs] 
2019-12-26T09:32:05.703+0800: 1787502.422: [GC (CMS Final Remark) [YG occupancy: 359718 K (737280 K)]2019-12-26T09:32:05.703+0800: 1787502.422: [Rescan (parallel) , 0.0930538 secs]2019-12-26T09:32:05.796+0800: 1787502.515: [weak refs processing, 0.0000635 secs]2019-12-26T09:32:05.796+0800: 1787502.515: [class unloading, 0.0293132 secs]2019-12-26T09:32:05.826+0800: 1787502.544: [scrub symbol table, 0.0095026 secs]2019-12-26T09:32:05.835+0800: 1787502.554: [scrub string table, 0.0016783 secs][1 CMS-remark: 830848K(1277952K)] 1190567K(2015232K), 0.1362218 secs] [Times: user=0.38 sys=0.00, real=0.14 secs] 
2019-12-26T09:32:05.839+0800: 1787502.558: [CMS-concurrent-sweep-start]
2019-12-26T09:32:06.131+0800: 1787502.850: [CMS-concurrent-sweep: 0.292/0.292 secs] [Times: user=0.30 sys=0.00, real=0.29 secs] 
2019-12-26T09:32:06.132+0800: 1787502.850: [CMS-concurrent-reset-start]
2019-12-26T09:32:06.135+0800: 1787502.853: [CMS-concurrent-reset: 0.003/0.003 secs] [Times: user=0.00 sys=0.00, real=0.01 secs] 
2019-12-26T09:32:08.136+0800: 1787504.855: [GC (CMS Initial Mark) [1 CMS-initial-mark: 830848K(1277952K)] 1190590K(2015232K), 0.0806946 secs] [Times: user=0.32 sys=0.00, real=0.08 secs] 
2019-12-26T09:32:08.217+0800: 1787504.936: [CMS-concurrent-mark-start]
2019-12-26T09:32:09.638+0800: 1787506.357: [CMS-concurrent-mark: 1.421/1.421 secs] [Times: user=1.43 sys=0.00, real=1.42 secs] 
2019-12-26T09:32:09.638+0800: 1787506.357: [CMS-concurrent-preclean-start]
2019-12-26T09:32:09.642+0800: 1787506.361: [CMS-concurrent-preclean: 0.004/0.004 secs] [Times: user=0.01 sys=0.00, real=0.00 secs] 
2019-12-26T09:32:09.642+0800: 1787506.361: [CMS-concurrent-abortable-preclean-start]
 CMS: abort preclean due to time 2019-12-26T09:32:14.653+0800: 1787511.372: [CMS-concurrent-abortable-preclean: 2.208/5.011 secs] [Times: user=2.26 sys=0.00, real=5.01 secs] 
2019-12-26T09:32:14.655+0800: 1787511.373: [GC (CMS Final Remark) [YG occupancy: 360087 K (737280 K)]2019-12-26T09:32:14.655+0800: 1787511.373: [Rescan (parallel) , 0.0853229 secs]2019-12-26T09:32:14.740+0800: 1787511.459: [weak refs processing, 0.0000666 secs]2019-12-26T09:32:14.740+0800: 1787511.459: [class unloading, 0.0295383 secs]2019-12-26T09:32:14.770+0800: 1787511.489: [scrub symbol table, 0.0090405 secs]2019-12-26T09:32:14.779+0800: 1787511.498: [scrub string table, 0.0016956 secs][1 CMS-remark: 830848K(1277952K)] 1190936K(2015232K), 0.1282901 secs] [Times: user=0.39 sys=0.00, real=0.12 secs] 
2019-12-26T09:32:14.783+0800: 1787511.502: [CMS-concurrent-sweep-start]
2019-12-26T09:32:15.091+0800: 1787511.810: [CMS-concurrent-sweep: 0.308/0.308 secs] [Times: user=0.32 sys=0.00, real=0.31 secs] 
2019-12-26T09:32:15.091+0800: 1787511.810: [CMS-concurrent-reset-start]
2019-12-26T09:32:15.095+0800: 1787511.813: [CMS-concurrent-reset: 0.003/0.003 secs] [Times: user=0.01 sys=0.00, real=0.01 secs] 
2019-12-26T09:32:17.096+0800: 1787513.815: [GC (CMS Initial Mark) [1 CMS-initial-mark: 830848K(1277952K)] 1193050K(2015232K), 0.0823412 secs] [Times: user=0.33 sys=0.00, real=0.08 secs] 
2019-12-26T09:32:17.179+0800: 1787513.898: [CMS-concurrent-mark-start]
2019-12-26T09:32:18.586+0800: 1787515.305: [CMS-concurrent-mark: 1.407/1.407 secs] [Times: user=1.42 sys=0.00, real=1.41 secs] 
2019-12-26T09:32:18.586+0800: 1787515.305: [CMS-concurrent-preclean-start]
2019-12-26T09:32:18.590+0800: 1787515.309: [CMS-concurrent-preclean: 0.004/0.004 secs] [Times: user=0.00 sys=0.00, real=0.00 secs] 
2019-12-26T09:32:18.590+0800: 1787515.309: [CMS-concurrent-abortable-preclean-start]
 CMS: abort preclean due to time 2019-12-26T09:32:23.633+0800: 1787520.352: [CMS-concurrent-abortable-preclean: 2.241/5.044 secs] [Times: user=2.30 sys=0.00, real=5.04 secs] 
2019-12-26T09:32:23.635+0800: 1787520.354: [GC (CMS Final Remark) [YG occupancy: 362201 K (737280 K)]2019-12-26T09:32:23.635+0800: 1787520.354: [Rescan (parallel) , 0.0860249 secs]2019-12-26T09:32:23.721+0800: 1787520.440: [weak refs processing, 0.0000656 secs]2019-12-26T09:32:23.722+0800: 1787520.440: [class unloading, 0.0295295 secs]2019-12-26T09:32:23.751+0800: 1787520.470: [scrub symbol table, 0.0110797 secs]2019-12-26T09:32:23.762+0800: 1787520.481: [scrub string table, 0.0017546 secs][1 CMS-remark: 830848K(1277952K)] 1193050K(2015232K), 0.1311157 secs] [Times: user=0.39 sys=0.00, real=0.13 secs] 
2019-12-26T09:32:23.767+0800: 1787520.486: [CMS-concurrent-sweep-start]
2019-12-26T09:32:24.060+0800: 1787520.779: [CMS-concurrent-sweep: 0.293/0.293 secs] [Times: user=0.29 sys=0.00, real=0.29 secs] 
2019-12-26T09:32:24.060+0800: 1787520.779: [CMS-concurrent-reset-start]
2019-12-26T09:32:24.063+0800: 1787520.782: [CMS-concurrent-reset: 0.003/0.003 secs] [Times: user=0.01 sys=0.00, real=0.00 secs] 
2019-12-26T09:32:26.064+0800: 1787522.783: [GC (CMS Initial Mark) [1 CMS-initial-mark: 830848K(1277952K)] 1193052K(2015232K), 0.0815422 secs] [Times: user=0.32 sys=0.00, real=0.08 secs] 
2019-12-26T09:32:26.146+0800: 1787522.865: [CMS-concurrent-mark-start]
2019-12-26T09:32:27.560+0800: 1787524.279: [CMS-concurrent-mark: 1.414/1.414 secs] [Times: user=1.43 sys=0.00, real=1.42 secs] 
2019-12-26T09:32:27.560+0800: 1787524.279: [CMS-concurrent-preclean-start]
2019-12-26T09:32:27.564+0800: 1787524.283: [CMS-concurrent-preclean: 0.004/0.004 secs] [Times: user=0.00 sys=0.00, real=0.00 secs] 
2019-12-26T09:32:27.564+0800: 1787524.283: [CMS-concurrent-abortable-preclean-start]
 CMS: abort preclean due to time 2019-12-26T09:32:32.600+0800: 1787529.319: [CMS-concurrent-abortable-preclean: 2.233/5.036 secs] [Times: user=2.29 sys=0.00, real=5.04 secs] 
2019-12-26T09:32:32.601+0800: 1787529.320: [GC (CMS Final Remark) [YG occupancy: 363125 K (737280 K)]2019-12-26T09:32:32.602+0800: 1787529.320: [Rescan (parallel) , 0.0861384 secs]2019-12-26T09:32:32.688+0800: 1787529.407: [weak refs processing, 0.0000639 secs]2019-12-26T09:32:32.688+0800: 1787529.407: [class unloading, 0.0291820 secs]2019-12-26T09:32:32.717+0800: 1787529.436: [scrub symbol table, 0.0091846 secs]2019-12-26T09:32:32.726+0800: 1787529.445: [scrub string table, 0.0016911 secs][1 CMS-remark: 830848K(1277952K)] 1193974K(2015232K), 0.1289075 secs] [Times: user=0.39 sys=0.00, real=0.13 secs] 
2019-12-26T09:32:32.731+0800: 1787529.449: [CMS-concurrent-sweep-start]
2019-12-26T09:32:33.024+0800: 1787529.743: [CMS-concurrent-sweep: 0.293/0.293 secs] [Times: user=0.29 sys=0.00, real=0.29 secs] 
2019-12-26T09:32:33.024+0800: 1787529.743: [CMS-concurrent-reset-start]
2019-12-26T09:32:33.027+0800: 1787529.746: [CMS-concurrent-reset: 0.003/0.003 secs] [Times: user=0.01 sys=0.00, real=0.00 secs] 
2019-12-26T09:32:35.028+0800: 1787531.747: [GC (CMS Initial Mark) [1 CMS-initial-mark: 830848K(1277952K)] 1194064K(2015232K), 0.0822818 secs] [Times: user=0.32 sys=0.00, real=0.09 secs] 
2019-12-26T09:32:35.111+0800: 1787531.829: [CMS-concurrent-mark-start]
2019-12-26T09:32:36.518+0800: 1787533.237: [CMS-concurrent-mark: 1.407/1.407 secs] [Times: user=1.43 sys=0.00, real=1.40 secs] 
2019-12-26T09:32:36.518+0800: 1787533.237: [CMS-concurrent-preclean-start]
2019-12-26T09:32:36.522+0800: 1787533.241: [CMS-concurrent-preclean: 0.004/0.004 secs] [Times: user=0.00 sys=0.00, real=0.01 secs] 
2019-12-26T09:32:36.522+0800: 1787533.241: [CMS-concurrent-abortable-preclean-start]
 CMS: abort preclean due to time 2019-12-26T09:32:41.633+0800: 1787538.352: [CMS-concurrent-abortable-preclean: 2.290/5.111 secs] [Times: user=2.36 sys=0.00, real=5.11 secs] 
2019-12-26T09:32:41.634+0800: 1787538.353: [GC (CMS Final Remark) [YG occupancy: 364589 K (737280 K)]2019-12-26T09:32:41.635+0800: 1787538.353: [Rescan (parallel) , 0.0867579 secs]2019-12-26T09:32:41.721+0800: 1787538.440: [weak refs processing, 0.0000659 secs]2019-12-26T09:32:41.721+0800: 1787538.440: [class unloading, 0.0289971 secs]2019-12-26T09:32:41.750+0800: 1787538.469: [scrub symbol table, 0.0094688 secs]2019-12-26T09:32:41.760+0800: 1787538.479: [scrub string table, 0.0016726 secs][1 CMS-remark: 830848K(1277952K)] 1195438K(2015232K), 0.1295976 secs] [Times: user=0.39 sys=0.00, real=0.13 secs] 
2019-12-26T09:32:41.764+0800: 1787538.483: [CMS-concurrent-sweep-start]
2019-12-26T09:32:42.061+0800: 1787538.779: [CMS-concurrent-sweep: 0.296/0.296 secs] [Times: user=0.30 sys=0.00, real=0.30 secs] 
2019-12-26T09:32:42.061+0800: 1787538.780: [CMS-concurrent-reset-start]
2019-12-26T09:32:42.064+0800: 1787538.783: [CMS-concurrent-reset: 0.003/0.003 secs] [Times: user=0.00 sys=0.00, real=0.00 secs] 
2019-12-26T09:32:44.066+0800: 1787540.784: [GC (CMS Initial Mark) [1 CMS-initial-mark: 830848K(1277952K)] 1196469K(2015232K), 0.0819149 secs] [Times: user=0.32 sys=0.00, real=0.08 secs] 
2019-12-26T09:32:44.148+0800: 1787540.867: [CMS-concurrent-mark-start]
2019-12-26T09:32:45.564+0800: 1787542.283: [CMS-concurrent-mark: 1.416/1.416 secs] [Times: user=1.43 sys=0.00, real=1.42 secs] 
2019-12-26T09:32:45.564+0800: 1787542.283: [CMS-concurrent-preclean-start]
2019-12-26T09:32:45.568+0800: 1787542.287: [CMS-concurrent-preclean: 0.004/0.004 secs] [Times: user=0.01 sys=0.00, real=0.00 secs] 
2019-12-26T09:32:45.568+0800: 1787542.287: [CMS-concurrent-abortable-preclean-start]
 CMS: abort preclean due to time 2019-12-26T09:32:50.589+0800: 1787547.308: [CMS-concurrent-abortable-preclean: 2.218/5.021 secs] [Times: user=2.26 sys=0.00, real=5.02 secs] 
2019-12-26T09:32:50.591+0800: 1787547.310: [GC (CMS Final Remark) [YG occupancy: 365641 K (737280 K)]2019-12-26T09:32:50.591+0800: 1787547.310: [Rescan (parallel) , 0.0861484 secs]2019-12-26T09:32:50.677+0800: 1787547.396: [weak refs processing, 0.0000646 secs]2019-12-26T09:32:50.677+0800: 1787547.396: [class unloading, 0.0290044 secs]2019-12-26T09:32:50.706+0800: 1787547.425: [scrub symbol table, 0.0094512 secs]2019-12-26T09:32:50.716+0800: 1787547.434: [scrub string table, 0.0016967 secs][1 CMS-remark: 830848K(1277952K)] 1196490K(2015232K), 0.1290081 secs] [Times: user=0.38 sys=0.00, real=0.12 secs] 
2019-12-26T09:32:50.720+0800: 1787547.439: [CMS-concurrent-sweep-start]
2019-12-26T09:32:51.014+0800: 1787547.732: [CMS-concurrent-sweep: 0.293/0.293 secs] [Times: user=0.30 sys=0.00, real=0.30 secs] 
2019-12-26T09:32:51.014+0800: 1787547.733: [CMS-concurrent-reset-start]
2019-12-26T09:32:51.017+0800: 1787547.736: [CMS-concurrent-reset: 0.003/0.003 secs] [Times: user=0.00 sys=0.00, real=0.00 secs] 
2019-12-26T09:32:53.018+0800: 1787549.736: [GC (CMS Initial Mark) [1 CMS-initial-mark: 830848K(1277952K)] 1197069K(2015232K), 0.0822983 secs] [Times: user=0.32 sys=0.00, real=0.08 secs] 
2019-12-26T09:32:53.100+0800: 1787549.819: [CMS-concurrent-mark-start]
2019-12-26T09:32:54.514+0800: 1787551.233: [CMS-concurrent-mark: 1.414/1.414 secs] [Times: user=1.44 sys=0.00, real=1.42 secs] 
2019-12-26T09:32:54.514+0800: 1787551.233: [CMS-concurrent-preclean-start]
2019-12-26T09:32:54.519+0800: 1787551.238: [CMS-concurrent-preclean: 0.004/0.004 secs] [Times: user=0.00 sys=0.00, real=0.00 secs] 
2019-12-26T09:32:54.519+0800: 1787551.238: [CMS-concurrent-abortable-preclean-start]
 CMS: abort preclean due to time 2019-12-26T09:32:59.577+0800: 1787556.296: [CMS-concurrent-abortable-preclean: 2.256/5.058 secs] [Times: user=2.31 sys=0.00, real=5.06 secs] 
2019-12-26T09:32:59.579+0800: 1787556.298: [GC (CMS Final Remark) [YG occupancy: 367806 K (737280 K)]2019-12-26T09:32:59.579+0800: 1787556.298: [Rescan (parallel) , 0.0874551 secs]2019-12-26T09:32:59.667+0800: 1787556.386: [weak refs processing, 0.0000640 secs]2019-12-26T09:32:59.667+0800: 1787556.386: [class unloading, 0.0290401 secs]2019-12-26T09:32:59.696+0800: 1787556.415: [scrub symbol table, 0.0090874 secs]2019-12-26T09:32:59.705+0800: 1787556.424: [scrub string table, 0.0017191 secs][1 CMS-remark: 830848K(1277952K)] 1198654K(2015232K), 0.1300436 secs] [Times: user=0.40 sys=0.00, real=0.13 secs] 
2019-12-26T09:32:59.709+0800: 1787556.428: [CMS-concurrent-sweep-start]
2019-12-26T09:33:00.001+0800: 1787556.720: [CMS-concurrent-sweep: 0.292/0.292 secs] [Times: user=0.29 sys=0.00, real=0.29 secs] 
2019-12-26T09:33:00.001+0800: 1787556.720: [CMS-concurrent-reset-start]
2019-12-26T09:33:00.004+0800: 1787556.723: [CMS-concurrent-reset: 0.003/0.003 secs] [Times: user=0.00 sys=0.00, real=0.01 secs] 
2019-12-26T09:33:02.005+0800: 1787558.724: [GC (CMS Initial Mark) [1 CMS-initial-mark: 830848K(1277952K)] 1199333K(2015232K), 0.0863824 secs] [Times: user=0.33 sys=0.00, real=0.08 secs] 
2019-12-26T09:33:02.092+0800: 1787558.811: [CMS-concurrent-mark-start]
2019-12-26T09:33:03.507+0800: 1787560.226: [CMS-concurrent-mark: 1.415/1.415 secs] [Times: user=1.43 sys=0.00, real=1.42 secs] 
2019-12-26T09:33:03.507+0800: 1787560.226: [CMS-concurrent-preclean-start]
2019-12-26T09:33:03.512+0800: 1787560.230: [CMS-concurrent-preclean: 0.004/0.004 secs] [Times: user=0.01 sys=0.00, real=0.00 secs] 
2019-12-26T09:33:03.512+0800: 1787560.230: [CMS-concurrent-abortable-preclean-start]
 CMS: abort preclean due to time 2019-12-26T09:33:08.533+0800: 1787565.252: [CMS-concurrent-abortable-preclean: 2.317/5.021 secs] [Times: user=2.38 sys=0.00, real=5.02 secs] 
2019-12-26T09:33:08.535+0800: 1787565.253: [GC (CMS Final Remark) [YG occupancy: 370000 K (737280 K)]2019-12-26T09:33:08.535+0800: 1787565.254: [Rescan (parallel) , 0.1009656 secs]2019-12-26T09:33:08.636+0800: 1787565.355: [weak refs processing, 0.0000676 secs]2019-12-26T09:33:08.636+0800: 1787565.355: [class unloading, 0.0294426 secs]2019-12-26T09:33:08.665+0800: 1787565.384: [scrub symbol table, 0.0090248 secs]2019-12-26T09:33:08.674+0800: 1787565.393: [scrub string table, 0.0016879 secs][1 CMS-remark: 830848K(1277952K)] 1200849K(2015232K), 0.1438228 secs] [Times: user=0.34 sys=0.00, real=0.14 secs] 
2019-12-26T09:33:08.679+0800: 1787565.398: [CMS-concurrent-sweep-start]
2019-12-26T09:33:08.974+0800: 1787565.693: [CMS-concurrent-sweep: 0.295/0.295 secs] [Times: user=0.31 sys=0.00, real=0.30 secs] 
2019-12-26T09:33:08.974+0800: 1787565.693: [CMS-concurrent-reset-start]
2019-12-26T09:33:08.977+0800: 1787565.696: [CMS-concurrent-reset: 0.003/0.003 secs] [Times: user=0.00 sys=0.00, real=0.00 secs] 
2019-12-26T09:33:10.978+0800: 1787567.697: [GC (CMS Initial Mark) [1 CMS-initial-mark: 830848K(1277952K)] 1202118K(2015232K), 0.0837059 secs] [Times: user=0.33 sys=0.00, real=0.08 secs] 
2019-12-26T09:33:11.062+0800: 1787567.781: [CMS-concurrent-mark-start]
2019-12-26T09:33:12.474+0800: 1787569.193: [CMS-concurrent-mark: 1.412/1.412 secs] [Times: user=1.44 sys=0.00, real=1.42 secs] 
2019-12-26T09:33:12.474+0800: 1787569.193: [CMS-concurrent-preclean-start]
2019-12-26T09:33:12.479+0800: 1787569.198: [CMS-concurrent-preclean: 0.004/0.005 secs] [Times: user=0.00 sys=0.00, real=0.00 secs] 
2019-12-26T09:33:12.479+0800: 1787569.198: [CMS-concurrent-abortable-preclean-start]
 CMS: abort preclean due to time 2019-12-26T09:33:17.509+0800: 1787574.228: [CMS-concurrent-abortable-preclean: 2.226/5.030 secs] [Times: user=2.30 sys=0.00, real=5.03 secs] 
2019-12-26T09:33:17.511+0800: 1787574.229: [GC (CMS Final Remark) [YG occupancy: 375140 K (737280 K)]2019-12-26T09:33:17.511+0800: 1787574.230: [Rescan (parallel) , 0.0900933 secs]2019-12-26T09:33:17.601+0800: 1787574.320: [weak refs processing, 0.0000647 secs]2019-12-26T09:33:17.601+0800: 1787574.320: [class unloading, 0.0293344 secs]2019-12-26T09:33:17.630+0800: 1787574.349: [scrub symbol table, 0.0093148 secs]2019-12-26T09:33:17.640+0800: 1787574.358: [scrub string table, 0.0017560 secs][1 CMS-remark: 830848K(1277952K)] 1205989K(2015232K), 0.1332714 secs] [Times: user=0.40 sys=0.00, real=0.13 secs] 
2019-12-26T09:33:17.644+0800: 1787574.363: [CMS-concurrent-sweep-start]
2019-12-26T09:33:17.939+0800: 1787574.657: [CMS-concurrent-sweep: 0.294/0.294 secs] [Times: user=0.30 sys=0.00, real=0.30 secs] 
2019-12-26T09:33:17.939+0800: 1787574.657: [CMS-concurrent-reset-start]
2019-12-26T09:33:17.942+0800: 1787574.661: [CMS-concurrent-reset: 0.003/0.003 secs] [Times: user=0.00 sys=0.00, real=0.00 secs] 
2019-12-26T09:33:19.943+0800: 1787576.662: [GC (CMS Initial Mark) [1 CMS-initial-mark: 830848K(1277952K)] 1205991K(2015232K), 0.0843264 secs] [Times: user=0.33 sys=0.00, real=0.09 secs] 
2019-12-26T09:33:20.028+0800: 1787576.747: [CMS-concurrent-mark-start]
2019-12-26T09:33:21.437+0800: 1787578.156: [CMS-concurrent-mark: 1.409/1.409 secs] [Times: user=1.42 sys=0.00, real=1.41 secs] 
2019-12-26T09:33:21.437+0800: 1787578.156: [CMS-concurrent-preclean-start]
2019-12-26T09:33:21.441+0800: 1787578.160: [CMS-concurrent-preclean: 0.004/0.004 secs] [Times: user=0.01 sys=0.00, real=0.00 secs] 
2019-12-26T09:33:21.441+0800: 1787578.160: [CMS-concurrent-abortable-preclean-start]
 CMS: abort preclean due to time 2019-12-26T09:33:26.510+0800: 1787583.229: [CMS-concurrent-abortable-preclean: 2.287/5.069 secs] [Times: user=2.34 sys=0.00, real=5.07 secs] 
2019-12-26T09:33:26.512+0800: 1787583.230: [GC (CMS Final Remark) [YG occupancy: 375942 K (737280 K)]2019-12-26T09:33:26.512+0800: 1787583.231: [Rescan (parallel) , 0.0887922 secs]2019-12-26T09:33:26.601+0800: 1787583.319: [weak refs processing, 0.0000630 secs]2019-12-26T09:33:26.601+0800: 1787583.319: [class unloading, 0.0291298 secs]2019-12-26T09:33:26.630+0800: 1787583.349: [scrub symbol table, 0.0095042 secs]2019-12-26T09:33:26.639+0800: 1787583.358: [scrub string table, 0.0017067 secs][1 CMS-remark: 830848K(1277952K)] 1206791K(2015232K), 0.1318118 secs] [Times: user=0.39 sys=0.00, real=0.13 secs] 
2019-12-26T09:33:26.644+0800: 1787583.363: [CMS-concurrent-sweep-start]
2019-12-26T09:33:26.933+0800: 1787583.652: [CMS-concurrent-sweep: 0.290/0.290 secs] [Times: user=0.30 sys=0.00, real=0.29 secs] 
2019-12-26T09:33:26.934+0800: 1787583.652: [CMS-concurrent-reset-start]
2019-12-26T09:33:26.937+0800: 1787583.656: [CMS-concurrent-reset: 0.003/0.003 secs] [Times: user=0.00 sys=0.00, real=0.01 secs] 
2019-12-26T09:33:28.938+0800: 1787585.656: [GC (CMS Initial Mark) [1 CMS-initial-mark: 830848K(1277952K)] 1206807K(2015232K), 0.0853748 secs] [Times: user=0.33 sys=0.00, real=0.08 secs] 
2019-12-26T09:33:29.023+0800: 1787585.742: [CMS-concurrent-mark-start]
2019-12-26T09:33:30.445+0800: 1787587.164: [CMS-concurrent-mark: 1.422/1.422 secs] [Times: user=1.43 sys=0.00, real=1.42 secs] 
2019-12-26T09:33:30.445+0800: 1787587.164: [CMS-concurrent-preclean-start]
2019-12-26T09:33:30.449+0800: 1787587.168: [CMS-concurrent-preclean: 0.004/0.004 secs] [Times: user=0.01 sys=0.00, real=0.01 secs] 
2019-12-26T09:33:30.449+0800: 1787587.168: [CMS-concurrent-abortable-preclean-start]
 CMS: abort preclean due to time 2019-12-26T09:33:35.488+0800: 1787592.207: [CMS-concurrent-abortable-preclean: 2.237/5.039 secs] [Times: user=2.29 sys=0.00, real=5.04 secs] 
2019-12-26T09:33:35.490+0800: 1787592.208: [GC (CMS Final Remark) [YG occupancy: 376763 K (737280 K)]2019-12-26T09:33:35.490+0800: 1787592.209: [Rescan (parallel) , 0.0890757 secs]2019-12-26T09:33:35.579+0800: 1787592.298: [weak refs processing, 0.0000646 secs]2019-12-26T09:33:35.579+0800: 1787592.298: [class unloading, 0.0288780 secs]2019-12-26T09:33:35.608+0800: 1787592.327: [scrub symbol table, 0.0094911 secs]2019-12-26T09:33:35.617+0800: 1787592.336: [scrub string table, 0.0016857 secs][1 CMS-remark: 830848K(1277952K)] 1207612K(2015232K), 0.1318506 secs] [Times: user=0.40 sys=0.00, real=0.13 secs] 
2019-12-26T09:33:35.622+0800: 1787592.341: [CMS-concurrent-sweep-start]
2019-12-26T09:33:35.914+0800: 1787592.632: [CMS-concurrent-sweep: 0.292/0.292 secs] [Times: user=0.30 sys=0.00, real=0.29 secs] 
2019-12-26T09:33:35.914+0800: 1787592.633: [CMS-concurrent-reset-start]
2019-12-26T09:33:35.917+0800: 1787592.636: [CMS-concurrent-reset: 0.003/0.003 secs] [Times: user=0.00 sys=0.00, real=0.00 secs] 
2019-12-26T09:33:37.918+0800: 1787594.637: [GC (CMS Initial Mark) [1 CMS-initial-mark: 830848K(1277952K)] 1209772K(2015232K), 0.0854043 secs] [Times: user=0.34 sys=0.00, real=0.08 secs] 
2019-12-26T09:33:38.004+0800: 1787594.723: [CMS-concurrent-mark-start]
2019-12-26T09:33:39.415+0800: 1787596.134: [CMS-concurrent-mark: 1.410/1.411 secs] [Times: user=1.43 sys=0.00, real=1.41 secs] 
2019-12-26T09:33:39.415+0800: 1787596.134: [CMS-concurrent-preclean-start]
2019-12-26T09:33:39.420+0800: 1787596.139: [CMS-concurrent-preclean: 0.004/0.005 secs] [Times: user=0.00 sys=0.00, real=0.01 secs] 
2019-12-26T09:33:39.420+0800: 1787596.139: [CMS-concurrent-abortable-preclean-start]
 CMS: abort preclean due to time 2019-12-26T09:33:44.585+0800: 1787601.304: [CMS-concurrent-abortable-preclean: 2.363/5.165 secs] [Times: user=2.43 sys=0.00, real=5.16 secs] 
2019-12-26T09:33:44.587+0800: 1787601.306: [GC (CMS Final Remark) [YG occupancy: 380981 K (737280 K)]2019-12-26T09:33:44.587+0800: 1787601.306: [Rescan (parallel) , 0.0908482 secs]2019-12-26T09:33:44.678+0800: 1787601.397: [weak refs processing, 0.0000729 secs]2019-12-26T09:33:44.678+0800: 1787601.397: [class unloading, 0.0295907 secs]2019-12-26T09:33:44.708+0800: 1787601.427: [scrub symbol table, 0.0098155 secs]2019-12-26T09:33:44.718+0800: 1787601.437: [scrub string table, 0.0017581 secs][1 CMS-remark: 830848K(1277952K)] 1211830K(2015232K), 0.1348384 secs] [Times: user=0.40 sys=0.00, real=0.14 secs] 
2019-12-26T09:33:44.722+0800: 1787601.441: [CMS-concurrent-sweep-start]
2019-12-26T09:33:45.020+0800: 1787601.739: [CMS-concurrent-sweep: 0.298/0.298 secs] [Times: user=0.31 sys=0.00, real=0.30 secs] 
2019-12-26T09:33:45.021+0800: 1787601.739: [CMS-concurrent-reset-start]
2019-12-26T09:33:45.024+0800: 1787601.743: [CMS-concurrent-reset: 0.003/0.003 secs] [Times: user=0.00 sys=0.00, real=0.00 secs] 
2019-12-26T09:33:47.025+0800: 1787603.744: [GC (CMS Initial Mark) [1 CMS-initial-mark: 830848K(1277952K)] 1211984K(2015232K), 0.0859941 secs] [Times: user=0.33 sys=0.00, real=0.09 secs] 
2019-12-26T09:33:47.111+0800: 1787603.830: [CMS-concurrent-mark-start]
2019-12-26T09:33:48.559+0800: 1787605.278: [CMS-concurrent-mark: 1.448/1.448 secs] [Times: user=1.47 sys=0.00, real=1.44 secs] 
2019-12-26T09:33:48.559+0800: 1787605.278: [CMS-concurrent-preclean-start]
2019-12-26T09:33:48.563+0800: 1787605.282: [CMS-concurrent-preclean: 0.004/0.004 secs] [Times: user=0.00 sys=0.00, real=0.01 secs] 
2019-12-26T09:33:48.563+0800: 1787605.282: [CMS-concurrent-abortable-preclean-start]
 CMS: abort preclean due to time 2019-12-26T09:33:53.659+0800: 1787610.378: [CMS-concurrent-abortable-preclean: 2.294/5.096 secs] [Times: user=2.35 sys=0.00, real=5.10 secs] 
2019-12-26T09:33:53.661+0800: 1787610.380: [GC (CMS Final Remark) [YG occupancy: 382353 K (737280 K)]2019-12-26T09:33:53.662+0800: 1787610.380: [Rescan (parallel) , 0.0913319 secs]2019-12-26T09:33:53.753+0800: 1787610.472: [weak refs processing, 0.0000645 secs]2019-12-26T09:33:53.753+0800: 1787610.472: [class unloading, 0.0296621 secs]2019-12-26T09:33:53.783+0800: 1787610.502: [scrub symbol table, 0.0092471 secs]2019-12-26T09:33:53.792+0800: 1787610.511: [scrub string table, 0.0017127 secs][1 CMS-remark: 830848K(1277952K)] 1213201K(2015232K), 0.1346568 secs] [Times: user=0.40 sys=0.00, real=0.13 secs] 
2019-12-26T09:33:53.796+0800: 1787610.515: [CMS-concurrent-sweep-start]
2019-12-26T09:33:54.090+0800: 1787610.809: [CMS-concurrent-sweep: 0.293/0.293 secs] [Times: user=0.30 sys=0.00, real=0.29 secs] 
2019-12-26T09:33:54.090+0800: 1787610.809: [CMS-concurrent-reset-start]
2019-12-26T09:33:54.093+0800: 1787610.812: [CMS-concurrent-reset: 0.003/0.003 secs] [Times: user=0.00 sys=0.00, real=0.01 secs] 
2019-12-26T09:33:56.094+0800: 1787612.813: [GC (CMS Initial Mark) [1 CMS-initial-mark: 830848K(1277952K)] 1213780K(2015232K), 0.0854964 secs] [Times: user=0.33 sys=0.00, real=0.08 secs] 
2019-12-26T09:33:56.179+0800: 1787612.898: [CMS-concurrent-mark-start]
2019-12-26T09:33:57.593+0800: 1787614.312: [CMS-concurrent-mark: 1.414/1.414 secs] [Times: user=1.43 sys=0.00, real=1.42 secs] 
2019-12-26T09:33:57.593+0800: 1787614.312: [CMS-concurrent-preclean-start]
2019-12-26T09:33:57.597+0800: 1787614.316: [CMS-concurrent-preclean: 0.004/0.004 secs] [Times: user=0.01 sys=0.00, real=0.00 secs] 
2019-12-26T09:33:57.597+0800: 1787614.316: [CMS-concurrent-abortable-preclean-start]
 CMS: abort preclean due to time 2019-12-26T09:34:02.624+0800: 1787619.342: [CMS-concurrent-abortable-preclean: 2.224/5.026 secs] [Times: user=2.27 sys=0.00, real=5.03 secs] 
2019-12-26T09:34:02.625+0800: 1787619.344: [GC (CMS Final Remark) [YG occupancy: 382994 K (737280 K)]2019-12-26T09:34:02.626+0800: 1787619.344: [Rescan (parallel) , 0.0902979 secs]2019-12-26T09:34:02.716+0800: 1787619.435: [weak refs processing, 0.0000642 secs]2019-12-26T09:34:02.716+0800: 1787619.435: [class unloading, 0.0289343 secs]2019-12-26T09:34:02.745+0800: 1787619.464: [scrub symbol table, 0.0095374 secs]2019-12-26T09:34:02.755+0800: 1787619.473: [scrub string table, 0.0016803 secs][1 CMS-remark: 830848K(1277952K)] 1213843K(2015232K), 0.1331900 secs] [Times: user=0.41 sys=0.00, real=0.13 secs] 
2019-12-26T09:34:02.759+0800: 1787619.478: [CMS-concurrent-sweep-start]
2019-12-26T09:34:03.052+0800: 1787619.771: [CMS-concurrent-sweep: 0.293/0.293 secs] [Times: user=0.29 sys=0.00, real=0.30 secs] 
2019-12-26T09:34:03.053+0800: 1787619.771: [CMS-concurrent-reset-start]
2019-12-26T09:34:03.056+0800: 1787619.775: [CMS-concurrent-reset: 0.003/0.003 secs] [Times: user=0.01 sys=0.00, real=0.00 secs] 
2019-12-26T09:34:05.057+0800: 1787621.775: [GC (CMS Initial Mark) [1 CMS-initial-mark: 830848K(1277952K)] 1213991K(2015232K), 0.0912918 secs] [Times: user=0.32 sys=0.00, real=0.09 secs] 
2019-12-26T09:34:05.148+0800: 1787621.867: [CMS-concurrent-mark-start]
2019-12-26T09:34:06.562+0800: 1787623.281: [CMS-concurrent-mark: 1.414/1.414 secs] [Times: user=1.43 sys=0.00, real=1.42 secs] 
2019-12-26T09:34:06.562+0800: 1787623.281: [CMS-concurrent-preclean-start]
2019-12-26T09:34:06.566+0800: 1787623.285: [CMS-concurrent-preclean: 0.004/0.004 secs] [Times: user=0.00 sys=0.00, real=0.00 secs] 
2019-12-26T09:34:06.566+0800: 1787623.285: [CMS-concurrent-abortable-preclean-start]
 CMS: abort preclean due to time 2019-12-26T09:34:11.668+0800: 1787628.387: [CMS-concurrent-abortable-preclean: 2.298/5.102 secs] [Times: user=2.36 sys=0.00, real=5.10 secs] 
2019-12-26T09:34:11.670+0800: 1787628.388: [GC (CMS Final Remark) [YG occupancy: 383987 K (737280 K)]2019-12-26T09:34:11.670+0800: 1787628.389: [Rescan (parallel) , 0.0906351 secs]2019-12-26T09:34:11.760+0800: 1787628.479: [weak refs processing, 0.0000659 secs]2019-12-26T09:34:11.761+0800: 1787628.479: [class unloading, 0.0290481 secs]2019-12-26T09:34:11.790+0800: 1787628.508: [scrub symbol table, 0.0091665 secs]2019-12-26T09:34:11.799+0800: 1787628.518: [scrub string table, 0.0016942 secs][1 CMS-remark: 830848K(1277952K)] 1214835K(2015232K), 0.1332525 secs] [Times: user=0.41 sys=0.00, real=0.14 secs] 
2019-12-26T09:34:11.803+0800: 1787628.522: [CMS-concurrent-sweep-start]
2019-12-26T09:34:12.098+0800: 1787628.817: [CMS-concurrent-sweep: 0.295/0.295 secs] [Times: user=0.30 sys=0.00, real=0.29 secs] 
2019-12-26T09:34:12.098+0800: 1787628.817: [CMS-concurrent-reset-start]
2019-12-26T09:34:12.101+0800: 1787628.820: [CMS-concurrent-reset: 0.003/0.003 secs] [Times: user=0.00 sys=0.00, real=0.00 secs] 
2019-12-26T09:34:14.102+0800: 1787630.821: [GC (CMS Initial Mark) [1 CMS-initial-mark: 830848K(1277952K)] 1215359K(2015232K), 0.0870088 secs] [Times: user=0.34 sys=0.00, real=0.09 secs] 
2019-12-26T09:34:14.189+0800: 1787630.908: [CMS-concurrent-mark-start]
2019-12-26T09:34:15.605+0800: 1787632.324: [CMS-concurrent-mark: 1.415/1.415 secs] [Times: user=1.43 sys=0.00, real=1.42 secs] 
2019-12-26T09:34:15.605+0800: 1787632.324: [CMS-concurrent-preclean-start]
2019-12-26T09:34:15.609+0800: 1787632.328: [CMS-concurrent-preclean: 0.004/0.004 secs] [Times: user=0.00 sys=0.00, real=0.00 secs] 
2019-12-26T09:34:15.609+0800: 1787632.328: [CMS-concurrent-abortable-preclean-start]
 CMS: abort preclean due to time 2019-12-26T09:34:20.660+0800: 1787637.379: [CMS-concurrent-abortable-preclean: 2.248/5.051 secs] [Times: user=2.33 sys=0.00, real=5.05 secs] 
2019-12-26T09:34:20.662+0800: 1787637.381: [GC (CMS Final Remark) [YG occupancy: 387060 K (737280 K)]2019-12-26T09:34:20.662+0800: 1787637.381: [Rescan (parallel) , 0.0918116 secs]2019-12-26T09:34:20.754+0800: 1787637.473: [weak refs processing, 0.0000677 secs]2019-12-26T09:34:20.754+0800: 1787637.473: [class unloading, 0.0289435 secs]2019-12-26T09:34:20.783+0800: 1787637.502: [scrub symbol table, 0.0092180 secs]2019-12-26T09:34:20.792+0800: 1787637.511: [scrub string table, 0.0017156 secs][1 CMS-remark: 830848K(1277952K)] 1217909K(2015232K), 0.1344261 secs] [Times: user=0.41 sys=0.00, real=0.14 secs] 
2019-12-26T09:34:20.797+0800: 1787637.515: [CMS-concurrent-sweep-start]
2019-12-26T09:34:21.089+0800: 1787637.808: [CMS-concurrent-sweep: 0.292/0.292 secs] [Times: user=0.30 sys=0.00, real=0.29 secs] 
2019-12-26T09:34:21.089+0800: 1787637.808: [CMS-concurrent-reset-start]
2019-12-26T09:34:21.092+0800: 1787637.811: [CMS-concurrent-reset: 0.003/0.003 secs] [Times: user=0.00 sys=0.00, real=0.00 secs] 
2019-12-26T09:34:23.093+0800: 1787639.812: [GC (CMS Initial Mark) [1 CMS-initial-mark: 830848K(1277952K)] 1218993K(2015232K), 0.1006202 secs] [Times: user=0.30 sys=0.00, real=0.10 secs] 
2019-12-26T09:34:23.194+0800: 1787639.913: [CMS-concurrent-mark-start]
2019-12-26T09:34:24.653+0800: 1787641.372: [CMS-concurrent-mark: 1.459/1.459 secs] [Times: user=1.48 sys=0.00, real=1.46 secs] 
2019-12-26T09:34:24.653+0800: 1787641.372: [CMS-concurrent-preclean-start]
2019-12-26T09:34:24.657+0800: 1787641.376: [CMS-concurrent-preclean: 0.004/0.004 secs] [Times: user=0.00 sys=0.00, real=0.01 secs] 
2019-12-26T09:34:24.657+0800: 1787641.376: [CMS-concurrent-abortable-preclean-start]
 CMS: abort preclean due to time 2019-12-26T09:34:29.704+0800: 1787646.423: [CMS-concurrent-abortable-preclean: 2.244/5.047 secs] [Times: user=2.30 sys=0.00, real=5.04 secs] 
2019-12-26T09:34:29.706+0800: 1787646.425: [GC (CMS Final Remark) [YG occupancy: 388145 K (737280 K)]2019-12-26T09:34:29.706+0800: 1787646.425: [Rescan (parallel) , 0.0912542 secs]2019-12-26T09:34:29.797+0800: 1787646.516: [weak refs processing, 0.0000793 secs]2019-12-26T09:34:29.797+0800: 1787646.516: [class unloading, 0.0292435 secs]2019-12-26T09:34:29.827+0800: 1787646.545: [scrub symbol table, 0.0089513 secs]2019-12-26T09:34:29.836+0800: 1787646.554: [scrub string table, 0.0016852 secs][1 CMS-remark: 830848K(1277952K)] 1218993K(2015232K), 0.1339041 secs] [Times: user=0.41 sys=0.00, real=0.13 secs] 
2019-12-26T09:34:29.840+0800: 1787646.559: [CMS-concurrent-sweep-start]
2019-12-26T09:34:30.131+0800: 1787646.850: [CMS-concurrent-sweep: 0.291/0.291 secs] [Times: user=0.29 sys=0.00, real=0.29 secs] 
2019-12-26T09:34:30.131+0800: 1787646.850: [CMS-concurrent-reset-start]
2019-12-26T09:34:30.134+0800: 1787646.853: [CMS-concurrent-reset: 0.003/0.003 secs] [Times: user=0.00 sys=0.00, real=0.00 secs] 
2019-12-26T09:34:32.135+0800: 1787648.854: [GC (CMS Initial Mark) [1 CMS-initial-mark: 830848K(1277952K)] 1219224K(2015232K), 0.0869768 secs] [Times: user=0.35 sys=0.00, real=0.09 secs] 
2019-12-26T09:34:32.222+0800: 1787648.941: [CMS-concurrent-mark-start]
2019-12-26T09:34:33.633+0800: 1787650.352: [CMS-concurrent-mark: 1.411/1.411 secs] [Times: user=1.43 sys=0.00, real=1.41 secs] 
2019-12-26T09:34:33.634+0800: 1787650.352: [CMS-concurrent-preclean-start]
2019-12-26T09:34:33.638+0800: 1787650.357: [CMS-concurrent-preclean: 0.004/0.004 secs] [Times: user=0.00 sys=0.00, real=0.01 secs] 
2019-12-26T09:34:33.638+0800: 1787650.357: [CMS-concurrent-abortable-preclean-start]
 CMS: abort preclean due to time 2019-12-26T09:34:38.770+0800: 1787655.489: [CMS-concurrent-abortable-preclean: 2.516/5.132 secs] [Times: user=2.61 sys=0.00, real=5.13 secs] 
2019-12-26T09:34:38.772+0800: 1787655.491: [GC (CMS Final Remark) [YG occupancy: 392559 K (737280 K)]2019-12-26T09:34:38.772+0800: 1787655.491: [Rescan (parallel) , 0.0927196 secs]2019-12-26T09:34:38.865+0800: 1787655.584: [weak refs processing, 0.0000833 secs]2019-12-26T09:34:38.865+0800: 1787655.584: [class unloading, 0.0291558 secs]2019-12-26T09:34:38.894+0800: 1787655.613: [scrub symbol table, 0.0090335 secs]2019-12-26T09:34:38.903+0800: 1787655.622: [scrub string table, 0.0017112 secs][1 CMS-remark: 830848K(1277952K)] 1223407K(2015232K), 0.1354327 secs] [Times: user=0.41 sys=0.00, real=0.14 secs] 
2019-12-26T09:34:38.908+0800: 1787655.627: [CMS-concurrent-sweep-start]
2019-12-26T09:34:39.198+0800: 1787655.917: [CMS-concurrent-sweep: 0.290/0.290 secs] [Times: user=0.29 sys=0.00, real=0.29 secs] 
2019-12-26T09:34:39.199+0800: 1787655.917: [CMS-concurrent-reset-start]
2019-12-26T09:34:39.202+0800: 1787655.921: [CMS-concurrent-reset: 0.003/0.003 secs] [Times: user=0.01 sys=0.00, real=0.00 secs] 
2019-12-26T09:34:41.203+0800: 1787657.921: [GC (CMS Initial Mark) [1 CMS-initial-mark: 830848K(1277952K)] 1225391K(2015232K), 0.0887955 secs] [Times: user=0.34 sys=0.00, real=0.09 secs] 
2019-12-26T09:34:41.292+0800: 1787658.011: [CMS-concurrent-mark-start]
2019-12-26T09:34:42.713+0800: 1787659.431: [CMS-concurrent-mark: 1.421/1.421 secs] [Times: user=1.45 sys=0.00, real=1.42 secs] 
2019-12-26T09:34:42.713+0800: 1787659.432: [CMS-concurrent-preclean-start]
2019-12-26T09:34:42.717+0800: 1787659.436: [CMS-concurrent-preclean: 0.004/0.004 secs] [Times: user=0.00 sys=0.00, real=0.00 secs] 
2019-12-26T09:34:42.717+0800: 1787659.436: [CMS-concurrent-abortable-preclean-start]
 CMS: abort preclean due to time 2019-12-26T09:34:47.850+0800: 1787664.569: [CMS-concurrent-abortable-preclean: 2.307/5.133 secs] [Times: user=2.37 sys=0.00, real=5.13 secs] 
2019-12-26T09:34:47.852+0800: 1787664.571: [GC (CMS Final Remark) [YG occupancy: 395902 K (737280 K)]2019-12-26T09:34:47.852+0800: 1787664.571: [Rescan (parallel) , 0.0952405 secs]2019-12-26T09:34:47.947+0800: 1787664.666: [weak refs processing, 0.0000867 secs]2019-12-26T09:34:47.948+0800: 1787664.666: [class unloading, 0.0291591 secs]2019-12-26T09:34:47.977+0800: 1787664.696: [scrub symbol table, 0.0094113 secs]2019-12-26T09:34:47.986+0800: 1787664.705: [scrub string table, 0.0018640 secs][1 CMS-remark: 830848K(1277952K)] 1226750K(2015232K), 0.1385660 secs] [Times: user=0.42 sys=0.00, real=0.14 secs] 
2019-12-26T09:34:47.991+0800: 1787664.710: [CMS-concurrent-sweep-start]
2019-12-26T09:34:48.283+0800: 1787665.002: [CMS-concurrent-sweep: 0.292/0.292 secs] [Times: user=0.29 sys=0.00, real=0.29 secs] 
2019-12-26T09:34:48.283+0800: 1787665.002: [CMS-concurrent-reset-start]
2019-12-26T09:34:48.286+0800: 1787665.005: [CMS-concurrent-reset: 0.003/0.003 secs] [Times: user=0.01 sys=0.00, real=0.00 secs] 
2019-12-26T09:34:50.287+0800: 1787667.006: [GC (CMS Initial Mark) [1 CMS-initial-mark: 830848K(1277952K)] 1226750K(2015232K), 0.1014432 secs] [Times: user=0.30 sys=0.00, real=0.11 secs] 
2019-12-26T09:34:50.389+0800: 1787667.108: [CMS-concurrent-mark-start]
2019-12-26T09:34:51.817+0800: 1787668.536: [CMS-concurrent-mark: 1.428/1.428 secs] [Times: user=1.44 sys=0.00, real=1.42 secs] 
2019-12-26T09:34:51.817+0800: 1787668.536: [CMS-concurrent-preclean-start]
2019-12-26T09:34:51.821+0800: 1787668.540: [CMS-concurrent-preclean: 0.004/0.004 secs] [Times: user=0.01 sys=0.00, real=0.01 secs] 
2019-12-26T09:34:51.821+0800: 1787668.540: [CMS-concurrent-abortable-preclean-start]
 CMS: abort preclean due to time 2019-12-26T09:34:56.838+0800: 1787673.557: [CMS-concurrent-abortable-preclean: 2.215/5.017 secs] [Times: user=2.27 sys=0.00, real=5.01 secs] 
2019-12-26T09:34:56.840+0800: 1787673.559: [GC (CMS Final Remark) [YG occupancy: 396161 K (737280 K)]2019-12-26T09:34:56.840+0800: 1787673.559: [Rescan (parallel) , 0.0930869 secs]2019-12-26T09:34:56.933+0800: 1787673.652: [weak refs processing, 0.0001069 secs]2019-12-26T09:34:56.933+0800: 1787673.652: [class unloading, 0.0291233 secs]2019-12-26T09:34:56.962+0800: 1787673.681: [scrub symbol table, 0.0090171 secs]2019-12-26T09:34:56.971+0800: 1787673.690: [scrub string table, 0.0017326 secs][1 CMS-remark: 830848K(1277952K)] 1227009K(2015232K), 0.1358197 secs] [Times: user=0.41 sys=0.00, real=0.13 secs] 
2019-12-26T09:34:56.976+0800: 1787673.695: [CMS-concurrent-sweep-start]
2019-12-26T09:34:57.271+0800: 1787673.990: [CMS-concurrent-sweep: 0.295/0.295 secs] [Times: user=0.31 sys=0.00, real=0.30 secs] 
2019-12-26T09:34:57.271+0800: 1787673.990: [CMS-concurrent-reset-start]
2019-12-26T09:34:57.275+0800: 1787673.994: [CMS-concurrent-reset: 0.003/0.003 secs] [Times: user=0.00 sys=0.00, real=0.00 secs] 
2019-12-26T09:34:59.276+0800: 1787675.994: [GC (CMS Initial Mark) [1 CMS-initial-mark: 830848K(1277952K)] 1228467K(2015232K), 0.0886121 secs] [Times: user=0.35 sys=0.00, real=0.09 secs] 
2019-12-26T09:34:59.365+0800: 1787676.083: [CMS-concurrent-mark-start]
2019-12-26T09:35:00.769+0800: 1787677.488: [CMS-concurrent-mark: 1.405/1.405 secs] [Times: user=1.42 sys=0.00, real=1.40 secs] 
2019-12-26T09:35:00.769+0800: 1787677.488: [CMS-concurrent-preclean-start]
2019-12-26T09:35:00.774+0800: 1787677.492: [CMS-concurrent-preclean: 0.004/0.004 secs] [Times: user=0.01 sys=0.00, real=0.01 secs] 
2019-12-26T09:35:00.774+0800: 1787677.492: [CMS-concurrent-abortable-preclean-start]
 CMS: abort preclean due to time 2019-12-26T09:35:05.844+0800: 1787682.563: [CMS-concurrent-abortable-preclean: 2.268/5.070 secs] [Times: user=2.32 sys=0.00, real=5.07 secs] 
2019-12-26T09:35:05.846+0800: 1787682.565: [GC (CMS Final Remark) [YG occupancy: 398042 K (737280 K)]2019-12-26T09:35:05.846+0800: 1787682.565: [Rescan (parallel) , 0.0946718 secs]2019-12-26T09:35:05.941+0800: 1787682.659: [weak refs processing, 0.0000781 secs]2019-12-26T09:35:05.941+0800: 1787682.660: [class unloading, 0.0292474 secs]2019-12-26T09:35:05.970+0800: 1787682.689: [scrub symbol table, 0.0091504 secs]2019-12-26T09:35:05.979+0800: 1787682.698: [scrub string table, 0.0018117 secs][1 CMS-remark: 830848K(1277952K)] 1228890K(2015232K), 0.1377799 secs] [Times: user=0.42 sys=0.00, real=0.14 secs] 
2019-12-26T09:35:05.984+0800: 1787682.703: [CMS-concurrent-sweep-start]
2019-12-26T09:35:06.280+0800: 1787682.999: [CMS-concurrent-sweep: 0.296/0.296 secs] [Times: user=0.31 sys=0.00, real=0.29 secs] 
2019-12-26T09:35:06.281+0800: 1787682.999: [CMS-concurrent-reset-start]
2019-12-26T09:35:06.284+0800: 1787683.003: [CMS-concurrent-reset: 0.003/0.003 secs] [Times: user=0.00 sys=0.00, real=0.01 secs] 
2019-12-26T09:35:08.285+0800: 1787685.004: [GC (CMS Initial Mark) [1 CMS-initial-mark: 830848K(1277952K)] 1228914K(2015232K), 0.0885792 secs] [Times: user=0.35 sys=0.00, real=0.09 secs] 
2019-12-26T09:35:08.374+0800: 1787685.093: [CMS-concurrent-mark-start]
2019-12-26T09:35:09.777+0800: 1787686.495: [CMS-concurrent-mark: 1.402/1.402 secs] [Times: user=1.41 sys=0.00, real=1.40 secs] 
2019-12-26T09:35:09.777+0800: 1787686.496: [CMS-concurrent-preclean-start]
2019-12-26T09:35:09.781+0800: 1787686.499: [CMS-concurrent-preclean: 0.004/0.004 secs] [Times: user=0.01 sys=0.00, real=0.00 secs] 
2019-12-26T09:35:09.781+0800: 1787686.500: [CMS-concurrent-abortable-preclean-start]
 CMS: abort preclean due to time 2019-12-26T09:35:14.803+0800: 1787691.522: [CMS-concurrent-abortable-preclean: 2.220/5.022 secs] [Times: user=2.27 sys=0.00, real=5.03 secs] 
2019-12-26T09:35:14.805+0800: 1787691.524: [GC (CMS Final Remark) [YG occupancy: 398065 K (737280 K)]2019-12-26T09:35:14.805+0800: 1787691.524: [Rescan (parallel) , 0.0940242 secs]2019-12-26T09:35:14.899+0800: 1787691.618: [weak refs processing, 0.0000694 secs]2019-12-26T09:35:14.899+0800: 1787691.618: [class unloading, 0.0288263 secs]2019-12-26T09:35:14.928+0800: 1787691.647: [scrub symbol table, 0.0092168 secs]2019-12-26T09:35:14.937+0800: 1787691.656: [scrub string table, 0.0017091 secs][1 CMS-remark: 830848K(1277952K)] 1228914K(2015232K), 0.1365738 secs] [Times: user=0.42 sys=0.00, real=0.13 secs] 
2019-12-26T09:35:14.942+0800: 1787691.661: [CMS-concurrent-sweep-start]
2019-12-26T09:35:15.240+0800: 1787691.959: [CMS-concurrent-sweep: 0.298/0.298 secs] [Times: user=0.31 sys=0.00, real=0.30 secs] 
2019-12-26T09:35:15.240+0800: 1787691.959: [CMS-concurrent-reset-start]
2019-12-26T09:35:15.244+0800: 1787691.963: [CMS-concurrent-reset: 0.003/0.003 secs] [Times: user=0.00 sys=0.00, real=0.01 secs] 
2019-12-26T09:35:17.245+0800: 1787693.963: [GC (CMS Initial Mark) [1 CMS-initial-mark: 830848K(1277952K)] 1230058K(2015232K), 0.0892664 secs] [Times: user=0.35 sys=0.00, real=0.09 secs] 
2019-12-26T09:35:17.334+0800: 1787694.053: [CMS-concurrent-mark-start]
2019-12-26T09:35:18.792+0800: 1787695.511: [CMS-concurrent-mark: 1.458/1.458 secs] [Times: user=1.49 sys=0.00, real=1.45 secs] 
2019-12-26T09:35:18.792+0800: 1787695.511: [CMS-concurrent-preclean-start]
2019-12-26T09:35:18.797+0800: 1787695.515: [CMS-concurrent-preclean: 0.004/0.004 secs] [Times: user=0.01 sys=0.00, real=0.01 secs] 
2019-12-26T09:35:18.797+0800: 1787695.515: [CMS-concurrent-abortable-preclean-start]
 CMS: abort preclean due to time 2019-12-26T09:35:23.844+0800: 1787700.563: [CMS-concurrent-abortable-preclean: 2.245/5.048 secs] [Times: user=2.30 sys=0.00, real=5.05 secs] 
2019-12-26T09:35:23.846+0800: 1787700.565: [GC (CMS Final Remark) [YG occupancy: 402948 K (737280 K)]2019-12-26T09:35:23.846+0800: 1787700.565: [Rescan (parallel) , 0.0947982 secs]2019-12-26T09:35:23.941+0800: 1787700.660: [weak refs processing, 0.0000677 secs]2019-12-26T09:35:23.941+0800: 1787700.660: [class unloading, 0.0291955 secs]2019-12-26T09:35:23.970+0800: 1787700.689: [scrub symbol table, 0.0092462 secs]2019-12-26T09:35:23.980+0800: 1787700.699: [scrub string table, 0.0017044 secs][1 CMS-remark: 830848K(1277952K)] 1233797K(2015232K), 0.1377217 secs] [Times: user=0.42 sys=0.00, real=0.14 secs] 
2019-12-26T09:35:23.984+0800: 1787700.703: [CMS-concurrent-sweep-start]
2019-12-26T09:35:24.277+0800: 1787700.996: [CMS-concurrent-sweep: 0.293/0.293 secs] [Times: user=0.30 sys=0.00, real=0.29 secs] 
2019-12-26T09:35:24.277+0800: 1787700.996: [CMS-concurrent-reset-start]
2019-12-26T09:35:24.280+0800: 1787700.999: [CMS-concurrent-reset: 0.003/0.003 secs] [Times: user=0.00 sys=0.00, real=0.00 secs] 
2019-12-26T09:35:26.281+0800: 1787703.000: [GC (CMS Initial Mark) [1 CMS-initial-mark: 830848K(1277952K)] 1234278K(2015232K), 0.0909398 secs] [Times: user=0.35 sys=0.00, real=0.09 secs] 
2019-12-26T09:35:26.372+0800: 1787703.091: [CMS-concurrent-mark-start]
2019-12-26T09:35:27.783+0800: 1787704.502: [CMS-concurrent-mark: 1.411/1.411 secs] [Times: user=1.43 sys=0.00, real=1.41 secs] 
2019-12-26T09:35:27.783+0800: 1787704.502: [CMS-concurrent-preclean-start]
2019-12-26T09:35:27.787+0800: 1787704.506: [CMS-concurrent-preclean: 0.004/0.004 secs] [Times: user=0.00 sys=0.00, real=0.01 secs] 
2019-12-26T09:35:27.787+0800: 1787704.506: [CMS-concurrent-abortable-preclean-start]
 CMS: abort preclean due to time 2019-12-26T09:35:32.811+0800: 1787709.530: [CMS-concurrent-abortable-preclean: 2.318/5.023 secs] [Times: user=2.39 sys=0.00, real=5.02 secs] 
2019-12-26T09:35:32.813+0800: 1787709.531: [GC (CMS Final Remark) [YG occupancy: 406052 K (737280 K)]2019-12-26T09:35:32.813+0800: 1787709.532: [Rescan (parallel) , 0.0951739 secs]2019-12-26T09:35:32.908+0800: 1787709.627: [weak refs processing, 0.0000680 secs]2019-12-26T09:35:32.908+0800: 1787709.627: [class unloading, 0.0287752 secs]2019-12-26T09:35:32.937+0800: 1787709.656: [scrub symbol table, 0.0091683 secs]2019-12-26T09:35:32.946+0800: 1787709.665: [scrub string table, 0.0017981 secs][1 CMS-remark: 830848K(1277952K)] 1236901K(2015232K), 0.1377302 secs] [Times: user=0.43 sys=0.00, real=0.14 secs] 
2019-12-26T09:35:32.951+0800: 1787709.669: [CMS-concurrent-sweep-start]
2019-12-26T09:35:33.242+0800: 1787709.961: [CMS-concurrent-sweep: 0.292/0.292 secs] [Times: user=0.29 sys=0.00, real=0.29 secs] 
2019-12-26T09:35:33.243+0800: 1787709.961: [CMS-concurrent-reset-start]
2019-12-26T09:35:33.246+0800: 1787709.965: [CMS-concurrent-reset: 0.003/0.003 secs] [Times: user=0.01 sys=0.00, real=0.01 secs] 
2019-12-26T09:35:35.247+0800: 1787711.966: [GC (CMS Initial Mark) [1 CMS-initial-mark: 830848K(1277952K)] 1236988K(2015232K), 0.0904870 secs] [Times: user=0.36 sys=0.00, real=0.09 secs] 
2019-12-26T09:35:35.338+0800: 1787712.057: [CMS-concurrent-mark-start]
2019-12-26T09:35:36.742+0800: 1787713.460: [CMS-concurrent-mark: 1.403/1.403 secs] [Times: user=1.41 sys=0.00, real=1.40 secs] 
2019-12-26T09:35:36.742+0800: 1787713.461: [CMS-concurrent-preclean-start]
2019-12-26T09:35:36.746+0800: 1787713.464: [CMS-concurrent-preclean: 0.004/0.004 secs] [Times: user=0.00 sys=0.00, real=0.00 secs] 
2019-12-26T09:35:36.746+0800: 1787713.464: [CMS-concurrent-abortable-preclean-start]
 CMS: abort preclean due to time 2019-12-26T09:35:41.824+0800: 1787718.543: [CMS-concurrent-abortable-preclean: 2.372/5.078 secs] [Times: user=2.44 sys=0.00, real=5.07 secs] 
2019-12-26T09:35:41.826+0800: 1787718.545: [GC (CMS Final Remark) [YG occupancy: 408358 K (737280 K)]2019-12-26T09:35:41.826+0800: 1787718.545: [Rescan (parallel) , 0.0957235 secs]2019-12-26T09:35:41.922+0800: 1787718.640: [weak refs processing, 0.0000750 secs]2019-12-26T09:35:41.922+0800: 1787718.641: [class unloading, 0.0290918 secs]2019-12-26T09:35:41.951+0800: 1787718.670: [scrub symbol table, 0.0092283 secs]2019-12-26T09:35:41.960+0800: 1787718.679: [scrub string table, 0.0017001 secs][1 CMS-remark: 830848K(1277952K)] 1239207K(2015232K), 0.1385190 secs] [Times: user=0.43 sys=0.00, real=0.14 secs] 
2019-12-26T09:35:41.965+0800: 1787718.683: [CMS-concurrent-sweep-start]
2019-12-26T09:35:42.261+0800: 1787718.980: [CMS-concurrent-sweep: 0.296/0.296 secs] [Times: user=0.30 sys=0.00, real=0.30 secs] 
2019-12-26T09:35:42.261+0800: 1787718.980: [CMS-concurrent-reset-start]
2019-12-26T09:35:42.265+0800: 1787718.983: [CMS-concurrent-reset: 0.003/0.003 secs] [Times: user=0.00 sys=0.00, real=0.00 secs] 
2019-12-26T09:35:44.265+0800: 1787720.984: [GC (CMS Initial Mark) [1 CMS-initial-mark: 830848K(1277952K)] 1239549K(2015232K), 0.0913227 secs] [Times: user=0.36 sys=0.00, real=0.10 secs] 
2019-12-26T09:35:44.357+0800: 1787721.076: [CMS-concurrent-mark-start]
2019-12-26T09:35:45.769+0800: 1787722.488: [CMS-concurrent-mark: 1.412/1.412 secs] [Times: user=1.43 sys=0.00, real=1.41 secs] 
2019-12-26T09:35:45.769+0800: 1787722.488: [CMS-concurrent-preclean-start]
2019-12-26T09:35:45.773+0800: 1787722.492: [CMS-concurrent-preclean: 0.004/0.004 secs] [Times: user=0.00 sys=0.00, real=0.00 secs] 
2019-12-26T09:35:45.773+0800: 1787722.492: [CMS-concurrent-abortable-preclean-start]
 CMS: abort preclean due to time 2019-12-26T09:35:50.871+0800: 1787727.590: [CMS-concurrent-abortable-preclean: 2.295/5.098 secs] [Times: user=2.36 sys=0.00, real=5.10 secs] 
2019-12-26T09:35:50.873+0800: 1787727.592: [GC (CMS Final Remark) [YG occupancy: 410237 K (737280 K)]2019-12-26T09:35:50.873+0800: 1787727.592: [Rescan (parallel) , 0.0966760 secs]2019-12-26T09:35:50.970+0800: 1787727.689: [weak refs processing, 0.0000708 secs]2019-12-26T09:35:50.970+0800: 1787727.689: [class unloading, 0.0291407 secs]2019-12-26T09:35:50.999+0800: 1787727.718: [scrub symbol table, 0.0092701 secs]2019-12-26T09:35:51.008+0800: 1787727.727: [scrub string table, 0.0016812 secs][1 CMS-remark: 830848K(1277952K)] 1241086K(2015232K), 0.1395350 secs] [Times: user=0.43 sys=0.00, real=0.14 secs] 
2019-12-26T09:35:51.013+0800: 1787727.732: [CMS-concurrent-sweep-start]
2019-12-26T09:35:51.305+0800: 1787728.024: [CMS-concurrent-sweep: 0.292/0.292 secs] [Times: user=0.29 sys=0.00, real=0.29 secs] 
2019-12-26T09:35:51.305+0800: 1787728.024: [CMS-concurrent-reset-start]
2019-12-26T09:35:51.308+0800: 1787728.027: [CMS-concurrent-reset: 0.003/0.003 secs] [Times: user=0.00 sys=0.00, real=0.01 secs] 
2019-12-26T09:35:53.309+0800: 1787730.028: [GC (CMS Initial Mark) [1 CMS-initial-mark: 830848K(1277952K)] 1241086K(2015232K), 0.0911580 secs] [Times: user=0.36 sys=0.00, real=0.09 secs] 
2019-12-26T09:35:53.401+0800: 1787730.119: [CMS-concurrent-mark-start]
2019-12-26T09:35:54.826+0800: 1787731.545: [CMS-concurrent-mark: 1.426/1.426 secs] [Times: user=1.44 sys=0.00, real=1.42 secs] 
2019-12-26T09:35:54.826+0800: 1787731.545: [CMS-concurrent-preclean-start]
2019-12-26T09:35:54.831+0800: 1787731.549: [CMS-concurrent-preclean: 0.004/0.004 secs] [Times: user=0.00 sys=0.00, real=0.01 secs] 
2019-12-26T09:35:54.831+0800: 1787731.550: [CMS-concurrent-abortable-preclean-start]
 CMS: abort preclean due to time 2019-12-26T09:35:59.924+0800: 1787736.643: [CMS-concurrent-abortable-preclean: 2.291/5.093 secs] [Times: user=2.35 sys=0.00, real=5.09 secs] 
2019-12-26T09:35:59.926+0800: 1787736.644: [GC (CMS Final Remark) [YG occupancy: 411303 K (737280 K)]2019-12-26T09:35:59.926+0800: 1787736.645: [Rescan (parallel) , 0.1118053 secs]2019-12-26T09:36:00.038+0800: 1787736.756: [weak refs processing, 0.0000849 secs]2019-12-26T09:36:00.038+0800: 1787736.756: [class unloading, 0.0291129 secs]2019-12-26T09:36:00.067+0800: 1787736.786: [scrub symbol table, 0.0090808 secs]2019-12-26T09:36:00.076+0800: 1787736.795: [scrub string table, 0.0017486 secs][1 CMS-remark: 830848K(1277952K)] 1242152K(2015232K), 0.1545784 secs] [Times: user=0.38 sys=0.00, real=0.16 secs] 
2019-12-26T09:36:00.080+0800: 1787736.799: [CMS-concurrent-sweep-start]
2019-12-26T09:36:00.372+0800: 1787737.091: [CMS-concurrent-sweep: 0.292/0.292 secs] [Times: user=0.29 sys=0.00, real=0.29 secs] 
2019-12-26T09:36:00.372+0800: 1787737.091: [CMS-concurrent-reset-start]
2019-12-26T09:36:00.376+0800: 1787737.095: [CMS-concurrent-reset: 0.003/0.003 secs] [Times: user=0.00 sys=0.00, real=0.00 secs] 
2019-12-26T09:36:02.376+0800: 1787739.095: [GC (CMS Initial Mark) [1 CMS-initial-mark: 830848K(1277952K)] 1242190K(2015232K), 0.0921787 secs] [Times: user=0.36 sys=0.00, real=0.09 secs] 
2019-12-26T09:36:02.469+0800: 1787739.188: [CMS-concurrent-mark-start]
2019-12-26T09:36:03.890+0800: 1787740.608: [CMS-concurrent-mark: 1.421/1.421 secs] [Times: user=1.44 sys=0.00, real=1.43 secs] 
2019-12-26T09:36:03.890+0800: 1787740.609: [CMS-concurrent-preclean-start]
2019-12-26T09:36:03.894+0800: 1787740.613: [CMS-concurrent-preclean: 0.004/0.004 secs] [Times: user=0.01 sys=0.00, real=0.00 secs] 
2019-12-26T09:36:03.894+0800: 1787740.613: [CMS-concurrent-abortable-preclean-start]
 CMS: abort preclean due to time 2019-12-26T09:36:08.904+0800: 1787745.623: [CMS-concurrent-abortable-preclean: 2.251/5.010 secs] [Times: user=2.31 sys=0.00, real=5.01 secs] 
2019-12-26T09:36:08.906+0800: 1787745.624: [GC (CMS Final Remark) [YG occupancy: 414180 K (737280 K)]2019-12-26T09:36:08.906+0800: 1787745.625: [Rescan (parallel) , 0.0982537 secs]2019-12-26T09:36:09.004+0800: 1787745.723: [weak refs processing, 0.0000896 secs]2019-12-26T09:36:09.004+0800: 1787745.723: [class unloading, 0.0301314 secs]2019-12-26T09:36:09.034+0800: 1787745.753: [scrub symbol table, 0.0100300 secs]2019-12-26T09:36:09.044+0800: 1787745.763: [scrub string table, 0.0017514 secs][1 CMS-remark: 830848K(1277952K)] 1245029K(2015232K), 0.1430698 secs] [Times: user=0.44 sys=0.00, real=0.14 secs] 
2019-12-26T09:36:09.049+0800: 1787745.768: [CMS-concurrent-sweep-start]
2019-12-26T09:36:09.341+0800: 1787746.060: [CMS-concurrent-sweep: 0.292/0.292 secs] [Times: user=0.29 sys=0.00, real=0.30 secs] 
2019-12-26T09:36:09.341+0800: 1787746.060: [CMS-concurrent-reset-start]
2019-12-26T09:36:09.345+0800: 1787746.063: [CMS-concurrent-reset: 0.003/0.003 secs] [Times: user=0.01 sys=0.00, real=0.00 secs] 
2019-12-26T09:36:11.345+0800: 1787748.064: [GC (CMS Initial Mark) [1 CMS-initial-mark: 830848K(1277952K)] 1245029K(2015232K), 0.0917489 secs] [Times: user=0.36 sys=0.00, real=0.09 secs] 
2019-12-26T09:36:11.437+0800: 1787748.156: [CMS-concurrent-mark-start]
2019-12-26T09:36:12.854+0800: 1787749.572: [CMS-concurrent-mark: 1.416/1.416 secs] [Times: user=1.43 sys=0.00, real=1.42 secs] 
2019-12-26T09:36:12.854+0800: 1787749.573: [CMS-concurrent-preclean-start]
2019-12-26T09:36:12.858+0800: 1787749.576: [CMS-concurrent-preclean: 0.004/0.004 secs] [Times: user=0.00 sys=0.00, real=0.00 secs] 
2019-12-26T09:36:12.858+0800: 1787749.576: [CMS-concurrent-abortable-preclean-start]
 CMS: abort preclean due to time 2019-12-26T09:36:17.908+0800: 1787754.627: [CMS-concurrent-abortable-preclean: 2.248/5.051 secs] [Times: user=2.33 sys=0.00, real=5.05 secs] 
2019-12-26T09:36:17.910+0800: 1787754.629: [GC (CMS Final Remark) [YG occupancy: 416708 K (737280 K)]2019-12-26T09:36:17.910+0800: 1787754.629: [Rescan (parallel) , 0.0992506 secs]2019-12-26T09:36:18.010+0800: 1787754.729: [weak refs processing, 0.0000822 secs]2019-12-26T09:36:18.010+0800: 1787754.729: [class unloading, 0.0293380 secs]2019-12-26T09:36:18.039+0800: 1787754.758: [scrub symbol table, 0.0090654 secs]2019-12-26T09:36:18.048+0800: 1787754.767: [scrub string table, 0.0017640 secs][1 CMS-remark: 830848K(1277952K)] 1247557K(2015232K), 0.1422907 secs] [Times: user=0.44 sys=0.00, real=0.15 secs] 
2019-12-26T09:36:18.053+0800: 1787754.772: [CMS-concurrent-sweep-start]
2019-12-26T09:36:18.350+0800: 1787755.069: [CMS-concurrent-sweep: 0.297/0.297 secs] [Times: user=0.30 sys=0.00, real=0.29 secs] 
2019-12-26T09:36:18.351+0800: 1787755.069: [CMS-concurrent-reset-start]
2019-12-26T09:36:18.354+0800: 1787755.073: [CMS-concurrent-reset: 0.003/0.003 secs] [Times: user=0.00 sys=0.00, real=0.01 secs] 
2019-12-26T09:36:20.355+0800: 1787757.073: [GC (CMS Initial Mark) [1 CMS-initial-mark: 830848K(1277952K)] 1247741K(2015232K), 0.0925348 secs] [Times: user=0.37 sys=0.00, real=0.09 secs] 
2019-12-26T09:36:20.447+0800: 1787757.166: [CMS-concurrent-mark-start]
2019-12-26T09:36:21.866+0800: 1787758.585: [CMS-concurrent-mark: 1.419/1.419 secs] [Times: user=1.43 sys=0.00, real=1.42 secs] 
2019-12-26T09:36:21.866+0800: 1787758.585: [CMS-concurrent-preclean-start]
2019-12-26T09:36:21.870+0800: 1787758.589: [CMS-concurrent-preclean: 0.004/0.004 secs] [Times: user=0.01 sys=0.00, real=0.00 secs] 
2019-12-26T09:36:21.870+0800: 1787758.589: [CMS-concurrent-abortable-preclean-start]
 CMS: abort preclean due to time 2019-12-26T09:36:26.906+0800: 1787763.625: [CMS-concurrent-abortable-preclean: 2.233/5.036 secs] [Times: user=2.29 sys=0.00, real=5.04 secs] 
2019-12-26T09:36:26.908+0800: 1787763.627: [GC (CMS Final Remark) [YG occupancy: 417726 K (737280 K)]2019-12-26T09:36:26.908+0800: 1787763.627: [Rescan (parallel) , 0.0995206 secs]2019-12-26T09:36:27.008+0800: 1787763.727: [weak refs processing, 0.0000659 secs]2019-12-26T09:36:27.008+0800: 1787763.727: [class unloading, 0.0294245 secs]2019-12-26T09:36:27.037+0800: 1787763.756: [scrub symbol table, 0.0093709 secs]2019-12-26T09:36:27.047+0800: 1787763.766: [scrub string table, 0.0017036 secs][1 CMS-remark: 830848K(1277952K)] 1248575K(2015232K), 0.1428210 secs] [Times: user=0.44 sys=0.00, real=0.14 secs] 
2019-12-26T09:36:27.051+0800: 1787763.770: [CMS-concurrent-sweep-start]
2019-12-26T09:36:27.343+0800: 1787764.061: [CMS-concurrent-sweep: 0.291/0.291 secs] [Times: user=0.30 sys=0.00, real=0.29 secs] 
2019-12-26T09:36:27.343+0800: 1787764.062: [CMS-concurrent-reset-start]
2019-12-26T09:36:27.346+0800: 1787764.065: [CMS-concurrent-reset: 0.003/0.003 secs] [Times: user=0.00 sys=0.00, real=0.01 secs] 
2019-12-26T09:36:29.347+0800: 1787766.066: [GC (CMS Initial Mark) [1 CMS-initial-mark: 830848K(1277952K)] 1248897K(2015232K), 0.1052645 secs] [Times: user=0.32 sys=0.00, real=0.10 secs] 
2019-12-26T09:36:29.452+0800: 1787766.171: [CMS-concurrent-mark-start]
2019-12-26T09:36:30.879+0800: 1787767.597: [CMS-concurrent-mark: 1.426/1.426 secs] [Times: user=1.44 sys=0.00, real=1.43 secs] 
2019-12-26T09:36:30.879+0800: 1787767.598: [CMS-concurrent-preclean-start]
2019-12-26T09:36:30.883+0800: 1787767.602: [CMS-concurrent-preclean: 0.004/0.004 secs] [Times: user=0.00 sys=0.00, real=0.00 secs] 
2019-12-26T09:36:30.883+0800: 1787767.602: [CMS-concurrent-abortable-preclean-start]
 CMS: abort preclean due to time 2019-12-26T09:36:35.988+0800: 1787772.707: [CMS-concurrent-abortable-preclean: 2.302/5.105 secs] [Times: user=2.37 sys=0.00, real=5.11 secs] 
2019-12-26T09:36:35.989+0800: 1787772.708: [GC (CMS Final Remark) [YG occupancy: 420589 K (737280 K)]2019-12-26T09:36:35.990+0800: 1787772.708: [Rescan (parallel) , 0.1131123 secs]2019-12-26T09:36:36.103+0800: 1787772.822: [weak refs processing, 0.0000814 secs]2019-12-26T09:36:36.103+0800: 1787772.822: [class unloading, 0.0291428 secs]2019-12-26T09:36:36.132+0800: 1787772.851: [scrub symbol table, 0.0090478 secs]2019-12-26T09:36:36.141+0800: 1787772.860: [scrub string table, 0.0016889 secs][1 CMS-remark: 830848K(1277952K)] 1251437K(2015232K), 0.1558058 secs] [Times: user=0.39 sys=0.00, real=0.16 secs] 
2019-12-26T09:36:36.146+0800: 1787772.864: [CMS-concurrent-sweep-start]
2019-12-26T09:36:36.437+0800: 1787773.155: [CMS-concurrent-sweep: 0.291/0.291 secs] [Times: user=0.29 sys=0.00, real=0.29 secs] 
2019-12-26T09:36:36.437+0800: 1787773.156: [CMS-concurrent-reset-start]
2019-12-26T09:36:36.440+0800: 1787773.159: [CMS-concurrent-reset: 0.003/0.003 secs] [Times: user=0.00 sys=0.00, real=0.00 secs] 
2019-12-26T09:36:38.441+0800: 1787775.160: [GC (CMS Initial Mark) [1 CMS-initial-mark: 830848K(1277952K)] 1251682K(2015232K), 0.0936306 secs] [Times: user=0.37 sys=0.00, real=0.09 secs] 
2019-12-26T09:36:38.535+0800: 1787775.254: [CMS-concurrent-mark-start]
2019-12-26T09:36:39.966+0800: 1787776.685: [CMS-concurrent-mark: 1.421/1.431 secs] [Times: user=1.47 sys=0.00, real=1.44 secs] 
2019-12-26T09:36:39.966+0800: 1787776.685: [CMS-concurrent-preclean-start]
2019-12-26T09:36:39.970+0800: 1787776.689: [CMS-concurrent-preclean: 0.004/0.004 secs] [Times: user=0.00 sys=0.00, real=0.00 secs] 
2019-12-26T09:36:39.970+0800: 1787776.689: [CMS-concurrent-abortable-preclean-start]
 CMS: abort preclean due to time 2019-12-26T09:36:44.982+0800: 1787781.701: [CMS-concurrent-abortable-preclean: 2.222/5.012 secs] [Times: user=2.28 sys=0.00, real=5.01 secs] 
2019-12-26T09:36:44.984+0800: 1787781.703: [GC (CMS Final Remark) [YG occupancy: 423886 K (737280 K)]2019-12-26T09:36:44.984+0800: 1787781.703: [Rescan (parallel) , 0.0994416 secs]2019-12-26T09:36:45.084+0800: 1787781.802: [weak refs processing, 0.0000670 secs]2019-12-26T09:36:45.084+0800: 1787781.802: [class unloading, 0.0291514 secs]2019-12-26T09:36:45.113+0800: 1787781.832: [scrub symbol table, 0.0095238 secs]2019-12-26T09:36:45.122+0800: 1787781.841: [scrub string table, 0.0016983 secs][1 CMS-remark: 830848K(1277952K)] 1254735K(2015232K), 0.1425493 secs] [Times: user=0.44 sys=0.00, real=0.15 secs] 
2019-12-26T09:36:45.127+0800: 1787781.846: [CMS-concurrent-sweep-start]
2019-12-26T09:36:45.419+0800: 1787782.137: [CMS-concurrent-sweep: 0.292/0.292 secs] [Times: user=0.30 sys=0.00, real=0.29 secs] 
2019-12-26T09:36:45.419+0800: 1787782.138: [CMS-concurrent-reset-start]
2019-12-26T09:36:45.422+0800: 1787782.141: [CMS-concurrent-reset: 0.003/0.003 secs] [Times: user=0.00 sys=0.00, real=0.00 secs] 
2019-12-26T09:36:47.423+0800: 1787784.142: [GC (CMS Initial Mark) [1 CMS-initial-mark: 830848K(1277952K)] 1254735K(2015232K), 0.0945691 secs] [Times: user=0.38 sys=0.00, real=0.10 secs] 
2019-12-26T09:36:47.518+0800: 1787784.236: [CMS-concurrent-mark-start]
2019-12-26T09:36:48.939+0800: 1787785.658: [CMS-concurrent-mark: 1.422/1.422 secs] [Times: user=1.43 sys=0.00, real=1.42 secs] 
2019-12-26T09:36:48.939+0800: 1787785.658: [CMS-concurrent-preclean-start]
2019-12-26T09:36:48.943+0800: 1787785.662: [CMS-concurrent-preclean: 0.004/0.004 secs] [Times: user=0.01 sys=0.00, real=0.00 secs] 
2019-12-26T09:36:48.943+0800: 1787785.662: [CMS-concurrent-abortable-preclean-start]
 CMS: abort preclean due to time 2019-12-26T09:36:53.988+0800: 1787790.707: [CMS-concurrent-abortable-preclean: 2.243/5.045 secs] [Times: user=2.29 sys=0.00, real=5.05 secs] 
2019-12-26T09:36:53.990+0800: 1787790.709: [GC (CMS Final Remark) [YG occupancy: 423886 K (737280 K)]2019-12-26T09:36:53.990+0800: 1787790.709: [Rescan (parallel) , 0.0991496 secs]2019-12-26T09:36:54.089+0800: 1787790.808: [weak refs processing, 0.0000660 secs]2019-12-26T09:36:54.090+0800: 1787790.808: [class unloading, 0.0290519 secs]2019-12-26T09:36:54.119+0800: 1787790.837: [scrub symbol table, 0.0090000 secs]2019-12-26T09:36:54.128+0800: 1787790.846: [scrub string table, 0.0017115 secs][1 CMS-remark: 830848K(1277952K)] 1254735K(2015232K), 0.1416402 secs] [Times: user=0.44 sys=0.00, real=0.14 secs] 
2019-12-26T09:36:54.132+0800: 1787790.851: [CMS-concurrent-sweep-start]
2019-12-26T09:36:54.429+0800: 1787791.148: [CMS-concurrent-sweep: 0.297/0.297 secs] [Times: user=0.30 sys=0.00, real=0.30 secs] 
2019-12-26T09:36:54.429+0800: 1787791.148: [CMS-concurrent-reset-start]
2019-12-26T09:36:54.432+0800: 1787791.151: [CMS-concurrent-reset: 0.003/0.003 secs] [Times: user=0.01 sys=0.00, real=0.00 secs] 
2019-12-26T09:36:56.433+0800: 1787793.152: [GC (CMS Initial Mark) [1 CMS-initial-mark: 830848K(1277952K)] 1255649K(2015232K), 0.0939749 secs] [Times: user=0.37 sys=0.00, real=0.09 secs] 
2019-12-26T09:36:56.527+0800: 1787793.246: [CMS-concurrent-mark-start]
2019-12-26T09:36:57.940+0800: 1787794.659: [CMS-concurrent-mark: 1.413/1.413 secs] [Times: user=1.43 sys=0.00, real=1.41 secs] 
2019-12-26T09:36:57.941+0800: 1787794.659: [CMS-concurrent-preclean-start]
2019-12-26T09:36:57.945+0800: 1787794.664: [CMS-concurrent-preclean: 0.004/0.004 secs] [Times: user=0.00 sys=0.00, real=0.00 secs] 
2019-12-26T09:36:57.945+0800: 1787794.664: [CMS-concurrent-abortable-preclean-start]
 CMS: abort preclean due to time 2019-12-26T09:37:02.993+0800: 1787799.711: [CMS-concurrent-abortable-preclean: 2.245/5.048 secs] [Times: user=2.30 sys=0.00, real=5.05 secs] 
2019-12-26T09:37:02.994+0800: 1787799.713: [GC (CMS Final Remark) [YG occupancy: 425240 K (737280 K)]2019-12-26T09:37:02.994+0800: 1787799.713: [Rescan (parallel) , 0.0998904 secs]2019-12-26T09:37:03.094+0800: 1787799.813: [weak refs processing, 0.0000662 secs]2019-12-26T09:37:03.094+0800: 1787799.813: [class unloading, 0.0295589 secs]2019-12-26T09:37:03.124+0800: 1787799.843: [scrub symbol table, 0.0106292 secs]2019-12-26T09:37:03.135+0800: 1787799.854: [scrub string table, 0.0017638 secs][1 CMS-remark: 830848K(1277952K)] 1256088K(2015232K), 0.1446618 secs] [Times: user=0.44 sys=0.00, real=0.15 secs] 
2019-12-26T09:37:03.139+0800: 1787799.858: [CMS-concurrent-sweep-start]
2019-12-26T09:37:03.432+0800: 1787800.150: [CMS-concurrent-sweep: 0.292/0.292 secs] [Times: user=0.29 sys=0.00, real=0.29 secs] 
2019-12-26T09:37:03.432+0800: 1787800.151: [CMS-concurrent-reset-start]
2019-12-26T09:37:03.435+0800: 1787800.154: [CMS-concurrent-reset: 0.003/0.003 secs] [Times: user=0.01 sys=0.00, real=0.00 secs] 
2019-12-26T09:37:05.436+0800: 1787802.154: [GC (CMS Initial Mark) [1 CMS-initial-mark: 830848K(1277952K)] 1256102K(2015232K), 0.1070968 secs] [Times: user=0.38 sys=0.00, real=0.11 secs] 
2019-12-26T09:37:05.543+0800: 1787802.262: [CMS-concurrent-mark-start]
2019-12-26T09:37:06.971+0800: 1787803.689: [CMS-concurrent-mark: 1.427/1.427 secs] [Times: user=1.44 sys=0.00, real=1.43 secs] 
2019-12-26T09:37:06.971+0800: 1787803.689: [CMS-concurrent-preclean-start]
2019-12-26T09:37:06.974+0800: 1787803.693: [CMS-concurrent-preclean: 0.004/0.004 secs] [Times: user=0.00 sys=0.00, real=0.00 secs] 
2019-12-26T09:37:06.975+0800: 1787803.693: [CMS-concurrent-abortable-preclean-start]
 CMS: abort preclean due to time 2019-12-26T09:37:12.146+0800: 1787808.865: [CMS-concurrent-abortable-preclean: 2.291/5.171 secs] [Times: user=2.35 sys=0.00, real=5.17 secs] 
2019-12-26T09:37:12.147+0800: 1787808.866: [GC (CMS Final Remark) [YG occupancy: 425284 K (737280 K)]2019-12-26T09:37:12.148+0800: 1787808.866: [Rescan (parallel) , 0.0992832 secs]2019-12-26T09:37:12.247+0800: 1787808.966: [weak refs processing, 0.0000649 secs]2019-12-26T09:37:12.247+0800: 1787808.966: [class unloading, 0.0292774 secs]2019-12-26T09:37:12.276+0800: 1787808.995: [scrub symbol table, 0.0090535 secs]2019-12-26T09:37:12.285+0800: 1787809.004: [scrub string table, 0.0017039 secs][1 CMS-remark: 830848K(1277952K)] 1256133K(2015232K), 0.1421063 secs] [Times: user=0.44 sys=0.00, real=0.14 secs] 
2019-12-26T09:37:12.290+0800: 1787809.009: [CMS-concurrent-sweep-start]
2019-12-26T09:37:12.583+0800: 1787809.301: [CMS-concurrent-sweep: 0.292/0.292 secs] [Times: user=0.30 sys=0.00, real=0.30 secs] 
2019-12-26T09:37:12.583+0800: 1787809.302: [CMS-concurrent-reset-start]
2019-12-26T09:37:12.586+0800: 1787809.305: [CMS-concurrent-reset: 0.003/0.003 secs] [Times: user=0.00 sys=0.00, real=0.00 secs] 
2019-12-26T09:37:14.588+0800: 1787811.307: [GC (CMS Initial Mark) [1 CMS-initial-mark: 830848K(1277952K)] 1256133K(2015232K), 0.0953904 secs] [Times: user=0.37 sys=0.00, real=0.10 secs] 
2019-12-26T09:37:14.683+0800: 1787811.402: [CMS-concurrent-mark-start]
2019-12-26T09:37:16.105+0800: 1787812.824: [CMS-concurrent-mark: 1.422/1.422 secs] [Times: user=1.43 sys=0.00, real=1.42 secs] 
2019-12-26T09:37:16.105+0800: 1787812.824: [CMS-concurrent-preclean-start]
2019-12-26T09:37:16.109+0800: 1787812.828: [CMS-concurrent-preclean: 0.004/0.004 secs] [Times: user=0.01 sys=0.00, real=0.00 secs] 
2019-12-26T09:37:16.109+0800: 1787812.828: [CMS-concurrent-abortable-preclean-start]
 CMS: abort preclean due to time 2019-12-26T09:37:21.270+0800: 1787817.988: [CMS-concurrent-abortable-preclean: 2.320/5.160 secs] [Times: user=2.41 sys=0.00, real=5.16 secs] 
2019-12-26T09:37:21.271+0800: 1787817.990: [GC (CMS Final Remark) [YG occupancy: 427968 K (737280 K)]2019-12-26T09:37:21.272+0800: 1787817.990: [Rescan (parallel) , 0.1010192 secs]2019-12-26T09:37:21.373+0800: 1787818.091: [weak refs processing, 0.0000659 secs]2019-12-26T09:37:21.373+0800: 1787818.092: [class unloading, 0.0291357 secs]2019-12-26T09:37:21.402+0800: 1787818.121: [scrub symbol table, 0.0100226 secs]2019-12-26T09:37:21.412+0800: 1787818.131: [scrub string table, 0.0017919 secs][1 CMS-remark: 830848K(1277952K)] 1258816K(2015232K), 0.1446997 secs] [Times: user=0.45 sys=0.00, real=0.15 secs] 
2019-12-26T09:37:21.416+0800: 1787818.135: [CMS-concurrent-sweep-start]
2019-12-26T09:37:21.709+0800: 1787818.427: [CMS-concurrent-sweep: 0.292/0.292 secs] [Times: user=0.29 sys=0.00, real=0.29 secs] 
2019-12-26T09:37:21.709+0800: 1787818.428: [CMS-concurrent-reset-start]
2019-12-26T09:37:21.712+0800: 1787818.431: [CMS-concurrent-reset: 0.003/0.003 secs] [Times: user=0.00 sys=0.00, real=0.01 secs] 
2019-12-26T09:37:23.713+0800: 1787820.431: [GC (CMS Initial Mark) [1 CMS-initial-mark: 830848K(1277952K)] 1258820K(2015232K), 0.0954397 secs] [Times: user=0.37 sys=0.00, real=0.09 secs] 
2019-12-26T09:37:23.808+0800: 1787820.527: [CMS-concurrent-mark-start]
2019-12-26T09:37:25.229+0800: 1787821.948: [CMS-concurrent-mark: 1.420/1.420 secs] [Times: user=1.44 sys=0.00, real=1.42 secs] 
2019-12-26T09:37:25.229+0800: 1787821.948: [CMS-concurrent-preclean-start]
2019-12-26T09:37:25.233+0800: 1787821.951: [CMS-concurrent-preclean: 0.004/0.004 secs] [Times: user=0.00 sys=0.00, real=0.01 secs] 
2019-12-26T09:37:25.233+0800: 1787821.952: [CMS-concurrent-abortable-preclean-start]
 CMS: abort preclean due to time 2019-12-26T09:37:30.312+0800: 1787827.031: [CMS-concurrent-abortable-preclean: 2.375/5.079 secs] [Times: user=2.45 sys=0.00, real=5.07 secs] 
2019-12-26T09:37:30.314+0800: 1787827.033: [GC (CMS Final Remark) [YG occupancy: 431352 K (737280 K)]2019-12-26T09:37:30.314+0800: 1787827.033: [Rescan (parallel) , 0.1014543 secs]2019-12-26T09:37:30.415+0800: 1787827.134: [weak refs processing, 0.0000649 secs]2019-12-26T09:37:30.415+0800: 1787827.134: [class unloading, 0.0289795 secs]2019-12-26T09:37:30.444+0800: 1787827.163: [scrub symbol table, 0.0095293 secs]2019-12-26T09:37:30.454+0800: 1787827.173: [scrub string table, 0.0016958 secs][1 CMS-remark: 830848K(1277952K)] 1262201K(2015232K), 0.1443688 secs] [Times: user=0.45 sys=0.00, real=0.14 secs] 
2019-12-26T09:37:30.458+0800: 1787827.177: [CMS-concurrent-sweep-start]
2019-12-26T09:37:30.754+0800: 1787827.473: [CMS-concurrent-sweep: 0.296/0.296 secs] [Times: user=0.30 sys=0.00, real=0.30 secs] 
2019-12-26T09:37:30.754+0800: 1787827.473: [CMS-concurrent-reset-start]
2019-12-26T09:37:30.757+0800: 1787827.476: [CMS-concurrent-reset: 0.003/0.003 secs] [Times: user=0.00 sys=0.00, real=0.00 secs] 
2019-12-26T09:37:32.758+0800: 1787829.477: [GC (CMS Initial Mark) [1 CMS-initial-mark: 830848K(1277952K)] 1262712K(2015232K), 0.0964194 secs] [Times: user=0.38 sys=0.00, real=0.10 secs] 
2019-12-26T09:37:32.855+0800: 1787829.574: [CMS-concurrent-mark-start]
2019-12-26T09:37:34.264+0800: 1787830.983: [CMS-concurrent-mark: 1.409/1.409 secs] [Times: user=1.44 sys=0.00, real=1.41 secs] 
2019-12-26T09:37:34.264+0800: 1787830.983: [CMS-concurrent-preclean-start]
2019-12-26T09:37:34.269+0800: 1787830.988: [CMS-concurrent-preclean: 0.004/0.005 secs] [Times: user=0.00 sys=0.00, real=0.00 secs] 
2019-12-26T09:37:34.269+0800: 1787830.988: [CMS-concurrent-abortable-preclean-start]
 CMS: abort preclean due to time 2019-12-26T09:37:39.298+0800: 1787836.016: [CMS-concurrent-abortable-preclean: 2.289/5.029 secs] [Times: user=2.35 sys=0.00, real=5.03 secs] 
2019-12-26T09:37:39.299+0800: 1787836.018: [GC (CMS Final Remark) [YG occupancy: 435478 K (737280 K)]2019-12-26T09:37:39.299+0800: 1787836.018: [Rescan (parallel) , 0.1023583 secs]2019-12-26T09:37:39.402+0800: 1787836.121: [weak refs processing, 0.0000683 secs]2019-12-26T09:37:39.402+0800: 1787836.121: [class unloading, 0.0290802 secs]2019-12-26T09:37:39.431+0800: 1787836.150: [scrub symbol table, 0.0094563 secs]2019-12-26T09:37:39.441+0800: 1787836.159: [scrub string table, 0.0016944 secs][1 CMS-remark: 830848K(1277952K)] 1266326K(2015232K), 0.1453331 secs] [Times: user=0.45 sys=0.00, real=0.15 secs] 
2019-12-26T09:37:39.445+0800: 1787836.164: [CMS-concurrent-sweep-start]
2019-12-26T09:37:39.737+0800: 1787836.456: [CMS-concurrent-sweep: 0.292/0.292 secs] [Times: user=0.29 sys=0.00, real=0.29 secs] 
2019-12-26T09:37:39.738+0800: 1787836.456: [CMS-concurrent-reset-start]
2019-12-26T09:37:39.741+0800: 1787836.459: [CMS-concurrent-reset: 0.003/0.003 secs] [Times: user=0.00 sys=0.00, real=0.00 secs] 
2019-12-26T09:37:41.741+0800: 1787838.460: [GC (CMS Initial Mark) [1 CMS-initial-mark: 830848K(1277952K)] 1266326K(2015232K), 0.0968058 secs] [Times: user=0.38 sys=0.00, real=0.10 secs] 
2019-12-26T09:37:41.839+0800: 1787838.557: [CMS-concurrent-mark-start]
2019-12-26T09:37:43.265+0800: 1787839.984: [CMS-concurrent-mark: 1.423/1.426 secs] [Times: user=1.45 sys=0.00, real=1.43 secs] 
2019-12-26T09:37:43.265+0800: 1787839.984: [CMS-concurrent-preclean-start]
2019-12-26T09:37:43.269+0800: 1787839.988: [CMS-concurrent-preclean: 0.004/0.004 secs] [Times: user=0.00 sys=0.00, real=0.00 secs] 
2019-12-26T09:37:43.269+0800: 1787839.988: [CMS-concurrent-abortable-preclean-start]
 CMS: abort preclean due to time 2019-12-26T09:37:48.376+0800: 1787845.095: [CMS-concurrent-abortable-preclean: 2.304/5.106 secs] [Times: user=2.37 sys=0.00, real=5.11 secs] 
2019-12-26T09:37:48.378+0800: 1787845.097: [GC (CMS Final Remark) [YG occupancy: 437475 K (737280 K)]2019-12-26T09:37:48.378+0800: 1787845.097: [Rescan (parallel) , 0.1025161 secs]2019-12-26T09:37:48.480+0800: 1787845.199: [weak refs processing, 0.0000659 secs]2019-12-26T09:37:48.481+0800: 1787845.199: [class unloading, 0.0293204 secs]2019-12-26T09:37:48.510+0800: 1787845.229: [scrub symbol table, 0.0096043 secs]2019-12-26T09:37:48.519+0800: 1787845.238: [scrub string table, 0.0017149 secs][1 CMS-remark: 830848K(1277952K)] 1268323K(2015232K), 0.1458944 secs] [Times: user=0.45 sys=0.00, real=0.14 secs] 
2019-12-26T09:37:48.524+0800: 1787845.243: [CMS-concurrent-sweep-start]
2019-12-26T09:37:48.816+0800: 1787845.535: [CMS-concurrent-sweep: 0.292/0.292 secs] [Times: user=0.30 sys=0.00, real=0.30 secs] 
2019-12-26T09:37:48.816+0800: 1787845.535: [CMS-concurrent-reset-start]
2019-12-26T09:37:48.819+0800: 1787845.538: [CMS-concurrent-reset: 0.003/0.003 secs] [Times: user=0.00 sys=0.00, real=0.00 secs] 
2019-12-26T09:37:50.820+0800: 1787847.539: [GC (CMS Initial Mark) [1 CMS-initial-mark: 830848K(1277952K)] 1268944K(2015232K), 0.0976398 secs] [Times: user=0.39 sys=0.00, real=0.10 secs] 
2019-12-26T09:37:50.918+0800: 1787847.637: [CMS-concurrent-mark-start]
2019-12-26T09:37:52.343+0800: 1787849.062: [CMS-concurrent-mark: 1.425/1.425 secs] [Times: user=1.44 sys=0.00, real=1.42 secs] 
2019-12-26T09:37:52.343+0800: 1787849.062: [CMS-concurrent-preclean-start]
2019-12-26T09:37:52.347+0800: 1787849.066: [CMS-concurrent-preclean: 0.004/0.004 secs] [Times: user=0.00 sys=0.00, real=0.01 secs] 
2019-12-26T09:37:52.347+0800: 1787849.066: [CMS-concurrent-abortable-preclean-start]
 CMS: abort preclean due to time 2019-12-26T09:37:57.371+0800: 1787854.090: [CMS-concurrent-abortable-preclean: 2.221/5.023 secs] [Times: user=2.28 sys=0.00, real=5.02 secs] 
2019-12-26T09:37:57.373+0800: 1787854.091: [GC (CMS Final Remark) [YG occupancy: 438694 K (737280 K)]2019-12-26T09:37:57.373+0800: 1787854.092: [Rescan (parallel) , 0.1022021 secs]2019-12-26T09:37:57.475+0800: 1787854.194: [weak refs processing, 0.0000654 secs]2019-12-26T09:37:57.475+0800: 1787854.194: [class unloading, 0.0291664 secs]2019-12-26T09:37:57.504+0800: 1787854.223: [scrub symbol table, 0.0096429 secs]2019-12-26T09:37:57.514+0800: 1787854.233: [scrub string table, 0.0017189 secs][1 CMS-remark: 830848K(1277952K)] 1269542K(2015232K), 0.1455430 secs] [Times: user=0.45 sys=0.00, real=0.15 secs] 
2019-12-26T09:37:57.519+0800: 1787854.237: [CMS-concurrent-sweep-start]
2019-12-26T09:37:57.814+0800: 1787854.533: [CMS-concurrent-sweep: 0.295/0.295 secs] [Times: user=0.29 sys=0.00, real=0.29 secs] 
2019-12-26T09:37:57.814+0800: 1787854.533: [CMS-concurrent-reset-start]
2019-12-26T09:37:57.817+0800: 1787854.536: [CMS-concurrent-reset: 0.003/0.003 secs] [Times: user=0.01 sys=0.00, real=0.00 secs] 
2019-12-26T09:37:59.818+0800: 1787856.537: [GC (CMS Initial Mark) [1 CMS-initial-mark: 830848K(1277952K)] 1270557K(2015232K), 0.0974018 secs] [Times: user=0.39 sys=0.00, real=0.09 secs] 
2019-12-26T09:37:59.916+0800: 1787856.634: [CMS-concurrent-mark-start]
2019-12-26T09:38:01.323+0800: 1787858.042: [CMS-concurrent-mark: 1.407/1.407 secs] [Times: user=1.42 sys=0.00, real=1.41 secs] 
2019-12-26T09:38:01.323+0800: 1787858.042: [CMS-concurrent-preclean-start]
2019-12-26T09:38:01.327+0800: 1787858.046: [CMS-concurrent-preclean: 0.004/0.004 secs] [Times: user=0.01 sys=0.00, real=0.00 secs] 
2019-12-26T09:38:01.327+0800: 1787858.046: [CMS-concurrent-abortable-preclean-start]
 CMS: abort preclean due to time 2019-12-26T09:38:06.352+0800: 1787863.070: [CMS-concurrent-abortable-preclean: 2.222/5.024 secs] [Times: user=2.27 sys=0.00, real=5.03 secs] 
2019-12-26T09:38:06.353+0800: 1787863.072: [GC (CMS Final Remark) [YG occupancy: 440128 K (737280 K)]2019-12-26T09:38:06.354+0800: 1787863.072: [Rescan (parallel) , 0.1031946 secs]2019-12-26T09:38:06.457+0800: 1787863.176: [weak refs processing, 0.0000644 secs]2019-12-26T09:38:06.457+0800: 1787863.176: [class unloading, 0.0289875 secs]2019-12-26T09:38:06.486+0800: 1787863.205: [scrub symbol table, 0.0090907 secs]2019-12-26T09:38:06.495+0800: 1787863.214: [scrub string table, 0.0017179 secs][1 CMS-remark: 830848K(1277952K)] 1270976K(2015232K), 0.1457335 secs] [Times: user=0.46 sys=0.00, real=0.15 secs] 
2019-12-26T09:38:06.499+0800: 1787863.218: [CMS-concurrent-sweep-start]
2019-12-26T09:38:06.793+0800: 1787863.512: [CMS-concurrent-sweep: 0.294/0.294 secs] [Times: user=0.30 sys=0.00, real=0.29 secs] 
2019-12-26T09:38:06.793+0800: 1787863.512: [CMS-concurrent-reset-start]
2019-12-26T09:38:06.796+0800: 1787863.515: [CMS-concurrent-reset: 0.003/0.003 secs] [Times: user=0.01 sys=0.00, real=0.00 secs] 
2019-12-26T09:38:08.798+0800: 1787865.517: [GC (CMS Initial Mark) [1 CMS-initial-mark: 830848K(1277952K)] 1271783K(2015232K), 0.0975446 secs] [Times: user=0.39 sys=0.00, real=0.10 secs] 
2019-12-26T09:38:08.896+0800: 1787865.615: [CMS-concurrent-mark-start]
2019-12-26T09:38:10.308+0800: 1787867.027: [CMS-concurrent-mark: 1.412/1.412 secs] [Times: user=1.43 sys=0.00, real=1.41 secs] 
2019-12-26T09:38:10.308+0800: 1787867.027: [CMS-concurrent-preclean-start]
2019-12-26T09:38:10.312+0800: 1787867.031: [CMS-concurrent-preclean: 0.004/0.004 secs] [Times: user=0.00 sys=0.00, real=0.01 secs] 
2019-12-26T09:38:10.313+0800: 1787867.031: [CMS-concurrent-abortable-preclean-start]
 CMS: abort preclean due to time 2019-12-26T09:38:15.348+0800: 1787872.066: [CMS-concurrent-abortable-preclean: 2.233/5.035 secs] [Times: user=2.28 sys=0.00, real=5.03 secs] 
2019-12-26T09:38:15.349+0800: 1787872.068: [GC (CMS Final Remark) [YG occupancy: 441820 K (737280 K)]2019-12-26T09:38:15.350+0800: 1787872.068: [Rescan (parallel) , 0.1038005 secs]2019-12-26T09:38:15.453+0800: 1787872.172: [weak refs processing, 0.0000649 secs]2019-12-26T09:38:15.453+0800: 1787872.172: [class unloading, 0.0292175 secs]2019-12-26T09:38:15.483+0800: 1787872.202: [scrub symbol table, 0.0091193 secs]2019-12-26T09:38:15.492+0800: 1787872.211: [scrub string table, 0.0017485 secs][1 CMS-remark: 830848K(1277952K)] 1272669K(2015232K), 0.1465886 secs] [Times: user=0.46 sys=0.00, real=0.14 secs] 
2019-12-26T09:38:15.496+0800: 1787872.215: [CMS-concurrent-sweep-start]
2019-12-26T09:38:15.791+0800: 1787872.510: [CMS-concurrent-sweep: 0.295/0.295 secs] [Times: user=0.30 sys=0.00, real=0.30 secs] 
2019-12-26T09:38:15.792+0800: 1787872.510: [CMS-concurrent-reset-start]
2019-12-26T09:38:15.795+0800: 1787872.514: [CMS-concurrent-reset: 0.003/0.003 secs] [Times: user=0.00 sys=0.00, real=0.00 secs] 
2019-12-26T09:38:17.796+0800: 1787874.514: [GC (CMS Initial Mark) [1 CMS-initial-mark: 830848K(1277952K)] 1273442K(2015232K), 0.0980739 secs] [Times: user=0.39 sys=0.00, real=0.10 secs] 
2019-12-26T09:38:17.894+0800: 1787874.613: [CMS-concurrent-mark-start]
2019-12-26T09:38:19.391+0800: 1787876.110: [CMS-concurrent-mark: 1.497/1.497 secs] [Times: user=1.54 sys=0.00, real=1.50 secs] 
2019-12-26T09:38:19.391+0800: 1787876.110: [CMS-concurrent-preclean-start]
2019-12-26T09:38:19.396+0800: 1787876.114: [CMS-concurrent-preclean: 0.004/0.004 secs] [Times: user=0.00 sys=0.00, real=0.00 secs] 
2019-12-26T09:38:19.396+0800: 1787876.114: [CMS-concurrent-abortable-preclean-start]
 CMS: abort preclean due to time 2019-12-26T09:38:24.414+0800: 1787881.133: [CMS-concurrent-abortable-preclean: 2.216/5.018 secs] [Times: user=2.27 sys=0.00, real=5.02 secs] 
2019-12-26T09:38:24.416+0800: 1787881.135: [GC (CMS Final Remark) [YG occupancy: 444901 K (737280 K)]2019-12-26T09:38:24.416+0800: 1787881.135: [Rescan (parallel) , 0.1043302 secs]2019-12-26T09:38:24.520+0800: 1787881.239: [weak refs processing, 0.0000633 secs]2019-12-26T09:38:24.521+0800: 1787881.239: [class unloading, 0.0290996 secs]2019-12-26T09:38:24.550+0800: 1787881.268: [scrub symbol table, 0.0092750 secs]2019-12-26T09:38:24.559+0800: 1787881.278: [scrub string table, 0.0017351 secs][1 CMS-remark: 830848K(1277952K)] 1275750K(2015232K), 0.1471530 secs] [Times: user=0.45 sys=0.00, real=0.15 secs] 
2019-12-26T09:38:24.563+0800: 1787881.282: [CMS-concurrent-sweep-start]
2019-12-26T09:38:24.856+0800: 1787881.575: [CMS-concurrent-sweep: 0.293/0.293 secs] [Times: user=0.29 sys=0.00, real=0.29 secs] 
2019-12-26T09:38:24.856+0800: 1787881.575: [CMS-concurrent-reset-start]
2019-12-26T09:38:24.859+0800: 1787881.578: [CMS-concurrent-reset: 0.003/0.003 secs] [Times: user=0.00 sys=0.00, real=0.00 secs] 
2019-12-26T09:38:26.860+0800: 1787883.579: [GC (CMS Initial Mark) [1 CMS-initial-mark: 830848K(1277952K)] 1276027K(2015232K), 0.0988067 secs] [Times: user=0.39 sys=0.00, real=0.10 secs] 
2019-12-26T09:38:26.959+0800: 1787883.678: [CMS-concurrent-mark-start]
2019-12-26T09:38:28.384+0800: 1787885.103: [CMS-concurrent-mark: 1.425/1.425 secs] [Times: user=1.44 sys=0.00, real=1.43 secs] 
2019-12-26T09:38:28.384+0800: 1787885.103: [CMS-concurrent-preclean-start]
2019-12-26T09:38:28.388+0800: 1787885.107: [CMS-concurrent-preclean: 0.004/0.004 secs] [Times: user=0.00 sys=0.00, real=0.00 secs] 
2019-12-26T09:38:28.388+0800: 1787885.107: [CMS-concurrent-abortable-preclean-start]
 CMS: abort preclean due to time 2019-12-26T09:38:33.485+0800: 1787890.204: [CMS-concurrent-abortable-preclean: 2.294/5.097 secs] [Times: user=2.37 sys=0.00, real=5.10 secs] 
2019-12-26T09:38:33.487+0800: 1787890.206: [GC (CMS Final Remark) [YG occupancy: 448411 K (737280 K)]2019-12-26T09:38:33.487+0800: 1787890.206: [Rescan (parallel) , 0.1063069 secs]2019-12-26T09:38:33.594+0800: 1787890.313: [weak refs processing, 0.0000650 secs]2019-12-26T09:38:33.594+0800: 1787890.313: [class unloading, 0.0291007 secs]2019-12-26T09:38:33.623+0800: 1787890.342: [scrub symbol table, 0.0091676 secs]2019-12-26T09:38:33.632+0800: 1787890.351: [scrub string table, 0.0017065 secs][1 CMS-remark: 830848K(1277952K)] 1279260K(2015232K), 0.1490166 secs] [Times: user=0.46 sys=0.00, real=0.15 secs] 
2019-12-26T09:38:33.637+0800: 1787890.356: [CMS-concurrent-sweep-start]
2019-12-26T09:38:33.929+0800: 1787890.648: [CMS-concurrent-sweep: 0.293/0.293 secs] [Times: user=0.30 sys=0.00, real=0.29 secs] 
2019-12-26T09:38:33.929+0800: 1787890.648: [CMS-concurrent-reset-start]
2019-12-26T09:38:33.932+0800: 1787890.651: [CMS-concurrent-reset: 0.003/0.003 secs] [Times: user=0.00 sys=0.00, real=0.01 secs] 
2019-12-26T09:38:35.933+0800: 1787892.652: [GC (CMS Initial Mark) [1 CMS-initial-mark: 830848K(1277952K)] 1279264K(2015232K), 0.0989843 secs] [Times: user=0.39 sys=0.00, real=0.09 secs] 
2019-12-26T09:38:36.032+0800: 1787892.751: [CMS-concurrent-mark-start]
2019-12-26T09:38:37.466+0800: 1787894.185: [CMS-concurrent-mark: 1.433/1.433 secs] [Times: user=1.45 sys=0.00, real=1.43 secs] 
2019-12-26T09:38:37.466+0800: 1787894.185: [CMS-concurrent-preclean-start]
2019-12-26T09:38:37.470+0800: 1787894.189: [CMS-concurrent-preclean: 0.004/0.004 secs] [Times: user=0.01 sys=0.00, real=0.00 secs] 
2019-12-26T09:38:37.470+0800: 1787894.189: [CMS-concurrent-abortable-preclean-start]
 CMS: abort preclean due to time 2019-12-26T09:38:42.506+0800: 1787899.224: [CMS-concurrent-abortable-preclean: 2.238/5.036 secs] [Times: user=2.29 sys=0.00, real=5.04 secs] 
2019-12-26T09:38:42.507+0800: 1787899.226: [GC (CMS Final Remark) [YG occupancy: 448899 K (737280 K)]2019-12-26T09:38:42.507+0800: 1787899.226: [Rescan (parallel) , 0.1043519 secs]2019-12-26T09:38:42.612+0800: 1787899.331: [weak refs processing, 0.0000728 secs]2019-12-26T09:38:42.612+0800: 1787899.331: [class unloading, 0.0290251 secs]2019-12-26T09:38:42.641+0800: 1787899.360: [scrub symbol table, 0.0091403 secs]2019-12-26T09:38:42.650+0800: 1787899.369: [scrub string table, 0.0017266 secs][1 CMS-remark: 830848K(1277952K)] 1279748K(2015232K), 0.1469975 secs] [Times: user=0.46 sys=0.00, real=0.15 secs] 
2019-12-26T09:38:42.655+0800: 1787899.373: [CMS-concurrent-sweep-start]
2019-12-26T09:38:42.946+0800: 1787899.665: [CMS-concurrent-sweep: 0.292/0.292 secs] [Times: user=0.30 sys=0.00, real=0.29 secs] 
2019-12-26T09:38:42.947+0800: 1787899.665: [CMS-concurrent-reset-start]
2019-12-26T09:38:42.950+0800: 1787899.668: [CMS-concurrent-reset: 0.003/0.003 secs] [Times: user=0.00 sys=0.00, real=0.00 secs] 
2019-12-26T09:38:44.951+0800: 1787901.670: [GC (CMS Initial Mark) [1 CMS-initial-mark: 830848K(1277952K)] 1279755K(2015232K), 0.1017078 secs] [Times: user=0.39 sys=0.00, real=0.10 secs] 
2019-12-26T09:38:45.053+0800: 1787901.772: [CMS-concurrent-mark-start]
2019-12-26T09:38:46.464+0800: 1787903.183: [CMS-concurrent-mark: 1.411/1.411 secs] [Times: user=1.43 sys=0.00, real=1.41 secs] 
2019-12-26T09:38:46.464+0800: 1787903.183: [CMS-concurrent-preclean-start]
2019-12-26T09:38:46.468+0800: 1787903.187: [CMS-concurrent-preclean: 0.004/0.004 secs] [Times: user=0.00 sys=0.00, real=0.01 secs] 
2019-12-26T09:38:46.468+0800: 1787903.187: [CMS-concurrent-abortable-preclean-start]
 CMS: abort preclean due to time 2019-12-26T09:38:51.491+0800: 1787908.210: [CMS-concurrent-abortable-preclean: 2.220/5.023 secs] [Times: user=2.27 sys=0.00, real=5.02 secs] 
2019-12-26T09:38:51.493+0800: 1787908.212: [GC (CMS Final Remark) [YG occupancy: 449069 K (737280 K)]2019-12-26T09:38:51.493+0800: 1787908.212: [Rescan (parallel) , 0.1049853 secs]2019-12-26T09:38:51.598+0800: 1787908.317: [weak refs processing, 0.0000670 secs]2019-12-26T09:38:51.598+0800: 1787908.317: [class unloading, 0.0289812 secs]2019-12-26T09:38:51.627+0800: 1787908.346: [scrub symbol table, 0.0090083 secs]2019-12-26T09:38:51.636+0800: 1787908.355: [scrub string table, 0.0016877 secs][1 CMS-remark: 830848K(1277952K)] 1279917K(2015232K), 0.1473732 secs] [Times: user=0.46 sys=0.00, real=0.15 secs] 
2019-12-26T09:38:51.641+0800: 1787908.359: [CMS-concurrent-sweep-start]
2019-12-26T09:38:51.932+0800: 1787908.651: [CMS-concurrent-sweep: 0.291/0.291 secs] [Times: user=0.30 sys=0.00, real=0.29 secs] 
2019-12-26T09:38:51.932+0800: 1787908.651: [CMS-concurrent-reset-start]
2019-12-26T09:38:51.935+0800: 1787908.654: [CMS-concurrent-reset: 0.003/0.003 secs] [Times: user=0.00 sys=0.00, real=0.00 secs] 
2019-12-26T09:38:53.937+0800: 1787910.656: [GC (CMS Initial Mark) [1 CMS-initial-mark: 830848K(1277952K)] 1282193K(2015232K), 0.0990524 secs] [Times: user=0.39 sys=0.00, real=0.10 secs] 
2019-12-26T09:38:54.036+0800: 1787910.755: [CMS-concurrent-mark-start]
2019-12-26T09:38:55.445+0800: 1787912.163: [CMS-concurrent-mark: 1.408/1.408 secs] [Times: user=1.43 sys=0.00, real=1.40 secs] 
2019-12-26T09:38:55.445+0800: 1787912.163: [CMS-concurrent-preclean-start]
2019-12-26T09:38:55.449+0800: 1787912.168: [CMS-concurrent-preclean: 0.004/0.005 secs] [Times: user=0.00 sys=0.00, real=0.01 secs] 
2019-12-26T09:38:55.449+0800: 1787912.168: [CMS-concurrent-abortable-preclean-start]
 CMS: abort preclean due to time 2019-12-26T09:39:00.493+0800: 1787917.212: [CMS-concurrent-abortable-preclean: 2.242/5.044 secs] [Times: user=2.30 sys=0.00, real=5.04 secs] 
2019-12-26T09:39:00.495+0800: 1787917.214: [GC (CMS Final Remark) [YG occupancy: 452889 K (737280 K)]2019-12-26T09:39:00.495+0800: 1787917.214: [Rescan (parallel) , 0.1062128 secs]2019-12-26T09:39:00.602+0800: 1787917.320: [weak refs processing, 0.0000748 secs]2019-12-26T09:39:00.602+0800: 1787917.321: [class unloading, 0.0291044 secs]2019-12-26T09:39:00.631+0800: 1787917.350: [scrub symbol table, 0.0094895 secs]2019-12-26T09:39:00.640+0800: 1787917.359: [scrub string table, 0.0017349 secs][1 CMS-remark: 830848K(1277952K)] 1283738K(2015232K), 0.1492880 secs] [Times: user=0.46 sys=0.00, real=0.15 secs] 
2019-12-26T09:39:00.645+0800: 1787917.364: [CMS-concurrent-sweep-start]
2019-12-26T09:39:00.944+0800: 1787917.663: [CMS-concurrent-sweep: 0.299/0.299 secs] [Times: user=0.31 sys=0.00, real=0.30 secs] 
2019-12-26T09:39:00.945+0800: 1787917.663: [CMS-concurrent-reset-start]
2019-12-26T09:39:00.948+0800: 1787917.667: [CMS-concurrent-reset: 0.003/0.003 secs] [Times: user=0.00 sys=0.00, real=0.01 secs] 
2019-12-26T09:39:02.949+0800: 1787919.667: [GC (CMS Initial Mark) [1 CMS-initial-mark: 830848K(1277952K)] 1283781K(2015232K), 0.0990910 secs] [Times: user=0.39 sys=0.00, real=0.10 secs] 
2019-12-26T09:39:03.048+0800: 1787919.767: [CMS-concurrent-mark-start]
2019-12-26T09:39:04.460+0800: 1787921.179: [CMS-concurrent-mark: 1.412/1.412 secs] [Times: user=1.43 sys=0.00, real=1.41 secs] 
2019-12-26T09:39:04.461+0800: 1787921.179: [CMS-concurrent-preclean-start]
2019-12-26T09:39:04.464+0800: 1787921.183: [CMS-concurrent-preclean: 0.004/0.004 secs] [Times: user=0.00 sys=0.00, real=0.00 secs] 
2019-12-26T09:39:04.464+0800: 1787921.183: [CMS-concurrent-abortable-preclean-start]
 CMS: abort preclean due to time 2019-12-26T09:39:09.494+0800: 1787926.212: [CMS-concurrent-abortable-preclean: 2.225/5.029 secs] [Times: user=2.28 sys=0.00, real=5.03 secs] 
2019-12-26T09:39:09.495+0800: 1787926.214: [GC (CMS Final Remark) [YG occupancy: 452960 K (737280 K)]2019-12-26T09:39:09.496+0800: 1787926.214: [Rescan (parallel) , 0.1060319 secs]2019-12-26T09:39:09.602+0800: 1787926.320: [weak refs processing, 0.0000669 secs]2019-12-26T09:39:09.602+0800: 1787926.320: [class unloading, 0.0294489 secs]2019-12-26T09:39:09.631+0800: 1787926.350: [scrub symbol table, 0.0091912 secs]2019-12-26T09:39:09.640+0800: 1787926.359: [scrub string table, 0.0017227 secs][1 CMS-remark: 830848K(1277952K)] 1283808K(2015232K), 0.1491305 secs] [Times: user=0.46 sys=0.00, real=0.15 secs] 
2019-12-26T09:39:09.645+0800: 1787926.364: [CMS-concurrent-sweep-start]
2019-12-26T09:39:09.937+0800: 1787926.656: [CMS-concurrent-sweep: 0.292/0.292 secs] [Times: user=0.30 sys=0.00, real=0.29 secs] 
2019-12-26T09:39:09.937+0800: 1787926.656: [CMS-concurrent-reset-start]
2019-12-26T09:39:09.940+0800: 1787926.659: [CMS-concurrent-reset: 0.003/0.003 secs] [Times: user=0.00 sys=0.00, real=0.01 secs] 
2019-12-26T09:39:11.941+0800: 1787928.660: [GC (CMS Initial Mark) [1 CMS-initial-mark: 830848K(1277952K)] 1284476K(2015232K), 0.0996267 secs] [Times: user=0.40 sys=0.00, real=0.10 secs] 
2019-12-26T09:39:12.041+0800: 1787928.760: [CMS-concurrent-mark-start]
2019-12-26T09:39:13.461+0800: 1787930.180: [CMS-concurrent-mark: 1.420/1.420 secs] [Times: user=1.43 sys=0.00, real=1.42 secs] 
2019-12-26T09:39:13.462+0800: 1787930.180: [CMS-concurrent-preclean-start]
2019-12-26T09:39:13.466+0800: 1787930.184: [CMS-concurrent-preclean: 0.004/0.004 secs] [Times: user=0.00 sys=0.00, real=0.00 secs] 
2019-12-26T09:39:13.466+0800: 1787930.185: [CMS-concurrent-abortable-preclean-start]
 CMS: abort preclean due to time 2019-12-26T09:39:18.506+0800: 1787935.225: [CMS-concurrent-abortable-preclean: 2.236/5.041 secs] [Times: user=2.29 sys=0.00, real=5.04 secs] 
2019-12-26T09:39:18.508+0800: 1787935.227: [GC (CMS Final Remark) [YG occupancy: 453628 K (737280 K)]2019-12-26T09:39:18.508+0800: 1787935.227: [Rescan (parallel) , 0.1054327 secs]2019-12-26T09:39:18.614+0800: 1787935.333: [weak refs processing, 0.0000654 secs]2019-12-26T09:39:18.614+0800: 1787935.333: [class unloading, 0.0291044 secs]2019-12-26T09:39:18.643+0800: 1787935.362: [scrub symbol table, 0.0095580 secs]2019-12-26T09:39:18.653+0800: 1787935.371: [scrub string table, 0.0016967 secs][1 CMS-remark: 830848K(1277952K)] 1284476K(2015232K), 0.1486151 secs] [Times: user=0.47 sys=0.00, real=0.15 secs] 
2019-12-26T09:39:18.657+0800: 1787935.376: [CMS-concurrent-sweep-start]
2019-12-26T09:39:18.953+0800: 1787935.672: [CMS-concurrent-sweep: 0.296/0.296 secs] [Times: user=0.30 sys=0.00, real=0.30 secs] 
2019-12-26T09:39:18.954+0800: 1787935.672: [CMS-concurrent-reset-start]
2019-12-26T09:39:18.957+0800: 1787935.676: [CMS-concurrent-reset: 0.003/0.003 secs] [Times: user=0.00 sys=0.00, real=0.00 secs] 
2019-12-26T09:39:20.957+0800: 1787937.676: [GC (CMS Initial Mark) [1 CMS-initial-mark: 830848K(1277952K)] 1286580K(2015232K), 0.0997733 secs] [Times: user=0.40 sys=0.00, real=0.10 secs] 
2019-12-26T09:39:21.057+0800: 1787937.776: [CMS-concurrent-mark-start]
2019-12-26T09:39:22.467+0800: 1787939.186: [CMS-concurrent-mark: 1.410/1.410 secs] [Times: user=1.42 sys=0.00, real=1.41 secs] 
2019-12-26T09:39:22.468+0800: 1787939.186: [CMS-concurrent-preclean-start]
2019-12-26T09:39:22.472+0800: 1787939.190: [CMS-concurrent-preclean: 0.004/0.004 secs] [Times: user=0.01 sys=0.00, real=0.01 secs] 
2019-12-26T09:39:22.472+0800: 1787939.190: [CMS-concurrent-abortable-preclean-start]
 CMS: abort preclean due to time 2019-12-26T09:39:27.569+0800: 1787944.288: [CMS-concurrent-abortable-preclean: 2.295/5.097 secs] [Times: user=2.35 sys=0.00, real=5.09 secs] 
2019-12-26T09:39:27.571+0800: 1787944.290: [GC (CMS Final Remark) [YG occupancy: 456025 K (737280 K)]2019-12-26T09:39:27.571+0800: 1787944.290: [Rescan (parallel) , 0.1067745 secs]2019-12-26T09:39:27.678+0800: 1787944.397: [weak refs processing, 0.0000644 secs]2019-12-26T09:39:27.678+0800: 1787944.397: [class unloading, 0.0291950 secs]2019-12-26T09:39:27.707+0800: 1787944.426: [scrub symbol table, 0.0093722 secs]2019-12-26T09:39:27.716+0800: 1787944.435: [scrub string table, 0.0016909 secs][1 CMS-remark: 830848K(1277952K)] 1286873K(2015232K), 0.1497474 secs] [Times: user=0.47 sys=0.00, real=0.15 secs] 
2019-12-26T09:39:27.721+0800: 1787944.440: [CMS-concurrent-sweep-start]
2019-12-26T09:39:28.018+0800: 1787944.736: [CMS-concurrent-sweep: 0.297/0.297 secs] [Times: user=0.30 sys=0.00, real=0.29 secs] 
2019-12-26T09:39:28.018+0800: 1787944.737: [CMS-concurrent-reset-start]
2019-12-26T09:39:28.021+0800: 1787944.740: [CMS-concurrent-reset: 0.003/0.003 secs] [Times: user=0.00 sys=0.00, real=0.01 secs] 
2019-12-26T09:39:30.022+0800: 1787946.740: [GC (CMS Initial Mark) [1 CMS-initial-mark: 830848K(1277952K)] 1286894K(2015232K), 0.1001152 secs] [Times: user=0.40 sys=0.00, real=0.10 secs] 
2019-12-26T09:39:30.122+0800: 1787946.841: [CMS-concurrent-mark-start]
2019-12-26T09:39:31.526+0800: 1787948.245: [CMS-concurrent-mark: 1.404/1.404 secs] [Times: user=1.42 sys=0.00, real=1.40 secs] 
2019-12-26T09:39:31.526+0800: 1787948.245: [CMS-concurrent-preclean-start]
2019-12-26T09:39:31.530+0800: 1787948.249: [CMS-concurrent-preclean: 0.004/0.004 secs] [Times: user=0.00 sys=0.00, real=0.00 secs] 
2019-12-26T09:39:31.530+0800: 1787948.249: [CMS-concurrent-abortable-preclean-start]
 CMS: abort preclean due to time 2019-12-26T09:39:36.549+0800: 1787953.268: [CMS-concurrent-abortable-preclean: 2.232/5.019 secs] [Times: user=2.29 sys=0.00, real=5.02 secs] 
2019-12-26T09:39:36.551+0800: 1787953.270: [GC (CMS Final Remark) [YG occupancy: 456289 K (737280 K)]2019-12-26T09:39:36.551+0800: 1787953.270: [Rescan (parallel) , 0.1063014 secs]2019-12-26T09:39:36.657+0800: 1787953.376: [weak refs processing, 0.0000664 secs]2019-12-26T09:39:36.658+0800: 1787953.376: [class unloading, 0.0291111 secs]2019-12-26T09:39:36.687+0800: 1787953.406: [scrub symbol table, 0.0095456 secs]2019-12-26T09:39:36.696+0800: 1787953.415: [scrub string table, 0.0016962 secs][1 CMS-remark: 830848K(1277952K)] 1287138K(2015232K), 0.1493843 secs] [Times: user=0.47 sys=0.00, real=0.15 secs] 
2019-12-26T09:39:36.701+0800: 1787953.420: [CMS-concurrent-sweep-start]
2019-12-26T09:39:36.995+0800: 1787953.714: [CMS-concurrent-sweep: 0.294/0.294 secs] [Times: user=0.29 sys=0.00, real=0.30 secs] 
2019-12-26T09:39:36.995+0800: 1787953.714: [CMS-concurrent-reset-start]
2019-12-26T09:39:36.998+0800: 1787953.717: [CMS-concurrent-reset: 0.003/0.003 secs] [Times: user=0.01 sys=0.00, real=0.00 secs] 
2019-12-26T09:39:38.999+0800: 1787955.718: [GC (CMS Initial Mark) [1 CMS-initial-mark: 830848K(1277952K)] 1287376K(2015232K), 0.1067446 secs] [Times: user=0.40 sys=0.00, real=0.11 secs] 
2019-12-26T09:39:39.106+0800: 1787955.825: [CMS-concurrent-mark-start]
2019-12-26T09:39:40.514+0800: 1787957.233: [CMS-concurrent-mark: 1.408/1.408 secs] [Times: user=1.42 sys=0.00, real=1.41 secs] 
2019-12-26T09:39:40.514+0800: 1787957.233: [CMS-concurrent-preclean-start]
2019-12-26T09:39:40.518+0800: 1787957.237: [CMS-concurrent-preclean: 0.004/0.004 secs] [Times: user=0.01 sys=0.00, real=0.00 secs] 
2019-12-26T09:39:40.518+0800: 1787957.237: [CMS-concurrent-abortable-preclean-start]
 CMS: abort preclean due to time 2019-12-26T09:39:45.533+0800: 1787962.252: [CMS-concurrent-abortable-preclean: 2.216/5.015 secs] [Times: user=2.26 sys=0.00, real=5.01 secs] 
2019-12-26T09:39:45.535+0800: 1787962.254: [GC (CMS Final Remark) [YG occupancy: 457104 K (737280 K)]2019-12-26T09:39:45.535+0800: 1787962.254: [Rescan (parallel) , 0.1066470 secs]2019-12-26T09:39:45.642+0800: 1787962.361: [weak refs processing, 0.0000678 secs]2019-12-26T09:39:45.642+0800: 1787962.361: [class unloading, 0.0288776 secs]2019-12-26T09:39:45.671+0800: 1787962.390: [scrub symbol table, 0.0090461 secs]2019-12-26T09:39:45.680+0800: 1787962.399: [scrub string table, 0.0016898 secs][1 CMS-remark: 830848K(1277952K)] 1287952K(2015232K), 0.1489856 secs] [Times: user=0.46 sys=0.00, real=0.15 secs] 
2019-12-26T09:39:45.684+0800: 1787962.403: [CMS-concurrent-sweep-start]
2019-12-26T09:39:45.981+0800: 1787962.700: [CMS-concurrent-sweep: 0.297/0.297 secs] [Times: user=0.31 sys=0.00, real=0.29 secs] 
2019-12-26T09:39:45.982+0800: 1787962.700: [CMS-concurrent-reset-start]
2019-12-26T09:39:45.985+0800: 1787962.704: [CMS-concurrent-reset: 0.003/0.003 secs] [Times: user=0.00 sys=0.00, real=0.01 secs] 
2019-12-26T09:39:47.986+0800: 1787964.704: [GC (CMS Initial Mark) [1 CMS-initial-mark: 830848K(1277952K)] 1287952K(2015232K), 0.1129680 secs] [Times: user=0.40 sys=0.00, real=0.11 secs] 
2019-12-26T09:39:48.099+0800: 1787964.818: [CMS-concurrent-mark-start]
2019-12-26T09:39:49.527+0800: 1787966.246: [CMS-concurrent-mark: 1.428/1.428 secs] [Times: user=1.44 sys=0.00, real=1.43 secs] 
2019-12-26T09:39:49.527+0800: 1787966.246: [CMS-concurrent-preclean-start]
2019-12-26T09:39:49.531+0800: 1787966.250: [CMS-concurrent-preclean: 0.004/0.004 secs] [Times: user=0.00 sys=0.00, real=0.00 secs] 
2019-12-26T09:39:49.531+0800: 1787966.250: [CMS-concurrent-abortable-preclean-start]
 CMS: abort preclean due to time 2019-12-26T09:39:54.544+0800: 1787971.263: [CMS-concurrent-abortable-preclean: 2.210/5.013 secs] [Times: user=2.27 sys=0.00, real=5.01 secs] 
2019-12-26T09:39:54.546+0800: 1787971.264: [GC (CMS Final Remark) [YG occupancy: 457107 K (737280 K)]2019-12-26T09:39:54.546+0800: 1787971.265: [Rescan (parallel) , 0.1076137 secs]2019-12-26T09:39:54.653+0800: 1787971.372: [weak refs processing, 0.0000649 secs]2019-12-26T09:39:54.654+0800: 1787971.372: [class unloading, 0.0290577 secs]2019-12-26T09:39:54.683+0800: 1787971.401: [scrub symbol table, 0.0094340 secs]2019-12-26T09:39:54.692+0800: 1787971.411: [scrub string table, 0.0017203 secs][1 CMS-remark: 830848K(1277952K)] 1287956K(2015232K), 0.1505251 secs] [Times: user=0.47 sys=0.00, real=0.15 secs] 
2019-12-26T09:39:54.697+0800: 1787971.415: [CMS-concurrent-sweep-start]
2019-12-26T09:39:54.990+0800: 1787971.709: [CMS-concurrent-sweep: 0.294/0.294 secs] [Times: user=0.30 sys=0.00, real=0.29 secs] 
2019-12-26T09:39:54.990+0800: 1787971.709: [CMS-concurrent-reset-start]
2019-12-26T09:39:54.993+0800: 1787971.712: [CMS-concurrent-reset: 0.003/0.003 secs] [Times: user=0.00 sys=0.00, real=0.00 secs] 
2019-12-26T09:39:56.994+0800: 1787973.713: [GC (CMS Initial Mark) [1 CMS-initial-mark: 830848K(1277952K)] 1287956K(2015232K), 0.1127783 secs] [Times: user=0.40 sys=0.00, real=0.12 secs] 
2019-12-26T09:39:57.107+0800: 1787973.826: [CMS-concurrent-mark-start]
2019-12-26T09:39:58.520+0800: 1787975.239: [CMS-concurrent-mark: 1.411/1.413 secs] [Times: user=1.43 sys=0.00, real=1.41 secs] 
2019-12-26T09:39:58.520+0800: 1787975.239: [CMS-concurrent-preclean-start]
2019-12-26T09:39:58.524+0800: 1787975.243: [CMS-concurrent-preclean: 0.004/0.004 secs] [Times: user=0.01 sys=0.00, real=0.00 secs] 
2019-12-26T09:39:58.524+0800: 1787975.243: [CMS-concurrent-abortable-preclean-start]
 CMS: abort preclean due to time 2019-12-26T09:40:03.598+0800: 1787980.317: [CMS-concurrent-abortable-preclean: 2.271/5.074 secs] [Times: user=2.32 sys=0.00, real=5.08 secs] 
2019-12-26T09:40:03.600+0800: 1787980.319: [GC (CMS Final Remark) [YG occupancy: 457984 K (737280 K)]2019-12-26T09:40:03.600+0800: 1787980.319: [Rescan (parallel) , 0.1067615 secs]2019-12-26T09:40:03.707+0800: 1787980.426: [weak refs processing, 0.0000662 secs]2019-12-26T09:40:03.707+0800: 1787980.426: [class unloading, 0.0291634 secs]2019-12-26T09:40:03.736+0800: 1787980.455: [scrub symbol table, 0.0091774 secs]2019-12-26T09:40:03.746+0800: 1787980.464: [scrub string table, 0.0017037 secs][1 CMS-remark: 830848K(1277952K)] 1288832K(2015232K), 0.1495830 secs] [Times: user=0.46 sys=0.00, real=0.15 secs] 
2019-12-26T09:40:03.750+0800: 1787980.469: [CMS-concurrent-sweep-start]
2019-12-26T09:40:04.042+0800: 1787980.761: [CMS-concurrent-sweep: 0.292/0.292 secs] [Times: user=0.30 sys=0.00, real=0.29 secs] 
2019-12-26T09:40:04.042+0800: 1787980.761: [CMS-concurrent-reset-start]
2019-12-26T09:40:04.045+0800: 1787980.764: [CMS-concurrent-reset: 0.003/0.003 secs] [Times: user=0.00 sys=0.00, real=0.00 secs] 
2019-12-26T09:40:06.046+0800: 1787982.765: [GC (CMS Initial Mark) [1 CMS-initial-mark: 830848K(1277952K)] 1288832K(2015232K), 0.1129278 secs] [Times: user=0.40 sys=0.00, real=0.12 secs] 
2019-12-26T09:40:06.159+0800: 1787982.878: [CMS-concurrent-mark-start]
2019-12-26T09:40:07.597+0800: 1787984.316: [CMS-concurrent-mark: 1.438/1.438 secs] [Times: user=1.45 sys=0.00, real=1.44 secs] 
2019-12-26T09:40:07.597+0800: 1787984.316: [CMS-concurrent-preclean-start]
2019-12-26T09:40:07.601+0800: 1787984.320: [CMS-concurrent-preclean: 0.004/0.004 secs] [Times: user=0.00 sys=0.00, real=0.00 secs] 
2019-12-26T09:40:07.601+0800: 1787984.320: [CMS-concurrent-abortable-preclean-start]
 CMS: abort preclean due to time 2019-12-26T09:40:12.753+0800: 1787989.472: [CMS-concurrent-abortable-preclean: 2.294/5.151 secs] [Times: user=2.36 sys=0.00, real=5.15 secs] 
2019-12-26T09:40:12.755+0800: 1787989.474: [GC (CMS Final Remark) [YG occupancy: 458007 K (737280 K)]2019-12-26T09:40:12.755+0800: 1787989.474: [Rescan (parallel) , 0.1084054 secs]2019-12-26T09:40:12.863+0800: 1787989.582: [weak refs processing, 0.0000670 secs]2019-12-26T09:40:12.863+0800: 1787989.582: [class unloading, 0.0291878 secs]2019-12-26T09:40:12.893+0800: 1787989.612: [scrub symbol table, 0.0092768 secs]2019-12-26T09:40:12.902+0800: 1787989.621: [scrub string table, 0.0016985 secs][1 CMS-remark: 830848K(1277952K)] 1288855K(2015232K), 0.1513598 secs] [Times: user=0.47 sys=0.00, real=0.15 secs] 
2019-12-26T09:40:12.907+0800: 1787989.625: [CMS-concurrent-sweep-start]
2019-12-26T09:40:13.202+0800: 1787989.921: [CMS-concurrent-sweep: 0.296/0.296 secs] [Times: user=0.30 sys=0.00, real=0.30 secs] 
2019-12-26T09:40:13.202+0800: 1787989.921: [CMS-concurrent-reset-start]
2019-12-26T09:40:13.205+0800: 1787989.924: [CMS-concurrent-reset: 0.003/0.003 secs] [Times: user=0.00 sys=0.00, real=0.00 secs] 
2019-12-26T09:40:15.206+0800: 1787991.925: [GC (CMS Initial Mark) [1 CMS-initial-mark: 830848K(1277952K)] 1288855K(2015232K), 0.1010038 secs] [Times: user=0.39 sys=0.00, real=0.10 secs] 
2019-12-26T09:40:15.307+0800: 1787992.026: [CMS-concurrent-mark-start]
2019-12-26T09:40:16.731+0800: 1787993.450: [CMS-concurrent-mark: 1.423/1.423 secs] [Times: user=1.44 sys=0.00, real=1.42 secs] 
2019-12-26T09:40:16.731+0800: 1787993.450: [CMS-concurrent-preclean-start]
2019-12-26T09:40:16.735+0800: 1787993.454: [CMS-concurrent-preclean: 0.004/0.004 secs] [Times: user=0.01 sys=0.00, real=0.00 secs] 
2019-12-26T09:40:16.735+0800: 1787993.454: [CMS-concurrent-abortable-preclean-start]
 CMS: abort preclean due to time 2019-12-26T09:40:21.868+0800: 1787998.587: [CMS-concurrent-abortable-preclean: 2.310/5.133 secs] [Times: user=2.39 sys=0.00, real=5.13 secs] 
2019-12-26T09:40:21.870+0800: 1787998.589: [GC (CMS Final Remark) [YG occupancy: 461505 K (737280 K)]2019-12-26T09:40:21.870+0800: 1787998.589: [Rescan (parallel) , 0.1071781 secs]2019-12-26T09:40:21.977+0800: 1787998.696: [weak refs processing, 0.0000651 secs]2019-12-26T09:40:21.977+0800: 1787998.696: [class unloading, 0.0289513 secs]2019-12-26T09:40:22.006+0800: 1787998.725: [scrub symbol table, 0.0092904 secs]2019-12-26T09:40:22.016+0800: 1787998.734: [scrub string table, 0.0016926 secs][1 CMS-remark: 830848K(1277952K)] 1292353K(2015232K), 0.1497939 secs] [Times: user=0.47 sys=0.00, real=0.15 secs] 
2019-12-26T09:40:22.020+0800: 1787998.739: [CMS-concurrent-sweep-start]
2019-12-26T09:40:22.314+0800: 1787999.033: [CMS-concurrent-sweep: 0.294/0.294 secs] [Times: user=0.29 sys=0.00, real=0.29 secs] 
2019-12-26T09:40:22.315+0800: 1787999.033: [CMS-concurrent-reset-start]
2019-12-26T09:40:22.318+0800: 1787999.037: [CMS-concurrent-reset: 0.003/0.003 secs] [Times: user=0.01 sys=0.00, real=0.00 secs] 
2019-12-26T09:40:24.319+0800: 1788001.037: [GC (CMS Initial Mark) [1 CMS-initial-mark: 830848K(1277952K)] 1292367K(2015232K), 0.1170529 secs] [Times: user=0.35 sys=0.00, real=0.12 secs] 
2019-12-26T09:40:24.436+0800: 1788001.155: [CMS-concurrent-mark-start]
2019-12-26T09:40:25.839+0800: 1788002.558: [CMS-concurrent-mark: 1.404/1.404 secs] [Times: user=1.42 sys=0.00, real=1.40 secs] 
2019-12-26T09:40:25.840+0800: 1788002.558: [CMS-concurrent-preclean-start]
2019-12-26T09:40:25.844+0800: 1788002.563: [CMS-concurrent-preclean: 0.004/0.004 secs] [Times: user=0.00 sys=0.00, real=0.01 secs] 
2019-12-26T09:40:25.844+0800: 1788002.563: [CMS-concurrent-abortable-preclean-start]
 CMS: abort preclean due to time 2019-12-26T09:40:31.001+0800: 1788007.719: [CMS-concurrent-abortable-preclean: 2.447/5.157 secs] [Times: user=2.52 sys=0.00, real=5.15 secs] 
2019-12-26T09:40:31.002+0800: 1788007.721: [GC (CMS Final Remark) [YG occupancy: 465733 K (737280 K)]2019-12-26T09:40:31.002+0800: 1788007.721: [Rescan (parallel) , 0.1236716 secs]2019-12-26T09:40:31.126+0800: 1788007.845: [weak refs processing, 0.0000739 secs]2019-12-26T09:40:31.126+0800: 1788007.845: [class unloading, 0.0298357 secs]2019-12-26T09:40:31.156+0800: 1788007.875: [scrub symbol table, 0.0095873 secs]2019-12-26T09:40:31.166+0800: 1788007.885: [scrub string table, 0.0016996 secs][1 CMS-remark: 830848K(1277952K)] 1296581K(2015232K), 0.1675244 secs] [Times: user=0.43 sys=0.00, real=0.16 secs] 
2019-12-26T09:40:31.170+0800: 1788007.889: [CMS-concurrent-sweep-start]
2019-12-26T09:40:31.463+0800: 1788008.182: [CMS-concurrent-sweep: 0.293/0.293 secs] [Times: user=0.30 sys=0.00, real=0.30 secs] 
2019-12-26T09:40:31.463+0800: 1788008.182: [CMS-concurrent-reset-start]
2019-12-26T09:40:31.466+0800: 1788008.185: [CMS-concurrent-reset: 0.003/0.003 secs] [Times: user=0.00 sys=0.00, real=0.00 secs] 
2019-12-26T09:40:33.467+0800: 1788010.186: [GC (CMS Initial Mark) [1 CMS-initial-mark: 830848K(1277952K)] 1296909K(2015232K), 0.1024154 secs] [Times: user=0.41 sys=0.00, real=0.10 secs] 
2019-12-26T09:40:33.570+0800: 1788010.289: [CMS-concurrent-mark-start]
2019-12-26T09:40:34.985+0800: 1788011.703: [CMS-concurrent-mark: 1.415/1.415 secs] [Times: user=1.43 sys=0.00, real=1.42 secs] 
2019-12-26T09:40:34.985+0800: 1788011.704: [CMS-concurrent-preclean-start]
2019-12-26T09:40:34.989+0800: 1788011.708: [CMS-concurrent-preclean: 0.004/0.004 secs] [Times: user=0.00 sys=0.00, real=0.00 secs] 
2019-12-26T09:40:34.989+0800: 1788011.708: [CMS-concurrent-abortable-preclean-start]
 CMS: abort preclean due to time 2019-12-26T09:40:40.023+0800: 1788016.742: [CMS-concurrent-abortable-preclean: 2.294/5.034 secs] [Times: user=2.36 sys=0.00, real=5.04 secs] 
2019-12-26T09:40:40.025+0800: 1788016.744: [GC (CMS Final Remark) [YG occupancy: 467585 K (737280 K)]2019-12-26T09:40:40.025+0800: 1788016.744: [Rescan (parallel) , 0.1089502 secs]2019-12-26T09:40:40.134+0800: 1788016.853: [weak refs processing, 0.0000838 secs]2019-12-26T09:40:40.134+0800: 1788016.853: [class unloading, 0.0297400 secs]2019-12-26T09:40:40.164+0800: 1788016.883: [scrub symbol table, 0.0094260 secs]2019-12-26T09:40:40.173+0800: 1788016.892: [scrub string table, 0.0017056 secs][1 CMS-remark: 830848K(1277952K)] 1298433K(2015232K), 0.1525490 secs] [Times: user=0.48 sys=0.00, real=0.15 secs] 
2019-12-26T09:40:40.178+0800: 1788016.896: [CMS-concurrent-sweep-start]
2019-12-26T09:40:40.470+0800: 1788017.189: [CMS-concurrent-sweep: 0.291/0.292 secs] [Times: user=0.29 sys=0.00, real=0.29 secs] 
2019-12-26T09:40:40.470+0800: 1788017.189: [CMS-concurrent-reset-start]
2019-12-26T09:40:40.473+0800: 1788017.192: [CMS-concurrent-reset: 0.003/0.003 secs] [Times: user=0.01 sys=0.00, real=0.01 secs] 
2019-12-26T09:40:42.474+0800: 1788019.193: [GC (CMS Initial Mark) [1 CMS-initial-mark: 830848K(1277952K)] 1298435K(2015232K), 0.1176164 secs] [Times: user=0.35 sys=0.00, real=0.11 secs] 
2019-12-26T09:40:42.592+0800: 1788019.311: [CMS-concurrent-mark-start]
2019-12-26T09:40:43.995+0800: 1788020.714: [CMS-concurrent-mark: 1.399/1.403 secs] [Times: user=1.43 sys=0.00, real=1.41 secs] 
2019-12-26T09:40:43.995+0800: 1788020.714: [CMS-concurrent-preclean-start]
2019-12-26T09:40:43.999+0800: 1788020.718: [CMS-concurrent-preclean: 0.004/0.004 secs] [Times: user=0.00 sys=0.00, real=0.00 secs] 
2019-12-26T09:40:43.999+0800: 1788020.718: [CMS-concurrent-abortable-preclean-start]
 CMS: abort preclean due to time 2019-12-26T09:40:49.079+0800: 1788025.798: [CMS-concurrent-abortable-preclean: 2.372/5.080 secs] [Times: user=2.45 sys=0.00, real=5.08 secs] 
2019-12-26T09:40:49.081+0800: 1788025.800: [GC (CMS Final Remark) [YG occupancy: 470158 K (737280 K)]2019-12-26T09:40:49.081+0800: 1788025.800: [Rescan (parallel) , 0.1102800 secs]2019-12-26T09:40:49.192+0800: 1788025.910: [weak refs processing, 0.0000751 secs]2019-12-26T09:40:49.192+0800: 1788025.911: [class unloading, 0.0289902 secs]2019-12-26T09:40:49.221+0800: 1788025.940: [scrub symbol table, 0.0094847 secs]2019-12-26T09:40:49.230+0800: 1788025.949: [scrub string table, 0.0016817 secs][1 CMS-remark: 830848K(1277952K)] 1301006K(2015232K), 0.1531708 secs] [Times: user=0.48 sys=0.00, real=0.16 secs] 
2019-12-26T09:40:49.235+0800: 1788025.953: [CMS-concurrent-sweep-start]
2019-12-26T09:40:49.526+0800: 1788026.245: [CMS-concurrent-sweep: 0.292/0.292 secs] [Times: user=0.29 sys=0.00, real=0.29 secs] 
2019-12-26T09:40:49.527+0800: 1788026.245: [CMS-concurrent-reset-start]
2019-12-26T09:40:49.530+0800: 1788026.248: [CMS-concurrent-reset: 0.003/0.003 secs] [Times: user=0.01 sys=0.00, real=0.00 secs] 
2019-12-26T09:40:51.530+0800: 1788028.249: [GC (CMS Initial Mark) [1 CMS-initial-mark: 830848K(1277952K)] 1301008K(2015232K), 0.1038488 secs] [Times: user=0.41 sys=0.00, real=0.11 secs] 
2019-12-26T09:40:51.635+0800: 1788028.353: [CMS-concurrent-mark-start]
2019-12-26T09:40:53.047+0800: 1788029.765: [CMS-concurrent-mark: 1.412/1.412 secs] [Times: user=1.43 sys=0.00, real=1.41 secs] 
2019-12-26T09:40:53.047+0800: 1788029.766: [CMS-concurrent-preclean-start]
2019-12-26T09:40:53.051+0800: 1788029.769: [CMS-concurrent-preclean: 0.004/0.004 secs] [Times: user=0.00 sys=0.00, real=0.00 secs] 
2019-12-26T09:40:53.051+0800: 1788029.769: [CMS-concurrent-abortable-preclean-start]
 CMS: abort preclean due to time 2019-12-26T09:40:58.064+0800: 1788034.783: [CMS-concurrent-abortable-preclean: 2.211/5.013 secs] [Times: user=2.28 sys=0.00, real=5.01 secs] 
2019-12-26T09:40:58.066+0800: 1788034.784: [GC (CMS Final Remark) [YG occupancy: 471558 K (737280 K)]2019-12-26T09:40:58.066+0800: 1788034.785: [Rescan (parallel) , 0.1112366 secs]2019-12-26T09:40:58.177+0800: 1788034.896: [weak refs processing, 0.0000658 secs]2019-12-26T09:40:58.177+0800: 1788034.896: [class unloading, 0.0295687 secs]2019-12-26T09:40:58.207+0800: 1788034.925: [scrub symbol table, 0.0093508 secs]2019-12-26T09:40:58.216+0800: 1788034.935: [scrub string table, 0.0016803 secs][1 CMS-remark: 830848K(1277952K)] 1302407K(2015232K), 0.1545197 secs] [Times: user=0.49 sys=0.00, real=0.15 secs] 
2019-12-26T09:40:58.220+0800: 1788034.939: [CMS-concurrent-sweep-start]
2019-12-26T09:40:58.514+0800: 1788035.232: [CMS-concurrent-sweep: 0.293/0.293 secs] [Times: user=0.29 sys=0.00, real=0.29 secs] 
2019-12-26T09:40:58.514+0800: 1788035.232: [CMS-concurrent-reset-start]
2019-12-26T09:40:58.517+0800: 1788035.236: [CMS-concurrent-reset: 0.003/0.003 secs] [Times: user=0.00 sys=0.00, real=0.01 secs] 
2019-12-26T09:41:00.518+0800: 1788037.236: [GC (CMS Initial Mark) [1 CMS-initial-mark: 830848K(1277952K)] 1302536K(2015232K), 0.1091478 secs] [Times: user=0.40 sys=0.00, real=0.11 secs] 
2019-12-26T09:41:00.627+0800: 1788037.346: [CMS-concurrent-mark-start]
2019-12-26T09:41:02.059+0800: 1788038.777: [CMS-concurrent-mark: 1.432/1.432 secs] [Times: user=1.45 sys=0.00, real=1.43 secs] 
2019-12-26T09:41:02.059+0800: 1788038.777: [CMS-concurrent-preclean-start]
2019-12-26T09:41:02.063+0800: 1788038.781: [CMS-concurrent-preclean: 0.004/0.004 secs] [Times: user=0.00 sys=0.00, real=0.00 secs] 
2019-12-26T09:41:02.063+0800: 1788038.781: [CMS-concurrent-abortable-preclean-start]
 CMS: abort preclean due to time 2019-12-26T09:41:07.090+0800: 1788043.809: [CMS-concurrent-abortable-preclean: 2.225/5.027 secs] [Times: user=2.28 sys=0.00, real=5.03 secs] 
2019-12-26T09:41:07.092+0800: 1788043.811: [GC (CMS Final Remark) [YG occupancy: 472903 K (737280 K)]2019-12-26T09:41:07.092+0800: 1788043.811: [Rescan (parallel) , 0.1111743 secs]2019-12-26T09:41:07.203+0800: 1788043.922: [weak refs processing, 0.0000708 secs]2019-12-26T09:41:07.203+0800: 1788043.922: [class unloading, 0.0296597 secs]2019-12-26T09:41:07.233+0800: 1788043.952: [scrub symbol table, 0.0093882 secs]2019-12-26T09:41:07.242+0800: 1788043.961: [scrub string table, 0.0016827 secs][1 CMS-remark: 830848K(1277952K)] 1303751K(2015232K), 0.1546031 secs] [Times: user=0.49 sys=0.00, real=0.16 secs] 
2019-12-26T09:41:07.247+0800: 1788043.966: [CMS-concurrent-sweep-start]
2019-12-26T09:41:07.539+0800: 1788044.257: [CMS-concurrent-sweep: 0.292/0.292 secs] [Times: user=0.29 sys=0.00, real=0.29 secs] 
2019-12-26T09:41:07.539+0800: 1788044.258: [CMS-concurrent-reset-start]
2019-12-26T09:41:07.542+0800: 1788044.261: [CMS-concurrent-reset: 0.003/0.003 secs] [Times: user=0.01 sys=0.00, real=0.00 secs] 
2019-12-26T09:41:09.543+0800: 1788046.262: [GC (CMS Initial Mark) [1 CMS-initial-mark: 830848K(1277952K)] 1304349K(2015232K), 0.1044541 secs] [Times: user=0.41 sys=0.00, real=0.11 secs] 
2019-12-26T09:41:09.648+0800: 1788046.367: [CMS-concurrent-mark-start]
2019-12-26T09:41:11.048+0800: 1788047.767: [CMS-concurrent-mark: 1.400/1.400 secs] [Times: user=1.42 sys=0.00, real=1.40 secs] 
2019-12-26T09:41:11.048+0800: 1788047.767: [CMS-concurrent-preclean-start]
2019-12-26T09:41:11.052+0800: 1788047.771: [CMS-concurrent-preclean: 0.004/0.004 secs] [Times: user=0.01 sys=0.00, real=0.00 secs] 
2019-12-26T09:41:11.052+0800: 1788047.771: [CMS-concurrent-abortable-preclean-start]
 CMS: abort preclean due to time 2019-12-26T09:41:16.087+0800: 1788052.806: [CMS-concurrent-abortable-preclean: 2.232/5.035 secs] [Times: user=2.28 sys=0.00, real=5.03 secs] 
2019-12-26T09:41:16.089+0800: 1788052.808: [GC (CMS Final Remark) [YG occupancy: 474377 K (737280 K)]2019-12-26T09:41:16.089+0800: 1788052.808: [Rescan (parallel) , 0.1269191 secs]2019-12-26T09:41:16.216+0800: 1788052.935: [weak refs processing, 0.0000786 secs]2019-12-26T09:41:16.216+0800: 1788052.935: [class unloading, 0.0296975 secs]2019-12-26T09:41:16.246+0800: 1788052.965: [scrub symbol table, 0.0094691 secs]2019-12-26T09:41:16.255+0800: 1788052.974: [scrub string table, 0.0016946 secs][1 CMS-remark: 830848K(1277952K)] 1305225K(2015232K), 0.1705052 secs] [Times: user=0.43 sys=0.00, real=0.17 secs] 
2019-12-26T09:41:16.260+0800: 1788052.979: [CMS-concurrent-sweep-start]
2019-12-26T09:41:16.553+0800: 1788053.271: [CMS-concurrent-sweep: 0.293/0.293 secs] [Times: user=0.29 sys=0.00, real=0.29 secs] 
2019-12-26T09:41:16.553+0800: 1788053.272: [CMS-concurrent-reset-start]
2019-12-26T09:41:16.556+0800: 1788053.275: [CMS-concurrent-reset: 0.003/0.003 secs] [Times: user=0.01 sys=0.00, real=0.00 secs] 
2019-12-26T09:41:18.557+0800: 1788055.276: [GC (CMS Initial Mark) [1 CMS-initial-mark: 830848K(1277952K)] 1305893K(2015232K), 0.1050184 secs] [Times: user=0.42 sys=0.00, real=0.11 secs] 
2019-12-26T09:41:18.662+0800: 1788055.381: [CMS-concurrent-mark-start]
2019-12-26T09:41:20.063+0800: 1788056.782: [CMS-concurrent-mark: 1.401/1.401 secs] [Times: user=1.42 sys=0.00, real=1.40 secs] 
2019-12-26T09:41:20.063+0800: 1788056.782: [CMS-concurrent-preclean-start]
2019-12-26T09:41:20.068+0800: 1788056.786: [CMS-concurrent-preclean: 0.004/0.004 secs] [Times: user=0.00 sys=0.00, real=0.00 secs] 
2019-12-26T09:41:20.068+0800: 1788056.786: [CMS-concurrent-abortable-preclean-start]
 CMS: abort preclean due to time 2019-12-26T09:41:25.136+0800: 1788061.855: [CMS-concurrent-abortable-preclean: 2.266/5.068 secs] [Times: user=2.34 sys=0.00, real=5.07 secs] 
2019-12-26T09:41:25.138+0800: 1788061.857: [GC (CMS Final Remark) [YG occupancy: 477670 K (737280 K)]2019-12-26T09:41:25.138+0800: 1788061.857: [Rescan (parallel) , 0.1117973 secs]2019-12-26T09:41:25.250+0800: 1788061.969: [weak refs processing, 0.0000679 secs]2019-12-26T09:41:25.250+0800: 1788061.969: [class unloading, 0.0293282 secs]2019-12-26T09:41:25.279+0800: 1788061.998: [scrub symbol table, 0.0091373 secs]2019-12-26T09:41:25.289+0800: 1788062.007: [scrub string table, 0.0017159 secs][1 CMS-remark: 830848K(1277952K)] 1308519K(2015232K), 0.1547107 secs] [Times: user=0.49 sys=0.00, real=0.16 secs] 
2019-12-26T09:41:25.293+0800: 1788062.012: [CMS-concurrent-sweep-start]
2019-12-26T09:41:25.592+0800: 1788062.311: [CMS-concurrent-sweep: 0.299/0.299 secs] [Times: user=0.31 sys=0.00, real=0.30 secs] 
2019-12-26T09:41:25.592+0800: 1788062.311: [CMS-concurrent-reset-start]
2019-12-26T09:41:25.595+0800: 1788062.314: [CMS-concurrent-reset: 0.003/0.003 secs] [Times: user=0.00 sys=0.00, real=0.00 secs] 
2019-12-26T09:41:27.596+0800: 1788064.315: [GC (CMS Initial Mark) [1 CMS-initial-mark: 830848K(1277952K)] 1308950K(2015232K), 0.1056984 secs] [Times: user=0.42 sys=0.00, real=0.11 secs] 
2019-12-26T09:41:27.702+0800: 1788064.421: [CMS-concurrent-mark-start]
2019-12-26T09:41:29.118+0800: 1788065.837: [CMS-concurrent-mark: 1.416/1.416 secs] [Times: user=1.43 sys=0.00, real=1.41 secs] 
2019-12-26T09:41:29.118+0800: 1788065.837: [CMS-concurrent-preclean-start]
2019-12-26T09:41:29.122+0800: 1788065.841: [CMS-concurrent-preclean: 0.004/0.004 secs] [Times: user=0.01 sys=0.00, real=0.01 secs] 
2019-12-26T09:41:29.122+0800: 1788065.841: [CMS-concurrent-abortable-preclean-start]
 CMS: abort preclean due to time 2019-12-26T09:41:34.162+0800: 1788070.881: [CMS-concurrent-abortable-preclean: 2.235/5.040 secs] [Times: user=2.29 sys=0.00, real=5.04 secs] 
2019-12-26T09:41:34.163+0800: 1788070.882: [GC (CMS Final Remark) [YG occupancy: 478547 K (737280 K)]2019-12-26T09:41:34.164+0800: 1788070.882: [Rescan (parallel) , 0.1134255 secs]2019-12-26T09:41:34.277+0800: 1788070.996: [weak refs processing, 0.0000620 secs]2019-12-26T09:41:34.277+0800: 1788070.996: [class unloading, 0.0296798 secs]2019-12-26T09:41:34.307+0800: 1788071.026: [scrub symbol table, 0.0091524 secs]2019-12-26T09:41:34.316+0800: 1788071.035: [scrub string table, 0.0017802 secs][1 CMS-remark: 830848K(1277952K)] 1309395K(2015232K), 0.1567582 secs] [Times: user=0.49 sys=0.00, real=0.16 secs] 
2019-12-26T09:41:34.321+0800: 1788071.039: [CMS-concurrent-sweep-start]
2019-12-26T09:41:34.617+0800: 1788071.336: [CMS-concurrent-sweep: 0.297/0.297 secs] [Times: user=0.30 sys=0.00, real=0.29 secs] 
2019-12-26T09:41:34.617+0800: 1788071.336: [CMS-concurrent-reset-start]
2019-12-26T09:41:34.621+0800: 1788071.339: [CMS-concurrent-reset: 0.003/0.003 secs] [Times: user=0.00 sys=0.00, real=0.01 secs] 
2019-12-26T09:41:36.621+0800: 1788073.340: [GC (CMS Initial Mark) [1 CMS-initial-mark: 830848K(1277952K)] 1310014K(2015232K), 0.1053073 secs] [Times: user=0.41 sys=0.00, real=0.10 secs] 
2019-12-26T09:41:36.727+0800: 1788073.446: [CMS-concurrent-mark-start]
2019-12-26T09:41:38.141+0800: 1788074.860: [CMS-concurrent-mark: 1.413/1.414 secs] [Times: user=1.43 sys=0.00, real=1.42 secs] 
2019-12-26T09:41:38.141+0800: 1788074.860: [CMS-concurrent-preclean-start]
2019-12-26T09:41:38.146+0800: 1788074.864: [CMS-concurrent-preclean: 0.004/0.004 secs] [Times: user=0.01 sys=0.00, real=0.00 secs] 
2019-12-26T09:41:38.146+0800: 1788074.864: [CMS-concurrent-abortable-preclean-start]
 CMS: abort preclean due to time 2019-12-26T09:41:43.203+0800: 1788079.922: [CMS-concurrent-abortable-preclean: 2.247/5.058 secs] [Times: user=2.30 sys=0.00, real=5.06 secs] 
2019-12-26T09:41:43.205+0800: 1788079.924: [GC (CMS Final Remark) [YG occupancy: 479658 K (737280 K)]2019-12-26T09:41:43.205+0800: 1788079.924: [Rescan (parallel) , 0.1124726 secs]2019-12-26T09:41:43.318+0800: 1788080.037: [weak refs processing, 0.0000614 secs]2019-12-26T09:41:43.318+0800: 1788080.037: [class unloading, 0.0289589 secs]2019-12-26T09:41:43.347+0800: 1788080.066: [scrub symbol table, 0.0091638 secs]2019-12-26T09:41:43.356+0800: 1788080.075: [scrub string table, 0.0017031 secs][1 CMS-remark: 830848K(1277952K)] 1310506K(2015232K), 0.1549784 secs] [Times: user=0.48 sys=0.00, real=0.15 secs] 
2019-12-26T09:41:43.361+0800: 1788080.079: [CMS-concurrent-sweep-start]
2019-12-26T09:41:43.652+0800: 1788080.371: [CMS-concurrent-sweep: 0.292/0.292 secs] [Times: user=0.30 sys=0.00, real=0.30 secs] 
2019-12-26T09:41:43.653+0800: 1788080.371: [CMS-concurrent-reset-start]
2019-12-26T09:41:43.656+0800: 1788080.375: [CMS-concurrent-reset: 0.003/0.003 secs] [Times: user=0.00 sys=0.00, real=0.00 secs] 
2019-12-26T09:41:45.657+0800: 1788082.375: [GC (CMS Initial Mark) [1 CMS-initial-mark: 830848K(1277952K)] 1310920K(2015232K), 0.1056702 secs] [Times: user=0.41 sys=0.00, real=0.11 secs] 
2019-12-26T09:41:45.762+0800: 1788082.481: [CMS-concurrent-mark-start]
2019-12-26T09:41:47.187+0800: 1788083.906: [CMS-concurrent-mark: 1.424/1.424 secs] [Times: user=1.44 sys=0.00, real=1.42 secs] 
2019-12-26T09:41:47.187+0800: 1788083.906: [CMS-concurrent-preclean-start]
2019-12-26T09:41:47.191+0800: 1788083.910: [CMS-concurrent-preclean: 0.004/0.004 secs] [Times: user=0.01 sys=0.00, real=0.00 secs] 
2019-12-26T09:41:47.191+0800: 1788083.910: [CMS-concurrent-abortable-preclean-start]
 CMS: abort preclean due to time 2019-12-26T09:41:52.230+0800: 1788088.949: [CMS-concurrent-abortable-preclean: 2.237/5.039 secs] [Times: user=2.28 sys=0.00, real=5.04 secs] 
2019-12-26T09:41:52.232+0800: 1788088.951: [GC (CMS Final Remark) [YG occupancy: 480078 K (737280 K)]2019-12-26T09:41:52.232+0800: 1788088.951: [Rescan (parallel) , 0.1120177 secs]2019-12-26T09:41:52.344+0800: 1788089.063: [weak refs processing, 0.0000620 secs]2019-12-26T09:41:52.344+0800: 1788089.063: [class unloading, 0.0289721 secs]2019-12-26T09:41:52.373+0800: 1788089.092: [scrub symbol table, 0.0091678 secs]2019-12-26T09:41:52.383+0800: 1788089.101: [scrub string table, 0.0017202 secs][1 CMS-remark: 830848K(1277952K)] 1310927K(2015232K), 0.1545821 secs] [Times: user=0.49 sys=0.00, real=0.16 secs] 
2019-12-26T09:41:52.387+0800: 1788089.106: [CMS-concurrent-sweep-start]
2019-12-26T09:41:52.679+0800: 1788089.397: [CMS-concurrent-sweep: 0.291/0.291 secs] [Times: user=0.29 sys=0.00, real=0.29 secs] 
2019-12-26T09:41:52.679+0800: 1788089.398: [CMS-concurrent-reset-start]
2019-12-26T09:41:52.682+0800: 1788089.401: [CMS-concurrent-reset: 0.003/0.003 secs] [Times: user=0.01 sys=0.00, real=0.00 secs] 
2019-12-26T09:41:54.683+0800: 1788091.401: [GC (CMS Initial Mark) [1 CMS-initial-mark: 830848K(1277952K)] 1311501K(2015232K), 0.1053188 secs] [Times: user=0.42 sys=0.00, real=0.11 secs] 
2019-12-26T09:41:54.788+0800: 1788091.507: [CMS-concurrent-mark-start]
2019-12-26T09:41:56.189+0800: 1788092.908: [CMS-concurrent-mark: 1.401/1.401 secs] [Times: user=1.41 sys=0.00, real=1.40 secs] 
2019-12-26T09:41:56.189+0800: 1788092.908: [CMS-concurrent-preclean-start]
2019-12-26T09:41:56.193+0800: 1788092.912: [CMS-concurrent-preclean: 0.004/0.004 secs] [Times: user=0.00 sys=0.00, real=0.00 secs] 
2019-12-26T09:41:56.193+0800: 1788092.912: [CMS-concurrent-abortable-preclean-start]
 CMS: abort preclean due to time 2019-12-26T09:42:01.219+0800: 1788097.938: [CMS-concurrent-abortable-preclean: 2.224/5.026 secs] [Times: user=2.28 sys=0.00, real=5.03 secs] 
2019-12-26T09:42:01.221+0800: 1788097.940: [GC (CMS Final Remark) [YG occupancy: 480676 K (737280 K)]2019-12-26T09:42:01.221+0800: 1788097.940: [Rescan (parallel) , 0.1120701 secs]2019-12-26T09:42:01.333+0800: 1788098.052: [weak refs processing, 0.0000662 secs]2019-12-26T09:42:01.333+0800: 1788098.052: [class unloading, 0.0301899 secs]2019-12-26T09:42:01.363+0800: 1788098.082: [scrub symbol table, 0.0093300 secs]2019-12-26T09:42:01.373+0800: 1788098.092: [scrub string table, 0.0016948 secs][1 CMS-remark: 830848K(1277952K)] 1311524K(2015232K), 0.1560394 secs] [Times: user=0.49 sys=0.00, real=0.16 secs] 
2019-12-26T09:42:01.377+0800: 1788098.096: [CMS-concurrent-sweep-start]
2019-12-26T09:42:01.674+0800: 1788098.393: [CMS-concurrent-sweep: 0.296/0.296 secs] [Times: user=0.30 sys=0.00, real=0.29 secs] 
2019-12-26T09:42:01.674+0800: 1788098.393: [CMS-concurrent-reset-start]
2019-12-26T09:42:01.677+0800: 1788098.396: [CMS-concurrent-reset: 0.003/0.003 secs] [Times: user=0.00 sys=0.00, real=0.01 secs] 
2019-12-26T09:42:03.678+0800: 1788100.397: [GC (CMS Initial Mark) [1 CMS-initial-mark: 830848K(1277952K)] 1313141K(2015232K), 0.1061648 secs] [Times: user=0.42 sys=0.00, real=0.10 secs] 
2019-12-26T09:42:03.785+0800: 1788100.503: [CMS-concurrent-mark-start]
2019-12-26T09:42:05.193+0800: 1788101.912: [CMS-concurrent-mark: 1.408/1.408 secs] [Times: user=1.43 sys=0.00, real=1.40 secs] 
2019-12-26T09:42:05.193+0800: 1788101.912: [CMS-concurrent-preclean-start]
2019-12-26T09:42:05.198+0800: 1788101.917: [CMS-concurrent-preclean: 0.004/0.005 secs] [Times: user=0.01 sys=0.00, real=0.01 secs] 
2019-12-26T09:42:05.198+0800: 1788101.917: [CMS-concurrent-abortable-preclean-start]
 CMS: abort preclean due to time 2019-12-26T09:42:10.206+0800: 1788106.925: [CMS-concurrent-abortable-preclean: 2.211/5.008 secs] [Times: user=2.26 sys=0.00, real=5.01 secs] 
2019-12-26T09:42:10.208+0800: 1788106.927: [GC (CMS Final Remark) [YG occupancy: 483650 K (737280 K)]2019-12-26T09:42:10.208+0800: 1788106.927: [Rescan (parallel) , 0.1118180 secs]2019-12-26T09:42:10.320+0800: 1788107.039: [weak refs processing, 0.0000673 secs]2019-12-26T09:42:10.320+0800: 1788107.039: [class unloading, 0.0293375 secs]2019-12-26T09:42:10.349+0800: 1788107.068: [scrub symbol table, 0.0090610 secs]2019-12-26T09:42:10.358+0800: 1788107.077: [scrub string table, 0.0016879 secs][1 CMS-remark: 830848K(1277952K)] 1314499K(2015232K), 0.1546227 secs] [Times: user=0.49 sys=0.00, real=0.15 secs] 
2019-12-26T09:42:10.363+0800: 1788107.082: [CMS-concurrent-sweep-start]
2019-12-26T09:42:10.655+0800: 1788107.374: [CMS-concurrent-sweep: 0.292/0.292 secs] [Times: user=0.30 sys=0.00, real=0.29 secs] 
2019-12-26T09:42:10.655+0800: 1788107.374: [CMS-concurrent-reset-start]
2019-12-26T09:42:10.659+0800: 1788107.378: [CMS-concurrent-reset: 0.003/0.003 secs] [Times: user=0.00 sys=0.00, real=0.01 secs] 
2019-12-26T09:42:12.660+0800: 1788109.378: [GC (CMS Initial Mark) [1 CMS-initial-mark: 830848K(1277952K)] 1314499K(2015232K), 0.1060217 secs] [Times: user=0.42 sys=0.00, real=0.11 secs] 
2019-12-26T09:42:12.766+0800: 1788109.485: [CMS-concurrent-mark-start]
2019-12-26T09:42:14.191+0800: 1788110.910: [CMS-concurrent-mark: 1.421/1.426 secs] [Times: user=1.44 sys=0.00, real=1.42 secs] 
2019-12-26T09:42:14.192+0800: 1788110.910: [CMS-concurrent-preclean-start]
2019-12-26T09:42:14.195+0800: 1788110.914: [CMS-concurrent-preclean: 0.004/0.004 secs] [Times: user=0.00 sys=0.00, real=0.00 secs] 
2019-12-26T09:42:14.195+0800: 1788110.914: [CMS-concurrent-abortable-preclean-start]
 CMS: abort preclean due to time 2019-12-26T09:42:19.213+0800: 1788115.932: [CMS-concurrent-abortable-preclean: 2.215/5.017 secs] [Times: user=2.27 sys=0.00, real=5.02 secs] 
2019-12-26T09:42:19.214+0800: 1788115.933: [GC (CMS Final Remark) [YG occupancy: 483652 K (737280 K)]2019-12-26T09:42:19.215+0800: 1788115.933: [Rescan (parallel) , 0.1124761 secs]2019-12-26T09:42:19.327+0800: 1788116.046: [weak refs processing, 0.0000650 secs]2019-12-26T09:42:19.327+0800: 1788116.046: [class unloading, 0.0287844 secs]2019-12-26T09:42:19.356+0800: 1788116.075: [scrub symbol table, 0.0090607 secs]2019-12-26T09:42:19.365+0800: 1788116.084: [scrub string table, 0.0017033 secs][1 CMS-remark: 830848K(1277952K)] 1314501K(2015232K), 0.1547175 secs] [Times: user=0.50 sys=0.00, real=0.16 secs] 
2019-12-26T09:42:19.370+0800: 1788116.088: [CMS-concurrent-sweep-start]
2019-12-26T09:42:19.665+0800: 1788116.384: [CMS-concurrent-sweep: 0.296/0.296 secs] [Times: user=0.30 sys=0.00, real=0.29 secs] 
2019-12-26T09:42:19.665+0800: 1788116.384: [CMS-concurrent-reset-start]
2019-12-26T09:42:19.669+0800: 1788116.387: [CMS-concurrent-reset: 0.003/0.003 secs] [Times: user=0.00 sys=0.00, real=0.01 secs] 
2019-12-26T09:42:21.669+0800: 1788118.388: [GC (CMS Initial Mark) [1 CMS-initial-mark: 830848K(1277952K)] 1316584K(2015232K), 0.1063416 secs] [Times: user=0.42 sys=0.00, real=0.10 secs] 
2019-12-26T09:42:21.776+0800: 1788118.495: [CMS-concurrent-mark-start]
2019-12-26T09:42:23.202+0800: 1788119.921: [CMS-concurrent-mark: 1.426/1.426 secs] [Times: user=1.44 sys=0.00, real=1.43 secs] 
2019-12-26T09:42:23.202+0800: 1788119.921: [CMS-concurrent-preclean-start]
2019-12-26T09:42:23.206+0800: 1788119.925: [CMS-concurrent-preclean: 0.004/0.004 secs] [Times: user=0.01 sys=0.00, real=0.00 secs] 
2019-12-26T09:42:23.206+0800: 1788119.925: [CMS-concurrent-abortable-preclean-start]
 CMS: abort preclean due to time 2019-12-26T09:42:28.226+0800: 1788124.945: [CMS-concurrent-abortable-preclean: 2.217/5.019 secs] [Times: user=2.27 sys=0.00, real=5.02 secs] 
2019-12-26T09:42:28.228+0800: 1788124.947: [GC (CMS Final Remark) [YG occupancy: 485775 K (737280 K)]2019-12-26T09:42:28.228+0800: 1788124.947: [Rescan (parallel) , 0.1143706 secs]2019-12-26T09:42:28.342+0800: 1788125.061: [weak refs processing, 0.0000650 secs]2019-12-26T09:42:28.342+0800: 1788125.061: [class unloading, 0.0290846 secs]2019-12-26T09:42:28.371+0800: 1788125.090: [scrub symbol table, 0.0091736 secs]2019-12-26T09:42:28.381+0800: 1788125.100: [scrub string table, 0.0017184 secs][1 CMS-remark: 830848K(1277952K)] 1316623K(2015232K), 0.1571837 secs] [Times: user=0.49 sys=0.00, real=0.16 secs] 
2019-12-26T09:42:28.385+0800: 1788125.104: [CMS-concurrent-sweep-start]
2019-12-26T09:42:28.682+0800: 1788125.401: [CMS-concurrent-sweep: 0.297/0.297 secs] [Times: user=0.31 sys=0.00, real=0.30 secs] 
2019-12-26T09:42:28.682+0800: 1788125.401: [CMS-concurrent-reset-start]
2019-12-26T09:42:28.686+0800: 1788125.405: [CMS-concurrent-reset: 0.003/0.003 secs] [Times: user=0.01 sys=0.00, real=0.00 secs] 
2019-12-26T09:42:30.686+0800: 1788127.405: [GC (CMS Initial Mark) [1 CMS-initial-mark: 830848K(1277952K)] 1317835K(2015232K), 0.1069087 secs] [Times: user=0.42 sys=0.00, real=0.11 secs] 
2019-12-26T09:42:30.794+0800: 1788127.513: [CMS-concurrent-mark-start]
2019-12-26T09:42:32.202+0800: 1788128.921: [CMS-concurrent-mark: 1.408/1.408 secs] [Times: user=1.43 sys=0.00, real=1.41 secs] 
2019-12-26T09:42:32.202+0800: 1788128.921: [CMS-concurrent-preclean-start]
2019-12-26T09:42:32.207+0800: 1788128.926: [CMS-concurrent-preclean: 0.004/0.005 secs] [Times: user=0.01 sys=0.00, real=0.00 secs] 
2019-12-26T09:42:32.207+0800: 1788128.926: [CMS-concurrent-abortable-preclean-start]
 CMS: abort preclean due to time 2019-12-26T09:42:37.370+0800: 1788134.089: [CMS-concurrent-abortable-preclean: 2.360/5.163 secs] [Times: user=2.42 sys=0.00, real=5.17 secs] 
2019-12-26T09:42:37.372+0800: 1788134.091: [GC (CMS Final Remark) [YG occupancy: 490147 K (737280 K)]2019-12-26T09:42:37.372+0800: 1788134.091: [Rescan (parallel) , 0.1149700 secs]2019-12-26T09:42:37.487+0800: 1788134.206: [weak refs processing, 0.0000653 secs]2019-12-26T09:42:37.487+0800: 1788134.206: [class unloading, 0.0289355 secs]2019-12-26T09:42:37.516+0800: 1788134.235: [scrub symbol table, 0.0090768 secs]2019-12-26T09:42:37.525+0800: 1788134.244: [scrub string table, 0.0017030 secs][1 CMS-remark: 830848K(1277952K)] 1320995K(2015232K), 0.1573997 secs] [Times: user=0.49 sys=0.00, real=0.15 secs] 
2019-12-26T09:42:37.529+0800: 1788134.248: [CMS-concurrent-sweep-start]
2019-12-26T09:42:37.833+0800: 1788134.552: [CMS-concurrent-sweep: 0.304/0.304 secs] [Times: user=0.31 sys=0.00, real=0.30 secs] 
2019-12-26T09:42:37.833+0800: 1788134.552: [CMS-concurrent-reset-start]
2019-12-26T09:42:37.837+0800: 1788134.555: [CMS-concurrent-reset: 0.003/0.003 secs] [Times: user=0.01 sys=0.00, real=0.00 secs] 
2019-12-26T09:42:39.838+0800: 1788136.556: [GC (CMS Initial Mark) [1 CMS-initial-mark: 830848K(1277952K)] 1321820K(2015232K), 0.1078345 secs] [Times: user=0.43 sys=0.00, real=0.11 secs] 
2019-12-26T09:42:39.946+0800: 1788136.664: [CMS-concurrent-mark-start]
2019-12-26T09:42:41.358+0800: 1788138.077: [CMS-concurrent-mark: 1.412/1.412 secs] [Times: user=1.42 sys=0.00, real=1.41 secs] 
2019-12-26T09:42:41.358+0800: 1788138.077: [CMS-concurrent-preclean-start]
2019-12-26T09:42:41.362+0800: 1788138.081: [CMS-concurrent-preclean: 0.004/0.004 secs] [Times: user=0.01 sys=0.00, real=0.01 secs] 
2019-12-26T09:42:41.362+0800: 1788138.081: [CMS-concurrent-abortable-preclean-start]
 CMS: abort preclean due to time 2019-12-26T09:42:46.382+0800: 1788143.101: [CMS-concurrent-abortable-preclean: 2.216/5.020 secs] [Times: user=2.26 sys=0.00, real=5.02 secs] 
2019-12-26T09:42:46.384+0800: 1788143.103: [GC (CMS Final Remark) [YG occupancy: 490975 K (737280 K)]2019-12-26T09:42:46.384+0800: 1788143.103: [Rescan (parallel) , 0.1147290 secs]2019-12-26T09:42:46.499+0800: 1788143.218: [weak refs processing, 0.0000642 secs]2019-12-26T09:42:46.499+0800: 1788143.218: [class unloading, 0.0288357 secs]2019-12-26T09:42:46.528+0800: 1788143.247: [scrub symbol table, 0.0091505 secs]2019-12-26T09:42:46.537+0800: 1788143.256: [scrub string table, 0.0017639 secs][1 CMS-remark: 830848K(1277952K)] 1321824K(2015232K), 0.1572363 secs] [Times: user=0.50 sys=0.00, real=0.16 secs] 
2019-12-26T09:42:46.542+0800: 1788143.260: [CMS-concurrent-sweep-start]
2019-12-26T09:42:46.834+0800: 1788143.553: [CMS-concurrent-sweep: 0.292/0.292 secs] [Times: user=0.30 sys=0.00, real=0.29 secs] 
2019-12-26T09:42:46.834+0800: 1788143.553: [CMS-concurrent-reset-start]
2019-12-26T09:42:46.837+0800: 1788143.556: [CMS-concurrent-reset: 0.003/0.003 secs] [Times: user=0.00 sys=0.00, real=0.00 secs] 
2019-12-26T09:42:48.838+0800: 1788145.557: [GC (CMS Initial Mark) [1 CMS-initial-mark: 830848K(1277952K)] 1322542K(2015232K), 0.1082452 secs] [Times: user=0.43 sys=0.00, real=0.11 secs] 
2019-12-26T09:42:48.947+0800: 1788145.665: [CMS-concurrent-mark-start]
2019-12-26T09:42:50.362+0800: 1788147.081: [CMS-concurrent-mark: 1.415/1.415 secs] [Times: user=1.43 sys=0.00, real=1.42 secs] 
2019-12-26T09:42:50.362+0800: 1788147.081: [CMS-concurrent-preclean-start]
2019-12-26T09:42:50.366+0800: 1788147.085: [CMS-concurrent-preclean: 0.004/0.004 secs] [Times: user=0.00 sys=0.00, real=0.00 secs] 
2019-12-26T09:42:50.366+0800: 1788147.085: [CMS-concurrent-abortable-preclean-start]
 CMS: abort preclean due to time 2019-12-26T09:42:55.379+0800: 1788152.098: [CMS-concurrent-abortable-preclean: 2.210/5.013 secs] [Times: user=2.27 sys=0.00, real=5.01 secs] 
2019-12-26T09:42:55.381+0800: 1788152.100: [GC (CMS Final Remark) [YG occupancy: 492171 K (737280 K)]2019-12-26T09:42:55.381+0800: 1788152.100: [Rescan (parallel) , 0.1147738 secs]2019-12-26T09:42:55.496+0800: 1788152.215: [weak refs processing, 0.0000634 secs]2019-12-26T09:42:55.496+0800: 1788152.215: [class unloading, 0.0290461 secs]2019-12-26T09:42:55.525+0800: 1788152.244: [scrub symbol table, 0.0094406 secs]2019-12-26T09:42:55.534+0800: 1788152.253: [scrub string table, 0.0016950 secs][1 CMS-remark: 830848K(1277952K)] 1323019K(2015232K), 0.1576755 secs] [Times: user=0.50 sys=0.00, real=0.16 secs] 
2019-12-26T09:42:55.539+0800: 1788152.258: [CMS-concurrent-sweep-start]
2019-12-26T09:42:55.831+0800: 1788152.550: [CMS-concurrent-sweep: 0.293/0.293 secs] [Times: user=0.30 sys=0.00, real=0.29 secs] 
2019-12-26T09:42:55.832+0800: 1788152.550: [CMS-concurrent-reset-start]
2019-12-26T09:42:55.835+0800: 1788152.554: [CMS-concurrent-reset: 0.003/0.003 secs] [Times: user=0.00 sys=0.00, real=0.01 secs] 
2019-12-26T09:42:57.836+0800: 1788154.555: [GC (CMS Initial Mark) [1 CMS-initial-mark: 830848K(1277952K)] 1323019K(2015232K), 0.1237881 secs] [Times: user=0.37 sys=0.00, real=0.12 secs] 
2019-12-26T09:42:57.960+0800: 1788154.679: [CMS-concurrent-mark-start]
2019-12-26T09:42:59.377+0800: 1788156.096: [CMS-concurrent-mark: 1.418/1.418 secs] [Times: user=1.43 sys=0.00, real=1.42 secs] 
2019-12-26T09:42:59.378+0800: 1788156.096: [CMS-concurrent-preclean-start]
2019-12-26T09:42:59.381+0800: 1788156.100: [CMS-concurrent-preclean: 0.004/0.004 secs] [Times: user=0.00 sys=0.00, real=0.00 secs] 
2019-12-26T09:42:59.381+0800: 1788156.100: [CMS-concurrent-abortable-preclean-start]
 CMS: abort preclean due to time 2019-12-26T09:43:04.394+0800: 1788161.113: [CMS-concurrent-abortable-preclean: 2.210/5.013 secs] [Times: user=2.27 sys=0.00, real=5.02 secs] 
2019-12-26T09:43:04.396+0800: 1788161.115: [GC (CMS Final Remark) [YG occupancy: 492290 K (737280 K)]2019-12-26T09:43:04.396+0800: 1788161.115: [Rescan (parallel) , 0.1306898 secs]2019-12-26T09:43:04.527+0800: 1788161.246: [weak refs processing, 0.0000626 secs]2019-12-26T09:43:04.527+0800: 1788161.246: [class unloading, 0.0289191 secs]2019-12-26T09:43:04.556+0800: 1788161.275: [scrub symbol table, 0.0091776 secs]2019-12-26T09:43:04.565+0800: 1788161.284: [scrub string table, 0.0016748 secs][1 CMS-remark: 830848K(1277952K)] 1323139K(2015232K), 0.1731907 secs] [Times: user=0.44 sys=0.00, real=0.17 secs] 
2019-12-26T09:43:04.569+0800: 1788161.288: [CMS-concurrent-sweep-start]
2019-12-26T09:43:04.867+0800: 1788161.586: [CMS-concurrent-sweep: 0.297/0.297 secs] [Times: user=0.30 sys=0.00, real=0.30 secs] 
2019-12-26T09:43:04.867+0800: 1788161.586: [CMS-concurrent-reset-start]
2019-12-26T09:43:04.870+0800: 1788161.589: [CMS-concurrent-reset: 0.003/0.003 secs] [Times: user=0.00 sys=0.00, real=0.00 secs] 
2019-12-26T09:43:06.871+0800: 1788163.590: [GC (CMS Initial Mark) [1 CMS-initial-mark: 830848K(1277952K)] 1323813K(2015232K), 0.1080670 secs] [Times: user=0.43 sys=0.00, real=0.11 secs] 
2019-12-26T09:43:06.979+0800: 1788163.698: [CMS-concurrent-mark-start]
2019-12-26T09:43:08.386+0800: 1788165.105: [CMS-concurrent-mark: 1.405/1.407 secs] [Times: user=1.42 sys=0.00, real=1.41 secs] 
2019-12-26T09:43:08.386+0800: 1788165.105: [CMS-concurrent-preclean-start]
2019-12-26T09:43:08.390+0800: 1788165.109: [CMS-concurrent-preclean: 0.004/0.004 secs] [Times: user=0.01 sys=0.00, real=0.00 secs] 
2019-12-26T09:43:08.390+0800: 1788165.109: [CMS-concurrent-abortable-preclean-start]
 CMS: abort preclean due to time 2019-12-26T09:43:13.414+0800: 1788170.132: [CMS-concurrent-abortable-preclean: 2.216/5.023 secs] [Times: user=2.26 sys=0.00, real=5.02 secs] 
2019-12-26T09:43:13.415+0800: 1788170.134: [GC (CMS Final Remark) [YG occupancy: 492988 K (737280 K)]2019-12-26T09:43:13.416+0800: 1788170.134: [Rescan (parallel) , 0.1142489 secs]2019-12-26T09:43:13.530+0800: 1788170.249: [weak refs processing, 0.0000660 secs]2019-12-26T09:43:13.530+0800: 1788170.249: [class unloading, 0.0301593 secs]2019-12-26T09:43:13.560+0800: 1788170.279: [scrub symbol table, 0.0098755 secs]2019-12-26T09:43:13.570+0800: 1788170.289: [scrub string table, 0.0017423 secs][1 CMS-remark: 830848K(1277952K)] 1323836K(2015232K), 0.1588344 secs] [Times: user=0.50 sys=0.00, real=0.15 secs] 
2019-12-26T09:43:13.575+0800: 1788170.294: [CMS-concurrent-sweep-start]
2019-12-26T09:43:13.867+0800: 1788170.586: [CMS-concurrent-sweep: 0.292/0.292 secs] [Times: user=0.29 sys=0.00, real=0.30 secs] 
2019-12-26T09:43:13.867+0800: 1788170.586: [CMS-concurrent-reset-start]
2019-12-26T09:43:13.870+0800: 1788170.589: [CMS-concurrent-reset: 0.003/0.003 secs] [Times: user=0.00 sys=0.00, real=0.00 secs] 
2019-12-26T09:43:15.871+0800: 1788172.590: [GC (CMS Initial Mark) [1 CMS-initial-mark: 830848K(1277952K)] 1323850K(2015232K), 0.1075106 secs] [Times: user=0.42 sys=0.00, real=0.11 secs] 
2019-12-26T09:43:15.979+0800: 1788172.698: [CMS-concurrent-mark-start]
2019-12-26T09:43:17.389+0800: 1788174.108: [CMS-concurrent-mark: 1.411/1.411 secs] [Times: user=1.43 sys=0.00, real=1.41 secs] 
2019-12-26T09:43:17.390+0800: 1788174.108: [CMS-concurrent-preclean-start]
2019-12-26T09:43:17.393+0800: 1788174.112: [CMS-concurrent-preclean: 0.004/0.004 secs] [Times: user=0.00 sys=0.00, real=0.00 secs] 
2019-12-26T09:43:17.393+0800: 1788174.112: [CMS-concurrent-abortable-preclean-start]
 CMS: abort preclean due to time 2019-12-26T09:43:22.529+0800: 1788179.248: [CMS-concurrent-abortable-preclean: 2.332/5.136 secs] [Times: user=2.41 sys=0.00, real=5.14 secs] 
2019-12-26T09:43:22.531+0800: 1788179.250: [GC (CMS Final Remark) [YG occupancy: 498168 K (737280 K)]2019-12-26T09:43:22.531+0800: 1788179.250: [Rescan (parallel) , 0.1176773 secs]2019-12-26T09:43:22.649+0800: 1788179.368: [weak refs processing, 0.0000661 secs]2019-12-26T09:43:22.649+0800: 1788179.368: [class unloading, 0.0290295 secs]2019-12-26T09:43:22.678+0800: 1788179.397: [scrub symbol table, 0.0092262 secs]2019-12-26T09:43:22.687+0800: 1788179.406: [scrub string table, 0.0017446 secs][1 CMS-remark: 830848K(1277952K)] 1329016K(2015232K), 0.1603796 secs] [Times: user=0.51 sys=0.00, real=0.16 secs] 
2019-12-26T09:43:22.692+0800: 1788179.411: [CMS-concurrent-sweep-start]
2019-12-26T09:43:22.985+0800: 1788179.704: [CMS-concurrent-sweep: 0.293/0.293 secs] [Times: user=0.29 sys=0.00, real=0.29 secs] 
2019-12-26T09:43:22.985+0800: 1788179.704: [CMS-concurrent-reset-start]
2019-12-26T09:43:22.988+0800: 1788179.707: [CMS-concurrent-reset: 0.003/0.003 secs] [Times: user=0.01 sys=0.00, real=0.01 secs] 
2019-12-26T09:43:24.989+0800: 1788181.708: [GC (CMS Initial Mark) [1 CMS-initial-mark: 830848K(1277952K)] 1329678K(2015232K), 0.1086747 secs] [Times: user=0.43 sys=0.00, real=0.11 secs] 
2019-12-26T09:43:25.098+0800: 1788181.817: [CMS-concurrent-mark-start]
2019-12-26T09:43:26.515+0800: 1788183.233: [CMS-concurrent-mark: 1.416/1.416 secs] [Times: user=1.43 sys=0.00, real=1.41 secs] 
2019-12-26T09:43:26.515+0800: 1788183.234: [CMS-concurrent-preclean-start]
2019-12-26T09:43:26.518+0800: 1788183.237: [CMS-concurrent-preclean: 0.004/0.004 secs] [Times: user=0.01 sys=0.00, real=0.01 secs] 
2019-12-26T09:43:26.519+0800: 1788183.237: [CMS-concurrent-abortable-preclean-start]
 CMS: abort preclean due to time 2019-12-26T09:43:31.535+0800: 1788188.254: [CMS-concurrent-abortable-preclean: 2.214/5.016 secs] [Times: user=2.27 sys=0.00, real=5.01 secs] 
2019-12-26T09:43:31.536+0800: 1788188.255: [GC (CMS Final Remark) [YG occupancy: 499521 K (737280 K)]2019-12-26T09:43:31.537+0800: 1788188.255: [Rescan (parallel) , 0.1179570 secs]2019-12-26T09:43:31.655+0800: 1788188.373: [weak refs processing, 0.0000675 secs]2019-12-26T09:43:31.655+0800: 1788188.373: [class unloading, 0.0293751 secs]2019-12-26T09:43:31.684+0800: 1788188.403: [scrub symbol table, 0.0096552 secs]2019-12-26T09:43:31.694+0800: 1788188.413: [scrub string table, 0.0017241 secs][1 CMS-remark: 830848K(1277952K)] 1330369K(2015232K), 0.1614689 secs] [Times: user=0.51 sys=0.00, real=0.17 secs] 
2019-12-26T09:43:31.698+0800: 1788188.417: [CMS-concurrent-sweep-start]
2019-12-26T09:43:31.991+0800: 1788188.710: [CMS-concurrent-sweep: 0.293/0.293 secs] [Times: user=0.29 sys=0.00, real=0.29 secs] 
2019-12-26T09:43:31.991+0800: 1788188.710: [CMS-concurrent-reset-start]
2019-12-26T09:43:31.994+0800: 1788188.713: [CMS-concurrent-reset: 0.003/0.003 secs] [Times: user=0.01 sys=0.00, real=0.00 secs] 
2019-12-26T09:43:33.995+0800: 1788190.714: [GC (CMS Initial Mark) [1 CMS-initial-mark: 830848K(1277952K)] 1330451K(2015232K), 0.1098824 secs] [Times: user=0.44 sys=0.00, real=0.11 secs] 
2019-12-26T09:43:34.105+0800: 1788190.824: [CMS-concurrent-mark-start]
2019-12-26T09:43:35.519+0800: 1788192.238: [CMS-concurrent-mark: 1.414/1.414 secs] [Times: user=1.43 sys=0.00, real=1.42 secs] 
2019-12-26T09:43:35.519+0800: 1788192.238: [CMS-concurrent-preclean-start]
2019-12-26T09:43:35.523+0800: 1788192.242: [CMS-concurrent-preclean: 0.004/0.004 secs] [Times: user=0.00 sys=0.00, real=0.00 secs] 
2019-12-26T09:43:35.523+0800: 1788192.242: [CMS-concurrent-abortable-preclean-start]
 CMS: abort preclean due to time 2019-12-26T09:43:40.533+0800: 1788197.252: [CMS-concurrent-abortable-preclean: 2.215/5.010 secs] [Times: user=2.27 sys=0.00, real=5.01 secs] 
2019-12-26T09:43:40.535+0800: 1788197.254: [GC (CMS Final Remark) [YG occupancy: 500060 K (737280 K)]2019-12-26T09:43:40.535+0800: 1788197.254: [Rescan (parallel) , 0.1172202 secs]2019-12-26T09:43:40.653+0800: 1788197.371: [weak refs processing, 0.0000643 secs]2019-12-26T09:43:40.653+0800: 1788197.371: [class unloading, 0.0288416 secs]2019-12-26T09:43:40.682+0800: 1788197.400: [scrub symbol table, 0.0092235 secs]2019-12-26T09:43:40.691+0800: 1788197.410: [scrub string table, 0.0017265 secs][1 CMS-remark: 830848K(1277952K)] 1330908K(2015232K), 0.1596893 secs] [Times: user=0.50 sys=0.00, real=0.16 secs] 
2019-12-26T09:43:40.695+0800: 1788197.414: [CMS-concurrent-sweep-start]
2019-12-26T09:43:40.990+0800: 1788197.709: [CMS-concurrent-sweep: 0.295/0.295 secs] [Times: user=0.30 sys=0.00, real=0.30 secs] 
2019-12-26T09:43:40.991+0800: 1788197.709: [CMS-concurrent-reset-start]
2019-12-26T09:43:40.994+0800: 1788197.713: [CMS-concurrent-reset: 0.003/0.003 secs] [Times: user=0.01 sys=0.00, real=0.00 secs] 
2019-12-26T09:43:42.995+0800: 1788199.714: [GC (CMS Initial Mark) [1 CMS-initial-mark: 830848K(1277952K)] 1331692K(2015232K), 0.1127209 secs] [Times: user=0.43 sys=0.00, real=0.11 secs] 
2019-12-26T09:43:43.108+0800: 1788199.827: [CMS-concurrent-mark-start]
2019-12-26T09:43:44.532+0800: 1788201.251: [CMS-concurrent-mark: 1.424/1.424 secs] [Times: user=1.44 sys=0.00, real=1.43 secs] 
2019-12-26T09:43:44.533+0800: 1788201.251: [CMS-concurrent-preclean-start]
2019-12-26T09:43:44.537+0800: 1788201.256: [CMS-concurrent-preclean: 0.004/0.004 secs] [Times: user=0.00 sys=0.00, real=0.00 secs] 
2019-12-26T09:43:44.537+0800: 1788201.256: [CMS-concurrent-abortable-preclean-start]
 CMS: abort preclean due to time 2019-12-26T09:43:49.560+0800: 1788206.279: [CMS-concurrent-abortable-preclean: 2.220/5.023 secs] [Times: user=2.28 sys=0.00, real=5.02 secs] 
2019-12-26T09:43:49.561+0800: 1788206.280: [GC (CMS Final Remark) [YG occupancy: 501497 K (737280 K)]2019-12-26T09:43:49.562+0800: 1788206.280: [Rescan (parallel) , 0.1168612 secs]2019-12-26T09:43:49.679+0800: 1788206.397: [weak refs processing, 0.0000760 secs]2019-12-26T09:43:49.679+0800: 1788206.397: [class unloading, 0.0291999 secs]2019-12-26T09:43:49.708+0800: 1788206.427: [scrub symbol table, 0.0094115 secs]2019-12-26T09:43:49.717+0800: 1788206.436: [scrub string table, 0.0017147 secs][1 CMS-remark: 830848K(1277952K)] 1332345K(2015232K), 0.1599778 secs] [Times: user=0.50 sys=0.00, real=0.16 secs] 
2019-12-26T09:43:49.722+0800: 1788206.441: [CMS-concurrent-sweep-start]
2019-12-26T09:43:50.015+0800: 1788206.734: [CMS-concurrent-sweep: 0.294/0.294 secs] [Times: user=0.30 sys=0.00, real=0.29 secs] 
2019-12-26T09:43:50.016+0800: 1788206.734: [CMS-concurrent-reset-start]
2019-12-26T09:43:50.019+0800: 1788206.737: [CMS-concurrent-reset: 0.003/0.003 secs] [Times: user=0.01 sys=0.00, real=0.00 secs] 
2019-12-26T09:43:52.019+0800: 1788208.738: [GC (CMS Initial Mark) [1 CMS-initial-mark: 830848K(1277952K)] 1332569K(2015232K), 0.1096239 secs] [Times: user=0.43 sys=0.00, real=0.11 secs] 
2019-12-26T09:43:52.129+0800: 1788208.848: [CMS-concurrent-mark-start]
2019-12-26T09:43:53.536+0800: 1788210.254: [CMS-concurrent-mark: 1.406/1.406 secs] [Times: user=1.42 sys=0.00, real=1.41 secs] 
2019-12-26T09:43:53.536+0800: 1788210.255: [CMS-concurrent-preclean-start]
2019-12-26T09:43:53.540+0800: 1788210.259: [CMS-concurrent-preclean: 0.004/0.004 secs] [Times: user=0.01 sys=0.00, real=0.00 secs] 
2019-12-26T09:43:53.540+0800: 1788210.259: [CMS-concurrent-abortable-preclean-start]
 CMS: abort preclean due to time 2019-12-26T09:43:58.638+0800: 1788215.357: [CMS-concurrent-abortable-preclean: 2.295/5.098 secs] [Times: user=2.36 sys=0.00, real=5.10 secs] 
2019-12-26T09:43:58.640+0800: 1788215.358: [GC (CMS Final Remark) [YG occupancy: 503307 K (737280 K)]2019-12-26T09:43:58.640+0800: 1788215.359: [Rescan (parallel) , 0.1178595 secs]2019-12-26T09:43:58.758+0800: 1788215.476: [weak refs processing, 0.0000648 secs]2019-12-26T09:43:58.758+0800: 1788215.477: [class unloading, 0.0286446 secs]2019-12-26T09:43:58.786+0800: 1788215.505: [scrub symbol table, 0.0094343 secs]2019-12-26T09:43:58.796+0800: 1788215.515: [scrub string table, 0.0017043 secs][1 CMS-remark: 830848K(1277952K)] 1334156K(2015232K), 0.1603337 secs] [Times: user=0.51 sys=0.00, real=0.16 secs] 
2019-12-26T09:43:58.800+0800: 1788215.519: [CMS-concurrent-sweep-start]
2019-12-26T09:43:59.097+0800: 1788215.816: [CMS-concurrent-sweep: 0.297/0.297 secs] [Times: user=0.30 sys=0.00, real=0.30 secs] 
2019-12-26T09:43:59.097+0800: 1788215.816: [CMS-concurrent-reset-start]
2019-12-26T09:43:59.100+0800: 1788215.819: [CMS-concurrent-reset: 0.003/0.003 secs] [Times: user=0.00 sys=0.00, real=0.00 secs] 
2019-12-26T09:44:01.101+0800: 1788217.820: [GC (CMS Initial Mark) [1 CMS-initial-mark: 830848K(1277952K)] 1334169K(2015232K), 0.1267135 secs] [Times: user=0.37 sys=0.00, real=0.13 secs] 
2019-12-26T09:44:01.228+0800: 1788217.947: [CMS-concurrent-mark-start]
2019-12-26T09:44:02.660+0800: 1788219.378: [CMS-concurrent-mark: 1.432/1.432 secs] [Times: user=1.45 sys=0.00, real=1.43 secs] 
2019-12-26T09:44:02.660+0800: 1788219.379: [CMS-concurrent-preclean-start]
2019-12-26T09:44:02.664+0800: 1788219.382: [CMS-concurrent-preclean: 0.004/0.004 secs] [Times: user=0.01 sys=0.00, real=0.01 secs] 
2019-12-26T09:44:02.664+0800: 1788219.383: [CMS-concurrent-abortable-preclean-start]
 CMS: abort preclean due to time 2019-12-26T09:44:07.707+0800: 1788224.425: [CMS-concurrent-abortable-preclean: 2.240/5.043 secs] [Times: user=2.29 sys=0.00, real=5.04 secs] 
2019-12-26T09:44:07.708+0800: 1788224.427: [GC (CMS Final Remark) [YG occupancy: 505453 K (737280 K)]2019-12-26T09:44:07.708+0800: 1788224.427: [Rescan (parallel) , 0.1341237 secs]2019-12-26T09:44:07.843+0800: 1788224.561: [weak refs processing, 0.0000670 secs]2019-12-26T09:44:07.843+0800: 1788224.562: [class unloading, 0.0292007 secs]2019-12-26T09:44:07.872+0800: 1788224.591: [scrub symbol table, 0.0096871 secs]2019-12-26T09:44:07.882+0800: 1788224.600: [scrub string table, 0.0017507 secs][1 CMS-remark: 830848K(1277952K)] 1336301K(2015232K), 0.1775249 secs] [Times: user=0.44 sys=0.00, real=0.18 secs] 
2019-12-26T09:44:07.886+0800: 1788224.605: [CMS-concurrent-sweep-start]
2019-12-26T09:44:08.182+0800: 1788224.901: [CMS-concurrent-sweep: 0.294/0.296 secs] [Times: user=0.31 sys=0.00, real=0.29 secs] 
2019-12-26T09:44:08.182+0800: 1788224.901: [CMS-concurrent-reset-start]
2019-12-26T09:44:08.185+0800: 1788224.904: [CMS-concurrent-reset: 0.003/0.003 secs] [Times: user=0.00 sys=0.00, real=0.01 secs] 
2019-12-26T09:44:10.186+0800: 1788226.905: [GC (CMS Initial Mark) [1 CMS-initial-mark: 830848K(1277952K)] 1336668K(2015232K), 0.1100600 secs] [Times: user=0.44 sys=0.00, real=0.11 secs] 
2019-12-26T09:44:10.296+0800: 1788227.015: [CMS-concurrent-mark-start]
2019-12-26T09:44:11.715+0800: 1788228.434: [CMS-concurrent-mark: 1.412/1.419 secs] [Times: user=1.44 sys=0.00, real=1.42 secs] 
2019-12-26T09:44:11.715+0800: 1788228.434: [CMS-concurrent-preclean-start]
2019-12-26T09:44:11.720+0800: 1788228.438: [CMS-concurrent-preclean: 0.004/0.004 secs] [Times: user=0.00 sys=0.00, real=0.00 secs] 
2019-12-26T09:44:11.720+0800: 1788228.438: [CMS-concurrent-abortable-preclean-start]
 CMS: abort preclean due to time 2019-12-26T09:44:16.747+0800: 1788233.466: [CMS-concurrent-abortable-preclean: 2.225/5.027 secs] [Times: user=2.27 sys=0.00, real=5.03 secs] 
2019-12-26T09:44:16.749+0800: 1788233.467: [GC (CMS Final Remark) [YG occupancy: 506918 K (737280 K)]2019-12-26T09:44:16.749+0800: 1788233.468: [Rescan (parallel) , 0.1172133 secs]2019-12-26T09:44:16.866+0800: 1788233.585: [weak refs processing, 0.0000648 secs]2019-12-26T09:44:16.866+0800: 1788233.585: [class unloading, 0.0292777 secs]2019-12-26T09:44:16.895+0800: 1788233.614: [scrub symbol table, 0.0092652 secs]2019-12-26T09:44:16.905+0800: 1788233.623: [scrub string table, 0.0017504 secs][1 CMS-remark: 830848K(1277952K)] 1337766K(2015232K), 0.1602874 secs] [Times: user=0.51 sys=0.00, real=0.16 secs] 
2019-12-26T09:44:16.909+0800: 1788233.628: [CMS-concurrent-sweep-start]
2019-12-26T09:44:17.202+0800: 1788233.920: [CMS-concurrent-sweep: 0.292/0.292 secs] [Times: user=0.29 sys=0.00, real=0.29 secs] 
2019-12-26T09:44:17.202+0800: 1788233.921: [CMS-concurrent-reset-start]
2019-12-26T09:44:17.205+0800: 1788233.924: [CMS-concurrent-reset: 0.003/0.003 secs] [Times: user=0.01 sys=0.00, real=0.01 secs] 
2019-12-26T09:44:19.206+0800: 1788235.925: [GC (CMS Initial Mark) [1 CMS-initial-mark: 830848K(1277952K)] 1337766K(2015232K), 0.1110172 secs] [Times: user=0.44 sys=0.00, real=0.11 secs] 
2019-12-26T09:44:19.317+0800: 1788236.036: [CMS-concurrent-mark-start]
2019-12-26T09:44:20.731+0800: 1788237.450: [CMS-concurrent-mark: 1.414/1.414 secs] [Times: user=1.44 sys=0.00, real=1.41 secs] 
2019-12-26T09:44:20.731+0800: 1788237.450: [CMS-concurrent-preclean-start]
2019-12-26T09:44:20.735+0800: 1788237.454: [CMS-concurrent-preclean: 0.004/0.004 secs] [Times: user=0.00 sys=0.00, real=0.00 secs] 
2019-12-26T09:44:20.735+0800: 1788237.454: [CMS-concurrent-abortable-preclean-start]
 CMS: abort preclean due to time 2019-12-26T09:44:25.793+0800: 1788242.512: [CMS-concurrent-abortable-preclean: 2.255/5.058 secs] [Times: user=2.33 sys=0.00, real=5.06 secs] 
2019-12-26T09:44:25.795+0800: 1788242.513: [GC (CMS Final Remark) [YG occupancy: 509808 K (737280 K)]2019-12-26T09:44:25.795+0800: 1788242.514: [Rescan (parallel) , 0.1179636 secs]2019-12-26T09:44:25.913+0800: 1788242.632: [weak refs processing, 0.0000666 secs]2019-12-26T09:44:25.913+0800: 1788242.632: [class unloading, 0.0290179 secs]2019-12-26T09:44:25.942+0800: 1788242.661: [scrub symbol table, 0.0092394 secs]2019-12-26T09:44:25.951+0800: 1788242.670: [scrub string table, 0.0016936 secs][1 CMS-remark: 830848K(1277952K)] 1340656K(2015232K), 0.1606402 secs] [Times: user=0.51 sys=0.00, real=0.16 secs] 
2019-12-26T09:44:25.956+0800: 1788242.674: [CMS-concurrent-sweep-start]
2019-12-26T09:44:26.247+0800: 1788242.966: [CMS-concurrent-sweep: 0.291/0.291 secs] [Times: user=0.29 sys=0.00, real=0.30 secs] 
2019-12-26T09:44:26.247+0800: 1788242.966: [CMS-concurrent-reset-start]
2019-12-26T09:44:26.250+0800: 1788242.969: [CMS-concurrent-reset: 0.003/0.003 secs] [Times: user=0.00 sys=0.00, real=0.00 secs] 
2019-12-26T09:44:28.251+0800: 1788244.970: [GC (CMS Initial Mark) [1 CMS-initial-mark: 830848K(1277952K)] 1342387K(2015232K), 0.1115244 secs] [Times: user=0.45 sys=0.00, real=0.11 secs] 
2019-12-26T09:44:28.363+0800: 1788245.082: [CMS-concurrent-mark-start]
2019-12-26T09:44:29.780+0800: 1788246.499: [CMS-concurrent-mark: 1.417/1.417 secs] [Times: user=1.43 sys=0.00, real=1.42 secs] 
2019-12-26T09:44:29.780+0800: 1788246.499: [CMS-concurrent-preclean-start]
2019-12-26T09:44:29.784+0800: 1788246.503: [CMS-concurrent-preclean: 0.004/0.004 secs] [Times: user=0.00 sys=0.00, real=0.00 secs] 
2019-12-26T09:44:29.784+0800: 1788246.503: [CMS-concurrent-abortable-preclean-start]
 CMS: abort preclean due to time 2019-12-26T09:44:34.869+0800: 1788251.588: [CMS-concurrent-abortable-preclean: 2.282/5.084 secs] [Times: user=2.35 sys=0.00, real=5.09 secs] 
2019-12-26T09:44:34.871+0800: 1788251.589: [GC (CMS Final Remark) [YG occupancy: 512462 K (737280 K)]2019-12-26T09:44:34.871+0800: 1788251.590: [Rescan (parallel) , 0.1188292 secs]2019-12-26T09:44:34.990+0800: 1788251.708: [weak refs processing, 0.0000669 secs]2019-12-26T09:44:34.990+0800: 1788251.708: [class unloading, 0.0291272 secs]2019-12-26T09:44:35.019+0800: 1788251.738: [scrub symbol table, 0.0096027 secs]2019-12-26T09:44:35.028+0800: 1788251.747: [scrub string table, 0.0017320 secs][1 CMS-remark: 830848K(1277952K)] 1343310K(2015232K), 0.1621460 secs] [Times: user=0.52 sys=0.00, real=0.16 secs] 
2019-12-26T09:44:35.033+0800: 1788251.752: [CMS-concurrent-sweep-start]
2019-12-26T09:44:35.327+0800: 1788252.046: [CMS-concurrent-sweep: 0.294/0.294 secs] [Times: user=0.29 sys=0.00, real=0.30 secs] 
2019-12-26T09:44:35.327+0800: 1788252.046: [CMS-concurrent-reset-start]
2019-12-26T09:44:35.330+0800: 1788252.049: [CMS-concurrent-reset: 0.003/0.003 secs] [Times: user=0.01 sys=0.00, real=0.00 secs] 
2019-12-26T09:44:37.331+0800: 1788254.050: [GC (CMS Initial Mark) [1 CMS-initial-mark: 830848K(1277952K)] 1343310K(2015232K), 0.1126946 secs] [Times: user=0.45 sys=0.00, real=0.11 secs] 
2019-12-26T09:44:37.444+0800: 1788254.163: [CMS-concurrent-mark-start]
2019-12-26T09:44:38.876+0800: 1788255.595: [CMS-concurrent-mark: 1.430/1.432 secs] [Times: user=1.44 sys=0.00, real=1.43 secs] 
2019-12-26T09:44:38.876+0800: 1788255.595: [CMS-concurrent-preclean-start]
2019-12-26T09:44:38.880+0800: 1788255.599: [CMS-concurrent-preclean: 0.004/0.004 secs] [Times: user=0.01 sys=0.00, real=0.01 secs] 
2019-12-26T09:44:38.880+0800: 1788255.599: [CMS-concurrent-abortable-preclean-start]
 CMS: abort preclean due to time 2019-12-26T09:44:43.907+0800: 1788260.626: [CMS-concurrent-abortable-preclean: 2.222/5.027 secs] [Times: user=2.27 sys=0.00, real=5.02 secs] 
2019-12-26T09:44:43.909+0800: 1788260.627: [GC (CMS Final Remark) [YG occupancy: 512716 K (737280 K)]2019-12-26T09:44:43.909+0800: 1788260.627: [Rescan (parallel) , 0.1192893 secs]2019-12-26T09:44:44.028+0800: 1788260.747: [weak refs processing, 0.0000655 secs]2019-12-26T09:44:44.028+0800: 1788260.747: [class unloading, 0.0288261 secs]2019-12-26T09:44:44.057+0800: 1788260.776: [scrub symbol table, 0.0090152 secs]2019-12-26T09:44:44.066+0800: 1788260.785: [scrub string table, 0.0017061 secs][1 CMS-remark: 830848K(1277952K)] 1343564K(2015232K), 0.1615394 secs] [Times: user=0.52 sys=0.00, real=0.17 secs] 
2019-12-26T09:44:44.071+0800: 1788260.789: [CMS-concurrent-sweep-start]
2019-12-26T09:44:44.363+0800: 1788261.081: [CMS-concurrent-sweep: 0.292/0.292 secs] [Times: user=0.30 sys=0.00, real=0.29 secs] 
2019-12-26T09:44:44.363+0800: 1788261.082: [CMS-concurrent-reset-start]
2019-12-26T09:44:44.366+0800: 1788261.085: [CMS-concurrent-reset: 0.003/0.003 secs] [Times: user=0.00 sys=0.00, real=0.00 secs] 
2019-12-26T09:44:46.367+0800: 1788263.085: [GC (CMS Initial Mark) [1 CMS-initial-mark: 830848K(1277952K)] 1343564K(2015232K), 0.1136203 secs] [Times: user=0.44 sys=0.00, real=0.12 secs] 
2019-12-26T09:44:46.481+0800: 1788263.199: [CMS-concurrent-mark-start]
2019-12-26T09:44:47.885+0800: 1788264.604: [CMS-concurrent-mark: 1.404/1.404 secs] [Times: user=1.42 sys=0.00, real=1.40 secs] 
2019-12-26T09:44:47.885+0800: 1788264.604: [CMS-concurrent-preclean-start]
2019-12-26T09:44:47.889+0800: 1788264.607: [CMS-concurrent-preclean: 0.004/0.004 secs] [Times: user=0.00 sys=0.00, real=0.00 secs] 
2019-12-26T09:44:47.889+0800: 1788264.607: [CMS-concurrent-abortable-preclean-start]
 CMS: abort preclean due to time 2019-12-26T09:44:52.890+0800: 1788269.609: [CMS-concurrent-abortable-preclean: 2.293/5.001 secs] [Times: user=2.35 sys=0.00, real=5.00 secs] 
2019-12-26T09:44:52.892+0800: 1788269.610: [GC (CMS Final Remark) [YG occupancy: 513009 K (737280 K)]2019-12-26T09:44:52.892+0800: 1788269.611: [Rescan (parallel) , 0.1183347 secs]2019-12-26T09:44:53.010+0800: 1788269.729: [weak refs processing, 0.0000716 secs]2019-12-26T09:44:53.010+0800: 1788269.729: [class unloading, 0.0290392 secs]2019-12-26T09:44:53.039+0800: 1788269.758: [scrub symbol table, 0.0094132 secs]2019-12-26T09:44:53.049+0800: 1788269.768: [scrub string table, 0.0016919 secs][1 CMS-remark: 830848K(1277952K)] 1343857K(2015232K), 0.1612062 secs] [Times: user=0.52 sys=0.00, real=0.16 secs] 
2019-12-26T09:44:53.053+0800: 1788269.772: [CMS-concurrent-sweep-start]
2019-12-26T09:44:53.349+0800: 1788270.068: [CMS-concurrent-sweep: 0.296/0.296 secs] [Times: user=0.30 sys=0.00, real=0.29 secs] 
2019-12-26T09:44:53.350+0800: 1788270.068: [CMS-concurrent-reset-start]
2019-12-26T09:44:53.353+0800: 1788270.071: [CMS-concurrent-reset: 0.003/0.003 secs] [Times: user=0.00 sys=0.00, real=0.01 secs] 
2019-12-26T09:44:55.353+0800: 1788272.072: [GC (CMS Initial Mark) [1 CMS-initial-mark: 830848K(1277952K)] 1344815K(2015232K), 0.1121122 secs] [Times: user=0.44 sys=0.00, real=0.11 secs] 
2019-12-26T09:44:55.466+0800: 1788272.185: [CMS-concurrent-mark-start]
2019-12-26T09:44:56.891+0800: 1788273.609: [CMS-concurrent-mark: 1.425/1.425 secs] [Times: user=1.44 sys=0.00, real=1.43 secs] 
2019-12-26T09:44:56.891+0800: 1788273.610: [CMS-concurrent-preclean-start]
2019-12-26T09:44:56.895+0800: 1788273.614: [CMS-concurrent-preclean: 0.004/0.004 secs] [Times: user=0.01 sys=0.00, real=0.00 secs] 
2019-12-26T09:44:56.895+0800: 1788273.614: [CMS-concurrent-abortable-preclean-start]
 CMS: abort preclean due to time 2019-12-26T09:45:01.971+0800: 1788278.689: [CMS-concurrent-abortable-preclean: 2.273/5.076 secs] [Times: user=2.33 sys=0.00, real=5.07 secs] 
2019-12-26T09:45:01.972+0800: 1788278.691: [GC (CMS Final Remark) [YG occupancy: 514723 K (737280 K)]2019-12-26T09:45:01.973+0800: 1788278.691: [Rescan (parallel) , 0.1259513 secs]2019-12-26T09:45:02.099+0800: 1788278.817: [weak refs processing, 0.0000804 secs]2019-12-26T09:45:02.099+0800: 1788278.817: [class unloading, 0.0295851 secs]2019-12-26T09:45:02.128+0800: 1788278.847: [scrub symbol table, 0.0089430 secs]2019-12-26T09:45:02.137+0800: 1788278.856: [scrub string table, 0.0017025 secs][1 CMS-remark: 830848K(1277952K)] 1345571K(2015232K), 0.1689129 secs] [Times: user=0.52 sys=0.00, real=0.16 secs] 
2019-12-26T09:45:02.142+0800: 1788278.861: [CMS-concurrent-sweep-start]
2019-12-26T09:45:02.441+0800: 1788279.160: [CMS-concurrent-sweep: 0.299/0.299 secs] [Times: user=0.30 sys=0.00, real=0.29 secs] 
2019-12-26T09:45:02.441+0800: 1788279.160: [CMS-concurrent-reset-start]
2019-12-26T09:45:02.444+0800: 1788279.163: [CMS-concurrent-reset: 0.003/0.003 secs] [Times: user=0.00 sys=0.00, real=0.01 secs] 
2019-12-26T09:45:04.445+0800: 1788281.164: [GC (CMS Initial Mark) [1 CMS-initial-mark: 830848K(1277952K)] 1346541K(2015232K), 0.1259105 secs] [Times: user=0.43 sys=0.00, real=0.12 secs] 
2019-12-26T09:45:04.571+0800: 1788281.290: [CMS-concurrent-mark-start]
2019-12-26T09:45:05.981+0800: 1788282.700: [CMS-concurrent-mark: 1.410/1.410 secs] [Times: user=1.43 sys=0.00, real=1.41 secs] 
2019-12-26T09:45:05.981+0800: 1788282.700: [CMS-concurrent-preclean-start]
2019-12-26T09:45:05.986+0800: 1788282.704: [CMS-concurrent-preclean: 0.004/0.005 secs] [Times: user=0.00 sys=0.00, real=0.01 secs] 
2019-12-26T09:45:05.986+0800: 1788282.704: [CMS-concurrent-abortable-preclean-start]
 CMS: abort preclean due to time 2019-12-26T09:45:11.077+0800: 1788287.796: [CMS-concurrent-abortable-preclean: 2.287/5.091 secs] [Times: user=2.35 sys=0.00, real=5.09 secs] 
2019-12-26T09:45:11.079+0800: 1788287.798: [GC (CMS Final Remark) [YG occupancy: 518203 K (737280 K)]2019-12-26T09:45:11.079+0800: 1788287.798: [Rescan (parallel) , 0.1398435 secs]2019-12-26T09:45:11.219+0800: 1788287.938: [weak refs processing, 0.0000672 secs]2019-12-26T09:45:11.219+0800: 1788287.938: [class unloading, 0.0288088 secs]2019-12-26T09:45:11.248+0800: 1788287.966: [scrub symbol table, 0.0091169 secs]2019-12-26T09:45:11.257+0800: 1788287.976: [scrub string table, 0.0017008 secs][1 CMS-remark: 830848K(1277952K)] 1349051K(2015232K), 0.1821795 secs] [Times: user=0.46 sys=0.00, real=0.18 secs] 
2019-12-26T09:45:11.261+0800: 1788287.980: [CMS-concurrent-sweep-start]
2019-12-26T09:45:11.554+0800: 1788288.272: [CMS-concurrent-sweep: 0.292/0.292 secs] [Times: user=0.29 sys=0.00, real=0.30 secs] 
2019-12-26T09:45:11.554+0800: 1788288.273: [CMS-concurrent-reset-start]
2019-12-26T09:45:11.557+0800: 1788288.276: [CMS-concurrent-reset: 0.003/0.003 secs] [Times: user=0.01 sys=0.00, real=0.00 secs] 
2019-12-26T09:45:13.558+0800: 1788290.276: [GC (CMS Initial Mark) [1 CMS-initial-mark: 830848K(1277952K)] 1350115K(2015232K), 0.1316272 secs] [Times: user=0.39 sys=0.00, real=0.13 secs] 
2019-12-26T09:45:13.690+0800: 1788290.408: [CMS-concurrent-mark-start]
2019-12-26T09:45:15.102+0800: 1788291.820: [CMS-concurrent-mark: 1.412/1.412 secs] [Times: user=1.43 sys=0.00, real=1.41 secs] 
2019-12-26T09:45:15.102+0800: 1788291.821: [CMS-concurrent-preclean-start]
2019-12-26T09:45:15.106+0800: 1788291.825: [CMS-concurrent-preclean: 0.004/0.004 secs] [Times: user=0.00 sys=0.00, real=0.01 secs] 
2019-12-26T09:45:15.106+0800: 1788291.825: [CMS-concurrent-abortable-preclean-start]
 CMS: abort preclean due to time 2019-12-26T09:45:20.142+0800: 1788296.861: [CMS-concurrent-abortable-preclean: 2.234/5.036 secs] [Times: user=2.29 sys=0.00, real=5.03 secs] 
2019-12-26T09:45:20.144+0800: 1788296.863: [GC (CMS Final Remark) [YG occupancy: 519570 K (737280 K)]2019-12-26T09:45:20.144+0800: 1788296.863: [Rescan (parallel) , 0.1439041 secs]2019-12-26T09:45:20.288+0800: 1788297.007: [weak refs processing, 0.0000867 secs]2019-12-26T09:45:20.288+0800: 1788297.007: [class unloading, 0.0305072 secs]2019-12-26T09:45:20.319+0800: 1788297.038: [scrub symbol table, 0.0090932 secs]2019-12-26T09:45:20.328+0800: 1788297.047: [scrub string table, 0.0017072 secs][1 CMS-remark: 830848K(1277952K)] 1350419K(2015232K), 0.1879997 secs] [Times: user=0.49 sys=0.00, real=0.19 secs] 
2019-12-26T09:45:20.333+0800: 1788297.051: [CMS-concurrent-sweep-start]
2019-12-26T09:45:20.629+0800: 1788297.348: [CMS-concurrent-sweep: 0.296/0.296 secs] [Times: user=0.30 sys=0.00, real=0.30 secs] 
2019-12-26T09:45:20.629+0800: 1788297.348: [CMS-concurrent-reset-start]
2019-12-26T09:45:20.632+0800: 1788297.351: [CMS-concurrent-reset: 0.003/0.003 secs] [Times: user=0.00 sys=0.00, real=0.00 secs] 
2019-12-26T09:45:22.633+0800: 1788299.352: [GC (CMS Initial Mark) [1 CMS-initial-mark: 830848K(1277952K)] 1351495K(2015232K), 0.1140254 secs] [Times: user=0.45 sys=0.00, real=0.12 secs] 
2019-12-26T09:45:22.748+0800: 1788299.466: [CMS-concurrent-mark-start]
2019-12-26T09:45:24.164+0800: 1788300.883: [CMS-concurrent-mark: 1.416/1.416 secs] [Times: user=1.44 sys=0.00, real=1.41 secs] 
2019-12-26T09:45:24.164+0800: 1788300.883: [CMS-concurrent-preclean-start]
2019-12-26T09:45:24.168+0800: 1788300.887: [CMS-concurrent-preclean: 0.004/0.004 secs] [Times: user=0.00 sys=0.00, real=0.01 secs] 
2019-12-26T09:45:24.168+0800: 1788300.887: [CMS-concurrent-abortable-preclean-start]
 CMS: abort preclean due to time 2019-12-26T09:45:29.207+0800: 1788305.926: [CMS-concurrent-abortable-preclean: 2.336/5.038 secs] [Times: user=2.43 sys=0.00, real=5.04 secs] 
2019-12-26T09:45:29.209+0800: 1788305.928: [GC (CMS Final Remark) [YG occupancy: 524712 K (737280 K)]2019-12-26T09:45:29.209+0800: 1788305.928: [Rescan (parallel) , 0.1229121 secs]2019-12-26T09:45:29.332+0800: 1788306.051: [weak refs processing, 0.0000654 secs]2019-12-26T09:45:29.332+0800: 1788306.051: [class unloading, 0.0292965 secs]2019-12-26T09:45:29.361+0800: 1788306.080: [scrub symbol table, 0.0095294 secs]2019-12-26T09:45:29.371+0800: 1788306.090: [scrub string table, 0.0016834 secs][1 CMS-remark: 830848K(1277952K)] 1355561K(2015232K), 0.1661903 secs] [Times: user=0.54 sys=0.00, real=0.16 secs] 
2019-12-26T09:45:29.375+0800: 1788306.094: [CMS-concurrent-sweep-start]
2019-12-26T09:45:29.668+0800: 1788306.387: [CMS-concurrent-sweep: 0.292/0.292 secs] [Times: user=0.29 sys=0.00, real=0.29 secs] 
2019-12-26T09:45:29.668+0800: 1788306.387: [CMS-concurrent-reset-start]
2019-12-26T09:45:29.671+0800: 1788306.390: [CMS-concurrent-reset: 0.003/0.003 secs] [Times: user=0.00 sys=0.00, real=0.00 secs] 
2019-12-26T09:45:31.672+0800: 1788308.391: [GC (CMS Initial Mark) [1 CMS-initial-mark: 830848K(1277952K)] 1356447K(2015232K), 0.1139753 secs] [Times: user=0.45 sys=0.00, real=0.11 secs] 
2019-12-26T09:45:31.786+0800: 1788308.505: [CMS-concurrent-mark-start]
2019-12-26T09:45:33.200+0800: 1788309.918: [CMS-concurrent-mark: 1.413/1.413 secs] [Times: user=1.43 sys=0.00, real=1.42 secs] 
2019-12-26T09:45:33.200+0800: 1788309.918: [CMS-concurrent-preclean-start]
2019-12-26T09:45:33.204+0800: 1788309.922: [CMS-concurrent-preclean: 0.004/0.004 secs] [Times: user=0.00 sys=0.00, real=0.00 secs] 
2019-12-26T09:45:33.204+0800: 1788309.922: [CMS-concurrent-abortable-preclean-start]
 CMS: abort preclean due to time 2019-12-26T09:45:38.245+0800: 1788314.964: [CMS-concurrent-abortable-preclean: 2.236/5.041 secs] [Times: user=2.29 sys=0.00, real=5.04 secs] 
2019-12-26T09:45:38.247+0800: 1788314.965: [GC (CMS Final Remark) [YG occupancy: 526146 K (737280 K)]2019-12-26T09:45:38.247+0800: 1788314.966: [Rescan (parallel) , 0.1212707 secs]2019-12-26T09:45:38.368+0800: 1788315.087: [weak refs processing, 0.0000726 secs]2019-12-26T09:45:38.368+0800: 1788315.087: [class unloading, 0.0294458 secs]2019-12-26T09:45:38.398+0800: 1788315.117: [scrub symbol table, 0.0096654 secs]2019-12-26T09:45:38.407+0800: 1788315.126: [scrub string table, 0.0017228 secs][1 CMS-remark: 830848K(1277952K)] 1356994K(2015232K), 0.1649042 secs] [Times: user=0.52 sys=0.00, real=0.17 secs] 
2019-12-26T09:45:38.412+0800: 1788315.131: [CMS-concurrent-sweep-start]
2019-12-26T09:45:38.705+0800: 1788315.423: [CMS-concurrent-sweep: 0.293/0.293 secs] [Times: user=0.30 sys=0.00, real=0.29 secs] 
2019-12-26T09:45:38.705+0800: 1788315.424: [CMS-concurrent-reset-start]
2019-12-26T09:45:38.708+0800: 1788315.427: [CMS-concurrent-reset: 0.003/0.003 secs] [Times: user=0.00 sys=0.00, real=0.01 secs] 
2019-12-26T09:45:40.709+0800: 1788317.428: [GC (CMS Initial Mark) [1 CMS-initial-mark: 830848K(1277952K)] 1356994K(2015232K), 0.1146884 secs] [Times: user=0.45 sys=0.00, real=0.11 secs] 
2019-12-26T09:45:40.824+0800: 1788317.543: [CMS-concurrent-mark-start]
2019-12-26T09:45:42.246+0800: 1788318.965: [CMS-concurrent-mark: 1.422/1.422 secs] [Times: user=1.44 sys=0.00, real=1.42 secs] 
2019-12-26T09:45:42.246+0800: 1788318.965: [CMS-concurrent-preclean-start]
2019-12-26T09:45:42.250+0800: 1788318.969: [CMS-concurrent-preclean: 0.004/0.004 secs] [Times: user=0.00 sys=0.00, real=0.01 secs] 
2019-12-26T09:45:42.250+0800: 1788318.969: [CMS-concurrent-abortable-preclean-start]
 CMS: abort preclean due to time 2019-12-26T09:45:47.253+0800: 1788323.972: [CMS-concurrent-abortable-preclean: 2.219/5.003 secs] [Times: user=2.29 sys=0.00, real=5.00 secs] 
2019-12-26T09:45:47.255+0800: 1788323.974: [GC (CMS Final Remark) [YG occupancy: 527987 K (737280 K)]2019-12-26T09:45:47.255+0800: 1788323.974: [Rescan (parallel) , 0.1224893 secs]2019-12-26T09:45:47.378+0800: 1788324.097: [weak refs processing, 0.0000656 secs]2019-12-26T09:45:47.378+0800: 1788324.097: [class unloading, 0.0289827 secs]2019-12-26T09:45:47.407+0800: 1788324.126: [scrub symbol table, 0.0094513 secs]2019-12-26T09:45:47.416+0800: 1788324.135: [scrub string table, 0.0017208 secs][1 CMS-remark: 830848K(1277952K)] 1358835K(2015232K), 0.1653514 secs] [Times: user=0.53 sys=0.00, real=0.17 secs] 
2019-12-26T09:45:47.421+0800: 1788324.140: [CMS-concurrent-sweep-start]
2019-12-26T09:45:47.713+0800: 1788324.432: [CMS-concurrent-sweep: 0.292/0.292 secs] [Times: user=0.30 sys=0.00, real=0.29 secs] 
2019-12-26T09:45:47.713+0800: 1788324.432: [CMS-concurrent-reset-start]
2019-12-26T09:45:47.716+0800: 1788324.435: [CMS-concurrent-reset: 0.003/0.003 secs] [Times: user=0.00 sys=0.00, real=0.00 secs] 
2019-12-26T09:45:49.717+0800: 1788326.436: [GC (CMS Initial Mark) [1 CMS-initial-mark: 830848K(1277952K)] 1358835K(2015232K), 0.1148607 secs] [Times: user=0.45 sys=0.00, real=0.12 secs] 
2019-12-26T09:45:49.832+0800: 1788326.551: [CMS-concurrent-mark-start]
2019-12-26T09:45:51.234+0800: 1788327.953: [CMS-concurrent-mark: 1.402/1.402 secs] [Times: user=1.41 sys=0.00, real=1.40 secs] 
2019-12-26T09:45:51.234+0800: 1788327.953: [CMS-concurrent-preclean-start]
2019-12-26T09:45:51.238+0800: 1788327.957: [CMS-concurrent-preclean: 0.004/0.004 secs] [Times: user=0.00 sys=0.00, real=0.00 secs] 
2019-12-26T09:45:51.238+0800: 1788327.957: [CMS-concurrent-abortable-preclean-start]
 CMS: abort preclean due to time 2019-12-26T09:45:56.292+0800: 1788333.011: [CMS-concurrent-abortable-preclean: 2.251/5.054 secs] [Times: user=2.31 sys=0.00, real=5.06 secs] 
2019-12-26T09:45:56.294+0800: 1788333.013: [GC (CMS Final Remark) [YG occupancy: 527987 K (737280 K)]2019-12-26T09:45:56.294+0800: 1788333.013: [Rescan (parallel) , 0.1216174 secs]2019-12-26T09:45:56.415+0800: 1788333.134: [weak refs processing, 0.0000753 secs]2019-12-26T09:45:56.416+0800: 1788333.134: [class unloading, 0.0291808 secs]2019-12-26T09:45:56.445+0800: 1788333.164: [scrub symbol table, 0.0095582 secs]2019-12-26T09:45:56.454+0800: 1788333.173: [scrub string table, 0.0016786 secs][1 CMS-remark: 830848K(1277952K)] 1358835K(2015232K), 0.1647358 secs] [Times: user=0.52 sys=0.00, real=0.16 secs] 
2019-12-26T09:45:56.459+0800: 1788333.178: [CMS-concurrent-sweep-start]
2019-12-26T09:45:56.750+0800: 1788333.469: [CMS-concurrent-sweep: 0.291/0.291 secs] [Times: user=0.29 sys=0.00, real=0.30 secs] 
2019-12-26T09:45:56.750+0800: 1788333.469: [CMS-concurrent-reset-start]
2019-12-26T09:45:56.753+0800: 1788333.472: [CMS-concurrent-reset: 0.003/0.003 secs] [Times: user=0.00 sys=0.00, real=0.00 secs] 
2019-12-26T09:45:58.754+0800: 1788335.473: [GC (CMS Initial Mark) [1 CMS-initial-mark: 830848K(1277952K)] 1358835K(2015232K), 0.1154041 secs] [Times: user=0.46 sys=0.00, real=0.11 secs] 
2019-12-26T09:45:58.870+0800: 1788335.589: [CMS-concurrent-mark-start]
2019-12-26T09:46:00.274+0800: 1788336.992: [CMS-concurrent-mark: 1.404/1.404 secs] [Times: user=1.42 sys=0.00, real=1.41 secs] 
2019-12-26T09:46:00.274+0800: 1788336.993: [CMS-concurrent-preclean-start]
2019-12-26T09:46:00.278+0800: 1788336.997: [CMS-concurrent-preclean: 0.004/0.004 secs] [Times: user=0.01 sys=0.00, real=0.00 secs] 
2019-12-26T09:46:00.278+0800: 1788336.997: [CMS-concurrent-abortable-preclean-start]
 CMS: abort preclean due to time 2019-12-26T09:46:05.390+0800: 1788342.109: [CMS-concurrent-abortable-preclean: 2.310/5.113 secs] [Times: user=2.36 sys=0.00, real=5.11 secs] 
2019-12-26T09:46:05.392+0800: 1788342.111: [GC (CMS Final Remark) [YG occupancy: 529073 K (737280 K)]2019-12-26T09:46:05.392+0800: 1788342.111: [Rescan (parallel) , 0.1308248 secs]2019-12-26T09:46:05.523+0800: 1788342.242: [weak refs processing, 0.0000648 secs]2019-12-26T09:46:05.523+0800: 1788342.242: [class unloading, 0.0290103 secs]2019-12-26T09:46:05.552+0800: 1788342.271: [scrub symbol table, 0.0094051 secs]2019-12-26T09:46:05.562+0800: 1788342.281: [scrub string table, 0.0017003 secs][1 CMS-remark: 830848K(1277952K)] 1359922K(2015232K), 0.1736805 secs] [Times: user=0.53 sys=0.00, real=0.17 secs] 
2019-12-26T09:46:05.566+0800: 1788342.285: [CMS-concurrent-sweep-start]
2019-12-26T09:46:05.862+0800: 1788342.581: [CMS-concurrent-sweep: 0.296/0.296 secs] [Times: user=0.30 sys=0.00, real=0.30 secs] 
2019-12-26T09:46:05.862+0800: 1788342.581: [CMS-concurrent-reset-start]
2019-12-26T09:46:05.866+0800: 1788342.584: [CMS-concurrent-reset: 0.003/0.003 secs] [Times: user=0.01 sys=0.00, real=0.00 secs] 
2019-12-26T09:46:07.866+0800: 1788344.585: [GC (CMS Initial Mark) [1 CMS-initial-mark: 830848K(1277952K)] 1359926K(2015232K), 0.1325607 secs] [Times: user=0.40 sys=0.00, real=0.13 secs] 
2019-12-26T09:46:07.999+0800: 1788344.718: [CMS-concurrent-mark-start]
2019-12-26T09:46:09.425+0800: 1788346.144: [CMS-concurrent-mark: 1.424/1.426 secs] [Times: user=1.44 sys=0.00, real=1.43 secs] 
2019-12-26T09:46:09.425+0800: 1788346.144: [CMS-concurrent-preclean-start]
2019-12-26T09:46:09.429+0800: 1788346.148: [CMS-concurrent-preclean: 0.004/0.004 secs] [Times: user=0.00 sys=0.00, real=0.00 secs] 
2019-12-26T09:46:09.429+0800: 1788346.148: [CMS-concurrent-abortable-preclean-start]
 CMS: abort preclean due to time 2019-12-26T09:46:14.456+0800: 1788351.175: [CMS-concurrent-abortable-preclean: 2.224/5.026 secs] [Times: user=2.27 sys=0.00, real=5.03 secs] 
2019-12-26T09:46:14.458+0800: 1788351.176: [GC (CMS Final Remark) [YG occupancy: 529104 K (737280 K)]2019-12-26T09:46:14.458+0800: 1788351.177: [Rescan (parallel) , 0.1239232 secs]2019-12-26T09:46:14.582+0800: 1788351.301: [weak refs processing, 0.0000652 secs]2019-12-26T09:46:14.582+0800: 1788351.301: [class unloading, 0.0289044 secs]2019-12-26T09:46:14.611+0800: 1788351.330: [scrub symbol table, 0.0092192 secs]2019-12-26T09:46:14.620+0800: 1788351.339: [scrub string table, 0.0017090 secs][1 CMS-remark: 830848K(1277952K)] 1359952K(2015232K), 0.1665276 secs] [Times: user=0.54 sys=0.00, real=0.17 secs] 
2019-12-26T09:46:14.624+0800: 1788351.343: [CMS-concurrent-sweep-start]
2019-12-26T09:46:14.920+0800: 1788351.639: [CMS-concurrent-sweep: 0.294/0.296 secs] [Times: user=0.30 sys=0.00, real=0.29 secs] 
2019-12-26T09:46:14.921+0800: 1788351.639: [CMS-concurrent-reset-start]
2019-12-26T09:46:14.924+0800: 1788351.642: [CMS-concurrent-reset: 0.003/0.003 secs] [Times: user=0.01 sys=0.00, real=0.01 secs] 
2019-12-26T09:46:16.924+0800: 1788353.643: [GC (CMS Initial Mark) [1 CMS-initial-mark: 830848K(1277952K)] 1362441K(2015232K), 0.1167738 secs] [Times: user=0.46 sys=0.00, real=0.11 secs] 
2019-12-26T09:46:17.041+0800: 1788353.760: [CMS-concurrent-mark-start]
2019-12-26T09:46:18.473+0800: 1788355.192: [CMS-concurrent-mark: 1.432/1.432 secs] [Times: user=1.44 sys=0.00, real=1.43 secs] 
2019-12-26T09:46:18.473+0800: 1788355.192: [CMS-concurrent-preclean-start]
2019-12-26T09:46:18.478+0800: 1788355.197: [CMS-concurrent-preclean: 0.004/0.005 secs] [Times: user=0.01 sys=0.00, real=0.01 secs] 
2019-12-26T09:46:18.478+0800: 1788355.197: [CMS-concurrent-abortable-preclean-start]
 CMS: abort preclean due to time 2019-12-26T09:46:23.581+0800: 1788360.300: [CMS-concurrent-abortable-preclean: 2.300/5.103 secs] [Times: user=2.36 sys=0.00, real=5.10 secs] 
2019-12-26T09:46:23.583+0800: 1788360.301: [GC (CMS Final Remark) [YG occupancy: 534039 K (737280 K)]2019-12-26T09:46:23.583+0800: 1788360.302: [Rescan (parallel) , 0.1242110 secs]2019-12-26T09:46:23.707+0800: 1788360.426: [weak refs processing, 0.0000664 secs]2019-12-26T09:46:23.707+0800: 1788360.426: [class unloading, 0.0293633 secs]2019-12-26T09:46:23.736+0800: 1788360.455: [scrub symbol table, 0.0095292 secs]2019-12-26T09:46:23.746+0800: 1788360.465: [scrub string table, 0.0016781 secs][1 CMS-remark: 830848K(1277952K)] 1364887K(2015232K), 0.1675259 secs] [Times: user=0.54 sys=0.00, real=0.17 secs] 
2019-12-26T09:46:23.750+0800: 1788360.469: [CMS-concurrent-sweep-start]
2019-12-26T09:46:24.044+0800: 1788360.763: [CMS-concurrent-sweep: 0.293/0.293 secs] [Times: user=0.30 sys=0.00, real=0.29 secs] 
2019-12-26T09:46:24.044+0800: 1788360.763: [CMS-concurrent-reset-start]
2019-12-26T09:46:24.047+0800: 1788360.766: [CMS-concurrent-reset: 0.003/0.003 secs] [Times: user=0.00 sys=0.00, real=0.01 secs] 
2019-12-26T09:46:26.048+0800: 1788362.767: [GC (CMS Initial Mark) [1 CMS-initial-mark: 830848K(1277952K)] 1369013K(2015232K), 0.1184477 secs] [Times: user=0.46 sys=0.00, real=0.12 secs] 
2019-12-26T09:46:26.167+0800: 1788362.886: [CMS-concurrent-mark-start]
2019-12-26T09:46:27.605+0800: 1788364.323: [CMS-concurrent-mark: 1.438/1.438 secs] [Times: user=1.46 sys=0.00, real=1.44 secs] 
2019-12-26T09:46:27.605+0800: 1788364.324: [CMS-concurrent-preclean-start]
2019-12-26T09:46:27.610+0800: 1788364.328: [CMS-concurrent-preclean: 0.004/0.005 secs] [Times: user=0.00 sys=0.00, real=0.00 secs] 
2019-12-26T09:46:27.610+0800: 1788364.328: [CMS-concurrent-abortable-preclean-start]
 CMS: abort preclean due to time 2019-12-26T09:46:32.636+0800: 1788369.355: [CMS-concurrent-abortable-preclean: 2.224/5.027 secs] [Times: user=2.28 sys=0.00, real=5.03 secs] 
2019-12-26T09:46:32.638+0800: 1788369.357: [GC (CMS Final Remark) [YG occupancy: 539474 K (737280 K)]2019-12-26T09:46:32.638+0800: 1788369.357: [Rescan (parallel) , 0.1240382 secs]2019-12-26T09:46:32.762+0800: 1788369.481: [weak refs processing, 0.0000670 secs]2019-12-26T09:46:32.763+0800: 1788369.481: [class unloading, 0.0291634 secs]2019-12-26T09:46:32.792+0800: 1788369.511: [scrub symbol table, 0.0096274 secs]2019-12-26T09:46:32.801+0800: 1788369.520: [scrub string table, 0.0017202 secs][1 CMS-remark: 830848K(1277952K)] 1370322K(2015232K), 0.1672896 secs] [Times: user=0.54 sys=0.00, real=0.17 secs] 
2019-12-26T09:46:32.806+0800: 1788369.525: [CMS-concurrent-sweep-start]
2019-12-26T09:46:33.099+0800: 1788369.818: [CMS-concurrent-sweep: 0.293/0.293 secs] [Times: user=0.30 sys=0.00, real=0.29 secs] 
2019-12-26T09:46:33.099+0800: 1788369.818: [CMS-concurrent-reset-start]
2019-12-26T09:46:33.102+0800: 1788369.821: [CMS-concurrent-reset: 0.003/0.003 secs] [Times: user=0.00 sys=0.00, real=0.00 secs] 
2019-12-26T09:46:35.103+0800: 1788371.822: [GC (CMS Initial Mark) [1 CMS-initial-mark: 830848K(1277952K)] 1371622K(2015232K), 0.1176615 secs] [Times: user=0.47 sys=0.00, real=0.12 secs] 
2019-12-26T09:46:35.221+0800: 1788371.939: [CMS-concurrent-mark-start]
2019-12-26T09:46:36.639+0800: 1788373.358: [CMS-concurrent-mark: 1.418/1.418 secs] [Times: user=1.44 sys=0.00, real=1.42 secs] 
2019-12-26T09:46:36.639+0800: 1788373.358: [CMS-concurrent-preclean-start]
2019-12-26T09:46:36.643+0800: 1788373.362: [CMS-concurrent-preclean: 0.004/0.004 secs] [Times: user=0.00 sys=0.00, real=0.00 secs] 
2019-12-26T09:46:36.643+0800: 1788373.362: [CMS-concurrent-abortable-preclean-start]
 CMS: abort preclean due to time 2019-12-26T09:46:41.800+0800: 1788378.518: [CMS-concurrent-abortable-preclean: 2.311/5.156 secs] [Times: user=2.37 sys=0.00, real=5.16 secs] 
2019-12-26T09:46:41.801+0800: 1788378.520: [GC (CMS Final Remark) [YG occupancy: 541306 K (737280 K)]2019-12-26T09:46:41.801+0800: 1788378.520: [Rescan (parallel) , 0.1245745 secs]2019-12-26T09:46:41.926+0800: 1788378.645: [weak refs processing, 0.0000680 secs]2019-12-26T09:46:41.926+0800: 1788378.645: [class unloading, 0.0289360 secs]2019-12-26T09:46:41.955+0800: 1788378.674: [scrub symbol table, 0.0094265 secs]2019-12-26T09:46:41.965+0800: 1788378.683: [scrub string table, 0.0017136 secs][1 CMS-remark: 830848K(1277952K)] 1372154K(2015232K), 0.1673477 secs] [Times: user=0.54 sys=0.00, real=0.17 secs] 
2019-12-26T09:46:41.969+0800: 1788378.688: [CMS-concurrent-sweep-start]
2019-12-26T09:46:42.261+0800: 1788378.980: [CMS-concurrent-sweep: 0.292/0.292 secs] [Times: user=0.30 sys=0.00, real=0.29 secs] 
2019-12-26T09:46:42.262+0800: 1788378.980: [CMS-concurrent-reset-start]
2019-12-26T09:46:42.265+0800: 1788378.983: [CMS-concurrent-reset: 0.003/0.003 secs] [Times: user=0.00 sys=0.00, real=0.00 secs] 
2019-12-26T09:46:44.266+0800: 1788380.984: [GC (CMS Initial Mark) [1 CMS-initial-mark: 830848K(1277952K)] 1372154K(2015232K), 0.1176594 secs] [Times: user=0.46 sys=0.00, real=0.12 secs] 
2019-12-26T09:46:44.384+0800: 1788381.102: [CMS-concurrent-mark-start]
2019-12-26T09:46:45.783+0800: 1788382.502: [CMS-concurrent-mark: 1.399/1.399 secs] [Times: user=1.41 sys=0.00, real=1.40 secs] 
2019-12-26T09:46:45.783+0800: 1788382.502: [CMS-concurrent-preclean-start]
2019-12-26T09:46:45.787+0800: 1788382.506: [CMS-concurrent-preclean: 0.004/0.004 secs] [Times: user=0.01 sys=0.00, real=0.00 secs] 
2019-12-26T09:46:45.787+0800: 1788382.506: [CMS-concurrent-abortable-preclean-start]
 CMS: abort preclean due to time 2019-12-26T09:46:50.918+0800: 1788387.637: [CMS-concurrent-abortable-preclean: 2.327/5.131 secs] [Times: user=2.39 sys=0.00, real=5.13 secs] 
2019-12-26T09:46:50.920+0800: 1788387.639: [GC (CMS Final Remark) [YG occupancy: 542521 K (737280 K)]2019-12-26T09:46:50.920+0800: 1788387.639: [Rescan (parallel) , 0.1248991 secs]2019-12-26T09:46:51.045+0800: 1788387.764: [weak refs processing, 0.0000648 secs]2019-12-26T09:46:51.045+0800: 1788387.764: [class unloading, 0.0291412 secs]2019-12-26T09:46:51.074+0800: 1788387.793: [scrub symbol table, 0.0095620 secs]2019-12-26T09:46:51.084+0800: 1788387.802: [scrub string table, 0.0016858 secs][1 CMS-remark: 830848K(1277952K)] 1373369K(2015232K), 0.1680012 secs] [Times: user=0.54 sys=0.00, real=0.16 secs] 
2019-12-26T09:46:51.088+0800: 1788387.807: [CMS-concurrent-sweep-start]
2019-12-26T09:46:51.380+0800: 1788388.099: [CMS-concurrent-sweep: 0.292/0.292 secs] [Times: user=0.29 sys=0.00, real=0.30 secs] 
2019-12-26T09:46:51.380+0800: 1788388.099: [CMS-concurrent-reset-start]
2019-12-26T09:46:51.383+0800: 1788388.102: [CMS-concurrent-reset: 0.003/0.003 secs] [Times: user=0.01 sys=0.00, real=0.00 secs] 
2019-12-26T09:46:53.384+0800: 1788390.103: [GC (CMS Initial Mark) [1 CMS-initial-mark: 830848K(1277952K)] 1374219K(2015232K), 0.1179175 secs] [Times: user=0.46 sys=0.00, real=0.12 secs] 
2019-12-26T09:46:53.502+0800: 1788390.221: [CMS-concurrent-mark-start]
2019-12-26T09:46:54.936+0800: 1788391.655: [CMS-concurrent-mark: 1.434/1.434 secs] [Times: user=1.46 sys=0.00, real=1.43 secs] 
2019-12-26T09:46:54.937+0800: 1788391.655: [CMS-concurrent-preclean-start]
2019-12-26T09:46:54.941+0800: 1788391.660: [CMS-concurrent-preclean: 0.004/0.004 secs] [Times: user=0.00 sys=0.00, real=0.01 secs] 
2019-12-26T09:46:54.941+0800: 1788391.660: [CMS-concurrent-abortable-preclean-start]
 CMS: abort preclean due to time 2019-12-26T09:46:59.946+0800: 1788396.665: [CMS-concurrent-abortable-preclean: 2.203/5.005 secs] [Times: user=2.26 sys=0.00, real=5.00 secs] 
2019-12-26T09:46:59.948+0800: 1788396.667: [GC (CMS Final Remark) [YG occupancy: 543949 K (737280 K)]2019-12-26T09:46:59.948+0800: 1788396.667: [Rescan (parallel) , 0.1251099 secs]2019-12-26T09:47:00.073+0800: 1788396.792: [weak refs processing, 0.0000750 secs]2019-12-26T09:47:00.073+0800: 1788396.792: [class unloading, 0.0292580 secs]2019-12-26T09:47:00.103+0800: 1788396.821: [scrub symbol table, 0.0097332 secs]2019-12-26T09:47:00.112+0800: 1788396.831: [scrub string table, 0.0017067 secs][1 CMS-remark: 830848K(1277952K)] 1374798K(2015232K), 0.1685735 secs] [Times: user=0.54 sys=0.00, real=0.17 secs] 
2019-12-26T09:47:00.117+0800: 1788396.836: [CMS-concurrent-sweep-start]
2019-12-26T09:47:00.409+0800: 1788397.128: [CMS-concurrent-sweep: 0.292/0.292 secs] [Times: user=0.30 sys=0.00, real=0.29 secs] 
2019-12-26T09:47:00.409+0800: 1788397.128: [CMS-concurrent-reset-start]
2019-12-26T09:47:00.412+0800: 1788397.131: [CMS-concurrent-reset: 0.003/0.003 secs] [Times: user=0.00 sys=0.00, real=0.01 secs] 
2019-12-26T09:47:02.413+0800: 1788399.132: [GC (CMS Initial Mark) [1 CMS-initial-mark: 830848K(1277952K)] 1374815K(2015232K), 0.1194064 secs] [Times: user=0.47 sys=0.00, real=0.12 secs] 
2019-12-26T09:47:02.533+0800: 1788399.252: [CMS-concurrent-mark-start]
2019-12-26T09:47:03.950+0800: 1788400.669: [CMS-concurrent-mark: 1.417/1.417 secs] [Times: user=1.43 sys=0.00, real=1.41 secs] 
2019-12-26T09:47:03.950+0800: 1788400.669: [CMS-concurrent-preclean-start]
2019-12-26T09:47:03.954+0800: 1788400.673: [CMS-concurrent-preclean: 0.004/0.004 secs] [Times: user=0.01 sys=0.00, real=0.01 secs] 
2019-12-26T09:47:03.954+0800: 1788400.673: [CMS-concurrent-abortable-preclean-start]
 CMS: abort preclean due to time 2019-12-26T09:47:09.065+0800: 1788405.784: [CMS-concurrent-abortable-preclean: 2.279/5.111 secs] [Times: user=2.33 sys=0.00, real=5.11 secs] 
2019-12-26T09:47:09.067+0800: 1788405.786: [GC (CMS Final Remark) [YG occupancy: 544065 K (737280 K)]2019-12-26T09:47:09.067+0800: 1788405.786: [Rescan (parallel) , 0.1273540 secs]2019-12-26T09:47:09.194+0800: 1788405.913: [weak refs processing, 0.0000660 secs]2019-12-26T09:47:09.194+0800: 1788405.913: [class unloading, 0.0290809 secs]2019-12-26T09:47:09.224+0800: 1788405.942: [scrub symbol table, 0.0090854 secs]2019-12-26T09:47:09.233+0800: 1788405.952: [scrub string table, 0.0017291 secs][1 CMS-remark: 830848K(1277952K)] 1374913K(2015232K), 0.1699825 secs] [Times: user=0.54 sys=0.00, real=0.17 secs] 
2019-12-26T09:47:09.237+0800: 1788405.956: [CMS-concurrent-sweep-start]
2019-12-26T09:47:09.534+0800: 1788406.253: [CMS-concurrent-sweep: 0.297/0.297 secs] [Times: user=0.30 sys=0.00, real=0.30 secs] 
2019-12-26T09:47:09.534+0800: 1788406.253: [CMS-concurrent-reset-start]
2019-12-26T09:47:09.537+0800: 1788406.256: [CMS-concurrent-reset: 0.003/0.003 secs] [Times: user=0.01 sys=0.00, real=0.00 secs] 
2019-12-26T09:47:11.538+0800: 1788408.257: [GC (CMS Initial Mark) [1 CMS-initial-mark: 830848K(1277952K)] 1374924K(2015232K), 0.1224172 secs] [Times: user=0.47 sys=0.00, real=0.12 secs] 
2019-12-26T09:47:11.661+0800: 1788408.380: [CMS-concurrent-mark-start]
2019-12-26T09:47:13.076+0800: 1788409.795: [CMS-concurrent-mark: 1.415/1.415 secs] [Times: user=1.43 sys=0.00, real=1.42 secs] 
2019-12-26T09:47:13.077+0800: 1788409.795: [CMS-concurrent-preclean-start]
2019-12-26T09:47:13.080+0800: 1788409.799: [CMS-concurrent-preclean: 0.004/0.004 secs] [Times: user=0.00 sys=0.00, real=0.00 secs] 
2019-12-26T09:47:13.080+0800: 1788409.799: [CMS-concurrent-abortable-preclean-start]
 CMS: abort preclean due to time 2019-12-26T09:47:23.570+0800: 1788420.289: [CMS-concurrent-abortable-preclean: 0.317/10.489 secs] [Times: user=10.35 sys=0.00, real=10.49 secs] 
2019-12-26T09:47:23.572+0800: 1788420.290: [GC (CMS Final Remark) [YG occupancy: 557706 K (737280 K)]2019-12-26T09:47:23.572+0800: 1788420.291: [Rescan (parallel) , 0.1274300 secs]2019-12-26T09:47:23.699+0800: 1788420.418: [weak refs processing, 0.0000648 secs]2019-12-26T09:47:23.699+0800: 1788420.418: [class unloading, 0.0290578 secs]2019-12-26T09:47:23.728+0800: 1788420.447: [scrub symbol table, 0.0094504 secs]2019-12-26T09:47:23.738+0800: 1788420.457: [scrub string table, 0.0017006 secs][1 CMS-remark: 830848K(1277952K)] 1388555K(2015232K), 0.1703148 secs] [Times: user=0.55 sys=0.00, real=0.17 secs] 
2019-12-26T09:47:23.742+0800: 1788420.461: [CMS-concurrent-sweep-start]
2019-12-26T09:47:24.038+0800: 1788420.757: [CMS-concurrent-sweep: 0.296/0.296 secs] [Times: user=0.30 sys=0.00, real=0.30 secs] 
2019-12-26T09:47:24.039+0800: 1788420.757: [CMS-concurrent-reset-start]
2019-12-26T09:47:24.042+0800: 1788420.760: [CMS-concurrent-reset: 0.003/0.003 secs] [Times: user=0.00 sys=0.00, real=0.00 secs] 
2019-12-26T09:47:26.042+0800: 1788422.761: [GC (CMS Initial Mark) [1 CMS-initial-mark: 830848K(1277952K)] 1389196K(2015232K), 0.1184377 secs] [Times: user=0.47 sys=0.00, real=0.12 secs] 
2019-12-26T09:47:26.161+0800: 1788422.880: [CMS-concurrent-mark-start]
2019-12-26T09:47:27.624+0800: 1788424.343: [CMS-concurrent-mark: 1.459/1.463 secs] [Times: user=1.50 sys=0.00, real=1.47 secs] 
2019-12-26T09:47:27.625+0800: 1788424.343: [CMS-concurrent-preclean-start]
2019-12-26T09:47:27.629+0800: 1788424.348: [CMS-concurrent-preclean: 0.004/0.004 secs] [Times: user=0.01 sys=0.00, real=0.00 secs] 
2019-12-26T09:47:27.629+0800: 1788424.348: [CMS-concurrent-abortable-preclean-start]
 CMS: abort preclean due to time 2019-12-26T09:47:32.738+0800: 1788429.456: [CMS-concurrent-abortable-preclean: 2.306/5.109 secs] [Times: user=2.36 sys=0.00, real=5.11 secs] 
2019-12-26T09:47:32.739+0800: 1788429.458: [GC (CMS Final Remark) [YG occupancy: 561483 K (737280 K)]2019-12-26T09:47:32.740+0800: 1788429.458: [Rescan (parallel) , 0.1325170 secs]2019-12-26T09:47:32.872+0800: 1788429.591: [weak refs processing, 0.0000716 secs]2019-12-26T09:47:32.872+0800: 1788429.591: [class unloading, 0.0292788 secs]2019-12-26T09:47:32.902+0800: 1788429.620: [scrub symbol table, 0.0102471 secs]2019-12-26T09:47:32.912+0800: 1788429.631: [scrub string table, 0.0022755 secs][1 CMS-remark: 830848K(1277952K)] 1392332K(2015232K), 0.1770770 secs] [Times: user=0.55 sys=0.00, real=0.18 secs] 
2019-12-26T09:47:32.917+0800: 1788429.636: [CMS-concurrent-sweep-start]
2019-12-26T09:47:33.216+0800: 1788429.935: [CMS-concurrent-sweep: 0.299/0.299 secs] [Times: user=0.31 sys=0.00, real=0.30 secs] 
2019-12-26T09:47:33.216+0800: 1788429.935: [CMS-concurrent-reset-start]
2019-12-26T09:47:33.220+0800: 1788429.938: [CMS-concurrent-reset: 0.003/0.003 secs] [Times: user=0.00 sys=0.00, real=0.00 secs] 
2019-12-26T09:47:35.220+0800: 1788431.939: [GC (CMS Initial Mark) [1 CMS-initial-mark: 830848K(1277952K)] 1392417K(2015232K), 0.1190138 secs] [Times: user=0.47 sys=0.00, real=0.12 secs] 
2019-12-26T09:47:35.340+0800: 1788432.058: [CMS-concurrent-mark-start]
2019-12-26T09:47:36.760+0800: 1788433.478: [CMS-concurrent-mark: 1.420/1.420 secs] [Times: user=1.44 sys=0.00, real=1.42 secs] 
2019-12-26T09:47:36.760+0800: 1788433.479: [CMS-concurrent-preclean-start]
2019-12-26T09:47:36.764+0800: 1788433.482: [CMS-concurrent-preclean: 0.004/0.004 secs] [Times: user=0.00 sys=0.00, real=0.00 secs] 
2019-12-26T09:47:36.764+0800: 1788433.483: [CMS-concurrent-abortable-preclean-start]
 CMS: abort preclean due to time 2019-12-26T09:47:41.776+0800: 1788438.495: [CMS-concurrent-abortable-preclean: 2.216/5.012 secs] [Times: user=2.28 sys=0.00, real=5.02 secs] 
2019-12-26T09:47:41.778+0800: 1788438.497: [GC (CMS Final Remark) [YG occupancy: 561807 K (737280 K)]2019-12-26T09:47:41.778+0800: 1788438.497: [Rescan (parallel) , 0.1273701 secs]2019-12-26T09:47:41.905+0800: 1788438.624: [weak refs processing, 0.0000672 secs]2019-12-26T09:47:41.905+0800: 1788438.624: [class unloading, 0.0290179 secs]2019-12-26T09:47:41.934+0800: 1788438.653: [scrub symbol table, 0.0089910 secs]2019-12-26T09:47:41.943+0800: 1788438.662: [scrub string table, 0.0016840 secs][1 CMS-remark: 830848K(1277952K)] 1392655K(2015232K), 0.1697470 secs] [Times: user=0.55 sys=0.00, real=0.17 secs] 
2019-12-26T09:47:41.948+0800: 1788438.667: [CMS-concurrent-sweep-start]
2019-12-26T09:47:42.241+0800: 1788438.959: [CMS-concurrent-sweep: 0.293/0.293 secs] [Times: user=0.29 sys=0.00, real=0.29 secs] 
2019-12-26T09:47:42.241+0800: 1788438.959: [CMS-concurrent-reset-start]
2019-12-26T09:47:42.244+0800: 1788438.963: [CMS-concurrent-reset: 0.003/0.003 secs] [Times: user=0.01 sys=0.00, real=0.00 secs] 
2019-12-26T09:47:44.245+0800: 1788440.964: [GC (CMS Initial Mark) [1 CMS-initial-mark: 830848K(1277952K)] 1393713K(2015232K), 0.1187631 secs] [Times: user=0.47 sys=0.00, real=0.12 secs] 
2019-12-26T09:47:44.364+0800: 1788441.083: [CMS-concurrent-mark-start]
2019-12-26T09:47:45.780+0800: 1788442.499: [CMS-concurrent-mark: 1.415/1.415 secs] [Times: user=1.44 sys=0.00, real=1.42 secs] 
2019-12-26T09:47:45.780+0800: 1788442.499: [CMS-concurrent-preclean-start]
2019-12-26T09:47:45.784+0800: 1788442.503: [CMS-concurrent-preclean: 0.004/0.004 secs] [Times: user=0.00 sys=0.00, real=0.00 secs] 
2019-12-26T09:47:45.784+0800: 1788442.503: [CMS-concurrent-abortable-preclean-start]
 CMS: abort preclean due to time 2019-12-26T09:47:50.804+0800: 1788447.523: [CMS-concurrent-abortable-preclean: 2.306/5.020 secs] [Times: user=2.37 sys=0.00, real=5.02 secs] 
2019-12-26T09:47:50.806+0800: 1788447.525: [GC (CMS Final Remark) [YG occupancy: 565042 K (737280 K)]2019-12-26T09:47:50.806+0800: 1788447.525: [Rescan (parallel) , 0.1270430 secs]2019-12-26T09:47:50.933+0800: 1788447.652: [weak refs processing, 0.0000734 secs]2019-12-26T09:47:50.933+0800: 1788447.652: [class unloading, 0.0294233 secs]2019-12-26T09:47:50.963+0800: 1788447.682: [scrub symbol table, 0.0092342 secs]2019-12-26T09:47:50.972+0800: 1788447.691: [scrub string table, 0.0016970 secs][1 CMS-remark: 830848K(1277952K)] 1395890K(2015232K), 0.1700954 secs] [Times: user=0.55 sys=0.00, real=0.17 secs] 
2019-12-26T09:47:50.976+0800: 1788447.695: [CMS-concurrent-sweep-start]
2019-12-26T09:47:51.269+0800: 1788447.988: [CMS-concurrent-sweep: 0.293/0.293 secs] [Times: user=0.30 sys=0.00, real=0.30 secs] 
2019-12-26T09:47:51.269+0800: 1788447.988: [CMS-concurrent-reset-start]
2019-12-26T09:47:51.273+0800: 1788447.991: [CMS-concurrent-reset: 0.003/0.003 secs] [Times: user=0.00 sys=0.00, real=0.00 secs] 
2019-12-26T09:47:53.273+0800: 1788449.992: [GC (CMS Initial Mark) [1 CMS-initial-mark: 830848K(1277952K)] 1396999K(2015232K), 0.1194046 secs] [Times: user=0.47 sys=0.00, real=0.12 secs] 
2019-12-26T09:47:53.393+0800: 1788450.112: [CMS-concurrent-mark-start]
2019-12-26T09:47:54.803+0800: 1788451.522: [CMS-concurrent-mark: 1.410/1.410 secs] [Times: user=1.43 sys=0.00, real=1.41 secs] 
2019-12-26T09:47:54.803+0800: 1788451.522: [CMS-concurrent-preclean-start]
2019-12-26T09:47:54.807+0800: 1788451.526: [CMS-concurrent-preclean: 0.004/0.004 secs] [Times: user=0.00 sys=0.00, real=0.01 secs] 
2019-12-26T09:47:54.807+0800: 1788451.526: [CMS-concurrent-abortable-preclean-start]
 CMS: abort preclean due to time 2019-12-26T09:47:59.878+0800: 1788456.597: [CMS-concurrent-abortable-preclean: 2.268/5.071 secs] [Times: user=2.32 sys=0.00, real=5.07 secs] 
2019-12-26T09:47:59.880+0800: 1788456.599: [GC (CMS Final Remark) [YG occupancy: 567179 K (737280 K)]2019-12-26T09:47:59.880+0800: 1788456.599: [Rescan (parallel) , 0.1271812 secs]2019-12-26T09:48:00.007+0800: 1788456.726: [weak refs processing, 0.0000671 secs]2019-12-26T09:48:00.007+0800: 1788456.726: [class unloading, 0.0291435 secs]2019-12-26T09:48:00.037+0800: 1788456.756: [scrub symbol table, 0.0090406 secs]2019-12-26T09:48:00.046+0800: 1788456.765: [scrub string table, 0.0016904 secs][1 CMS-remark: 830848K(1277952K)] 1398027K(2015232K), 0.1697629 secs] [Times: user=0.55 sys=0.00, real=0.17 secs] 
2019-12-26T09:48:00.050+0800: 1788456.769: [CMS-concurrent-sweep-start]
2019-12-26T09:48:00.342+0800: 1788457.061: [CMS-concurrent-sweep: 0.292/0.292 secs] [Times: user=0.30 sys=0.00, real=0.29 secs] 
2019-12-26T09:48:00.342+0800: 1788457.061: [CMS-concurrent-reset-start]
2019-12-26T09:48:00.345+0800: 1788457.064: [CMS-concurrent-reset: 0.003/0.003 secs] [Times: user=0.00 sys=0.00, real=0.00 secs] 
2019-12-26T09:48:02.346+0800: 1788459.065: [GC (CMS Initial Mark) [1 CMS-initial-mark: 830848K(1277952K)] 1398065K(2015232K), 0.1209450 secs] [Times: user=0.48 sys=0.00, real=0.12 secs] 
2019-12-26T09:48:02.467+0800: 1788459.186: [CMS-concurrent-mark-start]
2019-12-26T09:48:03.886+0800: 1788460.605: [CMS-concurrent-mark: 1.419/1.419 secs] [Times: user=1.44 sys=0.00, real=1.42 secs] 
2019-12-26T09:48:03.887+0800: 1788460.605: [CMS-concurrent-preclean-start]
2019-12-26T09:48:03.890+0800: 1788460.609: [CMS-concurrent-preclean: 0.004/0.004 secs] [Times: user=0.00 sys=0.00, real=0.01 secs] 
2019-12-26T09:48:03.890+0800: 1788460.609: [CMS-concurrent-abortable-preclean-start]
 CMS: abort preclean due to time 2019-12-26T09:48:08.908+0800: 1788465.627: [CMS-concurrent-abortable-preclean: 2.310/5.018 secs] [Times: user=2.37 sys=0.00, real=5.01 secs] 
2019-12-26T09:48:08.910+0800: 1788465.629: [GC (CMS Final Remark) [YG occupancy: 567486 K (737280 K)]2019-12-26T09:48:08.910+0800: 1788465.629: [Rescan (parallel) , 0.1273406 secs]2019-12-26T09:48:09.038+0800: 1788465.756: [weak refs processing, 0.0000663 secs]2019-12-26T09:48:09.038+0800: 1788465.756: [class unloading, 0.0292648 secs]2019-12-26T09:48:09.067+0800: 1788465.786: [scrub symbol table, 0.0093597 secs]2019-12-26T09:48:09.076+0800: 1788465.795: [scrub string table, 0.0017014 secs][1 CMS-remark: 830848K(1277952K)] 1398334K(2015232K), 0.1704907 secs] [Times: user=0.55 sys=0.00, real=0.17 secs] 
2019-12-26T09:48:09.081+0800: 1788465.800: [CMS-concurrent-sweep-start]
2019-12-26T09:48:09.378+0800: 1788466.097: [CMS-concurrent-sweep: 0.297/0.297 secs] [Times: user=0.30 sys=0.00, real=0.29 secs] 
2019-12-26T09:48:09.378+0800: 1788466.097: [CMS-concurrent-reset-start]
2019-12-26T09:48:09.381+0800: 1788466.100: [CMS-concurrent-reset: 0.003/0.003 secs] [Times: user=0.01 sys=0.00, real=0.01 secs] 
2019-12-26T09:48:11.382+0800: 1788468.101: [GC (CMS Initial Mark) [1 CMS-initial-mark: 830848K(1277952K)] 1398654K(2015232K), 0.1202818 secs] [Times: user=0.48 sys=0.00, real=0.12 secs] 
2019-12-26T09:48:11.503+0800: 1788468.222: [CMS-concurrent-mark-start]
2019-12-26T09:48:12.907+0800: 1788469.625: [CMS-concurrent-mark: 1.404/1.404 secs] [Times: user=1.42 sys=0.00, real=1.40 secs] 
2019-12-26T09:48:12.907+0800: 1788469.625: [CMS-concurrent-preclean-start]
2019-12-26T09:48:12.911+0800: 1788469.629: [CMS-concurrent-preclean: 0.004/0.004 secs] [Times: user=0.00 sys=0.00, real=0.00 secs] 
2019-12-26T09:48:12.911+0800: 1788469.629: [CMS-concurrent-abortable-preclean-start]
 CMS: abort preclean due to time 2019-12-26T09:48:18.007+0800: 1788474.726: [CMS-concurrent-abortable-preclean: 2.294/5.096 secs] [Times: user=2.35 sys=0.00, real=5.10 secs] 
2019-12-26T09:48:18.009+0800: 1788474.728: [GC (CMS Final Remark) [YG occupancy: 568373 K (737280 K)]2019-12-26T09:48:18.009+0800: 1788474.728: [Rescan (parallel) , 0.1279557 secs]2019-12-26T09:48:18.137+0800: 1788474.856: [weak refs processing, 0.0000646 secs]2019-12-26T09:48:18.137+0800: 1788474.856: [class unloading, 0.0289132 secs]2019-12-26T09:48:18.166+0800: 1788474.885: [scrub symbol table, 0.0094508 secs]2019-12-26T09:48:18.175+0800: 1788474.894: [scrub string table, 0.0016991 secs][1 CMS-remark: 830848K(1277952K)] 1399221K(2015232K), 0.1707535 secs] [Times: user=0.56 sys=0.00, real=0.17 secs] 
2019-12-26T09:48:18.180+0800: 1788474.899: [CMS-concurrent-sweep-start]
2019-12-26T09:48:18.477+0800: 1788475.196: [CMS-concurrent-sweep: 0.298/0.298 secs] [Times: user=0.30 sys=0.00, real=0.30 secs] 
2019-12-26T09:48:18.478+0800: 1788475.196: [CMS-concurrent-reset-start]
2019-12-26T09:48:18.481+0800: 1788475.200: [CMS-concurrent-reset: 0.003/0.003 secs] [Times: user=0.00 sys=0.00, real=0.00 secs] 
2019-12-26T09:48:20.482+0800: 1788477.200: [GC (CMS Initial Mark) [1 CMS-initial-mark: 830848K(1277952K)] 1399221K(2015232K), 0.1197944 secs] [Times: user=0.48 sys=0.00, real=0.12 secs] 
2019-12-26T09:48:20.602+0800: 1788477.320: [CMS-concurrent-mark-start]
2019-12-26T09:48:22.028+0800: 1788478.747: [CMS-concurrent-mark: 1.427/1.427 secs] [Times: user=1.44 sys=0.00, real=1.42 secs] 
2019-12-26T09:48:22.028+0800: 1788478.747: [CMS-concurrent-preclean-start]
2019-12-26T09:48:22.032+0800: 1788478.751: [CMS-concurrent-preclean: 0.004/0.004 secs] [Times: user=0.00 sys=0.00, real=0.01 secs] 
2019-12-26T09:48:22.032+0800: 1788478.751: [CMS-concurrent-abortable-preclean-start]
 CMS: abort preclean due to time 2019-12-26T09:48:27.068+0800: 1788483.787: [CMS-concurrent-abortable-preclean: 2.233/5.036 secs] [Times: user=2.29 sys=0.00, real=5.03 secs] 
2019-12-26T09:48:27.070+0800: 1788483.789: [GC (CMS Final Remark) [YG occupancy: 569537 K (737280 K)]2019-12-26T09:48:27.070+0800: 1788483.789: [Rescan (parallel) , 0.1291658 secs]2019-12-26T09:48:27.199+0800: 1788483.918: [weak refs processing, 0.0000650 secs]2019-12-26T09:48:27.199+0800: 1788483.918: [class unloading, 0.0293119 secs]2019-12-26T09:48:27.229+0800: 1788483.947: [scrub symbol table, 0.0098920 secs]2019-12-26T09:48:27.238+0800: 1788483.957: [scrub string table, 0.0017152 secs][1 CMS-remark: 830848K(1277952K)] 1400385K(2015232K), 0.1729152 secs] [Times: user=0.56 sys=0.00, real=0.18 secs] 
2019-12-26T09:48:27.243+0800: 1788483.962: [CMS-concurrent-sweep-start]
2019-12-26T09:48:27.540+0800: 1788484.258: [CMS-concurrent-sweep: 0.297/0.297 secs] [Times: user=0.31 sys=0.00, real=0.29 secs] 
2019-12-26T09:48:27.540+0800: 1788484.259: [CMS-concurrent-reset-start]
2019-12-26T09:48:27.543+0800: 1788484.262: [CMS-concurrent-reset: 0.003/0.003 secs] [Times: user=0.00 sys=0.00, real=0.01 secs] 
2019-12-26T09:48:29.545+0800: 1788486.263: [GC (CMS Initial Mark) [1 CMS-initial-mark: 830848K(1277952K)] 1402422K(2015232K), 0.1207995 secs] [Times: user=0.48 sys=0.00, real=0.12 secs] 
2019-12-26T09:48:29.666+0800: 1788486.384: [CMS-concurrent-mark-start]
2019-12-26T09:48:31.087+0800: 1788487.805: [CMS-concurrent-mark: 1.421/1.421 secs] [Times: user=1.44 sys=0.00, real=1.42 secs] 
2019-12-26T09:48:31.087+0800: 1788487.806: [CMS-concurrent-preclean-start]
2019-12-26T09:48:31.091+0800: 1788487.810: [CMS-concurrent-preclean: 0.004/0.004 secs] [Times: user=0.01 sys=0.00, real=0.00 secs] 
2019-12-26T09:48:31.091+0800: 1788487.810: [CMS-concurrent-abortable-preclean-start]
 CMS: abort preclean due to time 2019-12-26T09:48:36.108+0800: 1788492.827: [CMS-concurrent-abortable-preclean: 2.215/5.017 secs] [Times: user=2.27 sys=0.00, real=5.02 secs] 
2019-12-26T09:48:36.110+0800: 1788492.829: [GC (CMS Final Remark) [YG occupancy: 573938 K (737280 K)]2019-12-26T09:48:36.110+0800: 1788492.829: [Rescan (parallel) , 0.1295112 secs]2019-12-26T09:48:36.240+0800: 1788492.959: [weak refs processing, 0.0000643 secs]2019-12-26T09:48:36.240+0800: 1788492.959: [class unloading, 0.0292074 secs]2019-12-26T09:48:36.269+0800: 1788492.988: [scrub symbol table, 0.0091743 secs]2019-12-26T09:48:36.278+0800: 1788492.997: [scrub string table, 0.0017127 secs][1 CMS-remark: 830848K(1277952K)] 1404786K(2015232K), 0.1723457 secs] [Times: user=0.56 sys=0.00, real=0.17 secs] 
2019-12-26T09:48:36.283+0800: 1788493.002: [CMS-concurrent-sweep-start]
2019-12-26T09:48:36.575+0800: 1788493.294: [CMS-concurrent-sweep: 0.292/0.292 secs] [Times: user=0.29 sys=0.00, real=0.30 secs] 
2019-12-26T09:48:36.575+0800: 1788493.294: [CMS-concurrent-reset-start]
2019-12-26T09:48:36.578+0800: 1788493.297: [CMS-concurrent-reset: 0.003/0.003 secs] [Times: user=0.00 sys=0.00, real=0.00 secs] 
2019-12-26T09:48:38.580+0800: 1788495.298: [GC (CMS Initial Mark) [1 CMS-initial-mark: 830848K(1277952K)] 1405255K(2015232K), 0.1212792 secs] [Times: user=0.48 sys=0.00, real=0.12 secs] 
2019-12-26T09:48:38.701+0800: 1788495.420: [CMS-concurrent-mark-start]
2019-12-26T09:48:40.110+0800: 1788496.828: [CMS-concurrent-mark: 1.408/1.408 secs] [Times: user=1.43 sys=0.00, real=1.41 secs] 
2019-12-26T09:48:40.110+0800: 1788496.829: [CMS-concurrent-preclean-start]
2019-12-26T09:48:40.114+0800: 1788496.832: [CMS-concurrent-preclean: 0.004/0.004 secs] [Times: user=0.00 sys=0.00, real=0.00 secs] 
2019-12-26T09:48:40.114+0800: 1788496.833: [CMS-concurrent-abortable-preclean-start]
 CMS: abort preclean due to time 2019-12-26T09:48:45.135+0800: 1788501.854: [CMS-concurrent-abortable-preclean: 2.218/5.022 secs] [Times: user=2.27 sys=0.00, real=5.02 secs] 
2019-12-26T09:48:45.137+0800: 1788501.856: [GC (CMS Final Remark) [YG occupancy: 574606 K (737280 K)]2019-12-26T09:48:45.137+0800: 1788501.856: [Rescan (parallel) , 0.1287352 secs]2019-12-26T09:48:45.266+0800: 1788501.985: [weak refs processing, 0.0000639 secs]2019-12-26T09:48:45.266+0800: 1788501.985: [class unloading, 0.0291552 secs]2019-12-26T09:48:45.295+0800: 1788502.014: [scrub symbol table, 0.0094636 secs]2019-12-26T09:48:45.305+0800: 1788502.024: [scrub string table, 0.0016697 secs][1 CMS-remark: 830848K(1277952K)] 1405454K(2015232K), 0.1717329 secs] [Times: user=0.55 sys=0.00, real=0.17 secs] 
2019-12-26T09:48:45.309+0800: 1788502.028: [CMS-concurrent-sweep-start]
2019-12-26T09:48:45.602+0800: 1788502.321: [CMS-concurrent-sweep: 0.293/0.293 secs] [Times: user=0.30 sys=0.00, real=0.29 secs] 
2019-12-26T09:48:45.602+0800: 1788502.321: [CMS-concurrent-reset-start]
2019-12-26T09:48:45.605+0800: 1788502.324: [CMS-concurrent-reset: 0.003/0.003 secs] [Times: user=0.00 sys=0.00, real=0.00 secs] 
2019-12-26T09:48:47.607+0800: 1788504.326: [GC (CMS Initial Mark) [1 CMS-initial-mark: 830848K(1277952K)] 1405841K(2015232K), 0.1215762 secs] [Times: user=0.48 sys=0.00, real=0.12 secs] 
2019-12-26T09:48:47.729+0800: 1788504.448: [CMS-concurrent-mark-start]
2019-12-26T09:48:49.137+0800: 1788505.856: [CMS-concurrent-mark: 1.408/1.408 secs] [Times: user=1.44 sys=0.00, real=1.41 secs] 
2019-12-26T09:48:49.137+0800: 1788505.856: [CMS-concurrent-preclean-start]
2019-12-26T09:48:49.141+0800: 1788505.860: [CMS-concurrent-preclean: 0.004/0.004 secs] [Times: user=0.00 sys=0.00, real=0.00 secs] 
2019-12-26T09:48:49.141+0800: 1788505.860: [CMS-concurrent-abortable-preclean-start]
 CMS: abort preclean due to time 2019-12-26T09:48:54.190+0800: 1788510.909: [CMS-concurrent-abortable-preclean: 2.246/5.049 secs] [Times: user=2.30 sys=0.00, real=5.05 secs] 
2019-12-26T09:48:54.192+0800: 1788510.911: [GC (CMS Final Remark) [YG occupancy: 577194 K (737280 K)]2019-12-26T09:48:54.192+0800: 1788510.911: [Rescan (parallel) , 0.1407075 secs]2019-12-26T09:48:54.333+0800: 1788511.052: [weak refs processing, 0.0000627 secs]2019-12-26T09:48:54.333+0800: 1788511.052: [class unloading, 0.0297588 secs]2019-12-26T09:48:54.363+0800: 1788511.082: [scrub symbol table, 0.0096212 secs]2019-12-26T09:48:54.373+0800: 1788511.091: [scrub string table, 0.0016945 secs][1 CMS-remark: 830848K(1277952K)] 1408042K(2015232K), 0.1845199 secs] [Times: user=0.58 sys=0.00, real=0.19 secs] 
2019-12-26T09:48:54.377+0800: 1788511.096: [CMS-concurrent-sweep-start]
2019-12-26T09:48:54.670+0800: 1788511.388: [CMS-concurrent-sweep: 0.292/0.292 secs] [Times: user=0.29 sys=0.00, real=0.29 secs] 
2019-12-26T09:48:54.670+0800: 1788511.389: [CMS-concurrent-reset-start]
2019-12-26T09:48:54.673+0800: 1788511.392: [CMS-concurrent-reset: 0.003/0.003 secs] [Times: user=0.00 sys=0.00, real=0.00 secs] 
2019-12-26T09:48:56.673+0800: 1788513.392: [GC (CMS Initial Mark) [1 CMS-initial-mark: 830848K(1277952K)] 1408042K(2015232K), 0.1221057 secs] [Times: user=0.48 sys=0.00, real=0.12 secs] 
2019-12-26T09:48:56.796+0800: 1788513.515: [CMS-concurrent-mark-start]
2019-12-26T09:48:58.211+0800: 1788514.929: [CMS-concurrent-mark: 1.415/1.415 secs] [Times: user=1.43 sys=0.00, real=1.42 secs] 
2019-12-26T09:48:58.211+0800: 1788514.930: [CMS-concurrent-preclean-start]
2019-12-26T09:48:58.215+0800: 1788514.933: [CMS-concurrent-preclean: 0.004/0.004 secs] [Times: user=0.00 sys=0.00, real=0.00 secs] 
2019-12-26T09:48:58.215+0800: 1788514.933: [CMS-concurrent-abortable-preclean-start]
 CMS: abort preclean due to time 2019-12-26T09:49:03.235+0800: 1788519.954: [CMS-concurrent-abortable-preclean: 2.218/5.021 secs] [Times: user=2.27 sys=0.00, real=5.02 secs] 
2019-12-26T09:49:03.237+0800: 1788519.956: [GC (CMS Final Remark) [YG occupancy: 577309 K (737280 K)]2019-12-26T09:49:03.237+0800: 1788519.956: [Rescan (parallel) , 0.1313624 secs]2019-12-26T09:49:03.369+0800: 1788520.087: [weak refs processing, 0.0000717 secs]2019-12-26T09:49:03.369+0800: 1788520.088: [class unloading, 0.0306778 secs]2019-12-26T09:49:03.399+0800: 1788520.118: [scrub symbol table, 0.0093291 secs]2019-12-26T09:49:03.409+0800: 1788520.128: [scrub string table, 0.0017342 secs][1 CMS-remark: 830848K(1277952K)] 1408157K(2015232K), 0.1759000 secs] [Times: user=0.57 sys=0.00, real=0.18 secs] 
2019-12-26T09:49:03.413+0800: 1788520.132: [CMS-concurrent-sweep-start]
2019-12-26T09:49:03.707+0800: 1788520.426: [CMS-concurrent-sweep: 0.294/0.294 secs] [Times: user=0.30 sys=0.00, real=0.29 secs] 
2019-12-26T09:49:03.707+0800: 1788520.426: [CMS-concurrent-reset-start]
2019-12-26T09:49:03.710+0800: 1788520.429: [CMS-concurrent-reset: 0.003/0.003 secs] [Times: user=0.00 sys=0.00, real=0.01 secs] 
2019-12-26T09:49:05.711+0800: 1788522.430: [GC (CMS Initial Mark) [1 CMS-initial-mark: 830848K(1277952K)] 1408771K(2015232K), 0.1217421 secs] [Times: user=0.48 sys=0.00, real=0.12 secs] 
2019-12-26T09:49:05.835+0800: 1788522.554: [CMS-concurrent-mark-start]
2019-12-26T09:49:07.242+0800: 1788523.961: [CMS-concurrent-mark: 1.407/1.407 secs] [Times: user=1.43 sys=0.00, real=1.41 secs] 
2019-12-26T09:49:07.242+0800: 1788523.961: [CMS-concurrent-preclean-start]
2019-12-26T09:49:07.246+0800: 1788523.965: [CMS-concurrent-preclean: 0.004/0.004 secs] [Times: user=0.00 sys=0.00, real=0.00 secs] 
2019-12-26T09:49:07.246+0800: 1788523.965: [CMS-concurrent-abortable-preclean-start]
 CMS: abort preclean due to time 2019-12-26T09:49:12.249+0800: 1788528.968: [CMS-concurrent-abortable-preclean: 2.214/5.003 secs] [Times: user=2.28 sys=0.00, real=5.00 secs] 
2019-12-26T09:49:12.251+0800: 1788528.970: [GC (CMS Final Remark) [YG occupancy: 578283 K (737280 K)]2019-12-26T09:49:12.251+0800: 1788528.970: [Rescan (parallel) , 0.1299272 secs]2019-12-26T09:49:12.381+0800: 1788529.100: [weak refs processing, 0.0000665 secs]2019-12-26T09:49:12.381+0800: 1788529.100: [class unloading, 0.0295428 secs]2019-12-26T09:49:12.411+0800: 1788529.130: [scrub symbol table, 0.0094934 secs]2019-12-26T09:49:12.420+0800: 1788529.139: [scrub string table, 0.0017268 secs][1 CMS-remark: 830848K(1277952K)] 1409131K(2015232K), 0.1735276 secs] [Times: user=0.56 sys=0.00, real=0.17 secs] 
2019-12-26T09:49:12.425+0800: 1788529.144: [CMS-concurrent-sweep-start]
2019-12-26T09:49:12.717+0800: 1788529.436: [CMS-concurrent-sweep: 0.292/0.292 secs] [Times: user=0.30 sys=0.00, real=0.29 secs] 
2019-12-26T09:49:12.717+0800: 1788529.436: [CMS-concurrent-reset-start]
2019-12-26T09:49:12.720+0800: 1788529.439: [CMS-concurrent-reset: 0.003/0.003 secs] [Times: user=0.00 sys=0.00, real=0.01 secs] 
2019-12-26T09:49:14.721+0800: 1788531.440: [GC (CMS Initial Mark) [1 CMS-initial-mark: 830848K(1277952K)] 1409131K(2015232K), 0.1224401 secs] [Times: user=0.49 sys=0.00, real=0.12 secs] 
2019-12-26T09:49:14.844+0800: 1788531.563: [CMS-concurrent-mark-start]
2019-12-26T09:49:16.251+0800: 1788532.970: [CMS-concurrent-mark: 1.407/1.407 secs] [Times: user=1.42 sys=0.00, real=1.41 secs] 
2019-12-26T09:49:16.251+0800: 1788532.970: [CMS-concurrent-preclean-start]
2019-12-26T09:49:16.255+0800: 1788532.974: [CMS-concurrent-preclean: 0.004/0.004 secs] [Times: user=0.00 sys=0.00, real=0.00 secs] 
2019-12-26T09:49:16.255+0800: 1788532.974: [CMS-concurrent-abortable-preclean-start]
 CMS: abort preclean due to time 2019-12-26T09:49:21.301+0800: 1788538.020: [CMS-concurrent-abortable-preclean: 2.244/5.046 secs] [Times: user=2.29 sys=0.00, real=5.05 secs] 
2019-12-26T09:49:21.303+0800: 1788538.022: [GC (CMS Final Remark) [YG occupancy: 578857 K (737280 K)]2019-12-26T09:49:21.303+0800: 1788538.022: [Rescan (parallel) , 0.1305206 secs]2019-12-26T09:49:21.434+0800: 1788538.153: [weak refs processing, 0.0000647 secs]2019-12-26T09:49:21.434+0800: 1788538.153: [class unloading, 0.0291730 secs]2019-12-26T09:49:21.463+0800: 1788538.182: [scrub symbol table, 0.0093095 secs]2019-12-26T09:49:21.472+0800: 1788538.191: [scrub string table, 0.0017223 secs][1 CMS-remark: 830848K(1277952K)] 1409705K(2015232K), 0.1734819 secs] [Times: user=0.56 sys=0.00, real=0.17 secs] 
2019-12-26T09:49:21.477+0800: 1788538.196: [CMS-concurrent-sweep-start]
2019-12-26T09:49:21.770+0800: 1788538.489: [CMS-concurrent-sweep: 0.293/0.293 secs] [Times: user=0.30 sys=0.00, real=0.29 secs] 
2019-12-26T09:49:21.770+0800: 1788538.489: [CMS-concurrent-reset-start]
2019-12-26T09:49:21.773+0800: 1788538.492: [CMS-concurrent-reset: 0.003/0.003 secs] [Times: user=0.00 sys=0.00, real=0.01 secs] 
2019-12-26T09:49:23.774+0800: 1788540.493: [GC (CMS Initial Mark) [1 CMS-initial-mark: 830848K(1277952K)] 1409719K(2015232K), 0.1226866 secs] [Times: user=0.49 sys=0.00, real=0.12 secs] 
2019-12-26T09:49:23.897+0800: 1788540.616: [CMS-concurrent-mark-start]
2019-12-26T09:49:25.307+0800: 1788542.026: [CMS-concurrent-mark: 1.410/1.410 secs] [Times: user=1.42 sys=0.00, real=1.41 secs] 
2019-12-26T09:49:25.307+0800: 1788542.026: [CMS-concurrent-preclean-start]
2019-12-26T09:49:25.311+0800: 1788542.030: [CMS-concurrent-preclean: 0.004/0.004 secs] [Times: user=0.01 sys=0.00, real=0.00 secs] 
2019-12-26T09:49:25.311+0800: 1788542.030: [CMS-concurrent-abortable-preclean-start]
 CMS: abort preclean due to time 2019-12-26T09:49:30.342+0800: 1788547.061: [CMS-concurrent-abortable-preclean: 2.228/5.031 secs] [Times: user=2.30 sys=0.00, real=5.03 secs] 
2019-12-26T09:49:30.344+0800: 1788547.063: [GC (CMS Final Remark) [YG occupancy: 580909 K (737280 K)]2019-12-26T09:49:30.344+0800: 1788547.063: [Rescan (parallel) , 0.1307001 secs]2019-12-26T09:49:30.475+0800: 1788547.194: [weak refs processing, 0.0000674 secs]2019-12-26T09:49:30.475+0800: 1788547.194: [class unloading, 0.0287751 secs]2019-12-26T09:49:30.504+0800: 1788547.222: [scrub symbol table, 0.0092998 secs]2019-12-26T09:49:30.513+0800: 1788547.232: [scrub string table, 0.0017085 secs][1 CMS-remark: 830848K(1277952K)] 1411758K(2015232K), 0.1732208 secs] [Times: user=0.57 sys=0.00, real=0.17 secs] 
2019-12-26T09:49:30.517+0800: 1788547.236: [CMS-concurrent-sweep-start]
2019-12-26T09:49:30.810+0800: 1788547.529: [CMS-concurrent-sweep: 0.292/0.292 secs] [Times: user=0.29 sys=0.00, real=0.29 secs] 
2019-12-26T09:49:30.810+0800: 1788547.529: [CMS-concurrent-reset-start]
2019-12-26T09:49:30.813+0800: 1788547.532: [CMS-concurrent-reset: 0.003/0.003 secs] [Times: user=0.01 sys=0.00, real=0.01 secs] 
2019-12-26T09:49:32.814+0800: 1788549.533: [GC (CMS Initial Mark) [1 CMS-initial-mark: 830848K(1277952K)] 1411950K(2015232K), 0.1228992 secs] [Times: user=0.48 sys=0.00, real=0.12 secs] 
2019-12-26T09:49:32.937+0800: 1788549.656: [CMS-concurrent-mark-start]
2019-12-26T09:49:34.346+0800: 1788551.065: [CMS-concurrent-mark: 1.409/1.409 secs] [Times: user=1.43 sys=0.00, real=1.41 secs] 
2019-12-26T09:49:34.346+0800: 1788551.065: [CMS-concurrent-preclean-start]
2019-12-26T09:49:34.350+0800: 1788551.069: [CMS-concurrent-preclean: 0.004/0.004 secs] [Times: user=0.01 sys=0.00, real=0.00 secs] 
2019-12-26T09:49:34.350+0800: 1788551.069: [CMS-concurrent-abortable-preclean-start]
 CMS: abort preclean due to time 2019-12-26T09:49:39.493+0800: 1788556.212: [CMS-concurrent-abortable-preclean: 2.311/5.143 secs] [Times: user=2.37 sys=0.00, real=5.14 secs] 
2019-12-26T09:49:39.495+0800: 1788556.214: [GC (CMS Final Remark) [YG occupancy: 581634 K (737280 K)]2019-12-26T09:49:39.495+0800: 1788556.214: [Rescan (parallel) , 0.1315943 secs]2019-12-26T09:49:39.627+0800: 1788556.346: [weak refs processing, 0.0000901 secs]2019-12-26T09:49:39.627+0800: 1788556.346: [class unloading, 0.0292790 secs]2019-12-26T09:49:39.656+0800: 1788556.375: [scrub symbol table, 0.0094951 secs]2019-12-26T09:49:39.666+0800: 1788556.385: [scrub string table, 0.0017369 secs][1 CMS-remark: 830848K(1277952K)] 1412483K(2015232K), 0.1748875 secs] [Times: user=0.56 sys=0.00, real=0.17 secs] 
2019-12-26T09:49:39.670+0800: 1788556.389: [CMS-concurrent-sweep-start]
2019-12-26T09:49:39.962+0800: 1788556.681: [CMS-concurrent-sweep: 0.292/0.292 secs] [Times: user=0.30 sys=0.00, real=0.29 secs] 
2019-12-26T09:49:39.962+0800: 1788556.681: [CMS-concurrent-reset-start]
2019-12-26T09:49:39.965+0800: 1788556.684: [CMS-concurrent-reset: 0.003/0.003 secs] [Times: user=0.00 sys=0.00, real=0.01 secs] 
2019-12-26T09:49:41.966+0800: 1788558.685: [GC (CMS Initial Mark) [1 CMS-initial-mark: 830848K(1277952K)] 1412483K(2015232K), 0.1229564 secs] [Times: user=0.48 sys=0.00, real=0.12 secs] 
2019-12-26T09:49:42.089+0800: 1788558.808: [CMS-concurrent-mark-start]
2019-12-26T09:49:43.496+0800: 1788560.215: [CMS-concurrent-mark: 1.405/1.407 secs] [Times: user=1.42 sys=0.00, real=1.41 secs] 
2019-12-26T09:49:43.496+0800: 1788560.215: [CMS-concurrent-preclean-start]
2019-12-26T09:49:43.500+0800: 1788560.219: [CMS-concurrent-preclean: 0.004/0.004 secs] [Times: user=0.01 sys=0.00, real=0.00 secs] 
2019-12-26T09:49:43.500+0800: 1788560.219: [CMS-concurrent-abortable-preclean-start]
 CMS: abort preclean due to time 2019-12-26T09:49:48.567+0800: 1788565.286: [CMS-concurrent-abortable-preclean: 2.272/5.067 secs] [Times: user=2.35 sys=0.00, real=5.07 secs] 
2019-12-26T09:49:48.569+0800: 1788565.288: [GC (CMS Final Remark) [YG occupancy: 583708 K (737280 K)]2019-12-26T09:49:48.569+0800: 1788565.288: [Rescan (parallel) , 0.1310415 secs]2019-12-26T09:49:48.700+0800: 1788565.419: [weak refs processing, 0.0000742 secs]2019-12-26T09:49:48.700+0800: 1788565.419: [class unloading, 0.0291700 secs]2019-12-26T09:49:48.729+0800: 1788565.448: [scrub symbol table, 0.0094618 secs]2019-12-26T09:49:48.739+0800: 1788565.458: [scrub string table, 0.0017366 secs][1 CMS-remark: 830848K(1277952K)] 1414556K(2015232K), 0.1742439 secs] [Times: user=0.57 sys=0.00, real=0.17 secs] 
2019-12-26T09:49:48.743+0800: 1788565.462: [CMS-concurrent-sweep-start]
2019-12-26T09:49:49.035+0800: 1788565.754: [CMS-concurrent-sweep: 0.291/0.291 secs] [Times: user=0.29 sys=0.00, real=0.29 secs] 
2019-12-26T09:49:49.035+0800: 1788565.754: [CMS-concurrent-reset-start]
2019-12-26T09:49:49.038+0800: 1788565.757: [CMS-concurrent-reset: 0.003/0.003 secs] [Times: user=0.01 sys=0.00, real=0.01 secs] 
2019-12-26T09:49:51.039+0800: 1788567.758: [GC (CMS Initial Mark) [1 CMS-initial-mark: 830848K(1277952K)] 1414556K(2015232K), 0.1235112 secs] [Times: user=0.49 sys=0.00, real=0.12 secs] 
2019-12-26T09:49:51.163+0800: 1788567.882: [CMS-concurrent-mark-start]
2019-12-26T09:49:52.564+0800: 1788569.282: [CMS-concurrent-mark: 1.401/1.401 secs] [Times: user=1.41 sys=0.00, real=1.40 secs] 
2019-12-26T09:49:52.564+0800: 1788569.283: [CMS-concurrent-preclean-start]
2019-12-26T09:49:52.568+0800: 1788569.287: [CMS-concurrent-preclean: 0.004/0.004 secs] [Times: user=0.01 sys=0.00, real=0.01 secs] 
2019-12-26T09:49:52.568+0800: 1788569.287: [CMS-concurrent-abortable-preclean-start]
 CMS: abort preclean due to time 2019-12-26T09:49:57.601+0800: 1788574.320: [CMS-concurrent-abortable-preclean: 2.231/5.033 secs] [Times: user=2.29 sys=0.00, real=5.03 secs] 
2019-12-26T09:49:57.603+0800: 1788574.322: [GC (CMS Final Remark) [YG occupancy: 585246 K (737280 K)]2019-12-26T09:49:57.603+0800: 1788574.322: [Rescan (parallel) , 0.1320233 secs]2019-12-26T09:49:57.735+0800: 1788574.454: [weak refs processing, 0.0000763 secs]2019-12-26T09:49:57.735+0800: 1788574.454: [class unloading, 0.0289948 secs]2019-12-26T09:49:57.764+0800: 1788574.483: [scrub symbol table, 0.0096636 secs]2019-12-26T09:49:57.774+0800: 1788574.493: [scrub string table, 0.0017454 secs][1 CMS-remark: 830848K(1277952K)] 1416094K(2015232K), 0.1752117 secs] [Times: user=0.57 sys=0.00, real=0.18 secs] 
2019-12-26T09:49:57.779+0800: 1788574.498: [CMS-concurrent-sweep-start]
2019-12-26T09:49:58.075+0800: 1788574.794: [CMS-concurrent-sweep: 0.296/0.296 secs] [Times: user=0.30 sys=0.00, real=0.29 secs] 
2019-12-26T09:49:58.075+0800: 1788574.794: [CMS-concurrent-reset-start]
2019-12-26T09:49:58.078+0800: 1788574.797: [CMS-concurrent-reset: 0.003/0.003 secs] [Times: user=0.00 sys=0.00, real=0.01 secs] 
2019-12-26T09:50:00.079+0800: 1788576.798: [GC (CMS Initial Mark) [1 CMS-initial-mark: 830848K(1277952K)] 1416094K(2015232K), 0.1238381 secs] [Times: user=0.49 sys=0.00, real=0.12 secs] 
2019-12-26T09:50:00.203+0800: 1788576.922: [CMS-concurrent-mark-start]
2019-12-26T09:50:01.614+0800: 1788578.332: [CMS-concurrent-mark: 1.411/1.411 secs] [Times: user=1.43 sys=0.00, real=1.41 secs] 
2019-12-26T09:50:01.614+0800: 1788578.333: [CMS-concurrent-preclean-start]
2019-12-26T09:50:01.618+0800: 1788578.336: [CMS-concurrent-preclean: 0.004/0.004 secs] [Times: user=0.00 sys=0.00, real=0.01 secs] 
2019-12-26T09:50:01.618+0800: 1788578.337: [CMS-concurrent-abortable-preclean-start]
 CMS: abort preclean due to time 2019-12-26T09:50:06.667+0800: 1788583.386: [CMS-concurrent-abortable-preclean: 2.247/5.049 secs] [Times: user=2.31 sys=0.00, real=5.04 secs] 
2019-12-26T09:50:06.669+0800: 1788583.388: [GC (CMS Final Remark) [YG occupancy: 587153 K (737280 K)]2019-12-26T09:50:06.669+0800: 1788583.388: [Rescan (parallel) , 0.1316097 secs]2019-12-26T09:50:06.801+0800: 1788583.520: [weak refs processing, 0.0000661 secs]2019-12-26T09:50:06.801+0800: 1788583.520: [class unloading, 0.0289222 secs]2019-12-26T09:50:06.830+0800: 1788583.549: [scrub symbol table, 0.0094909 secs]2019-12-26T09:50:06.839+0800: 1788583.558: [scrub string table, 0.0016634 secs][1 CMS-remark: 830848K(1277952K)] 1418001K(2015232K), 0.1743888 secs] [Times: user=0.56 sys=0.00, real=0.17 secs] 
2019-12-26T09:50:06.844+0800: 1788583.563: [CMS-concurrent-sweep-start]
2019-12-26T09:50:07.136+0800: 1788583.855: [CMS-concurrent-sweep: 0.292/0.292 secs] [Times: user=0.30 sys=0.00, real=0.29 secs] 
2019-12-26T09:50:07.136+0800: 1788583.855: [CMS-concurrent-reset-start]
2019-12-26T09:50:07.139+0800: 1788583.858: [CMS-concurrent-reset: 0.003/0.003 secs] [Times: user=0.00 sys=0.00, real=0.01 secs] 
2019-12-26T09:50:09.140+0800: 1788585.859: [GC (CMS Initial Mark) [1 CMS-initial-mark: 830848K(1277952K)] 1418025K(2015232K), 0.1254482 secs] [Times: user=0.49 sys=0.00, real=0.12 secs] 
2019-12-26T09:50:09.266+0800: 1788585.985: [CMS-concurrent-mark-start]
2019-12-26T09:50:10.687+0800: 1788587.406: [CMS-concurrent-mark: 1.422/1.422 secs] [Times: user=1.44 sys=0.00, real=1.42 secs] 
2019-12-26T09:50:10.688+0800: 1788587.406: [CMS-concurrent-preclean-start]
2019-12-26T09:50:10.691+0800: 1788587.410: [CMS-concurrent-preclean: 0.004/0.004 secs] [Times: user=0.00 sys=0.00, real=0.01 secs] 
2019-12-26T09:50:10.691+0800: 1788587.410: [CMS-concurrent-abortable-preclean-start]
 CMS: abort preclean due to time 2019-12-26T09:50:15.733+0800: 1788592.452: [CMS-concurrent-abortable-preclean: 2.224/5.042 secs] [Times: user=2.28 sys=0.00, real=5.04 secs] 
2019-12-26T09:50:15.735+0800: 1788592.454: [GC (CMS Final Remark) [YG occupancy: 587481 K (737280 K)]2019-12-26T09:50:15.735+0800: 1788592.454: [Rescan (parallel) , 0.1322458 secs]2019-12-26T09:50:15.867+0800: 1788592.586: [weak refs processing, 0.0000652 secs]2019-12-26T09:50:15.867+0800: 1788592.586: [class unloading, 0.0292744 secs]2019-12-26T09:50:15.897+0800: 1788592.616: [scrub symbol table, 0.0092259 secs]2019-12-26T09:50:15.906+0800: 1788592.625: [scrub string table, 0.0017190 secs][1 CMS-remark: 830848K(1277952K)] 1418329K(2015232K), 0.1752233 secs] [Times: user=0.57 sys=0.00, real=0.18 secs] 
2019-12-26T09:50:15.911+0800: 1788592.629: [CMS-concurrent-sweep-start]
2019-12-26T09:50:16.208+0800: 1788592.927: [CMS-concurrent-sweep: 0.297/0.297 secs] [Times: user=0.30 sys=0.00, real=0.29 secs] 
2019-12-26T09:50:16.208+0800: 1788592.927: [CMS-concurrent-reset-start]
2019-12-26T09:50:16.211+0800: 1788592.930: [CMS-concurrent-reset: 0.003/0.003 secs] [Times: user=0.00 sys=0.00, real=0.01 secs] 
2019-12-26T09:50:18.212+0800: 1788594.931: [GC (CMS Initial Mark) [1 CMS-initial-mark: 830848K(1277952K)] 1418362K(2015232K), 0.1248836 secs] [Times: user=0.50 sys=0.00, real=0.12 secs] 
2019-12-26T09:50:18.337+0800: 1788595.056: [CMS-concurrent-mark-start]
2019-12-26T09:50:19.757+0800: 1788596.476: [CMS-concurrent-mark: 1.420/1.420 secs] [Times: user=1.43 sys=0.00, real=1.42 secs] 
2019-12-26T09:50:19.757+0800: 1788596.476: [CMS-concurrent-preclean-start]
2019-12-26T09:50:19.761+0800: 1788596.480: [CMS-concurrent-preclean: 0.004/0.004 secs] [Times: user=0.01 sys=0.00, real=0.01 secs] 
2019-12-26T09:50:19.761+0800: 1788596.480: [CMS-concurrent-abortable-preclean-start]
 CMS: abort preclean due to time 2019-12-26T09:50:24.800+0800: 1788601.519: [CMS-concurrent-abortable-preclean: 2.235/5.039 secs] [Times: user=2.29 sys=0.00, real=5.03 secs] 
2019-12-26T09:50:24.802+0800: 1788601.521: [GC (CMS Final Remark) [YG occupancy: 587743 K (737280 K)]2019-12-26T09:50:24.802+0800: 1788601.521: [Rescan (parallel) , 0.1319736 secs]2019-12-26T09:50:24.934+0800: 1788601.653: [weak refs processing, 0.0000860 secs]2019-12-26T09:50:24.934+0800: 1788601.653: [class unloading, 0.0290785 secs]2019-12-26T09:50:24.963+0800: 1788601.682: [scrub symbol table, 0.0095464 secs]2019-12-26T09:50:24.973+0800: 1788601.692: [scrub string table, 0.0016869 secs][1 CMS-remark: 830848K(1277952K)] 1418591K(2015232K), 0.1750737 secs] [Times: user=0.57 sys=0.00, real=0.17 secs] 
2019-12-26T09:50:24.977+0800: 1788601.696: [CMS-concurrent-sweep-start]
2019-12-26T09:50:25.271+0800: 1788601.990: [CMS-concurrent-sweep: 0.293/0.293 secs] [Times: user=0.30 sys=0.00, real=0.30 secs] 
2019-12-26T09:50:25.271+0800: 1788601.990: [CMS-concurrent-reset-start]
2019-12-26T09:50:25.274+0800: 1788601.993: [CMS-concurrent-reset: 0.003/0.003 secs] [Times: user=0.00 sys=0.00, real=0.00 secs] 
2019-12-26T09:50:27.275+0800: 1788603.994: [GC (CMS Initial Mark) [1 CMS-initial-mark: 830848K(1277952K)] 1418759K(2015232K), 0.1434462 secs] [Times: user=0.43 sys=0.00, real=0.14 secs] 
2019-12-26T09:50:27.418+0800: 1788604.137: [CMS-concurrent-mark-start]
2019-12-26T09:50:28.889+0800: 1788605.608: [CMS-concurrent-mark: 1.471/1.471 secs] [Times: user=1.52 sys=0.00, real=1.47 secs] 
2019-12-26T09:50:28.890+0800: 1788605.608: [CMS-concurrent-preclean-start]
2019-12-26T09:50:28.893+0800: 1788605.612: [CMS-concurrent-preclean: 0.004/0.004 secs] [Times: user=0.00 sys=0.00, real=0.01 secs] 
2019-12-26T09:50:28.894+0800: 1788605.612: [CMS-concurrent-abortable-preclean-start]
 CMS: abort preclean due to time 2019-12-26T09:50:33.984+0800: 1788610.703: [CMS-concurrent-abortable-preclean: 2.284/5.091 secs] [Times: user=2.35 sys=0.00, real=5.09 secs] 
2019-12-26T09:50:33.986+0800: 1788610.705: [GC (CMS Final Remark) [YG occupancy: 592164 K (737280 K)]2019-12-26T09:50:33.988+0800: 1788610.707: [Rescan (parallel) , 0.1523206 secs]2019-12-26T09:50:34.141+0800: 1788610.859: [weak refs processing, 0.0000654 secs]2019-12-26T09:50:34.141+0800: 1788610.859: [class unloading, 0.0289490 secs]2019-12-26T09:50:34.170+0800: 1788610.888: [scrub symbol table, 0.0094319 secs]2019-12-26T09:50:34.179+0800: 1788610.898: [scrub string table, 0.0017155 secs][1 CMS-remark: 830848K(1277952K)] 1423013K(2015232K), 0.1971229 secs] [Times: user=0.49 sys=0.00, real=0.20 secs] 
2019-12-26T09:50:34.184+0800: 1788610.902: [CMS-concurrent-sweep-start]
2019-12-26T09:50:34.477+0800: 1788611.196: [CMS-concurrent-sweep: 0.293/0.293 secs] [Times: user=0.30 sys=0.00, real=0.29 secs] 
2019-12-26T09:50:34.477+0800: 1788611.196: [CMS-concurrent-reset-start]
2019-12-26T09:50:34.480+0800: 1788611.199: [CMS-concurrent-reset: 0.003/0.003 secs] [Times: user=0.00 sys=0.00, real=0.00 secs] 
2019-12-26T09:50:36.482+0800: 1788613.201: [GC (CMS Initial Mark) [1 CMS-initial-mark: 830848K(1277952K)] 1423463K(2015232K), 0.1459035 secs] [Times: user=0.44 sys=0.00, real=0.15 secs] 
2019-12-26T09:50:36.628+0800: 1788613.347: [CMS-concurrent-mark-start]
2019-12-26T09:50:38.049+0800: 1788614.768: [CMS-concurrent-mark: 1.421/1.421 secs] [Times: user=1.44 sys=0.00, real=1.42 secs] 
2019-12-26T09:50:38.050+0800: 1788614.768: [CMS-concurrent-preclean-start]
2019-12-26T09:50:38.054+0800: 1788614.773: [CMS-concurrent-preclean: 0.004/0.004 secs] [Times: user=0.00 sys=0.00, real=0.01 secs] 
2019-12-26T09:50:38.054+0800: 1788614.773: [CMS-concurrent-abortable-preclean-start]
 CMS: abort preclean due to time 2019-12-26T09:50:43.067+0800: 1788619.786: [CMS-concurrent-abortable-preclean: 2.229/5.013 secs] [Times: user=2.29 sys=0.00, real=5.01 secs] 
2019-12-26T09:50:43.069+0800: 1788619.788: [GC (CMS Final Remark) [YG occupancy: 593657 K (737280 K)]2019-12-26T09:50:43.069+0800: 1788619.788: [Rescan (parallel) , 0.1520162 secs]2019-12-26T09:50:43.221+0800: 1788619.940: [weak refs processing, 0.0000663 secs]2019-12-26T09:50:43.221+0800: 1788619.940: [class unloading, 0.0292462 secs]2019-12-26T09:50:43.250+0800: 1788619.969: [scrub symbol table, 0.0093989 secs]2019-12-26T09:50:43.260+0800: 1788619.979: [scrub string table, 0.0016969 secs][1 CMS-remark: 830848K(1277952K)] 1424506K(2015232K), 0.1951031 secs] [Times: user=0.49 sys=0.00, real=0.20 secs] 
2019-12-26T09:50:43.264+0800: 1788619.983: [CMS-concurrent-sweep-start]
2019-12-26T09:50:43.556+0800: 1788620.275: [CMS-concurrent-sweep: 0.292/0.292 secs] [Times: user=0.30 sys=0.00, real=0.29 secs] 
2019-12-26T09:50:43.556+0800: 1788620.275: [CMS-concurrent-reset-start]
2019-12-26T09:50:43.559+0800: 1788620.278: [CMS-concurrent-reset: 0.003/0.003 secs] [Times: user=0.00 sys=0.00, real=0.00 secs] 
2019-12-26T09:50:45.560+0800: 1788622.279: [GC (CMS Initial Mark) [1 CMS-initial-mark: 830848K(1277952K)] 1424521K(2015232K), 0.1278401 secs] [Times: user=0.50 sys=0.00, real=0.13 secs] 
2019-12-26T09:50:45.688+0800: 1788622.407: [CMS-concurrent-mark-start]
2019-12-26T09:50:47.101+0800: 1788623.820: [CMS-concurrent-mark: 1.413/1.413 secs] [Times: user=1.44 sys=0.00, real=1.41 secs] 
2019-12-26T09:50:47.101+0800: 1788623.820: [CMS-concurrent-preclean-start]
2019-12-26T09:50:47.105+0800: 1788623.824: [CMS-concurrent-preclean: 0.004/0.004 secs] [Times: user=0.00 sys=0.00, real=0.01 secs] 
2019-12-26T09:50:47.105+0800: 1788623.824: [CMS-concurrent-abortable-preclean-start]
 CMS: abort preclean due to time 2019-12-26T09:50:52.262+0800: 1788628.981: [CMS-concurrent-abortable-preclean: 2.354/5.157 secs] [Times: user=2.42 sys=0.00, real=5.15 secs] 
2019-12-26T09:50:52.264+0800: 1788628.982: [GC (CMS Final Remark) [YG occupancy: 596317 K (737280 K)]2019-12-26T09:50:52.264+0800: 1788628.983: [Rescan (parallel) , 0.1332370 secs]2019-12-26T09:50:52.397+0800: 1788629.116: [weak refs processing, 0.0000643 secs]2019-12-26T09:50:52.397+0800: 1788629.116: [class unloading, 0.0292125 secs]2019-12-26T09:50:52.426+0800: 1788629.145: [scrub symbol table, 0.0094553 secs]2019-12-26T09:50:52.436+0800: 1788629.155: [scrub string table, 0.0017175 secs][1 CMS-remark: 830848K(1277952K)] 1427165K(2015232K), 0.1763544 secs] [Times: user=0.58 sys=0.00, real=0.18 secs] 
2019-12-26T09:50:52.440+0800: 1788629.159: [CMS-concurrent-sweep-start]
2019-12-26T09:50:52.734+0800: 1788629.453: [CMS-concurrent-sweep: 0.293/0.293 secs] [Times: user=0.30 sys=0.00, real=0.29 secs] 
2019-12-26T09:50:52.734+0800: 1788629.453: [CMS-concurrent-reset-start]
2019-12-26T09:50:52.737+0800: 1788629.456: [CMS-concurrent-reset: 0.003/0.003 secs] [Times: user=0.00 sys=0.00, real=0.01 secs] 
2019-12-26T09:50:54.738+0800: 1788631.457: [GC (CMS Initial Mark) [1 CMS-initial-mark: 830848K(1277952K)] 1427708K(2015232K), 0.1303038 secs] [Times: user=0.48 sys=0.00, real=0.13 secs] 
2019-12-26T09:50:54.869+0800: 1788631.587: [CMS-concurrent-mark-start]
2019-12-26T09:50:56.274+0800: 1788632.993: [CMS-concurrent-mark: 1.405/1.405 secs] [Times: user=1.42 sys=0.00, real=1.40 secs] 
2019-12-26T09:50:56.274+0800: 1788632.993: [CMS-concurrent-preclean-start]
2019-12-26T09:50:56.278+0800: 1788632.997: [CMS-concurrent-preclean: 0.004/0.004 secs] [Times: user=0.00 sys=0.00, real=0.01 secs] 
2019-12-26T09:50:56.278+0800: 1788632.997: [CMS-concurrent-abortable-preclean-start]
 CMS: abort preclean due to time 2019-12-26T09:51:01.297+0800: 1788638.016: [CMS-concurrent-abortable-preclean: 2.217/5.019 secs] [Times: user=2.27 sys=0.00, real=5.02 secs] 
2019-12-26T09:51:01.299+0800: 1788638.018: [GC (CMS Final Remark) [YG occupancy: 596882 K (737280 K)]2019-12-26T09:51:01.299+0800: 1788638.018: [Rescan (parallel) , 0.1336342 secs]2019-12-26T09:51:01.433+0800: 1788638.152: [weak refs processing, 0.0000665 secs]2019-12-26T09:51:01.433+0800: 1788638.152: [class unloading, 0.0293625 secs]2019-12-26T09:51:01.462+0800: 1788638.181: [scrub symbol table, 0.0091291 secs]2019-12-26T09:51:01.472+0800: 1788638.190: [scrub string table, 0.0017343 secs][1 CMS-remark: 830848K(1277952K)] 1427730K(2015232K), 0.1766082 secs] [Times: user=0.57 sys=0.00, real=0.17 secs] 
2019-12-26T09:51:01.476+0800: 1788638.195: [CMS-concurrent-sweep-start]
2019-12-26T09:51:01.771+0800: 1788638.490: [CMS-concurrent-sweep: 0.295/0.295 secs] [Times: user=0.30 sys=0.00, real=0.30 secs] 
2019-12-26T09:51:01.771+0800: 1788638.490: [CMS-concurrent-reset-start]
2019-12-26T09:51:01.774+0800: 1788638.493: [CMS-concurrent-reset: 0.003/0.003 secs] [Times: user=0.00 sys=0.00, real=0.00 secs] 
2019-12-26T09:51:03.775+0800: 1788640.494: [GC (CMS Initial Mark) [1 CMS-initial-mark: 830848K(1277952K)] 1427769K(2015232K), 0.1273039 secs] [Times: user=0.49 sys=0.00, real=0.13 secs] 
2019-12-26T09:51:03.902+0800: 1788640.621: [CMS-concurrent-mark-start]
2019-12-26T09:51:05.311+0800: 1788642.030: [CMS-concurrent-mark: 1.409/1.409 secs] [Times: user=1.43 sys=0.00, real=1.41 secs] 
2019-12-26T09:51:05.312+0800: 1788642.030: [CMS-concurrent-preclean-start]
2019-12-26T09:51:05.316+0800: 1788642.034: [CMS-concurrent-preclean: 0.004/0.004 secs] [Times: user=0.00 sys=0.00, real=0.00 secs] 
2019-12-26T09:51:05.316+0800: 1788642.034: [CMS-concurrent-abortable-preclean-start]
 CMS: abort preclean due to time 2019-12-26T09:51:10.390+0800: 1788647.108: [CMS-concurrent-abortable-preclean: 2.326/5.074 secs] [Times: user=2.39 sys=0.00, real=5.08 secs] 
2019-12-26T09:51:10.391+0800: 1788647.110: [GC (CMS Final Remark) [YG occupancy: 599327 K (737280 K)]2019-12-26T09:51:10.391+0800: 1788647.110: [Rescan (parallel) , 0.1345847 secs]2019-12-26T09:51:10.526+0800: 1788647.245: [weak refs processing, 0.0000648 secs]2019-12-26T09:51:10.526+0800: 1788647.245: [class unloading, 0.0292707 secs]2019-12-26T09:51:10.555+0800: 1788647.274: [scrub symbol table, 0.0090748 secs]2019-12-26T09:51:10.565+0800: 1788647.283: [scrub string table, 0.0017088 secs][1 CMS-remark: 830848K(1277952K)] 1430176K(2015232K), 0.1773671 secs] [Times: user=0.58 sys=0.00, real=0.18 secs] 
2019-12-26T09:51:10.569+0800: 1788647.288: [CMS-concurrent-sweep-start]
2019-12-26T09:51:10.864+0800: 1788647.583: [CMS-concurrent-sweep: 0.295/0.295 secs] [Times: user=0.30 sys=0.00, real=0.29 secs] 
2019-12-26T09:51:10.865+0800: 1788647.583: [CMS-concurrent-reset-start]
2019-12-26T09:51:10.868+0800: 1788647.586: [CMS-concurrent-reset: 0.003/0.003 secs] [Times: user=0.00 sys=0.00, real=0.01 secs] 
2019-12-26T09:51:12.868+0800: 1788649.587: [GC (CMS Initial Mark) [1 CMS-initial-mark: 830848K(1277952K)] 1430176K(2015232K), 0.1288988 secs] [Times: user=0.50 sys=0.00, real=0.13 secs] 
2019-12-26T09:51:12.998+0800: 1788649.716: [CMS-concurrent-mark-start]
2019-12-26T09:51:14.422+0800: 1788651.141: [CMS-concurrent-mark: 1.424/1.424 secs] [Times: user=1.45 sys=0.00, real=1.42 secs] 
2019-12-26T09:51:14.422+0800: 1788651.141: [CMS-concurrent-preclean-start]
2019-12-26T09:51:14.426+0800: 1788651.145: [CMS-concurrent-preclean: 0.004/0.004 secs] [Times: user=0.00 sys=0.00, real=0.00 secs] 
2019-12-26T09:51:14.426+0800: 1788651.145: [CMS-concurrent-abortable-preclean-start]
 CMS: abort preclean due to time 2019-12-26T09:51:19.432+0800: 1788656.151: [CMS-concurrent-abortable-preclean: 2.292/5.006 secs] [Times: user=2.37 sys=0.00, real=5.01 secs] 
2019-12-26T09:51:19.434+0800: 1788656.153: [GC (CMS Final Remark) [YG occupancy: 602297 K (737280 K)]2019-12-26T09:51:19.434+0800: 1788656.153: [Rescan (parallel) , 0.1550168 secs]2019-12-26T09:51:19.590+0800: 1788656.308: [weak refs processing, 0.0000751 secs]2019-12-26T09:51:19.590+0800: 1788656.308: [class unloading, 0.0294417 secs]2019-12-26T09:51:19.619+0800: 1788656.338: [scrub symbol table, 0.0095023 secs]2019-12-26T09:51:19.629+0800: 1788656.347: [scrub string table, 0.0017236 secs][1 CMS-remark: 830848K(1277952K)] 1433145K(2015232K), 0.1984536 secs] [Times: user=0.51 sys=0.00, real=0.20 secs] 
2019-12-26T09:51:19.633+0800: 1788656.352: [CMS-concurrent-sweep-start]
2019-12-26T09:51:19.930+0800: 1788656.649: [CMS-concurrent-sweep: 0.296/0.296 secs] [Times: user=0.31 sys=0.00, real=0.30 secs] 
2019-12-26T09:51:19.930+0800: 1788656.649: [CMS-concurrent-reset-start]
2019-12-26T09:51:19.933+0800: 1788656.652: [CMS-concurrent-reset: 0.003/0.003 secs] [Times: user=0.00 sys=0.00, real=0.00 secs] 
2019-12-26T09:51:21.934+0800: 1788658.653: [GC (CMS Initial Mark) [1 CMS-initial-mark: 830848K(1277952K)] 1435369K(2015232K), 0.1280987 secs] [Times: user=0.51 sys=0.00, real=0.13 secs] 
2019-12-26T09:51:22.062+0800: 1788658.781: [CMS-concurrent-mark-start]
2019-12-26T09:51:23.486+0800: 1788660.205: [CMS-concurrent-mark: 1.424/1.424 secs] [Times: user=1.44 sys=0.00, real=1.42 secs] 
2019-12-26T09:51:23.486+0800: 1788660.205: [CMS-concurrent-preclean-start]
2019-12-26T09:51:23.491+0800: 1788660.210: [CMS-concurrent-preclean: 0.004/0.004 secs] [Times: user=0.00 sys=0.00, real=0.01 secs] 
2019-12-26T09:51:23.491+0800: 1788660.210: [CMS-concurrent-abortable-preclean-start]
 CMS: abort preclean due to time 2019-12-26T09:51:28.523+0800: 1788665.242: [CMS-concurrent-abortable-preclean: 2.330/5.032 secs] [Times: user=2.42 sys=0.00, real=5.03 secs] 
2019-12-26T09:51:28.525+0800: 1788665.244: [GC (CMS Final Remark) [YG occupancy: 607573 K (737280 K)]2019-12-26T09:51:28.525+0800: 1788665.244: [Rescan (parallel) , 0.1357938 secs]2019-12-26T09:51:28.661+0800: 1788665.379: [weak refs processing, 0.0000675 secs]2019-12-26T09:51:28.661+0800: 1788665.380: [class unloading, 0.0293463 secs]2019-12-26T09:51:28.690+0800: 1788665.409: [scrub symbol table, 0.0095520 secs]2019-12-26T09:51:28.700+0800: 1788665.419: [scrub string table, 0.0017418 secs][1 CMS-remark: 830848K(1277952K)] 1438421K(2015232K), 0.1792192 secs] [Times: user=0.59 sys=0.00, real=0.18 secs] 
2019-12-26T09:51:28.704+0800: 1788665.423: [CMS-concurrent-sweep-start]
2019-12-26T09:51:29.008+0800: 1788665.727: [CMS-concurrent-sweep: 0.304/0.304 secs] [Times: user=0.31 sys=0.00, real=0.30 secs] 
2019-12-26T09:51:29.008+0800: 1788665.727: [CMS-concurrent-reset-start]
2019-12-26T09:51:29.011+0800: 1788665.730: [CMS-concurrent-reset: 0.003/0.003 secs] [Times: user=0.00 sys=0.00, real=0.01 secs] 
2019-12-26T09:51:31.012+0800: 1788667.731: [GC (CMS Initial Mark) [1 CMS-initial-mark: 830848K(1277952K)] 1439090K(2015232K), 0.1284042 secs] [Times: user=0.51 sys=0.00, real=0.13 secs] 
2019-12-26T09:51:31.141+0800: 1788667.860: [CMS-concurrent-mark-start]
2019-12-26T09:51:32.557+0800: 1788669.275: [CMS-concurrent-mark: 1.416/1.416 secs] [Times: user=1.43 sys=0.00, real=1.41 secs] 
2019-12-26T09:51:32.557+0800: 1788669.275: [CMS-concurrent-preclean-start]
2019-12-26T09:51:32.561+0800: 1788669.279: [CMS-concurrent-preclean: 0.004/0.004 secs] [Times: user=0.00 sys=0.00, real=0.01 secs] 
2019-12-26T09:51:32.561+0800: 1788669.279: [CMS-concurrent-abortable-preclean-start]
 CMS: abort preclean due to time 2019-12-26T09:51:37.591+0800: 1788674.310: [CMS-concurrent-abortable-preclean: 2.228/5.030 secs] [Times: user=2.28 sys=0.00, real=5.02 secs] 
2019-12-26T09:51:37.593+0800: 1788674.311: [GC (CMS Final Remark) [YG occupancy: 608577 K (737280 K)]2019-12-26T09:51:37.593+0800: 1788674.311: [Rescan (parallel) , 0.1361949 secs]2019-12-26T09:51:37.729+0800: 1788674.448: [weak refs processing, 0.0000672 secs]2019-12-26T09:51:37.729+0800: 1788674.448: [class unloading, 0.0291023 secs]2019-12-26T09:51:37.758+0800: 1788674.477: [scrub symbol table, 0.0095956 secs]2019-12-26T09:51:37.768+0800: 1788674.487: [scrub string table, 0.0017104 secs][1 CMS-remark: 830848K(1277952K)] 1439425K(2015232K), 0.1793538 secs] [Times: user=0.58 sys=0.00, real=0.18 secs] 
2019-12-26T09:51:37.772+0800: 1788674.491: [CMS-concurrent-sweep-start]
2019-12-26T09:51:38.073+0800: 1788674.792: [CMS-concurrent-sweep: 0.299/0.301 secs] [Times: user=0.31 sys=0.00, real=0.30 secs] 
2019-12-26T09:51:38.074+0800: 1788674.792: [CMS-concurrent-reset-start]
2019-12-26T09:51:38.077+0800: 1788674.796: [CMS-concurrent-reset: 0.003/0.003 secs] [Times: user=0.00 sys=0.00, real=0.00 secs] 
2019-12-26T09:51:40.078+0800: 1788676.797: [GC (CMS Initial Mark) [1 CMS-initial-mark: 830848K(1277952K)] 1439709K(2015232K), 0.1284966 secs] [Times: user=0.51 sys=0.00, real=0.13 secs] 
2019-12-26T09:51:40.207+0800: 1788676.926: [CMS-concurrent-mark-start]
2019-12-26T09:51:41.622+0800: 1788678.341: [CMS-concurrent-mark: 1.414/1.415 secs] [Times: user=1.43 sys=0.00, real=1.42 secs] 
2019-12-26T09:51:41.622+0800: 1788678.341: [CMS-concurrent-preclean-start]
2019-12-26T09:51:41.627+0800: 1788678.345: [CMS-concurrent-preclean: 0.004/0.004 secs] [Times: user=0.01 sys=0.00, real=0.00 secs] 
2019-12-26T09:51:41.627+0800: 1788678.346: [CMS-concurrent-abortable-preclean-start]
 CMS: abort preclean due to time 2019-12-26T09:51:46.786+0800: 1788683.505: [CMS-concurrent-abortable-preclean: 2.300/5.160 secs] [Times: user=2.35 sys=0.00, real=5.16 secs] 
2019-12-26T09:51:46.788+0800: 1788683.507: [GC (CMS Final Remark) [YG occupancy: 609293 K (737280 K)]2019-12-26T09:51:46.788+0800: 1788683.507: [Rescan (parallel) , 0.1397302 secs]2019-12-26T09:51:46.928+0800: 1788683.647: [weak refs processing, 0.0000713 secs]2019-12-26T09:51:46.928+0800: 1788683.647: [class unloading, 0.0315037 secs]2019-12-26T09:51:46.960+0800: 1788683.679: [scrub symbol table, 0.0093588 secs]2019-12-26T09:51:46.969+0800: 1788683.688: [scrub string table, 0.0017302 secs][1 CMS-remark: 830848K(1277952K)] 1440141K(2015232K), 0.1850681 secs] [Times: user=0.59 sys=0.00, real=0.18 secs] 
2019-12-26T09:51:46.974+0800: 1788683.693: [CMS-concurrent-sweep-start]
2019-12-26T09:51:47.274+0800: 1788683.993: [CMS-concurrent-sweep: 0.300/0.300 secs] [Times: user=0.30 sys=0.00, real=0.30 secs] 
2019-12-26T09:51:47.274+0800: 1788683.993: [CMS-concurrent-reset-start]
2019-12-26T09:51:47.277+0800: 1788683.996: [CMS-concurrent-reset: 0.003/0.003 secs] [Times: user=0.01 sys=0.00, real=0.00 secs] 
2019-12-26T09:51:49.278+0800: 1788685.997: [GC (CMS Initial Mark) [1 CMS-initial-mark: 830848K(1277952K)] 1440143K(2015232K), 0.1286888 secs] [Times: user=0.51 sys=0.00, real=0.13 secs] 
2019-12-26T09:51:49.407+0800: 1788686.126: [CMS-concurrent-mark-start]
2019-12-26T09:51:50.829+0800: 1788687.548: [CMS-concurrent-mark: 1.422/1.422 secs] [Times: user=1.44 sys=0.00, real=1.42 secs] 
2019-12-26T09:51:50.829+0800: 1788687.548: [CMS-concurrent-preclean-start]
2019-12-26T09:51:50.833+0800: 1788687.552: [CMS-concurrent-preclean: 0.004/0.004 secs] [Times: user=0.00 sys=0.00, real=0.00 secs] 
2019-12-26T09:51:50.833+0800: 1788687.552: [CMS-concurrent-abortable-preclean-start]
 CMS: abort preclean due to time 2019-12-26T09:51:55.855+0800: 1788692.574: [CMS-concurrent-abortable-preclean: 2.220/5.022 secs] [Times: user=2.27 sys=0.00, real=5.03 secs] 
2019-12-26T09:51:55.857+0800: 1788692.576: [GC (CMS Final Remark) [YG occupancy: 609764 K (737280 K)]2019-12-26T09:51:55.857+0800: 1788692.576: [Rescan (parallel) , 0.1385813 secs]2019-12-26T09:51:55.996+0800: 1788692.715: [weak refs processing, 0.0000833 secs]2019-12-26T09:51:55.996+0800: 1788692.715: [class unloading, 0.0295371 secs]2019-12-26T09:51:56.026+0800: 1788692.745: [scrub symbol table, 0.0091275 secs]2019-12-26T09:51:56.035+0800: 1788692.754: [scrub string table, 0.0017195 secs][1 CMS-remark: 830848K(1277952K)] 1440613K(2015232K), 0.1817163 secs] [Times: user=0.59 sys=0.00, real=0.18 secs] 
2019-12-26T09:51:56.039+0800: 1788692.758: [CMS-concurrent-sweep-start]
2019-12-26T09:51:56.332+0800: 1788693.050: [CMS-concurrent-sweep: 0.292/0.292 secs] [Times: user=0.29 sys=0.00, real=0.29 secs] 
2019-12-26T09:51:56.332+0800: 1788693.051: [CMS-concurrent-reset-start]
2019-12-26T09:51:56.335+0800: 1788693.054: [CMS-concurrent-reset: 0.003/0.003 secs] [Times: user=0.01 sys=0.00, real=0.01 secs] 
2019-12-26T09:51:58.336+0800: 1788695.054: [GC (CMS Initial Mark) [1 CMS-initial-mark: 830848K(1277952K)] 1441916K(2015232K), 0.1290551 secs] [Times: user=0.51 sys=0.00, real=0.13 secs] 
2019-12-26T09:51:58.465+0800: 1788695.184: [CMS-concurrent-mark-start]
2019-12-26T09:51:59.879+0800: 1788696.598: [CMS-concurrent-mark: 1.414/1.414 secs] [Times: user=1.42 sys=0.00, real=1.41 secs] 
2019-12-26T09:51:59.880+0800: 1788696.598: [CMS-concurrent-preclean-start]
2019-12-26T09:51:59.884+0800: 1788696.602: [CMS-concurrent-preclean: 0.004/0.004 secs] [Times: user=0.00 sys=0.00, real=0.00 secs] 
2019-12-26T09:51:59.884+0800: 1788696.603: [CMS-concurrent-abortable-preclean-start]
 CMS: abort preclean due to time 2019-12-26T09:52:04.906+0800: 1788701.625: [CMS-concurrent-abortable-preclean: 2.220/5.022 secs] [Times: user=2.27 sys=0.00, real=5.03 secs] 
2019-12-26T09:52:04.908+0800: 1788701.627: [GC (CMS Final Remark) [YG occupancy: 611538 K (737280 K)]2019-12-26T09:52:04.908+0800: 1788701.627: [Rescan (parallel) , 0.1412929 secs]2019-12-26T09:52:05.049+0800: 1788701.768: [weak refs processing, 0.0000885 secs]2019-12-26T09:52:05.049+0800: 1788701.768: [class unloading, 0.0313209 secs]2019-12-26T09:52:05.081+0800: 1788701.800: [scrub symbol table, 0.0091805 secs]2019-12-26T09:52:05.090+0800: 1788701.809: [scrub string table, 0.0017073 secs][1 CMS-remark: 830848K(1277952K)] 1442386K(2015232K), 0.1862447 secs] [Times: user=0.59 sys=0.00, real=0.18 secs] 
2019-12-26T09:52:05.094+0800: 1788701.813: [CMS-concurrent-sweep-start]
2019-12-26T09:52:05.391+0800: 1788702.110: [CMS-concurrent-sweep: 0.297/0.297 secs] [Times: user=0.30 sys=0.00, real=0.30 secs] 
2019-12-26T09:52:05.392+0800: 1788702.110: [CMS-concurrent-reset-start]
2019-12-26T09:52:05.395+0800: 1788702.114: [CMS-concurrent-reset: 0.003/0.003 secs] [Times: user=0.00 sys=0.00, real=0.00 secs] 
2019-12-26T09:52:07.396+0800: 1788704.114: [GC (CMS Initial Mark) [1 CMS-initial-mark: 830848K(1277952K)] 1442386K(2015232K), 0.1301117 secs] [Times: user=0.52 sys=0.00, real=0.13 secs] 
2019-12-26T09:52:07.526+0800: 1788704.245: [CMS-concurrent-mark-start]
2019-12-26T09:52:08.943+0800: 1788705.662: [CMS-concurrent-mark: 1.416/1.417 secs] [Times: user=1.43 sys=0.00, real=1.42 secs] 
2019-12-26T09:52:08.943+0800: 1788705.662: [CMS-concurrent-preclean-start]
2019-12-26T09:52:08.947+0800: 1788705.666: [CMS-concurrent-preclean: 0.004/0.004 secs] [Times: user=0.01 sys=0.00, real=0.01 secs] 
2019-12-26T09:52:08.947+0800: 1788705.666: [CMS-concurrent-abortable-preclean-start]
 CMS: abort preclean due to time 2019-12-26T09:52:13.984+0800: 1788710.702: [CMS-concurrent-abortable-preclean: 2.234/5.036 secs] [Times: user=2.27 sys=0.00, real=5.03 secs] 
2019-12-26T09:52:13.985+0800: 1788710.704: [GC (CMS Final Remark) [YG occupancy: 612085 K (737280 K)]2019-12-26T09:52:13.985+0800: 1788710.704: [Rescan (parallel) , 0.1548398 secs]2019-12-26T09:52:14.140+0800: 1788710.859: [weak refs processing, 0.0000638 secs]2019-12-26T09:52:14.140+0800: 1788710.859: [class unloading, 0.0288626 secs]2019-12-26T09:52:14.169+0800: 1788710.888: [scrub symbol table, 0.0094607 secs]2019-12-26T09:52:14.179+0800: 1788710.898: [scrub string table, 0.0016937 secs][1 CMS-remark: 830848K(1277952K)] 1442934K(2015232K), 0.1975284 secs] [Times: user=0.51 sys=0.00, real=0.20 secs] 
2019-12-26T09:52:14.183+0800: 1788710.902: [CMS-concurrent-sweep-start]
2019-12-26T09:52:14.475+0800: 1788711.194: [CMS-concurrent-sweep: 0.292/0.292 secs] [Times: user=0.30 sys=0.00, real=0.29 secs] 
2019-12-26T09:52:14.475+0800: 1788711.194: [CMS-concurrent-reset-start]
2019-12-26T09:52:14.478+0800: 1788711.197: [CMS-concurrent-reset: 0.003/0.003 secs] [Times: user=0.00 sys=0.00, real=0.01 secs] 
2019-12-26T09:52:16.480+0800: 1788713.198: [GC (CMS Initial Mark) [1 CMS-initial-mark: 830848K(1277952K)] 1444042K(2015232K), 0.1494234 secs] [Times: user=0.44 sys=0.00, real=0.15 secs] 
2019-12-26T09:52:16.629+0800: 1788713.348: [CMS-concurrent-mark-start]
2019-12-26T09:52:18.047+0800: 1788714.766: [CMS-concurrent-mark: 1.418/1.418 secs] [Times: user=1.44 sys=0.00, real=1.42 secs] 
2019-12-26T09:52:18.047+0800: 1788714.766: [CMS-concurrent-preclean-start]
2019-12-26T09:52:18.052+0800: 1788714.770: [CMS-concurrent-preclean: 0.004/0.004 secs] [Times: user=0.00 sys=0.00, real=0.00 secs] 
2019-12-26T09:52:18.052+0800: 1788714.770: [CMS-concurrent-abortable-preclean-start]
 CMS: abort preclean due to time 2019-12-26T09:52:23.154+0800: 1788719.873: [CMS-concurrent-abortable-preclean: 2.300/5.103 secs] [Times: user=2.36 sys=0.00, real=5.10 secs] 
2019-12-26T09:52:23.156+0800: 1788719.875: [GC (CMS Final Remark) [YG occupancy: 615466 K (737280 K)]2019-12-26T09:52:23.156+0800: 1788719.875: [Rescan (parallel) , 0.1401545 secs]2019-12-26T09:52:23.296+0800: 1788720.015: [weak refs processing, 0.0000650 secs]2019-12-26T09:52:23.296+0800: 1788720.015: [class unloading, 0.0293281 secs]2019-12-26T09:52:23.326+0800: 1788720.044: [scrub symbol table, 0.0095050 secs]2019-12-26T09:52:23.335+0800: 1788720.054: [scrub string table, 0.0016870 secs][1 CMS-remark: 830848K(1277952K)] 1446314K(2015232K), 0.1833790 secs] [Times: user=0.59 sys=0.00, real=0.19 secs] 
2019-12-26T09:52:23.340+0800: 1788720.058: [CMS-concurrent-sweep-start]
2019-12-26T09:52:23.635+0800: 1788720.354: [CMS-concurrent-sweep: 0.295/0.295 secs] [Times: user=0.29 sys=0.00, real=0.29 secs] 
2019-12-26T09:52:23.635+0800: 1788720.354: [CMS-concurrent-reset-start]
2019-12-26T09:52:23.638+0800: 1788720.357: [CMS-concurrent-reset: 0.003/0.003 secs] [Times: user=0.01 sys=0.00, real=0.01 secs] 
2019-12-26T09:52:25.639+0800: 1788722.358: [GC (CMS Initial Mark) [1 CMS-initial-mark: 830848K(1277952K)] 1446987K(2015232K), 0.1304565 secs] [Times: user=0.51 sys=0.00, real=0.13 secs] 
2019-12-26T09:52:25.770+0800: 1788722.489: [CMS-concurrent-mark-start]
2019-12-26T09:52:27.201+0800: 1788723.920: [CMS-concurrent-mark: 1.431/1.431 secs] [Times: user=1.44 sys=0.00, real=1.43 secs] 
2019-12-26T09:52:27.201+0800: 1788723.920: [CMS-concurrent-preclean-start]
2019-12-26T09:52:27.206+0800: 1788723.924: [CMS-concurrent-preclean: 0.004/0.004 secs] [Times: user=0.01 sys=0.00, real=0.00 secs] 
2019-12-26T09:52:27.206+0800: 1788723.924: [CMS-concurrent-abortable-preclean-start]
 CMS: abort preclean due to time 2019-12-26T09:52:32.347+0800: 1788729.066: [CMS-concurrent-abortable-preclean: 2.334/5.142 secs] [Times: user=2.42 sys=0.00, real=5.14 secs] 
2019-12-26T09:52:32.349+0800: 1788729.068: [GC (CMS Final Remark) [YG occupancy: 619510 K (737280 K)]2019-12-26T09:52:32.349+0800: 1788729.068: [Rescan (parallel) , 0.1565891 secs]2019-12-26T09:52:32.506+0800: 1788729.225: [weak refs processing, 0.0000672 secs]2019-12-26T09:52:32.506+0800: 1788729.225: [class unloading, 0.0289799 secs]2019-12-26T09:52:32.535+0800: 1788729.254: [scrub symbol table, 0.0093462 secs]2019-12-26T09:52:32.544+0800: 1788729.263: [scrub string table, 0.0017036 secs][1 CMS-remark: 830848K(1277952K)] 1450359K(2015232K), 0.1993336 secs] [Times: user=0.52 sys=0.00, real=0.20 secs] 
2019-12-26T09:52:32.549+0800: 1788729.267: [CMS-concurrent-sweep-start]
2019-12-26T09:52:32.840+0800: 1788729.559: [CMS-concurrent-sweep: 0.292/0.292 secs] [Times: user=0.30 sys=0.00, real=0.29 secs] 
2019-12-26T09:52:32.841+0800: 1788729.559: [CMS-concurrent-reset-start]
2019-12-26T09:52:32.844+0800: 1788729.563: [CMS-concurrent-reset: 0.003/0.003 secs] [Times: user=0.00 sys=0.00, real=0.00 secs] 
2019-12-26T09:52:34.845+0800: 1788731.563: [GC (CMS Initial Mark) [1 CMS-initial-mark: 830848K(1277952K)] 1450494K(2015232K), 0.1304628 secs] [Times: user=0.52 sys=0.00, real=0.13 secs] 
2019-12-26T09:52:34.975+0800: 1788731.694: [CMS-concurrent-mark-start]
2019-12-26T09:52:36.399+0800: 1788733.118: [CMS-concurrent-mark: 1.424/1.424 secs] [Times: user=1.44 sys=0.00, real=1.42 secs] 
2019-12-26T09:52:36.399+0800: 1788733.118: [CMS-concurrent-preclean-start]
2019-12-26T09:52:36.403+0800: 1788733.122: [CMS-concurrent-preclean: 0.004/0.004 secs] [Times: user=0.00 sys=0.00, real=0.01 secs] 
2019-12-26T09:52:36.403+0800: 1788733.122: [CMS-concurrent-abortable-preclean-start]
 CMS: abort preclean due to time 2019-12-26T09:52:41.435+0800: 1788738.154: [CMS-concurrent-abortable-preclean: 2.229/5.032 secs] [Times: user=2.29 sys=0.00, real=5.03 secs] 
2019-12-26T09:52:41.437+0800: 1788738.156: [GC (CMS Final Remark) [YG occupancy: 620799 K (737280 K)]2019-12-26T09:52:41.437+0800: 1788738.156: [Rescan (parallel) , 0.1391355 secs]2019-12-26T09:52:41.577+0800: 1788738.295: [weak refs processing, 0.0000637 secs]2019-12-26T09:52:41.577+0800: 1788738.295: [class unloading, 0.0292120 secs]2019-12-26T09:52:41.606+0800: 1788738.325: [scrub symbol table, 0.0096954 secs]2019-12-26T09:52:41.616+0800: 1788738.334: [scrub string table, 0.0017338 secs][1 CMS-remark: 830848K(1277952K)] 1451647K(2015232K), 0.1824847 secs] [Times: user=0.60 sys=0.00, real=0.18 secs] 
2019-12-26T09:52:41.620+0800: 1788738.339: [CMS-concurrent-sweep-start]
2019-12-26T09:52:41.913+0800: 1788738.632: [CMS-concurrent-sweep: 0.293/0.293 secs] [Times: user=0.30 sys=0.00, real=0.30 secs] 
2019-12-26T09:52:41.913+0800: 1788738.632: [CMS-concurrent-reset-start]
2019-12-26T09:52:41.916+0800: 1788738.635: [CMS-concurrent-reset: 0.003/0.003 secs] [Times: user=0.00 sys=0.00, real=0.00 secs] 
2019-12-26T09:52:43.918+0800: 1788740.637: [GC (CMS Initial Mark) [1 CMS-initial-mark: 830848K(1277952K)] 1452271K(2015232K), 0.1319706 secs] [Times: user=0.52 sys=0.00, real=0.13 secs] 
2019-12-26T09:52:44.050+0800: 1788740.769: [CMS-concurrent-mark-start]
2019-12-26T09:52:45.472+0800: 1788742.191: [CMS-concurrent-mark: 1.422/1.422 secs] [Times: user=1.44 sys=0.00, real=1.42 secs] 
2019-12-26T09:52:45.472+0800: 1788742.191: [CMS-concurrent-preclean-start]
2019-12-26T09:52:45.476+0800: 1788742.195: [CMS-concurrent-preclean: 0.004/0.004 secs] [Times: user=0.01 sys=0.00, real=0.01 secs] 
2019-12-26T09:52:45.477+0800: 1788742.195: [CMS-concurrent-abortable-preclean-start]
 CMS: abort preclean due to time 2019-12-26T09:52:50.504+0800: 1788747.223: [CMS-concurrent-abortable-preclean: 2.225/5.028 secs] [Times: user=2.28 sys=0.00, real=5.03 secs] 
2019-12-26T09:52:50.506+0800: 1788747.225: [GC (CMS Final Remark) [YG occupancy: 622046 K (737280 K)]2019-12-26T09:52:50.506+0800: 1788747.225: [Rescan (parallel) , 0.1391827 secs]2019-12-26T09:52:50.646+0800: 1788747.364: [weak refs processing, 0.0000664 secs]2019-12-26T09:52:50.646+0800: 1788747.364: [class unloading, 0.0291601 secs]2019-12-26T09:52:50.675+0800: 1788747.394: [scrub symbol table, 0.0093769 secs]2019-12-26T09:52:50.684+0800: 1788747.403: [scrub string table, 0.0017304 secs][1 CMS-remark: 830848K(1277952K)] 1452894K(2015232K), 0.1821636 secs] [Times: user=0.60 sys=0.00, real=0.18 secs] 
2019-12-26T09:52:50.689+0800: 1788747.408: [CMS-concurrent-sweep-start]
2019-12-26T09:52:50.987+0800: 1788747.706: [CMS-concurrent-sweep: 0.298/0.298 secs] [Times: user=0.30 sys=0.00, real=0.30 secs] 
2019-12-26T09:52:50.987+0800: 1788747.706: [CMS-concurrent-reset-start]
2019-12-26T09:52:50.990+0800: 1788747.709: [CMS-concurrent-reset: 0.003/0.003 secs] [Times: user=0.01 sys=0.00, real=0.00 secs] 
2019-12-26T09:52:52.991+0800: 1788749.710: [GC (CMS Initial Mark) [1 CMS-initial-mark: 830848K(1277952K)] 1453313K(2015232K), 0.1321926 secs] [Times: user=0.52 sys=0.00, real=0.14 secs] 
2019-12-26T09:52:53.124+0800: 1788749.843: [CMS-concurrent-mark-start]
2019-12-26T09:52:54.546+0800: 1788751.265: [CMS-concurrent-mark: 1.422/1.422 secs] [Times: user=1.44 sys=0.00, real=1.42 secs] 
2019-12-26T09:52:54.546+0800: 1788751.265: [CMS-concurrent-preclean-start]
2019-12-26T09:52:54.551+0800: 1788751.270: [CMS-concurrent-preclean: 0.004/0.004 secs] [Times: user=0.01 sys=0.00, real=0.00 secs] 
2019-12-26T09:52:54.551+0800: 1788751.270: [CMS-concurrent-abortable-preclean-start]
 CMS: abort preclean due to time 2019-12-26T09:52:59.638+0800: 1788756.357: [CMS-concurrent-abortable-preclean: 2.285/5.087 secs] [Times: user=2.34 sys=0.00, real=5.09 secs] 
2019-12-26T09:52:59.640+0800: 1788756.359: [GC (CMS Final Remark) [YG occupancy: 624773 K (737280 K)]2019-12-26T09:52:59.640+0800: 1788756.359: [Rescan (parallel) , 0.1394872 secs]2019-12-26T09:52:59.780+0800: 1788756.498: [weak refs processing, 0.0000657 secs]2019-12-26T09:52:59.780+0800: 1788756.498: [class unloading, 0.0289642 secs]2019-12-26T09:52:59.809+0800: 1788756.527: [scrub symbol table, 0.0092634 secs]2019-12-26T09:52:59.818+0800: 1788756.537: [scrub string table, 0.0016750 secs][1 CMS-remark: 830848K(1277952K)] 1455621K(2015232K), 0.1820918 secs] [Times: user=0.60 sys=0.00, real=0.18 secs] 
2019-12-26T09:52:59.822+0800: 1788756.541: [CMS-concurrent-sweep-start]
2019-12-26T09:53:00.120+0800: 1788756.839: [CMS-concurrent-sweep: 0.298/0.298 secs] [Times: user=0.30 sys=0.00, real=0.30 secs] 
2019-12-26T09:53:00.120+0800: 1788756.839: [CMS-concurrent-reset-start]
2019-12-26T09:53:00.123+0800: 1788756.842: [CMS-concurrent-reset: 0.003/0.003 secs] [Times: user=0.00 sys=0.00, real=0.00 secs] 
2019-12-26T09:53:02.124+0800: 1788758.843: [GC (CMS Initial Mark) [1 CMS-initial-mark: 830848K(1277952K)] 1455623K(2015232K), 0.1312427 secs] [Times: user=0.52 sys=0.00, real=0.14 secs] 
2019-12-26T09:53:02.256+0800: 1788758.975: [CMS-concurrent-mark-start]
2019-12-26T09:53:03.676+0800: 1788760.395: [CMS-concurrent-mark: 1.420/1.420 secs] [Times: user=1.44 sys=0.00, real=1.42 secs] 
2019-12-26T09:53:03.676+0800: 1788760.395: [CMS-concurrent-preclean-start]
2019-12-26T09:53:03.680+0800: 1788760.399: [CMS-concurrent-preclean: 0.004/0.004 secs] [Times: user=0.00 sys=0.00, real=0.00 secs] 
2019-12-26T09:53:03.680+0800: 1788760.399: [CMS-concurrent-abortable-preclean-start]
 CMS: abort preclean due to time 2019-12-26T09:53:08.746+0800: 1788765.465: [CMS-concurrent-abortable-preclean: 2.299/5.066 secs] [Times: user=2.39 sys=0.00, real=5.07 secs] 
2019-12-26T09:53:08.748+0800: 1788765.467: [GC (CMS Final Remark) [YG occupancy: 625796 K (737280 K)]2019-12-26T09:53:08.748+0800: 1788765.467: [Rescan (parallel) , 0.1404328 secs]2019-12-26T09:53:08.888+0800: 1788765.607: [weak refs processing, 0.0000817 secs]2019-12-26T09:53:08.889+0800: 1788765.607: [class unloading, 0.0293397 secs]2019-12-26T09:53:08.918+0800: 1788765.637: [scrub symbol table, 0.0094596 secs]2019-12-26T09:53:08.927+0800: 1788765.646: [scrub string table, 0.0017558 secs][1 CMS-remark: 830848K(1277952K)] 1456644K(2015232K), 0.1837926 secs] [Times: user=0.60 sys=0.00, real=0.18 secs] 
2019-12-26T09:53:08.932+0800: 1788765.651: [CMS-concurrent-sweep-start]
2019-12-26T09:53:09.236+0800: 1788765.955: [CMS-concurrent-sweep: 0.304/0.304 secs] [Times: user=0.31 sys=0.00, real=0.31 secs] 
2019-12-26T09:53:09.236+0800: 1788765.955: [CMS-concurrent-reset-start]
2019-12-26T09:53:09.239+0800: 1788765.958: [CMS-concurrent-reset: 0.003/0.003 secs] [Times: user=0.00 sys=0.00, real=0.00 secs] 
2019-12-26T09:53:11.240+0800: 1788767.959: [GC (CMS Initial Mark) [1 CMS-initial-mark: 830848K(1277952K)] 1456810K(2015232K), 0.1317391 secs] [Times: user=0.52 sys=0.00, real=0.13 secs] 
2019-12-26T09:53:11.372+0800: 1788768.091: [CMS-concurrent-mark-start]
2019-12-26T09:53:12.790+0800: 1788769.509: [CMS-concurrent-mark: 1.418/1.418 secs] [Times: user=1.43 sys=0.00, real=1.42 secs] 
2019-12-26T09:53:12.790+0800: 1788769.509: [CMS-concurrent-preclean-start]
2019-12-26T09:53:12.794+0800: 1788769.513: [CMS-concurrent-preclean: 0.004/0.004 secs] [Times: user=0.00 sys=0.00, real=0.00 secs] 
2019-12-26T09:53:12.794+0800: 1788769.513: [CMS-concurrent-abortable-preclean-start]
 CMS: abort preclean due to time 2019-12-26T09:53:17.841+0800: 1788774.559: [CMS-concurrent-abortable-preclean: 2.244/5.046 secs] [Times: user=2.30 sys=0.00, real=5.05 secs] 
2019-12-26T09:53:17.843+0800: 1788774.561: [GC (CMS Final Remark) [YG occupancy: 625966 K (737280 K)]2019-12-26T09:53:17.843+0800: 1788774.561: [Rescan (parallel) , 0.1401363 secs]2019-12-26T09:53:17.983+0800: 1788774.702: [weak refs processing, 0.0000658 secs]2019-12-26T09:53:17.983+0800: 1788774.702: [class unloading, 0.0289904 secs]2019-12-26T09:53:18.012+0800: 1788774.731: [scrub symbol table, 0.0091542 secs]2019-12-26T09:53:18.021+0800: 1788774.740: [scrub string table, 0.0017287 secs][1 CMS-remark: 830848K(1277952K)] 1456814K(2015232K), 0.1831734 secs] [Times: user=0.60 sys=0.00, real=0.18 secs] 
2019-12-26T09:53:18.026+0800: 1788774.745: [CMS-concurrent-sweep-start]
2019-12-26T09:53:18.323+0800: 1788775.042: [CMS-concurrent-sweep: 0.297/0.297 secs] [Times: user=0.30 sys=0.00, real=0.30 secs] 
2019-12-26T09:53:18.323+0800: 1788775.042: [CMS-concurrent-reset-start]
2019-12-26T09:53:18.326+0800: 1788775.045: [CMS-concurrent-reset: 0.003/0.003 secs] [Times: user=0.01 sys=0.00, real=0.00 secs] 
2019-12-26T09:53:20.327+0800: 1788777.046: [GC (CMS Initial Mark) [1 CMS-initial-mark: 830848K(1277952K)] 1456814K(2015232K), 0.1353009 secs] [Times: user=0.52 sys=0.00, real=0.14 secs] 
2019-12-26T09:53:20.463+0800: 1788777.182: [CMS-concurrent-mark-start]
2019-12-26T09:53:21.881+0800: 1788778.600: [CMS-concurrent-mark: 1.418/1.418 secs] [Times: user=1.43 sys=0.00, real=1.42 secs] 
2019-12-26T09:53:21.881+0800: 1788778.600: [CMS-concurrent-preclean-start]
2019-12-26T09:53:21.885+0800: 1788778.604: [CMS-concurrent-preclean: 0.004/0.004 secs] [Times: user=0.01 sys=0.00, real=0.00 secs] 
2019-12-26T09:53:21.885+0800: 1788778.604: [CMS-concurrent-abortable-preclean-start]
 CMS: abort preclean due to time 2019-12-26T09:53:26.923+0800: 1788783.642: [CMS-concurrent-abortable-preclean: 2.233/5.038 secs] [Times: user=2.29 sys=0.00, real=5.04 secs] 
2019-12-26T09:53:26.925+0800: 1788783.643: [GC (CMS Final Remark) [YG occupancy: 626394 K (737280 K)]2019-12-26T09:53:26.925+0800: 1788783.644: [Rescan (parallel) , 0.1511856 secs]2019-12-26T09:53:27.076+0800: 1788783.795: [weak refs processing, 0.0000641 secs]2019-12-26T09:53:27.076+0800: 1788783.795: [class unloading, 0.0296899 secs]2019-12-26T09:53:27.106+0800: 1788783.825: [scrub symbol table, 0.0089828 secs]2019-12-26T09:53:27.115+0800: 1788783.834: [scrub string table, 0.0017182 secs][1 CMS-remark: 830848K(1277952K)] 1457243K(2015232K), 0.1942905 secs] [Times: user=0.60 sys=0.00, real=0.20 secs] 
2019-12-26T09:53:27.119+0800: 1788783.838: [CMS-concurrent-sweep-start]
2019-12-26T09:53:27.412+0800: 1788784.131: [CMS-concurrent-sweep: 0.292/0.292 secs] [Times: user=0.30 sys=0.00, real=0.29 secs] 
2019-12-26T09:53:27.412+0800: 1788784.131: [CMS-concurrent-reset-start]
2019-12-26T09:53:27.415+0800: 1788784.134: [CMS-concurrent-reset: 0.003/0.003 secs] [Times: user=0.00 sys=0.00, real=0.00 secs] 
2019-12-26T09:53:29.416+0800: 1788786.135: [GC (CMS Initial Mark) [1 CMS-initial-mark: 830848K(1277952K)] 1459395K(2015232K), 0.1456489 secs] [Times: user=0.53 sys=0.00, real=0.15 secs] 
2019-12-26T09:53:29.562+0800: 1788786.281: [CMS-concurrent-mark-start]
2019-12-26T09:53:30.989+0800: 1788787.707: [CMS-concurrent-mark: 1.427/1.427 secs] [Times: user=1.44 sys=0.00, real=1.43 secs] 
2019-12-26T09:53:30.989+0800: 1788787.708: [CMS-concurrent-preclean-start]
2019-12-26T09:53:30.993+0800: 1788787.711: [CMS-concurrent-preclean: 0.004/0.004 secs] [Times: user=0.01 sys=0.00, real=0.00 secs] 
2019-12-26T09:53:30.993+0800: 1788787.711: [CMS-concurrent-abortable-preclean-start]
 CMS: abort preclean due to time 2019-12-26T09:53:36.018+0800: 1788792.737: [CMS-concurrent-abortable-preclean: 2.223/5.026 secs] [Times: user=2.27 sys=0.00, real=5.02 secs] 
2019-12-26T09:53:36.020+0800: 1788792.739: [GC (CMS Final Remark) [YG occupancy: 628883 K (737280 K)]2019-12-26T09:53:36.020+0800: 1788792.739: [Rescan (parallel) , 0.1778480 secs]2019-12-26T09:53:36.198+0800: 1788792.917: [weak refs processing, 0.0000941 secs]2019-12-26T09:53:36.198+0800: 1788792.917: [class unloading, 0.0293627 secs]2019-12-26T09:53:36.228+0800: 1788792.947: [scrub symbol table, 0.0095683 secs]2019-12-26T09:53:36.237+0800: 1788792.956: [scrub string table, 0.0017239 secs][1 CMS-remark: 830848K(1277952K)] 1459731K(2015232K), 0.2213594 secs] [Times: user=0.53 sys=0.00, real=0.22 secs] 
2019-12-26T09:53:36.242+0800: 1788792.961: [CMS-concurrent-sweep-start]
2019-12-26T09:53:36.539+0800: 1788793.258: [CMS-concurrent-sweep: 0.297/0.297 secs] [Times: user=0.30 sys=0.00, real=0.29 secs] 
2019-12-26T09:53:36.539+0800: 1788793.258: [CMS-concurrent-reset-start]
2019-12-26T09:53:36.542+0800: 1788793.261: [CMS-concurrent-reset: 0.003/0.003 secs] [Times: user=0.01 sys=0.00, real=0.01 secs] 
2019-12-26T09:53:38.544+0800: 1788795.263: [GC (CMS Initial Mark) [1 CMS-initial-mark: 830848K(1277952K)] 1459969K(2015232K), 0.1521077 secs] [Times: user=0.45 sys=0.00, real=0.15 secs] 
2019-12-26T09:53:38.696+0800: 1788795.415: [CMS-concurrent-mark-start]
2019-12-26T09:53:40.105+0800: 1788796.823: [CMS-concurrent-mark: 1.408/1.408 secs] [Times: user=1.42 sys=0.00, real=1.41 secs] 
2019-12-26T09:53:40.105+0800: 1788796.824: [CMS-concurrent-preclean-start]
2019-12-26T09:53:40.109+0800: 1788796.827: [CMS-concurrent-preclean: 0.004/0.004 secs] [Times: user=0.01 sys=0.00, real=0.00 secs] 
2019-12-26T09:53:40.109+0800: 1788796.827: [CMS-concurrent-abortable-preclean-start]
 CMS: abort preclean due to time 2019-12-26T09:53:45.172+0800: 1788801.891: [CMS-concurrent-abortable-preclean: 2.259/5.063 secs] [Times: user=2.32 sys=0.00, real=5.07 secs] 
2019-12-26T09:53:45.173+0800: 1788801.892: [GC (CMS Final Remark) [YG occupancy: 630692 K (737280 K)]2019-12-26T09:53:45.174+0800: 1788801.892: [Rescan (parallel) , 0.1408097 secs]2019-12-26T09:53:45.314+0800: 1788802.033: [weak refs processing, 0.0000657 secs]2019-12-26T09:53:45.315+0800: 1788802.033: [class unloading, 0.0290136 secs]2019-12-26T09:53:45.344+0800: 1788802.062: [scrub symbol table, 0.0094575 secs]2019-12-26T09:53:45.353+0800: 1788802.072: [scrub string table, 0.0016877 secs][1 CMS-remark: 830848K(1277952K)] 1461540K(2015232K), 0.1837080 secs] [Times: user=0.60 sys=0.00, real=0.18 secs] 
2019-12-26T09:53:45.358+0800: 1788802.076: [CMS-concurrent-sweep-start]
2019-12-26T09:53:45.649+0800: 1788802.368: [CMS-concurrent-sweep: 0.292/0.292 secs] [Times: user=0.30 sys=0.00, real=0.29 secs] 
2019-12-26T09:53:45.649+0800: 1788802.368: [CMS-concurrent-reset-start]
2019-12-26T09:53:45.652+0800: 1788802.371: [CMS-concurrent-reset: 0.003/0.003 secs] [Times: user=0.00 sys=0.00, real=0.01 secs] 
2019-12-26T09:53:47.653+0800: 1788804.372: [GC (CMS Initial Mark) [1 CMS-initial-mark: 830848K(1277952K)] 1461540K(2015232K), 0.1430985 secs] [Times: user=0.53 sys=0.00, real=0.14 secs] 
2019-12-26T09:53:47.797+0800: 1788804.515: [CMS-concurrent-mark-start]
2019-12-26T09:53:49.213+0800: 1788805.932: [CMS-concurrent-mark: 1.415/1.416 secs] [Times: user=1.45 sys=0.00, real=1.42 secs] 
2019-12-26T09:53:49.213+0800: 1788805.932: [CMS-concurrent-preclean-start]
2019-12-26T09:53:49.217+0800: 1788805.936: [CMS-concurrent-preclean: 0.004/0.004 secs] [Times: user=0.00 sys=0.00, real=0.00 secs] 
2019-12-26T09:53:49.217+0800: 1788805.936: [CMS-concurrent-abortable-preclean-start]
 CMS: abort preclean due to time 2019-12-26T09:53:54.275+0800: 1788810.994: [CMS-concurrent-abortable-preclean: 2.256/5.058 secs] [Times: user=2.31 sys=0.00, real=5.06 secs] 
2019-12-26T09:53:54.277+0800: 1788810.996: [GC (CMS Final Remark) [YG occupancy: 632464 K (737280 K)]2019-12-26T09:53:54.277+0800: 1788810.996: [Rescan (parallel) , 0.1419608 secs]2019-12-26T09:53:54.419+0800: 1788811.138: [weak refs processing, 0.0000657 secs]2019-12-26T09:53:54.419+0800: 1788811.138: [class unloading, 0.0290294 secs]2019-12-26T09:53:54.449+0800: 1788811.167: [scrub symbol table, 0.0094394 secs]2019-12-26T09:53:54.458+0800: 1788811.177: [scrub string table, 0.0017167 secs][1 CMS-remark: 830848K(1277952K)] 1463312K(2015232K), 0.1848967 secs] [Times: user=0.61 sys=0.00, real=0.18 secs] 
2019-12-26T09:53:54.463+0800: 1788811.181: [CMS-concurrent-sweep-start]
2019-12-26T09:53:54.753+0800: 1788811.472: [CMS-concurrent-sweep: 0.291/0.291 secs] [Times: user=0.29 sys=0.00, real=0.29 secs] 
2019-12-26T09:53:54.754+0800: 1788811.472: [CMS-concurrent-reset-start]
2019-12-26T09:53:54.757+0800: 1788811.475: [CMS-concurrent-reset: 0.003/0.003 secs] [Times: user=0.01 sys=0.00, real=0.00 secs] 
2019-12-26T09:53:56.758+0800: 1788813.476: [GC (CMS Initial Mark) [1 CMS-initial-mark: 830848K(1277952K)] 1464315K(2015232K), 0.1529421 secs] [Times: user=0.46 sys=0.00, real=0.15 secs] 
2019-12-26T09:53:56.911+0800: 1788813.630: [CMS-concurrent-mark-start]
2019-12-26T09:53:58.332+0800: 1788815.051: [CMS-concurrent-mark: 1.422/1.422 secs] [Times: user=1.43 sys=0.00, real=1.42 secs] 
2019-12-26T09:53:58.333+0800: 1788815.051: [CMS-concurrent-preclean-start]
2019-12-26T09:53:58.337+0800: 1788815.055: [CMS-concurrent-preclean: 0.004/0.004 secs] [Times: user=0.01 sys=0.00, real=0.01 secs] 
2019-12-26T09:53:58.337+0800: 1788815.055: [CMS-concurrent-abortable-preclean-start]
 CMS: abort preclean due to time 2019-12-26T09:54:03.408+0800: 1788820.127: [CMS-concurrent-abortable-preclean: 2.269/5.072 secs] [Times: user=2.31 sys=0.00, real=5.07 secs] 
2019-12-26T09:54:03.410+0800: 1788820.129: [GC (CMS Final Remark) [YG occupancy: 633469 K (737280 K)]2019-12-26T09:54:03.410+0800: 1788820.129: [Rescan (parallel) , 0.1630160 secs]2019-12-26T09:54:03.573+0800: 1788820.292: [weak refs processing, 0.0000663 secs]2019-12-26T09:54:03.573+0800: 1788820.292: [class unloading, 0.0290472 secs]2019-12-26T09:54:03.602+0800: 1788820.321: [scrub symbol table, 0.0090621 secs]2019-12-26T09:54:03.611+0800: 1788820.330: [scrub string table, 0.0017226 secs][1 CMS-remark: 830848K(1277952K)] 1464317K(2015232K), 0.2055839 secs] [Times: user=0.53 sys=0.00, real=0.21 secs] 
2019-12-26T09:54:03.616+0800: 1788820.335: [CMS-concurrent-sweep-start]
2019-12-26T09:54:03.907+0800: 1788820.626: [CMS-concurrent-sweep: 0.291/0.291 secs] [Times: user=0.29 sys=0.00, real=0.29 secs] 
2019-12-26T09:54:03.907+0800: 1788820.626: [CMS-concurrent-reset-start]
2019-12-26T09:54:03.911+0800: 1788820.629: [CMS-concurrent-reset: 0.003/0.003 secs] [Times: user=0.01 sys=0.00, real=0.00 secs] 
2019-12-26T09:54:05.911+0800: 1788822.630: [GC (CMS Initial Mark) [1 CMS-initial-mark: 830848K(1277952K)] 1464392K(2015232K), 0.1622612 secs] [Times: user=0.48 sys=0.00, real=0.16 secs] 
2019-12-26T09:54:06.074+0800: 1788822.793: [CMS-concurrent-mark-start]
2019-12-26T09:54:07.482+0800: 1788824.201: [CMS-concurrent-mark: 1.408/1.408 secs] [Times: user=1.42 sys=0.00, real=1.41 secs] 
2019-12-26T09:54:07.482+0800: 1788824.201: [CMS-concurrent-preclean-start]
2019-12-26T09:54:07.486+0800: 1788824.205: [CMS-concurrent-preclean: 0.004/0.004 secs] [Times: user=0.01 sys=0.00, real=0.01 secs] 
2019-12-26T09:54:07.486+0800: 1788824.205: [CMS-concurrent-abortable-preclean-start]
 CMS: abort preclean due to time 2019-12-26T09:54:12.522+0800: 1788829.241: [CMS-concurrent-abortable-preclean: 2.319/5.036 secs] [Times: user=2.38 sys=0.00, real=5.03 secs] 
2019-12-26T09:54:12.524+0800: 1788829.243: [GC (CMS Final Remark) [YG occupancy: 634260 K (737280 K)]2019-12-26T09:54:12.524+0800: 1788829.243: [Rescan (parallel) , 0.1629021 secs]2019-12-26T09:54:12.687+0800: 1788829.406: [weak refs processing, 0.0000666 secs]2019-12-26T09:54:12.687+0800: 1788829.406: [class unloading, 0.0288751 secs]2019-12-26T09:54:12.716+0800: 1788829.435: [scrub symbol table, 0.0093651 secs]2019-12-26T09:54:12.726+0800: 1788829.444: [scrub string table, 0.0017126 secs][1 CMS-remark: 830848K(1277952K)] 1465109K(2015232K), 0.2055742 secs] [Times: user=0.53 sys=0.00, real=0.21 secs] 
2019-12-26T09:54:12.730+0800: 1788829.449: [CMS-concurrent-sweep-start]
2019-12-26T09:54:13.022+0800: 1788829.740: [CMS-concurrent-sweep: 0.291/0.291 secs] [Times: user=0.30 sys=0.00, real=0.29 secs] 
2019-12-26T09:54:13.022+0800: 1788829.741: [CMS-concurrent-reset-start]
2019-12-26T09:54:13.025+0800: 1788829.744: [CMS-concurrent-reset: 0.003/0.003 secs] [Times: user=0.00 sys=0.00, real=0.00 secs] 
2019-12-26T09:54:15.027+0800: 1788831.745: [GC (CMS Initial Mark) [1 CMS-initial-mark: 830848K(1277952K)] 1465705K(2015232K), 0.1520213 secs] [Times: user=0.45 sys=0.00, real=0.15 secs] 
2019-12-26T09:54:15.179+0800: 1788831.898: [CMS-concurrent-mark-start]
2019-12-26T09:54:16.585+0800: 1788833.304: [CMS-concurrent-mark: 1.406/1.406 secs] [Times: user=1.42 sys=0.00, real=1.40 secs] 
2019-12-26T09:54:16.585+0800: 1788833.304: [CMS-concurrent-preclean-start]
2019-12-26T09:54:16.589+0800: 1788833.308: [CMS-concurrent-preclean: 0.004/0.004 secs] [Times: user=0.01 sys=0.00, real=0.01 secs] 
2019-12-26T09:54:16.589+0800: 1788833.308: [CMS-concurrent-abortable-preclean-start]
 CMS: abort preclean due to time 2019-12-26T09:54:21.724+0800: 1788838.442: [CMS-concurrent-abortable-preclean: 2.332/5.134 secs] [Times: user=2.41 sys=0.00, real=5.13 secs] 
2019-12-26T09:54:21.725+0800: 1788838.444: [GC (CMS Final Remark) [YG occupancy: 636003 K (737280 K)]2019-12-26T09:54:21.725+0800: 1788838.444: [Rescan (parallel) , 0.1706466 secs]2019-12-26T09:54:21.896+0800: 1788838.615: [weak refs processing, 0.0000621 secs]2019-12-26T09:54:21.896+0800: 1788838.615: [class unloading, 0.0294881 secs]2019-12-26T09:54:21.926+0800: 1788838.645: [scrub symbol table, 0.0093203 secs]2019-12-26T09:54:21.935+0800: 1788838.654: [scrub string table, 0.0016937 secs][1 CMS-remark: 830848K(1277952K)] 1466851K(2015232K), 0.2138395 secs] [Times: user=0.55 sys=0.00, real=0.22 secs] 
2019-12-26T09:54:21.940+0800: 1788838.658: [CMS-concurrent-sweep-start]
2019-12-26T09:54:22.231+0800: 1788838.950: [CMS-concurrent-sweep: 0.291/0.291 secs] [Times: user=0.29 sys=0.00, real=0.29 secs] 
2019-12-26T09:54:22.231+0800: 1788838.950: [CMS-concurrent-reset-start]
2019-12-26T09:54:22.234+0800: 1788838.953: [CMS-concurrent-reset: 0.003/0.003 secs] [Times: user=0.01 sys=0.00, real=0.00 secs] 
2019-12-26T09:54:24.235+0800: 1788840.954: [GC (CMS Initial Mark) [1 CMS-initial-mark: 830848K(1277952K)] 1466851K(2015232K), 0.1474501 secs] [Times: user=0.54 sys=0.00, real=0.15 secs] 
2019-12-26T09:54:24.383+0800: 1788841.102: [CMS-concurrent-mark-start]
2019-12-26T09:54:25.801+0800: 1788842.520: [CMS-concurrent-mark: 1.416/1.418 secs] [Times: user=1.43 sys=0.00, real=1.42 secs] 
2019-12-26T09:54:25.801+0800: 1788842.520: [CMS-concurrent-preclean-start]
2019-12-26T09:54:25.805+0800: 1788842.524: [CMS-concurrent-preclean: 0.004/0.004 secs] [Times: user=0.01 sys=0.00, real=0.00 secs] 
2019-12-26T09:54:25.805+0800: 1788842.524: [CMS-concurrent-abortable-preclean-start]
 CMS: abort preclean due to time 2019-12-26T09:54:30.869+0800: 1788847.588: [CMS-concurrent-abortable-preclean: 2.261/5.064 secs] [Times: user=2.33 sys=0.00, real=5.07 secs] 
2019-12-26T09:54:30.871+0800: 1788847.589: [GC (CMS Final Remark) [YG occupancy: 639121 K (737280 K)]2019-12-26T09:54:30.871+0800: 1788847.590: [Rescan (parallel) , 0.1451138 secs]2019-12-26T09:54:31.016+0800: 1788847.735: [weak refs processing, 0.0000652 secs]2019-12-26T09:54:31.016+0800: 1788847.735: [class unloading, 0.0289510 secs]2019-12-26T09:54:31.045+0800: 1788847.764: [scrub symbol table, 0.0091466 secs]2019-12-26T09:54:31.054+0800: 1788847.773: [scrub string table, 0.0017194 secs][1 CMS-remark: 830848K(1277952K)] 1469969K(2015232K), 0.1876795 secs] [Times: user=0.61 sys=0.00, real=0.18 secs] 
2019-12-26T09:54:31.059+0800: 1788847.777: [CMS-concurrent-sweep-start]
2019-12-26T09:54:31.350+0800: 1788848.069: [CMS-concurrent-sweep: 0.292/0.292 secs] [Times: user=0.29 sys=0.00, real=0.29 secs] 
2019-12-26T09:54:31.351+0800: 1788848.069: [CMS-concurrent-reset-start]
2019-12-26T09:54:31.354+0800: 1788848.072: [CMS-concurrent-reset: 0.003/0.003 secs] [Times: user=0.01 sys=0.00, real=0.00 secs] 
2019-12-26T09:54:33.354+0800: 1788850.073: [GC (CMS Initial Mark) [1 CMS-initial-mark: 830848K(1277952K)] 1470341K(2015232K), 0.1548589 secs] [Times: user=0.46 sys=0.00, real=0.16 secs] 
2019-12-26T09:54:33.510+0800: 1788850.228: [CMS-concurrent-mark-start]
2019-12-26T09:54:34.916+0800: 1788851.635: [CMS-concurrent-mark: 1.406/1.406 secs] [Times: user=1.42 sys=0.00, real=1.40 secs] 
2019-12-26T09:54:34.916+0800: 1788851.635: [CMS-concurrent-preclean-start]
2019-12-26T09:54:34.920+0800: 1788851.639: [CMS-concurrent-preclean: 0.004/0.004 secs] [Times: user=0.00 sys=0.00, real=0.01 secs] 
2019-12-26T09:54:34.920+0800: 1788851.639: [CMS-concurrent-abortable-preclean-start]
 CMS: abort preclean due to time 2019-12-26T09:54:39.936+0800: 1788856.655: [CMS-concurrent-abortable-preclean: 2.212/5.016 secs] [Times: user=2.27 sys=0.00, real=5.01 secs] 
2019-12-26T09:54:39.938+0800: 1788856.657: [GC (CMS Final Remark) [YG occupancy: 639735 K (737280 K)]2019-12-26T09:54:39.938+0800: 1788856.657: [Rescan (parallel) , 0.1567576 secs]2019-12-26T09:54:40.095+0800: 1788856.814: [weak refs processing, 0.0000641 secs]2019-12-26T09:54:40.095+0800: 1788856.814: [class unloading, 0.0291527 secs]2019-12-26T09:54:40.124+0800: 1788856.843: [scrub symbol table, 0.0093501 secs]2019-12-26T09:54:40.133+0800: 1788856.852: [scrub string table, 0.0017112 secs][1 CMS-remark: 830848K(1277952K)] 1470583K(2015232K), 0.1996605 secs] [Times: user=0.56 sys=0.00, real=0.20 secs] 
2019-12-26T09:54:40.138+0800: 1788856.857: [CMS-concurrent-sweep-start]
2019-12-26T09:54:40.433+0800: 1788857.152: [CMS-concurrent-sweep: 0.295/0.295 secs] [Times: user=0.30 sys=0.00, real=0.30 secs] 
2019-12-26T09:54:40.433+0800: 1788857.152: [CMS-concurrent-reset-start]
2019-12-26T09:54:40.437+0800: 1788857.155: [CMS-concurrent-reset: 0.003/0.003 secs] [Times: user=0.00 sys=0.00, real=0.00 secs] 
2019-12-26T09:54:42.437+0800: 1788859.156: [GC (CMS Initial Mark) [1 CMS-initial-mark: 830848K(1277952K)] 1470583K(2015232K), 0.1353368 secs] [Times: user=0.53 sys=0.00, real=0.14 secs] 
2019-12-26T09:54:42.573+0800: 1788859.292: [CMS-concurrent-mark-start]
2019-12-26T09:54:43.988+0800: 1788860.707: [CMS-concurrent-mark: 1.410/1.415 secs] [Times: user=1.44 sys=0.00, real=1.41 secs] 
2019-12-26T09:54:43.988+0800: 1788860.707: [CMS-concurrent-preclean-start]
2019-12-26T09:54:43.992+0800: 1788860.711: [CMS-concurrent-preclean: 0.004/0.004 secs] [Times: user=0.00 sys=0.00, real=0.01 secs] 
2019-12-26T09:54:43.992+0800: 1788860.711: [CMS-concurrent-abortable-preclean-start]
 CMS: abort preclean due to time 2019-12-26T09:54:49.033+0800: 1788865.752: [CMS-concurrent-abortable-preclean: 2.283/5.041 secs] [Times: user=2.35 sys=0.00, real=5.04 secs] 
2019-12-26T09:54:49.035+0800: 1788865.754: [GC (CMS Final Remark) [YG occupancy: 641039 K (737280 K)]2019-12-26T09:54:49.035+0800: 1788865.754: [Rescan (parallel) , 0.1433557 secs]2019-12-26T09:54:49.178+0800: 1788865.897: [weak refs processing, 0.0000639 secs]2019-12-26T09:54:49.178+0800: 1788865.897: [class unloading, 0.0290623 secs]2019-12-26T09:54:49.208+0800: 1788865.926: [scrub symbol table, 0.0095483 secs]2019-12-26T09:54:49.217+0800: 1788865.936: [scrub string table, 0.0017292 secs][1 CMS-remark: 830848K(1277952K)] 1471887K(2015232K), 0.1864126 secs] [Times: user=0.61 sys=0.00, real=0.19 secs] 
2019-12-26T09:54:49.222+0800: 1788865.940: [CMS-concurrent-sweep-start]
2019-12-26T09:54:49.514+0800: 1788866.232: [CMS-concurrent-sweep: 0.292/0.292 secs] [Times: user=0.30 sys=0.00, real=0.29 secs] 
2019-12-26T09:54:49.514+0800: 1788866.233: [CMS-concurrent-reset-start]
2019-12-26T09:54:49.517+0800: 1788866.236: [CMS-concurrent-reset: 0.003/0.003 secs] [Times: user=0.00 sys=0.00, real=0.00 secs] 
2019-12-26T09:54:51.518+0800: 1788868.236: [GC (CMS Initial Mark) [1 CMS-initial-mark: 830848K(1277952K)] 1471887K(2015232K), 0.1354177 secs] [Times: user=0.54 sys=0.00, real=0.14 secs] 
2019-12-26T09:54:51.653+0800: 1788868.372: [CMS-concurrent-mark-start]
2019-12-26T09:54:53.069+0800: 1788869.788: [CMS-concurrent-mark: 1.416/1.416 secs] [Times: user=1.43 sys=0.00, real=1.41 secs] 
2019-12-26T09:54:53.069+0800: 1788869.788: [CMS-concurrent-preclean-start]
2019-12-26T09:54:53.073+0800: 1788869.792: [CMS-concurrent-preclean: 0.004/0.004 secs] [Times: user=0.01 sys=0.00, real=0.01 secs] 
2019-12-26T09:54:53.073+0800: 1788869.792: [CMS-concurrent-abortable-preclean-start]
 CMS: abort preclean due to time 2019-12-26T09:54:58.100+0800: 1788874.819: [CMS-concurrent-abortable-preclean: 2.224/5.027 secs] [Times: user=2.27 sys=0.00, real=5.02 secs] 
2019-12-26T09:54:58.102+0800: 1788874.821: [GC (CMS Final Remark) [YG occupancy: 641050 K (737280 K)]2019-12-26T09:54:58.102+0800: 1788874.821: [Rescan (parallel) , 0.1435737 secs]2019-12-26T09:54:58.245+0800: 1788874.964: [weak refs processing, 0.0000660 secs]2019-12-26T09:54:58.246+0800: 1788874.964: [class unloading, 0.0291511 secs]2019-12-26T09:54:58.275+0800: 1788874.994: [scrub symbol table, 0.0092866 secs]2019-12-26T09:54:58.284+0800: 1788875.003: [scrub string table, 0.0017674 secs][1 CMS-remark: 830848K(1277952K)] 1471898K(2015232K), 0.1865480 secs] [Times: user=0.62 sys=0.00, real=0.19 secs] 
2019-12-26T09:54:58.289+0800: 1788875.007: [CMS-concurrent-sweep-start]
2019-12-26T09:54:58.583+0800: 1788875.302: [CMS-concurrent-sweep: 0.295/0.295 secs] [Times: user=0.30 sys=0.00, real=0.30 secs] 
2019-12-26T09:54:58.583+0800: 1788875.302: [CMS-concurrent-reset-start]
2019-12-26T09:54:58.587+0800: 1788875.305: [CMS-concurrent-reset: 0.003/0.003 secs] [Times: user=0.00 sys=0.00, real=0.00 secs] 
2019-12-26T09:55:00.587+0800: 1788877.306: [GC (CMS Initial Mark) [1 CMS-initial-mark: 830848K(1277952K)] 1472311K(2015232K), 0.1356552 secs] [Times: user=0.54 sys=0.00, real=0.14 secs] 
2019-12-26T09:55:00.723+0800: 1788877.442: [CMS-concurrent-mark-start]
2019-12-26T09:55:02.174+0800: 1788878.893: [CMS-concurrent-mark: 1.451/1.451 secs] [Times: user=1.47 sys=0.00, real=1.45 secs] 
2019-12-26T09:55:02.174+0800: 1788878.893: [CMS-concurrent-preclean-start]
2019-12-26T09:55:02.178+0800: 1788878.897: [CMS-concurrent-preclean: 0.004/0.004 secs] [Times: user=0.00 sys=0.00, real=0.00 secs] 
2019-12-26T09:55:02.178+0800: 1788878.897: [CMS-concurrent-abortable-preclean-start]
 CMS: abort preclean due to time 2019-12-26T09:55:07.208+0800: 1788883.927: [CMS-concurrent-abortable-preclean: 2.227/5.029 secs] [Times: user=2.29 sys=0.00, real=5.03 secs] 
2019-12-26T09:55:07.209+0800: 1788883.928: [GC (CMS Final Remark) [YG occupancy: 641670 K (737280 K)]2019-12-26T09:55:07.210+0800: 1788883.928: [Rescan (parallel) , 0.1437475 secs]2019-12-26T09:55:07.353+0800: 1788884.072: [weak refs processing, 0.0000633 secs]2019-12-26T09:55:07.353+0800: 1788884.072: [class unloading, 0.0300732 secs]2019-12-26T09:55:07.384+0800: 1788884.102: [scrub symbol table, 0.0089830 secs]2019-12-26T09:55:07.393+0800: 1788884.111: [scrub string table, 0.0017117 secs][1 CMS-remark: 830848K(1277952K)] 1472518K(2015232K), 0.1872244 secs] [Times: user=0.62 sys=0.00, real=0.19 secs] 
2019-12-26T09:55:07.397+0800: 1788884.116: [CMS-concurrent-sweep-start]
2019-12-26T09:55:07.692+0800: 1788884.411: [CMS-concurrent-sweep: 0.295/0.295 secs] [Times: user=0.30 sys=0.00, real=0.29 secs] 
2019-12-26T09:55:07.692+0800: 1788884.411: [CMS-concurrent-reset-start]
2019-12-26T09:55:07.695+0800: 1788884.414: [CMS-concurrent-reset: 0.003/0.003 secs] [Times: user=0.00 sys=0.00, real=0.01 secs] 
2019-12-26T09:55:09.697+0800: 1788886.415: [GC (CMS Initial Mark) [1 CMS-initial-mark: 830848K(1277952K)] 1473119K(2015232K), 0.1354143 secs] [Times: user=0.54 sys=0.00, real=0.13 secs] 
2019-12-26T09:55:09.832+0800: 1788886.551: [CMS-concurrent-mark-start]
2019-12-26T09:55:11.247+0800: 1788887.966: [CMS-concurrent-mark: 1.415/1.415 secs] [Times: user=1.43 sys=0.00, real=1.42 secs] 
2019-12-26T09:55:11.247+0800: 1788887.966: [CMS-concurrent-preclean-start]
2019-12-26T09:55:11.251+0800: 1788887.970: [CMS-concurrent-preclean: 0.004/0.004 secs] [Times: user=0.01 sys=0.00, real=0.00 secs] 
2019-12-26T09:55:11.251+0800: 1788887.970: [CMS-concurrent-abortable-preclean-start]
 CMS: abort preclean due to time 2019-12-26T09:55:16.282+0800: 1788893.001: [CMS-concurrent-abortable-preclean: 2.228/5.030 secs] [Times: user=2.27 sys=0.00, real=5.03 secs] 
2019-12-26T09:55:16.284+0800: 1788893.003: [GC (CMS Final Remark) [YG occupancy: 642845 K (737280 K)]2019-12-26T09:55:16.284+0800: 1788893.003: [Rescan (parallel) , 0.1444943 secs]2019-12-26T09:55:16.428+0800: 1788893.147: [weak refs processing, 0.0000658 secs]2019-12-26T09:55:16.429+0800: 1788893.147: [class unloading, 0.0293116 secs]2019-12-26T09:55:16.458+0800: 1788893.177: [scrub symbol table, 0.0092629 secs]2019-12-26T09:55:16.467+0800: 1788893.186: [scrub string table, 0.0017295 secs][1 CMS-remark: 830848K(1277952K)] 1473693K(2015232K), 0.1875644 secs] [Times: user=0.62 sys=0.00, real=0.19 secs] 
2019-12-26T09:55:16.472+0800: 1788893.191: [CMS-concurrent-sweep-start]
2019-12-26T09:55:16.764+0800: 1788893.483: [CMS-concurrent-sweep: 0.292/0.292 secs] [Times: user=0.30 sys=0.00, real=0.29 secs] 
2019-12-26T09:55:16.764+0800: 1788893.483: [CMS-concurrent-reset-start]
2019-12-26T09:55:16.767+0800: 1788893.486: [CMS-concurrent-reset: 0.003/0.003 secs] [Times: user=0.00 sys=0.00, real=0.01 secs] 
2019-12-26T09:55:18.768+0800: 1788895.487: [GC (CMS Initial Mark) [1 CMS-initial-mark: 830848K(1277952K)] 1475313K(2015232K), 0.1349079 secs] [Times: user=0.53 sys=0.00, real=0.13 secs] 
2019-12-26T09:55:18.903+0800: 1788895.622: [CMS-concurrent-mark-start]
2019-12-26T09:55:20.319+0800: 1788897.037: [CMS-concurrent-mark: 1.415/1.415 secs] [Times: user=1.43 sys=0.00, real=1.42 secs] 
2019-12-26T09:55:20.319+0800: 1788897.038: [CMS-concurrent-preclean-start]
2019-12-26T09:55:20.323+0800: 1788897.042: [CMS-concurrent-preclean: 0.004/0.004 secs] [Times: user=0.01 sys=0.00, real=0.00 secs] 
2019-12-26T09:55:20.323+0800: 1788897.042: [CMS-concurrent-abortable-preclean-start]
 CMS: abort preclean due to time 2019-12-26T09:55:25.367+0800: 1788902.085: [CMS-concurrent-abortable-preclean: 2.241/5.044 secs] [Times: user=2.29 sys=0.00, real=5.05 secs] 
2019-12-26T09:55:25.368+0800: 1788902.087: [GC (CMS Final Remark) [YG occupancy: 644648 K (737280 K)]2019-12-26T09:55:25.368+0800: 1788902.087: [Rescan (parallel) , 0.1450212 secs]2019-12-26T09:55:25.514+0800: 1788902.232: [weak refs processing, 0.0000747 secs]2019-12-26T09:55:25.514+0800: 1788902.232: [class unloading, 0.0289100 secs]2019-12-26T09:55:25.543+0800: 1788902.261: [scrub symbol table, 0.0091287 secs]2019-12-26T09:55:25.552+0800: 1788902.271: [scrub string table, 0.0016999 secs][1 CMS-remark: 830848K(1277952K)] 1475496K(2015232K), 0.1875386 secs] [Times: user=0.62 sys=0.00, real=0.18 secs] 
2019-12-26T09:55:25.556+0800: 1788902.275: [CMS-concurrent-sweep-start]
2019-12-26T09:55:25.849+0800: 1788902.568: [CMS-concurrent-sweep: 0.293/0.293 secs] [Times: user=0.29 sys=0.00, real=0.30 secs] 
2019-12-26T09:55:25.849+0800: 1788902.568: [CMS-concurrent-reset-start]
2019-12-26T09:55:25.852+0800: 1788902.571: [CMS-concurrent-reset: 0.003/0.003 secs] [Times: user=0.01 sys=0.00, real=0.00 secs] 
2019-12-26T09:55:27.853+0800: 1788904.572: [GC (CMS Initial Mark) [1 CMS-initial-mark: 830848K(1277952K)] 1475496K(2015232K), 0.1356978 secs] [Times: user=0.54 sys=0.00, real=0.14 secs] 
2019-12-26T09:55:27.989+0800: 1788904.708: [CMS-concurrent-mark-start]
2019-12-26T09:55:29.414+0800: 1788906.133: [CMS-concurrent-mark: 1.425/1.425 secs] [Times: user=1.44 sys=0.00, real=1.42 secs] 
2019-12-26T09:55:29.414+0800: 1788906.133: [CMS-concurrent-preclean-start]
2019-12-26T09:55:29.418+0800: 1788906.137: [CMS-concurrent-preclean: 0.004/0.004 secs] [Times: user=0.00 sys=0.00, real=0.01 secs] 
2019-12-26T09:55:29.418+0800: 1788906.137: [CMS-concurrent-abortable-preclean-start]
 CMS: abort preclean due to time 2019-12-26T09:55:34.578+0800: 1788911.297: [CMS-concurrent-abortable-preclean: 2.354/5.160 secs] [Times: user=2.43 sys=0.00, real=5.16 secs] 
2019-12-26T09:55:34.580+0800: 1788911.299: [GC (CMS Final Remark) [YG occupancy: 646962 K (737280 K)]2019-12-26T09:55:34.580+0800: 1788911.299: [Rescan (parallel) , 0.1441660 secs]2019-12-26T09:55:34.724+0800: 1788911.443: [weak refs processing, 0.0000740 secs]2019-12-26T09:55:34.724+0800: 1788911.443: [class unloading, 0.0290310 secs]2019-12-26T09:55:34.753+0800: 1788911.472: [scrub symbol table, 0.0093927 secs]2019-12-26T09:55:34.763+0800: 1788911.482: [scrub string table, 0.0017157 secs][1 CMS-remark: 830848K(1277952K)] 1477810K(2015232K), 0.1870187 secs] [Times: user=0.61 sys=0.00, real=0.18 secs] 
2019-12-26T09:55:34.767+0800: 1788911.486: [CMS-concurrent-sweep-start]
2019-12-26T09:55:35.062+0800: 1788911.781: [CMS-concurrent-sweep: 0.292/0.295 secs] [Times: user=0.30 sys=0.00, real=0.30 secs] 
2019-12-26T09:55:35.062+0800: 1788911.781: [CMS-concurrent-reset-start]
2019-12-26T09:55:35.065+0800: 1788911.784: [CMS-concurrent-reset: 0.003/0.003 secs] [Times: user=0.00 sys=0.00, real=0.00 secs] 
2019-12-26T09:55:37.066+0800: 1788913.785: [GC (CMS Initial Mark) [1 CMS-initial-mark: 830848K(1277952K)] 1477815K(2015232K), 0.1357394 secs] [Times: user=0.53 sys=0.00, real=0.14 secs] 
2019-12-26T09:55:37.202+0800: 1788913.921: [CMS-concurrent-mark-start]
2019-12-26T09:55:38.625+0800: 1788915.344: [CMS-concurrent-mark: 1.423/1.423 secs] [Times: user=1.44 sys=0.00, real=1.42 secs] 
2019-12-26T09:55:38.625+0800: 1788915.344: [CMS-concurrent-preclean-start]
2019-12-26T09:55:38.629+0800: 1788915.348: [CMS-concurrent-preclean: 0.004/0.004 secs] [Times: user=0.00 sys=0.00, real=0.01 secs] 
2019-12-26T09:55:38.629+0800: 1788915.348: [CMS-concurrent-abortable-preclean-start]
 CMS: abort preclean due to time 2019-12-26T09:55:43.636+0800: 1788920.355: [CMS-concurrent-abortable-preclean: 2.202/5.006 secs] [Times: user=2.26 sys=0.00, real=5.00 secs] 
2019-12-26T09:55:43.638+0800: 1788920.356: [GC (CMS Final Remark) [YG occupancy: 647532 K (737280 K)]2019-12-26T09:55:43.638+0800: 1788920.356: [Rescan (parallel) , 0.1447924 secs]2019-12-26T09:55:43.782+0800: 1788920.501: [weak refs processing, 0.0000658 secs]2019-12-26T09:55:43.783+0800: 1788920.501: [class unloading, 0.0287450 secs]2019-12-26T09:55:43.811+0800: 1788920.530: [scrub symbol table, 0.0092073 secs]2019-12-26T09:55:43.821+0800: 1788920.539: [scrub string table, 0.0017081 secs][1 CMS-remark: 830848K(1277952K)] 1478381K(2015232K), 0.1871822 secs] [Times: user=0.62 sys=0.00, real=0.19 secs] 
2019-12-26T09:55:43.825+0800: 1788920.544: [CMS-concurrent-sweep-start]
2019-12-26T09:55:44.120+0800: 1788920.839: [CMS-concurrent-sweep: 0.295/0.295 secs] [Times: user=0.29 sys=0.00, real=0.30 secs] 
2019-12-26T09:55:44.120+0800: 1788920.839: [CMS-concurrent-reset-start]
2019-12-26T09:55:44.123+0800: 1788920.842: [CMS-concurrent-reset: 0.003/0.003 secs] [Times: user=0.01 sys=0.00, real=0.00 secs] 
2019-12-26T09:55:46.124+0800: 1788922.843: [GC (CMS Initial Mark) [1 CMS-initial-mark: 830848K(1277952K)] 1478381K(2015232K), 0.1368308 secs] [Times: user=0.54 sys=0.00, real=0.14 secs] 
2019-12-26T09:55:46.261+0800: 1788922.980: [CMS-concurrent-mark-start]
2019-12-26T09:55:47.679+0800: 1788924.398: [CMS-concurrent-mark: 1.418/1.418 secs] [Times: user=1.44 sys=0.00, real=1.41 secs] 
2019-12-26T09:55:47.679+0800: 1788924.398: [CMS-concurrent-preclean-start]
2019-12-26T09:55:47.683+0800: 1788924.401: [CMS-concurrent-preclean: 0.004/0.004 secs] [Times: user=0.00 sys=0.00, real=0.01 secs] 
2019-12-26T09:55:47.683+0800: 1788924.402: [CMS-concurrent-abortable-preclean-start]
 CMS: abort preclean due to time 2019-12-26T09:55:52.696+0800: 1788929.415: [CMS-concurrent-abortable-preclean: 2.211/5.013 secs] [Times: user=2.26 sys=0.00, real=5.01 secs] 
2019-12-26T09:55:52.698+0800: 1788929.417: [GC (CMS Final Remark) [YG occupancy: 647544 K (737280 K)]2019-12-26T09:55:52.698+0800: 1788929.417: [Rescan (parallel) , 0.1450068 secs]2019-12-26T09:55:52.843+0800: 1788929.562: [weak refs processing, 0.0000643 secs]2019-12-26T09:55:52.843+0800: 1788929.562: [class unloading, 0.0287520 secs]2019-12-26T09:55:52.872+0800: 1788929.591: [scrub symbol table, 0.0094744 secs]2019-12-26T09:55:52.881+0800: 1788929.600: [scrub string table, 0.0017179 secs][1 CMS-remark: 830848K(1277952K)] 1478392K(2015232K), 0.1876673 secs] [Times: user=0.63 sys=0.00, real=0.19 secs] 
2019-12-26T09:55:52.886+0800: 1788929.605: [CMS-concurrent-sweep-start]
2019-12-26T09:55:53.182+0800: 1788929.901: [CMS-concurrent-sweep: 0.296/0.296 secs] [Times: user=0.30 sys=0.00, real=0.30 secs] 
2019-12-26T09:55:53.182+0800: 1788929.901: [CMS-concurrent-reset-start]
2019-12-26T09:55:53.185+0800: 1788929.904: [CMS-concurrent-reset: 0.003/0.003 secs] [Times: user=0.00 sys=0.00, real=0.00 secs] 
2019-12-26T09:55:55.186+0800: 1788931.905: [GC (CMS Initial Mark) [1 CMS-initial-mark: 830848K(1277952K)] 1478392K(2015232K), 0.1363143 secs] [Times: user=0.54 sys=0.00, real=0.14 secs] 
2019-12-26T09:55:55.322+0800: 1788932.041: [CMS-concurrent-mark-start]
2019-12-26T09:55:56.730+0800: 1788933.449: [CMS-concurrent-mark: 1.407/1.407 secs] [Times: user=1.42 sys=0.00, real=1.40 secs] 
2019-12-26T09:55:56.730+0800: 1788933.449: [CMS-concurrent-preclean-start]
2019-12-26T09:55:56.734+0800: 1788933.452: [CMS-concurrent-preclean: 0.004/0.004 secs] [Times: user=0.01 sys=0.00, real=0.01 secs] 
2019-12-26T09:55:56.734+0800: 1788933.452: [CMS-concurrent-abortable-preclean-start]
 CMS: abort preclean due to time 2019-12-26T09:56:01.750+0800: 1788938.469: [CMS-concurrent-abortable-preclean: 2.214/5.016 secs] [Times: user=2.26 sys=0.00, real=5.01 secs] 
2019-12-26T09:56:01.752+0800: 1788938.471: [GC (CMS Final Remark) [YG occupancy: 648120 K (737280 K)]2019-12-26T09:56:01.752+0800: 1788938.471: [Rescan (parallel) , 0.1447474 secs]2019-12-26T09:56:01.897+0800: 1788938.616: [weak refs processing, 0.0000677 secs]2019-12-26T09:56:01.897+0800: 1788938.616: [class unloading, 0.0293019 secs]2019-12-26T09:56:01.926+0800: 1788938.645: [scrub symbol table, 0.0093814 secs]2019-12-26T09:56:01.936+0800: 1788938.654: [scrub string table, 0.0017190 secs][1 CMS-remark: 830848K(1277952K)] 1478968K(2015232K), 0.1879260 secs] [Times: user=0.62 sys=0.00, real=0.18 secs] 
2019-12-26T09:56:01.940+0800: 1788938.659: [CMS-concurrent-sweep-start]
2019-12-26T09:56:02.235+0800: 1788938.953: [CMS-concurrent-sweep: 0.294/0.294 secs] [Times: user=0.30 sys=0.00, real=0.30 secs] 
2019-12-26T09:56:02.235+0800: 1788938.954: [CMS-concurrent-reset-start]
2019-12-26T09:56:02.238+0800: 1788938.957: [CMS-concurrent-reset: 0.003/0.003 secs] [Times: user=0.00 sys=0.00, real=0.00 secs] 
2019-12-26T09:56:04.239+0800: 1788940.958: [GC (CMS Initial Mark) [1 CMS-initial-mark: 830848K(1277952K)] 1479016K(2015232K), 0.1357459 secs] [Times: user=0.54 sys=0.00, real=0.14 secs] 
2019-12-26T09:56:04.375+0800: 1788941.094: [CMS-concurrent-mark-start]
2019-12-26T09:56:05.787+0800: 1788942.506: [CMS-concurrent-mark: 1.412/1.412 secs] [Times: user=1.42 sys=0.00, real=1.41 secs] 
2019-12-26T09:56:05.787+0800: 1788942.506: [CMS-concurrent-preclean-start]
2019-12-26T09:56:05.791+0800: 1788942.510: [CMS-concurrent-preclean: 0.004/0.004 secs] [Times: user=0.01 sys=0.00, real=0.00 secs] 
2019-12-26T09:56:05.791+0800: 1788942.510: [CMS-concurrent-abortable-preclean-start]
 CMS: abort preclean due to time 2019-12-26T09:56:10.836+0800: 1788947.555: [CMS-concurrent-abortable-preclean: 2.297/5.045 secs] [Times: user=2.35 sys=0.00, real=5.05 secs] 
2019-12-26T09:56:10.838+0800: 1788947.557: [GC (CMS Final Remark) [YG occupancy: 648193 K (737280 K)]2019-12-26T09:56:10.838+0800: 1788947.557: [Rescan (parallel) , 0.1450711 secs]2019-12-26T09:56:10.983+0800: 1788947.702: [weak refs processing, 0.0000716 secs]2019-12-26T09:56:10.983+0800: 1788947.702: [class unloading, 0.0290243 secs]2019-12-26T09:56:11.012+0800: 1788947.731: [scrub symbol table, 0.0091709 secs]2019-12-26T09:56:11.021+0800: 1788947.740: [scrub string table, 0.0017206 secs][1 CMS-remark: 830848K(1277952K)] 1479042K(2015232K), 0.1877190 secs] [Times: user=0.62 sys=0.00, real=0.19 secs] 
2019-12-26T09:56:11.026+0800: 1788947.745: [CMS-concurrent-sweep-start]
2019-12-26T09:56:11.324+0800: 1788948.043: [CMS-concurrent-sweep: 0.298/0.298 secs] [Times: user=0.30 sys=0.00, real=0.30 secs] 
2019-12-26T09:56:11.324+0800: 1788948.043: [CMS-concurrent-reset-start]
2019-12-26T09:56:11.328+0800: 1788948.046: [CMS-concurrent-reset: 0.003/0.003 secs] [Times: user=0.01 sys=0.00, real=0.00 secs] 
2019-12-26T09:56:13.328+0800: 1788950.047: [GC (CMS Initial Mark) [1 CMS-initial-mark: 830848K(1277952K)] 1479042K(2015232K), 0.1562971 secs] [Times: user=0.46 sys=0.00, real=0.16 secs] 
2019-12-26T09:56:13.485+0800: 1788950.204: [CMS-concurrent-mark-start]
2019-12-26T09:56:14.902+0800: 1788951.621: [CMS-concurrent-mark: 1.415/1.417 secs] [Times: user=1.45 sys=0.00, real=1.41 secs] 
2019-12-26T09:56:14.902+0800: 1788951.621: [CMS-concurrent-preclean-start]
2019-12-26T09:56:14.907+0800: 1788951.626: [CMS-concurrent-preclean: 0.004/0.004 secs] [Times: user=0.00 sys=0.00, real=0.01 secs] 
2019-12-26T09:56:14.907+0800: 1788951.626: [CMS-concurrent-abortable-preclean-start]
 CMS: abort preclean due to time 2019-12-26T09:56:19.957+0800: 1788956.676: [CMS-concurrent-abortable-preclean: 2.248/5.050 secs] [Times: user=2.30 sys=0.00, real=5.05 secs] 
2019-12-26T09:56:19.959+0800: 1788956.678: [GC (CMS Final Remark) [YG occupancy: 649954 K (737280 K)]2019-12-26T09:56:19.959+0800: 1788956.678: [Rescan (parallel) , 0.1450470 secs]2019-12-26T09:56:20.104+0800: 1788956.823: [weak refs processing, 0.0000655 secs]2019-12-26T09:56:20.104+0800: 1788956.823: [class unloading, 0.0292409 secs]2019-12-26T09:56:20.133+0800: 1788956.852: [scrub symbol table, 0.0090130 secs]2019-12-26T09:56:20.142+0800: 1788956.861: [scrub string table, 0.0017783 secs][1 CMS-remark: 830848K(1277952K)] 1480802K(2015232K), 0.1877919 secs] [Times: user=0.62 sys=0.00, real=0.19 secs] 
2019-12-26T09:56:20.147+0800: 1788956.866: [CMS-concurrent-sweep-start]
2019-12-26T09:56:20.441+0800: 1788957.160: [CMS-concurrent-sweep: 0.294/0.294 secs] [Times: user=0.29 sys=0.00, real=0.29 secs] 
2019-12-26T09:56:20.441+0800: 1788957.160: [CMS-concurrent-reset-start]
2019-12-26T09:56:20.444+0800: 1788957.163: [CMS-concurrent-reset: 0.003/0.003 secs] [Times: user=0.00 sys=0.00, real=0.00 secs] 
2019-12-26T09:56:22.445+0800: 1788959.164: [GC (CMS Initial Mark) [1 CMS-initial-mark: 830848K(1277952K)] 1481133K(2015232K), 0.1369977 secs] [Times: user=0.54 sys=0.00, real=0.13 secs] 
2019-12-26T09:56:22.582+0800: 1788959.301: [CMS-concurrent-mark-start]
2019-12-26T09:56:23.999+0800: 1788960.718: [CMS-concurrent-mark: 1.417/1.417 secs] [Times: user=1.44 sys=0.00, real=1.42 secs] 
2019-12-26T09:56:23.999+0800: 1788960.718: [CMS-concurrent-preclean-start]
2019-12-26T09:56:24.004+0800: 1788960.722: [CMS-concurrent-preclean: 0.004/0.004 secs] [Times: user=0.00 sys=0.00, real=0.00 secs] 
2019-12-26T09:56:24.004+0800: 1788960.722: [CMS-concurrent-abortable-preclean-start]
 CMS: abort preclean due to time 2019-12-26T09:56:29.031+0800: 1788965.749: [CMS-concurrent-abortable-preclean: 2.224/5.027 secs] [Times: user=2.28 sys=0.00, real=5.03 secs] 
2019-12-26T09:56:29.032+0800: 1788965.751: [GC (CMS Final Remark) [YG occupancy: 651126 K (737280 K)]2019-12-26T09:56:29.033+0800: 1788965.751: [Rescan (parallel) , 0.1666418 secs]2019-12-26T09:56:29.199+0800: 1788965.918: [weak refs processing, 0.0000668 secs]2019-12-26T09:56:29.199+0800: 1788965.918: [class unloading, 0.0290854 secs]2019-12-26T09:56:29.229+0800: 1788965.947: [scrub symbol table, 0.0090044 secs]2019-12-26T09:56:29.238+0800: 1788965.956: [scrub string table, 0.0017256 secs][1 CMS-remark: 830848K(1277952K)] 1481974K(2015232K), 0.2092612 secs] [Times: user=0.54 sys=0.00, real=0.21 secs] 
2019-12-26T09:56:29.242+0800: 1788965.961: [CMS-concurrent-sweep-start]
2019-12-26T09:56:29.534+0800: 1788966.252: [CMS-concurrent-sweep: 0.291/0.291 secs] [Times: user=0.30 sys=0.00, real=0.29 secs] 
2019-12-26T09:56:29.534+0800: 1788966.253: [CMS-concurrent-reset-start]
2019-12-26T09:56:29.537+0800: 1788966.256: [CMS-concurrent-reset: 0.003/0.003 secs] [Times: user=0.00 sys=0.00, real=0.01 secs] 
2019-12-26T09:56:31.538+0800: 1788968.256: [GC (CMS Initial Mark) [1 CMS-initial-mark: 830848K(1277952K)] 1484313K(2015232K), 0.1401555 secs] [Times: user=0.54 sys=0.00, real=0.14 secs] 
2019-12-26T09:56:31.678+0800: 1788968.397: [CMS-concurrent-mark-start]
2019-12-26T09:56:33.095+0800: 1788969.814: [CMS-concurrent-mark: 1.417/1.417 secs] [Times: user=1.44 sys=0.00, real=1.41 secs] 
2019-12-26T09:56:33.095+0800: 1788969.814: [CMS-concurrent-preclean-start]
2019-12-26T09:56:33.099+0800: 1788969.818: [CMS-concurrent-preclean: 0.004/0.004 secs] [Times: user=0.00 sys=0.00, real=0.01 secs] 
2019-12-26T09:56:33.099+0800: 1788969.818: [CMS-concurrent-abortable-preclean-start]
 CMS: abort preclean due to time 2019-12-26T09:56:38.245+0800: 1788974.964: [CMS-concurrent-abortable-preclean: 2.328/5.146 secs] [Times: user=2.38 sys=0.00, real=5.14 secs] 
2019-12-26T09:56:38.247+0800: 1788974.966: [GC (CMS Final Remark) [YG occupancy: 653574 K (737280 K)]2019-12-26T09:56:38.247+0800: 1788974.966: [Rescan (parallel) , 0.1458167 secs]2019-12-26T09:56:38.393+0800: 1788975.112: [weak refs processing, 0.0000734 secs]2019-12-26T09:56:38.393+0800: 1788975.112: [class unloading, 0.0289442 secs]2019-12-26T09:56:38.422+0800: 1788975.141: [scrub symbol table, 0.0091230 secs]2019-12-26T09:56:38.431+0800: 1788975.150: [scrub string table, 0.0016995 secs][1 CMS-remark: 830848K(1277952K)] 1484422K(2015232K), 0.1883071 secs] [Times: user=0.62 sys=0.00, real=0.19 secs] 
2019-12-26T09:56:38.436+0800: 1788975.155: [CMS-concurrent-sweep-start]
2019-12-26T09:56:38.728+0800: 1788975.447: [CMS-concurrent-sweep: 0.292/0.292 secs] [Times: user=0.30 sys=0.00, real=0.30 secs] 
2019-12-26T09:56:38.728+0800: 1788975.447: [CMS-concurrent-reset-start]
2019-12-26T09:56:38.731+0800: 1788975.450: [CMS-concurrent-reset: 0.003/0.003 secs] [Times: user=0.00 sys=0.00, real=0.00 secs] 
2019-12-26T09:56:40.732+0800: 1788977.451: [GC (CMS Initial Mark) [1 CMS-initial-mark: 830848K(1277952K)] 1484636K(2015232K), 0.1369416 secs] [Times: user=0.55 sys=0.00, real=0.14 secs] 
2019-12-26T09:56:40.869+0800: 1788977.588: [CMS-concurrent-mark-start]
2019-12-26T09:56:42.277+0800: 1788978.996: [CMS-concurrent-mark: 1.408/1.408 secs] [Times: user=1.42 sys=0.00, real=1.40 secs] 
2019-12-26T09:56:42.278+0800: 1788978.996: [CMS-concurrent-preclean-start]
2019-12-26T09:56:42.281+0800: 1788979.000: [CMS-concurrent-preclean: 0.004/0.004 secs] [Times: user=0.00 sys=0.00, real=0.01 secs] 
2019-12-26T09:56:42.281+0800: 1788979.000: [CMS-concurrent-abortable-preclean-start]
 CMS: abort preclean due to time 2019-12-26T09:56:47.369+0800: 1788984.088: [CMS-concurrent-abortable-preclean: 2.318/5.088 secs] [Times: user=2.39 sys=0.00, real=5.09 secs] 
2019-12-26T09:56:47.371+0800: 1788984.090: [GC (CMS Final Remark) [YG occupancy: 655304 K (737280 K)]2019-12-26T09:56:47.371+0800: 1788984.090: [Rescan (parallel) , 0.1472964 secs]2019-12-26T09:56:47.519+0800: 1788984.238: [weak refs processing, 0.0000655 secs]2019-12-26T09:56:47.519+0800: 1788984.238: [class unloading, 0.0293037 secs]2019-12-26T09:56:47.548+0800: 1788984.267: [scrub symbol table, 0.0096107 secs]2019-12-26T09:56:47.558+0800: 1788984.277: [scrub string table, 0.0017119 secs][1 CMS-remark: 830848K(1277952K)] 1486152K(2015232K), 0.1906273 secs] [Times: user=0.63 sys=0.00, real=0.19 secs] 
2019-12-26T09:56:47.562+0800: 1788984.281: [CMS-concurrent-sweep-start]
2019-12-26T09:56:47.854+0800: 1788984.573: [CMS-concurrent-sweep: 0.292/0.292 secs] [Times: user=0.30 sys=0.00, real=0.29 secs] 
2019-12-26T09:56:47.854+0800: 1788984.573: [CMS-concurrent-reset-start]
2019-12-26T09:56:47.858+0800: 1788984.576: [CMS-concurrent-reset: 0.003/0.003 secs] [Times: user=0.00 sys=0.00, real=0.00 secs] 
2019-12-26T09:56:49.859+0800: 1788986.577: [GC (CMS Initial Mark) [1 CMS-initial-mark: 830848K(1277952K)] 1486877K(2015232K), 0.1381662 secs] [Times: user=0.55 sys=0.00, real=0.14 secs] 
2019-12-26T09:56:49.997+0800: 1788986.716: [CMS-concurrent-mark-start]
2019-12-26T09:56:51.414+0800: 1788988.133: [CMS-concurrent-mark: 1.417/1.417 secs] [Times: user=1.44 sys=0.00, real=1.42 secs] 
2019-12-26T09:56:51.414+0800: 1788988.133: [CMS-concurrent-preclean-start]
2019-12-26T09:56:51.418+0800: 1788988.137: [CMS-concurrent-preclean: 0.004/0.004 secs] [Times: user=0.00 sys=0.00, real=0.00 secs] 
2019-12-26T09:56:51.418+0800: 1788988.137: [CMS-concurrent-abortable-preclean-start]
 CMS: abort preclean due to time 2019-12-26T09:56:56.452+0800: 1788993.171: [CMS-concurrent-abortable-preclean: 2.231/5.033 secs] [Times: user=2.28 sys=0.00, real=5.04 secs] 
2019-12-26T09:56:56.454+0800: 1788993.172: [GC (CMS Final Remark) [YG occupancy: 656644 K (737280 K)]2019-12-26T09:56:56.454+0800: 1788993.173: [Rescan (parallel) , 0.1472362 secs]2019-12-26T09:56:56.601+0800: 1788993.320: [weak refs processing, 0.0000657 secs]2019-12-26T09:56:56.601+0800: 1788993.320: [class unloading, 0.0292710 secs]2019-12-26T09:56:56.630+0800: 1788993.349: [scrub symbol table, 0.0094081 secs]2019-12-26T09:56:56.640+0800: 1788993.359: [scrub string table, 0.0017037 secs][1 CMS-remark: 830848K(1277952K)] 1487493K(2015232K), 0.1909541 secs] [Times: user=0.63 sys=0.00, real=0.19 secs] 
2019-12-26T09:56:56.645+0800: 1788993.364: [CMS-concurrent-sweep-start]
2019-12-26T09:56:56.936+0800: 1788993.655: [CMS-concurrent-sweep: 0.291/0.291 secs] [Times: user=0.29 sys=0.00, real=0.29 secs] 
2019-12-26T09:56:56.936+0800: 1788993.655: [CMS-concurrent-reset-start]
2019-12-26T09:56:56.939+0800: 1788993.658: [CMS-concurrent-reset: 0.003/0.003 secs] [Times: user=0.01 sys=0.00, real=0.00 secs] 
2019-12-26T09:56:58.940+0800: 1788995.659: [GC (CMS Initial Mark) [1 CMS-initial-mark: 830848K(1277952K)] 1487493K(2015232K), 0.1375590 secs] [Times: user=0.54 sys=0.00, real=0.13 secs] 
2019-12-26T09:56:59.078+0800: 1788995.797: [CMS-concurrent-mark-start]
2019-12-26T09:57:00.490+0800: 1788997.209: [CMS-concurrent-mark: 1.412/1.412 secs] [Times: user=1.43 sys=0.00, real=1.41 secs] 
2019-12-26T09:57:00.490+0800: 1788997.209: [CMS-concurrent-preclean-start]
2019-12-26T09:57:00.494+0800: 1788997.212: [CMS-concurrent-preclean: 0.004/0.004 secs] [Times: user=0.00 sys=0.00, real=0.01 secs] 
2019-12-26T09:57:00.494+0800: 1788997.212: [CMS-concurrent-abortable-preclean-start]
 CMS: abort preclean due to time 2019-12-26T09:57:05.625+0800: 1789002.344: [CMS-concurrent-abortable-preclean: 2.329/5.131 secs] [Times: user=2.39 sys=0.00, real=5.13 secs] 
2019-12-26T09:57:05.627+0800: 1789002.346: [GC (CMS Final Remark) [YG occupancy: 657574 K (737280 K)]2019-12-26T09:57:05.627+0800: 1789002.346: [Rescan (parallel) , 0.1483673 secs]2019-12-26T09:57:05.775+0800: 1789002.494: [weak refs processing, 0.0000672 secs]2019-12-26T09:57:05.775+0800: 1789002.494: [class unloading, 0.0290206 secs]2019-12-26T09:57:05.805+0800: 1789002.523: [scrub symbol table, 0.0089787 secs]2019-12-26T09:57:05.814+0800: 1789002.532: [scrub string table, 0.0016933 secs][1 CMS-remark: 830848K(1277952K)] 1488422K(2015232K), 0.1907639 secs] [Times: user=0.63 sys=0.00, real=0.19 secs] 
2019-12-26T09:57:05.818+0800: 1789002.537: [CMS-concurrent-sweep-start]
2019-12-26T09:57:06.109+0800: 1789002.828: [CMS-concurrent-sweep: 0.291/0.291 secs] [Times: user=0.29 sys=0.00, real=0.29 secs] 
2019-12-26T09:57:06.110+0800: 1789002.828: [CMS-concurrent-reset-start]
2019-12-26T09:57:06.113+0800: 1789002.831: [CMS-concurrent-reset: 0.003/0.003 secs] [Times: user=0.01 sys=0.00, real=0.01 secs] 
2019-12-26T09:57:08.113+0800: 1789004.832: [GC (CMS Initial Mark) [1 CMS-initial-mark: 830848K(1277952K)] 1488422K(2015232K), 0.1383348 secs] [Times: user=0.55 sys=0.00, real=0.14 secs] 
2019-12-26T09:57:08.252+0800: 1789004.971: [CMS-concurrent-mark-start]
2019-12-26T09:57:09.679+0800: 1789006.398: [CMS-concurrent-mark: 1.422/1.427 secs] [Times: user=1.44 sys=0.00, real=1.42 secs] 
2019-12-26T09:57:09.679+0800: 1789006.398: [CMS-concurrent-preclean-start]
2019-12-26T09:57:09.683+0800: 1789006.402: [CMS-concurrent-preclean: 0.004/0.004 secs] [Times: user=0.01 sys=0.00, real=0.01 secs] 
2019-12-26T09:57:09.683+0800: 1789006.402: [CMS-concurrent-abortable-preclean-start]
 CMS: abort preclean due to time 2019-12-26T09:57:14.731+0800: 1789011.450: [CMS-concurrent-abortable-preclean: 2.246/5.048 secs] [Times: user=2.29 sys=0.00, real=5.04 secs] 
2019-12-26T09:57:14.733+0800: 1789011.451: [GC (CMS Final Remark) [YG occupancy: 657773 K (737280 K)]2019-12-26T09:57:14.733+0800: 1789011.452: [Rescan (parallel) , 0.1469055 secs]2019-12-26T09:57:14.880+0800: 1789011.598: [weak refs processing, 0.0000681 secs]2019-12-26T09:57:14.880+0800: 1789011.599: [class unloading, 0.0293710 secs]2019-12-26T09:57:14.909+0800: 1789011.628: [scrub symbol table, 0.0094377 secs]2019-12-26T09:57:14.919+0800: 1789011.637: [scrub string table, 0.0017130 secs][1 CMS-remark: 830848K(1277952K)] 1488621K(2015232K), 0.1901631 secs] [Times: user=0.63 sys=0.00, real=0.20 secs] 
2019-12-26T09:57:14.923+0800: 1789011.642: [CMS-concurrent-sweep-start]
2019-12-26T09:57:15.219+0800: 1789011.938: [CMS-concurrent-sweep: 0.296/0.296 secs] [Times: user=0.30 sys=0.00, real=0.29 secs] 
2019-12-26T09:57:15.219+0800: 1789011.938: [CMS-concurrent-reset-start]
2019-12-26T09:57:15.222+0800: 1789011.941: [CMS-concurrent-reset: 0.003/0.003 secs] [Times: user=0.01 sys=0.00, real=0.00 secs] 
2019-12-26T09:57:17.223+0800: 1789013.942: [GC (CMS Initial Mark) [1 CMS-initial-mark: 830848K(1277952K)] 1488621K(2015232K), 0.1389893 secs] [Times: user=0.55 sys=0.00, real=0.14 secs] 
2019-12-26T09:57:17.362+0800: 1789014.081: [CMS-concurrent-mark-start]
2019-12-26T09:57:18.770+0800: 1789015.489: [CMS-concurrent-mark: 1.408/1.408 secs] [Times: user=1.42 sys=0.00, real=1.41 secs] 
2019-12-26T09:57:18.771+0800: 1789015.489: [CMS-concurrent-preclean-start]
2019-12-26T09:57:18.774+0800: 1789015.493: [CMS-concurrent-preclean: 0.004/0.004 secs] [Times: user=0.01 sys=0.00, real=0.01 secs] 
2019-12-26T09:57:18.774+0800: 1789015.493: [CMS-concurrent-abortable-preclean-start]
 CMS: abort preclean due to time 2019-12-26T09:57:23.780+0800: 1789020.499: [CMS-concurrent-abortable-preclean: 2.281/5.006 secs] [Times: user=2.34 sys=0.00, real=5.00 secs] 
2019-12-26T09:57:23.782+0800: 1789020.500: [GC (CMS Final Remark) [YG occupancy: 658402 K (737280 K)]2019-12-26T09:57:23.782+0800: 1789020.501: [Rescan (parallel) , 0.1473495 secs]2019-12-26T09:57:23.929+0800: 1789020.648: [weak refs processing, 0.0000634 secs]2019-12-26T09:57:23.929+0800: 1789020.648: [class unloading, 0.0290720 secs]2019-12-26T09:57:23.958+0800: 1789020.677: [scrub symbol table, 0.0095394 secs]2019-12-26T09:57:23.968+0800: 1789020.687: [scrub string table, 0.0017094 secs][1 CMS-remark: 830848K(1277952K)] 1489250K(2015232K), 0.1903886 secs] [Times: user=0.63 sys=0.00, real=0.19 secs] 
2019-12-26T09:57:23.972+0800: 1789020.691: [CMS-concurrent-sweep-start]
2019-12-26T09:57:24.265+0800: 1789020.983: [CMS-concurrent-sweep: 0.292/0.292 secs] [Times: user=0.30 sys=0.00, real=0.30 secs] 
2019-12-26T09:57:24.265+0800: 1789020.984: [CMS-concurrent-reset-start]
2019-12-26T09:57:24.268+0800: 1789020.987: [CMS-concurrent-reset: 0.003/0.003 secs] [Times: user=0.00 sys=0.00, real=0.00 secs] 
2019-12-26T09:57:26.269+0800: 1789022.987: [GC (CMS Initial Mark) [1 CMS-initial-mark: 830848K(1277952K)] 1489585K(2015232K), 0.1392547 secs] [Times: user=0.55 sys=0.00, real=0.14 secs] 
2019-12-26T09:57:26.408+0800: 1789023.127: [CMS-concurrent-mark-start]
2019-12-26T09:57:27.819+0800: 1789024.538: [CMS-concurrent-mark: 1.411/1.411 secs] [Times: user=1.42 sys=0.00, real=1.41 secs] 
2019-12-26T09:57:27.819+0800: 1789024.538: [CMS-concurrent-preclean-start]
2019-12-26T09:57:27.824+0800: 1789024.543: [CMS-concurrent-preclean: 0.004/0.004 secs] [Times: user=0.01 sys=0.00, real=0.00 secs] 
2019-12-26T09:57:27.824+0800: 1789024.543: [CMS-concurrent-abortable-preclean-start]
 CMS: abort preclean due to time 2019-12-26T09:57:32.885+0800: 1789029.603: [CMS-concurrent-abortable-preclean: 2.253/5.061 secs] [Times: user=2.33 sys=0.00, real=5.06 secs] 
2019-12-26T09:57:32.886+0800: 1789029.605: [GC (CMS Final Remark) [YG occupancy: 662515 K (737280 K)]2019-12-26T09:57:32.886+0800: 1789029.605: [Rescan (parallel) , 0.1478624 secs]2019-12-26T09:57:33.034+0800: 1789029.753: [weak refs processing, 0.0000653 secs]2019-12-26T09:57:33.034+0800: 1789029.753: [class unloading, 0.0293190 secs]2019-12-26T09:57:33.064+0800: 1789029.783: [scrub symbol table, 0.0094215 secs]2019-12-26T09:57:33.073+0800: 1789029.792: [scrub string table, 0.0017246 secs][1 CMS-remark: 830848K(1277952K)] 1493363K(2015232K), 0.1910905 secs] [Times: user=0.63 sys=0.00, real=0.19 secs] 
2019-12-26T09:57:33.078+0800: 1789029.797: [CMS-concurrent-sweep-start]
2019-12-26T09:57:33.377+0800: 1789030.096: [CMS-concurrent-sweep: 0.299/0.299 secs] [Times: user=0.31 sys=0.00, real=0.30 secs] 
2019-12-26T09:57:33.377+0800: 1789030.096: [CMS-concurrent-reset-start]
2019-12-26T09:57:33.380+0800: 1789030.099: [CMS-concurrent-reset: 0.003/0.003 secs] [Times: user=0.00 sys=0.00, real=0.00 secs] 
2019-12-26T09:57:35.381+0800: 1789032.100: [GC (CMS Initial Mark) [1 CMS-initial-mark: 830848K(1277952K)] 1493453K(2015232K), 0.1633082 secs] [Times: user=0.48 sys=0.00, real=0.16 secs] 
2019-12-26T09:57:35.545+0800: 1789032.263: [CMS-concurrent-mark-start]
2019-12-26T09:57:36.969+0800: 1789033.688: [CMS-concurrent-mark: 1.424/1.424 secs] [Times: user=1.44 sys=0.00, real=1.43 secs] 
2019-12-26T09:57:36.969+0800: 1789033.688: [CMS-concurrent-preclean-start]
2019-12-26T09:57:36.973+0800: 1789033.691: [CMS-concurrent-preclean: 0.004/0.004 secs] [Times: user=0.01 sys=0.00, real=0.00 secs] 
2019-12-26T09:57:36.973+0800: 1789033.692: [CMS-concurrent-abortable-preclean-start]
 CMS: abort preclean due to time 2019-12-26T09:57:42.025+0800: 1789038.744: [CMS-concurrent-abortable-preclean: 2.248/5.053 secs] [Times: user=2.30 sys=0.00, real=5.05 secs] 
2019-12-26T09:57:42.027+0800: 1789038.746: [GC (CMS Final Remark) [YG occupancy: 662856 K (737280 K)]2019-12-26T09:57:42.027+0800: 1789038.746: [Rescan (parallel) , 0.1479768 secs]2019-12-26T09:57:42.175+0800: 1789038.894: [weak refs processing, 0.0000649 secs]2019-12-26T09:57:42.175+0800: 1789038.894: [class unloading, 0.0293017 secs]2019-12-26T09:57:42.205+0800: 1789038.924: [scrub symbol table, 0.0097005 secs]2019-12-26T09:57:42.214+0800: 1789038.933: [scrub string table, 0.0017286 secs][1 CMS-remark: 830848K(1277952K)] 1493704K(2015232K), 0.1914795 secs] [Times: user=0.63 sys=0.00, real=0.20 secs] 
2019-12-26T09:57:42.219+0800: 1789038.938: [CMS-concurrent-sweep-start]
2019-12-26T09:57:42.511+0800: 1789039.230: [CMS-concurrent-sweep: 0.292/0.292 secs] [Times: user=0.30 sys=0.00, real=0.29 secs] 
2019-12-26T09:57:42.511+0800: 1789039.230: [CMS-concurrent-reset-start]
2019-12-26T09:57:42.514+0800: 1789039.233: [CMS-concurrent-reset: 0.003/0.003 secs] [Times: user=0.00 sys=0.00, real=0.00 secs] 
2019-12-26T09:57:44.515+0800: 1789041.234: [GC (CMS Initial Mark) [1 CMS-initial-mark: 830848K(1277952K)] 1493708K(2015232K), 0.1393870 secs] [Times: user=0.56 sys=0.00, real=0.14 secs] 
2019-12-26T09:57:44.655+0800: 1789041.374: [CMS-concurrent-mark-start]
2019-12-26T09:57:46.066+0800: 1789042.785: [CMS-concurrent-mark: 1.411/1.411 secs] [Times: user=1.43 sys=0.00, real=1.41 secs] 
2019-12-26T09:57:46.066+0800: 1789042.785: [CMS-concurrent-preclean-start]
2019-12-26T09:57:46.070+0800: 1789042.789: [CMS-concurrent-preclean: 0.004/0.004 secs] [Times: user=0.00 sys=0.00, real=0.01 secs] 
2019-12-26T09:57:46.070+0800: 1789042.789: [CMS-concurrent-abortable-preclean-start]
 CMS: abort preclean due to time 2019-12-26T09:57:51.091+0800: 1789047.810: [CMS-concurrent-abortable-preclean: 2.219/5.021 secs] [Times: user=2.27 sys=0.00, real=5.02 secs] 
2019-12-26T09:57:51.093+0800: 1789047.812: [GC (CMS Final Remark) [YG occupancy: 663072 K (737280 K)]2019-12-26T09:57:51.093+0800: 1789047.812: [Rescan (parallel) , 0.1612374 secs]2019-12-26T09:57:51.255+0800: 1789047.973: [weak refs processing, 0.0000652 secs]2019-12-26T09:57:51.255+0800: 1789047.973: [class unloading, 0.0292304 secs]2019-12-26T09:57:51.284+0800: 1789048.003: [scrub symbol table, 0.0094931 secs]2019-12-26T09:57:51.293+0800: 1789048.012: [scrub string table, 0.0016970 secs][1 CMS-remark: 830848K(1277952K)] 1493920K(2015232K), 0.2043808 secs] [Times: user=0.68 sys=0.00, real=0.20 secs] 
2019-12-26T09:57:51.298+0800: 1789048.017: [CMS-concurrent-sweep-start]
2019-12-26T09:57:51.589+0800: 1789048.308: [CMS-concurrent-sweep: 0.291/0.291 secs] [Times: user=0.29 sys=0.00, real=0.30 secs] 
2019-12-26T09:57:51.589+0800: 1789048.308: [CMS-concurrent-reset-start]
2019-12-26T09:57:51.593+0800: 1789048.312: [CMS-concurrent-reset: 0.003/0.003 secs] [Times: user=0.00 sys=0.00, real=0.00 secs] 
2019-12-26T09:57:53.594+0800: 1789050.313: [GC (CMS Initial Mark) [1 CMS-initial-mark: 830848K(1277952K)] 1494329K(2015232K), 0.1399613 secs] [Times: user=0.55 sys=0.00, real=0.14 secs] 
2019-12-26T09:57:53.734+0800: 1789050.453: [CMS-concurrent-mark-start]
2019-12-26T09:57:55.161+0800: 1789051.880: [CMS-concurrent-mark: 1.427/1.427 secs] [Times: user=1.44 sys=0.00, real=1.43 secs] 
2019-12-26T09:57:55.161+0800: 1789051.880: [CMS-concurrent-preclean-start]
2019-12-26T09:57:55.165+0800: 1789051.884: [CMS-concurrent-preclean: 0.004/0.004 secs] [Times: user=0.00 sys=0.00, real=0.00 secs] 
2019-12-26T09:57:55.165+0800: 1789051.884: [CMS-concurrent-abortable-preclean-start]
 CMS: abort preclean due to time 2019-12-26T09:58:00.205+0800: 1789056.924: [CMS-concurrent-abortable-preclean: 2.237/5.040 secs] [Times: user=2.29 sys=0.00, real=5.04 secs] 
2019-12-26T09:58:00.207+0800: 1789056.926: [GC (CMS Final Remark) [YG occupancy: 664688 K (737280 K)]2019-12-26T09:58:00.207+0800: 1789056.926: [Rescan (parallel) , 0.1521929 secs]2019-12-26T09:58:00.359+0800: 1789057.078: [weak refs processing, 0.0000659 secs]2019-12-26T09:58:00.359+0800: 1789057.078: [class unloading, 0.0292187 secs]2019-12-26T09:58:00.389+0800: 1789057.108: [scrub symbol table, 0.0092902 secs]2019-12-26T09:58:00.398+0800: 1789057.117: [scrub string table, 0.0017120 secs][1 CMS-remark: 830848K(1277952K)] 1495536K(2015232K), 0.1951504 secs] [Times: user=0.64 sys=0.00, real=0.20 secs] 
2019-12-26T09:58:00.402+0800: 1789057.121: [CMS-concurrent-sweep-start]
2019-12-26T09:58:00.695+0800: 1789057.414: [CMS-concurrent-sweep: 0.292/0.292 secs] [Times: user=0.30 sys=0.00, real=0.29 secs] 
2019-12-26T09:58:00.695+0800: 1789057.414: [CMS-concurrent-reset-start]
2019-12-26T09:58:00.698+0800: 1789057.417: [CMS-concurrent-reset: 0.003/0.003 secs] [Times: user=0.00 sys=0.00, real=0.00 secs] 
2019-12-26T09:58:02.699+0800: 1789059.418: [GC (CMS Initial Mark) [1 CMS-initial-mark: 830848K(1277952K)] 1495536K(2015232K), 0.1406198 secs] [Times: user=0.56 sys=0.00, real=0.14 secs] 
2019-12-26T09:58:02.840+0800: 1789059.559: [CMS-concurrent-mark-start]
2019-12-26T09:58:04.269+0800: 1789060.988: [CMS-concurrent-mark: 1.429/1.429 secs] [Times: user=1.44 sys=0.00, real=1.43 secs] 
2019-12-26T09:58:04.269+0800: 1789060.988: [CMS-concurrent-preclean-start]
2019-12-26T09:58:04.273+0800: 1789060.992: [CMS-concurrent-preclean: 0.004/0.004 secs] [Times: user=0.00 sys=0.00, real=0.01 secs] 
2019-12-26T09:58:04.273+0800: 1789060.992: [CMS-concurrent-abortable-preclean-start]
 CMS: abort preclean due to time 2019-12-26T09:58:09.284+0800: 1789066.003: [CMS-concurrent-abortable-preclean: 2.207/5.011 secs] [Times: user=2.27 sys=0.00, real=5.01 secs] 
2019-12-26T09:58:09.286+0800: 1789066.005: [GC (CMS Final Remark) [YG occupancy: 665001 K (737280 K)]2019-12-26T09:58:09.286+0800: 1789066.005: [Rescan (parallel) , 0.1526342 secs]2019-12-26T09:58:09.439+0800: 1789066.158: [weak refs processing, 0.0000647 secs]2019-12-26T09:58:09.439+0800: 1789066.158: [class unloading, 0.0292565 secs]2019-12-26T09:58:09.468+0800: 1789066.187: [scrub symbol table, 0.0097823 secs]2019-12-26T09:58:09.478+0800: 1789066.197: [scrub string table, 0.0017258 secs][1 CMS-remark: 830848K(1277952K)] 1495849K(2015232K), 0.1961317 secs] [Times: user=0.64 sys=0.00, real=0.20 secs] 
2019-12-26T09:58:09.482+0800: 1789066.201: [CMS-concurrent-sweep-start]
2019-12-26T09:58:09.777+0800: 1789066.495: [CMS-concurrent-sweep: 0.294/0.294 secs] [Times: user=0.30 sys=0.00, real=0.29 secs] 
2019-12-26T09:58:09.777+0800: 1789066.496: [CMS-concurrent-reset-start]
2019-12-26T09:58:09.780+0800: 1789066.499: [CMS-concurrent-reset: 0.003/0.003 secs] [Times: user=0.00 sys=0.00, real=0.00 secs] 
2019-12-26T09:58:11.781+0800: 1789068.500: [GC (CMS Initial Mark) [1 CMS-initial-mark: 830848K(1277952K)] 1495849K(2015232K), 0.1412058 secs] [Times: user=0.56 sys=0.00, real=0.15 secs] 
2019-12-26T09:58:11.922+0800: 1789068.641: [CMS-concurrent-mark-start]
2019-12-26T09:58:13.345+0800: 1789070.064: [CMS-concurrent-mark: 1.421/1.423 secs] [Times: user=1.44 sys=0.00, real=1.42 secs] 
2019-12-26T09:58:13.345+0800: 1789070.064: [CMS-concurrent-preclean-start]
2019-12-26T09:58:13.349+0800: 1789070.068: [CMS-concurrent-preclean: 0.004/0.004 secs] [Times: user=0.00 sys=0.00, real=0.00 secs] 
2019-12-26T09:58:13.349+0800: 1789070.068: [CMS-concurrent-abortable-preclean-start]
 CMS: abort preclean due to time 2019-12-26T09:58:18.380+0800: 1789075.099: [CMS-concurrent-abortable-preclean: 2.228/5.031 secs] [Times: user=2.29 sys=0.00, real=5.03 secs] 
2019-12-26T09:58:18.382+0800: 1789075.101: [GC (CMS Final Remark) [YG occupancy: 666466 K (737280 K)]2019-12-26T09:58:18.382+0800: 1789075.101: [Rescan (parallel) , 0.1487320 secs]2019-12-26T09:58:18.531+0800: 1789075.250: [weak refs processing, 0.0000667 secs]2019-12-26T09:58:18.531+0800: 1789075.250: [class unloading, 0.0291423 secs]2019-12-26T09:58:18.560+0800: 1789075.279: [scrub symbol table, 0.0095440 secs]2019-12-26T09:58:18.570+0800: 1789075.288: [scrub string table, 0.0017105 secs][1 CMS-remark: 830848K(1277952K)] 1497314K(2015232K), 0.1918755 secs] [Times: user=0.64 sys=0.00, real=0.20 secs] 
2019-12-26T09:58:18.574+0800: 1789075.293: [CMS-concurrent-sweep-start]
2019-12-26T09:58:18.867+0800: 1789075.586: [CMS-concurrent-sweep: 0.293/0.293 secs] [Times: user=0.29 sys=0.00, real=0.29 secs] 
2019-12-26T09:58:18.867+0800: 1789075.586: [CMS-concurrent-reset-start]
2019-12-26T09:58:18.870+0800: 1789075.589: [CMS-concurrent-reset: 0.003/0.003 secs] [Times: user=0.00 sys=0.00, real=0.00 secs] 
2019-12-26T09:58:20.871+0800: 1789077.590: [GC (CMS Initial Mark) [1 CMS-initial-mark: 830848K(1277952K)] 1498045K(2015232K), 0.1411569 secs] [Times: user=0.56 sys=0.00, real=0.14 secs] 
2019-12-26T09:58:21.012+0800: 1789077.731: [CMS-concurrent-mark-start]
2019-12-26T09:58:22.432+0800: 1789079.151: [CMS-concurrent-mark: 1.420/1.420 secs] [Times: user=1.43 sys=0.00, real=1.42 secs] 
2019-12-26T09:58:22.432+0800: 1789079.151: [CMS-concurrent-preclean-start]
2019-12-26T09:58:22.437+0800: 1789079.155: [CMS-concurrent-preclean: 0.004/0.004 secs] [Times: user=0.00 sys=0.00, real=0.01 secs] 
2019-12-26T09:58:22.437+0800: 1789079.155: [CMS-concurrent-abortable-preclean-start]
 CMS: abort preclean due to time 2019-12-26T09:58:27.461+0800: 1789084.180: [CMS-concurrent-abortable-preclean: 2.222/5.025 secs] [Times: user=2.28 sys=0.00, real=5.02 secs] 
2019-12-26T09:58:27.463+0800: 1789084.182: [GC (CMS Final Remark) [YG occupancy: 667520 K (737280 K)]2019-12-26T09:58:27.463+0800: 1789084.182: [Rescan (parallel) , 0.1492477 secs]2019-12-26T09:58:27.613+0800: 1789084.331: [weak refs processing, 0.0000765 secs]2019-12-26T09:58:27.613+0800: 1789084.331: [class unloading, 0.0290515 secs]2019-12-26T09:58:27.642+0800: 1789084.361: [scrub symbol table, 0.0093066 secs]2019-12-26T09:58:27.651+0800: 1789084.370: [scrub string table, 0.0017187 secs][1 CMS-remark: 830848K(1277952K)] 1498368K(2015232K), 0.1920843 secs] [Times: user=0.64 sys=0.00, real=0.20 secs] 
2019-12-26T09:58:27.656+0800: 1789084.374: [CMS-concurrent-sweep-start]
2019-12-26T09:58:27.951+0800: 1789084.670: [CMS-concurrent-sweep: 0.296/0.296 secs] [Times: user=0.30 sys=0.00, real=0.29 secs] 
2019-12-26T09:58:27.952+0800: 1789084.670: [CMS-concurrent-reset-start]
2019-12-26T09:58:27.955+0800: 1789084.673: [CMS-concurrent-reset: 0.003/0.003 secs] [Times: user=0.00 sys=0.00, real=0.01 secs] 
2019-12-26T09:58:29.955+0800: 1789086.674: [GC (CMS Initial Mark) [1 CMS-initial-mark: 830848K(1277952K)] 1498372K(2015232K), 0.1397749 secs] [Times: user=0.56 sys=0.00, real=0.14 secs] 
2019-12-26T09:58:30.095+0800: 1789086.814: [CMS-concurrent-mark-start]
2019-12-26T09:58:31.536+0800: 1789088.255: [CMS-concurrent-mark: 1.441/1.441 secs] [Times: user=1.47 sys=0.00, real=1.44 secs] 
2019-12-26T09:58:31.537+0800: 1789088.255: [CMS-concurrent-preclean-start]
2019-12-26T09:58:31.540+0800: 1789088.259: [CMS-concurrent-preclean: 0.004/0.004 secs] [Times: user=0.00 sys=0.00, real=0.00 secs] 
2019-12-26T09:58:31.541+0800: 1789088.259: [CMS-concurrent-abortable-preclean-start]
 CMS: abort preclean due to time 2019-12-26T09:58:36.599+0800: 1789093.318: [CMS-concurrent-abortable-preclean: 2.256/5.058 secs] [Times: user=2.31 sys=0.00, real=5.06 secs] 
2019-12-26T09:58:36.601+0800: 1789093.320: [GC (CMS Final Remark) [YG occupancy: 670086 K (737280 K)]2019-12-26T09:58:36.601+0800: 1789093.320: [Rescan (parallel) , 0.1503805 secs]2019-12-26T09:58:36.751+0800: 1789093.470: [weak refs processing, 0.0000696 secs]2019-12-26T09:58:36.752+0800: 1789093.470: [class unloading, 0.0291446 secs]2019-12-26T09:58:36.781+0800: 1789093.500: [scrub symbol table, 0.0096700 secs]2019-12-26T09:58:36.790+0800: 1789093.509: [scrub string table, 0.0016835 secs][1 CMS-remark: 830848K(1277952K)] 1500934K(2015232K), 0.1936653 secs] [Times: user=0.64 sys=0.00, real=0.19 secs] 
2019-12-26T09:58:36.795+0800: 1789093.514: [CMS-concurrent-sweep-start]
2019-12-26T09:58:37.086+0800: 1789093.805: [CMS-concurrent-sweep: 0.291/0.291 secs] [Times: user=0.29 sys=0.00, real=0.30 secs] 
2019-12-26T09:58:37.086+0800: 1789093.805: [CMS-concurrent-reset-start]
2019-12-26T09:58:37.089+0800: 1789093.808: [CMS-concurrent-reset: 0.003/0.003 secs] [Times: user=0.01 sys=0.00, real=0.00 secs] 
2019-12-26T09:58:39.091+0800: 1789095.810: [GC (CMS Initial Mark) [1 CMS-initial-mark: 830848K(1277952K)] 1501172K(2015232K), 0.1414503 secs] [Times: user=0.56 sys=0.00, real=0.14 secs] 
2019-12-26T09:58:39.232+0800: 1789095.951: [CMS-concurrent-mark-start]
2019-12-26T09:58:40.656+0800: 1789097.375: [CMS-concurrent-mark: 1.422/1.424 secs] [Times: user=1.44 sys=0.00, real=1.43 secs] 
2019-12-26T09:58:40.657+0800: 1789097.375: [CMS-concurrent-preclean-start]
2019-12-26T09:58:40.661+0800: 1789097.380: [CMS-concurrent-preclean: 0.004/0.004 secs] [Times: user=0.01 sys=0.00, real=0.00 secs] 
2019-12-26T09:58:40.661+0800: 1789097.380: [CMS-concurrent-abortable-preclean-start]
 CMS: abort preclean due to time 2019-12-26T09:58:45.807+0800: 1789102.526: [CMS-concurrent-abortable-preclean: 2.285/5.146 secs] [Times: user=2.34 sys=0.00, real=5.15 secs] 
2019-12-26T09:58:45.809+0800: 1789102.528: [GC (CMS Final Remark) [YG occupancy: 672167 K (737280 K)]2019-12-26T09:58:45.809+0800: 1789102.528: [Rescan (parallel) , 0.1511926 secs]2019-12-26T09:58:45.961+0800: 1789102.679: [weak refs processing, 0.0000676 secs]2019-12-26T09:58:45.961+0800: 1789102.680: [class unloading, 0.0292177 secs]2019-12-26T09:58:45.990+0800: 1789102.709: [scrub symbol table, 0.0095766 secs]2019-12-26T09:58:46.000+0800: 1789102.718: [scrub string table, 0.0017259 secs][1 CMS-remark: 830848K(1277952K)] 1503015K(2015232K), 0.1944744 secs] [Times: user=0.64 sys=0.00, real=0.19 secs] 
2019-12-26T09:58:46.004+0800: 1789102.723: [CMS-concurrent-sweep-start]
2019-12-26T09:58:46.301+0800: 1789103.020: [CMS-concurrent-sweep: 0.297/0.297 secs] [Times: user=0.30 sys=0.00, real=0.30 secs] 
2019-12-26T09:58:46.301+0800: 1789103.020: [CMS-concurrent-reset-start]
2019-12-26T09:58:46.304+0800: 1789103.023: [CMS-concurrent-reset: 0.003/0.003 secs] [Times: user=0.01 sys=0.00, real=0.00 secs] 
2019-12-26T09:58:48.305+0800: 1789105.024: [GC (CMS Initial Mark) [1 CMS-initial-mark: 830848K(1277952K)] 1503496K(2015232K), 0.1432109 secs] [Times: user=0.56 sys=0.00, real=0.15 secs] 
2019-12-26T09:58:48.448+0800: 1789105.167: [CMS-concurrent-mark-start]
2019-12-26T09:58:49.857+0800: 1789106.576: [CMS-concurrent-mark: 1.409/1.409 secs] [Times: user=1.43 sys=0.00, real=1.41 secs] 
2019-12-26T09:58:49.858+0800: 1789106.576: [CMS-concurrent-preclean-start]
2019-12-26T09:58:49.862+0800: 1789106.580: [CMS-concurrent-preclean: 0.004/0.004 secs] [Times: user=0.00 sys=0.00, real=0.00 secs] 
2019-12-26T09:58:49.862+0800: 1789106.580: [CMS-concurrent-abortable-preclean-start]
 CMS: abort preclean due to time 2019-12-26T09:58:54.947+0800: 1789111.666: [CMS-concurrent-abortable-preclean: 2.283/5.085 secs] [Times: user=2.34 sys=0.00, real=5.08 secs] 
2019-12-26T09:58:54.949+0800: 1789111.668: [GC (CMS Final Remark) [YG occupancy: 673614 K (737280 K)]2019-12-26T09:58:54.949+0800: 1789111.668: [Rescan (parallel) , 0.1520093 secs]2019-12-26T09:58:55.101+0800: 1789111.820: [weak refs processing, 0.0000641 secs]2019-12-26T09:58:55.101+0800: 1789111.820: [class unloading, 0.0289442 secs]2019-12-26T09:58:55.130+0800: 1789111.849: [scrub symbol table, 0.0093003 secs]2019-12-26T09:58:55.139+0800: 1789111.858: [scrub string table, 0.0017427 secs][1 CMS-remark: 830848K(1277952K)] 1504462K(2015232K), 0.1947125 secs] [Times: user=0.64 sys=0.00, real=0.19 secs] 
2019-12-26T09:58:55.144+0800: 1789111.863: [CMS-concurrent-sweep-start]
2019-12-26T09:58:55.442+0800: 1789112.161: [CMS-concurrent-sweep: 0.298/0.298 secs] [Times: user=0.30 sys=0.00, real=0.30 secs] 
2019-12-26T09:58:55.442+0800: 1789112.161: [CMS-concurrent-reset-start]
2019-12-26T09:58:55.445+0800: 1789112.164: [CMS-concurrent-reset: 0.003/0.003 secs] [Times: user=0.01 sys=0.00, real=0.00 secs] 
2019-12-26T09:58:57.446+0800: 1789114.165: [GC (CMS Initial Mark) [1 CMS-initial-mark: 830848K(1277952K)] 1504650K(2015232K), 0.1704798 secs] [Times: user=0.51 sys=0.00, real=0.17 secs] 
2019-12-26T09:58:57.617+0800: 1789114.336: [CMS-concurrent-mark-start]
2019-12-26T09:58:59.029+0800: 1789115.748: [CMS-concurrent-mark: 1.412/1.412 secs] [Times: user=1.42 sys=0.00, real=1.42 secs] 
2019-12-26T09:58:59.029+0800: 1789115.748: [CMS-concurrent-preclean-start]
2019-12-26T09:58:59.033+0800: 1789115.752: [CMS-concurrent-preclean: 0.004/0.004 secs] [Times: user=0.01 sys=0.00, real=0.00 secs] 
2019-12-26T09:58:59.033+0800: 1789115.752: [CMS-concurrent-abortable-preclean-start]
 CMS: abort preclean due to time 2019-12-26T09:59:04.062+0800: 1789120.781: [CMS-concurrent-abortable-preclean: 2.227/5.029 secs] [Times: user=2.28 sys=0.00, real=5.03 secs] 
2019-12-26T09:59:04.064+0800: 1789120.783: [GC (CMS Final Remark) [YG occupancy: 673849 K (737280 K)]2019-12-26T09:59:04.064+0800: 1789120.783: [Rescan (parallel) , 0.1507465 secs]2019-12-26T09:59:04.215+0800: 1789120.934: [weak refs processing, 0.0000648 secs]2019-12-26T09:59:04.215+0800: 1789120.934: [class unloading, 0.0291777 secs]2019-12-26T09:59:04.244+0800: 1789120.963: [scrub symbol table, 0.0091157 secs]2019-12-26T09:59:04.253+0800: 1789120.972: [scrub string table, 0.0017043 secs][1 CMS-remark: 830848K(1277952K)] 1504697K(2015232K), 0.1935619 secs] [Times: user=0.64 sys=0.00, real=0.19 secs] 
2019-12-26T09:59:04.258+0800: 1789120.977: [CMS-concurrent-sweep-start]
2019-12-26T09:59:04.558+0800: 1789121.277: [CMS-concurrent-sweep: 0.300/0.300 secs] [Times: user=0.31 sys=0.00, real=0.30 secs] 
2019-12-26T09:59:04.558+0800: 1789121.277: [CMS-concurrent-reset-start]
2019-12-26T09:59:04.561+0800: 1789121.280: [CMS-concurrent-reset: 0.003/0.003 secs] [Times: user=0.00 sys=0.00, real=0.01 secs] 
2019-12-26T09:59:06.562+0800: 1789123.281: [GC (CMS Initial Mark) [1 CMS-initial-mark: 830848K(1277952K)] 1505271K(2015232K), 0.1420178 secs] [Times: user=0.56 sys=0.00, real=0.14 secs] 
2019-12-26T09:59:06.704+0800: 1789123.423: [CMS-concurrent-mark-start]
2019-12-26T09:59:08.131+0800: 1789124.849: [CMS-concurrent-mark: 1.426/1.426 secs] [Times: user=1.45 sys=0.00, real=1.43 secs] 
2019-12-26T09:59:08.131+0800: 1789124.850: [CMS-concurrent-preclean-start]
2019-12-26T09:59:08.134+0800: 1789124.853: [CMS-concurrent-preclean: 0.004/0.004 secs] [Times: user=0.00 sys=0.00, real=0.00 secs] 
2019-12-26T09:59:08.135+0800: 1789124.853: [CMS-concurrent-abortable-preclean-start]
 CMS: abort preclean due to time 2019-12-26T09:59:13.287+0800: 1789130.006: [CMS-concurrent-abortable-preclean: 2.287/5.153 secs] [Times: user=2.34 sys=0.00, real=5.15 secs] 
2019-12-26T09:59:13.289+0800: 1789130.008: [GC (CMS Final Remark) [YG occupancy: 674446 K (737280 K)]2019-12-26T09:59:13.289+0800: 1789130.008: [Rescan (parallel) , 0.1618298 secs]2019-12-26T09:59:13.451+0800: 1789130.170: [weak refs processing, 0.0000673 secs]2019-12-26T09:59:13.451+0800: 1789130.170: [class unloading, 0.0289146 secs]2019-12-26T09:59:13.480+0800: 1789130.199: [scrub symbol table, 0.0095145 secs]2019-12-26T09:59:13.489+0800: 1789130.208: [scrub string table, 0.0017149 secs][1 CMS-remark: 830848K(1277952K)] 1505294K(2015232K), 0.2047118 secs] [Times: user=0.64 sys=0.00, real=0.21 secs] 
2019-12-26T09:59:13.494+0800: 1789130.213: [CMS-concurrent-sweep-start]
2019-12-26T09:59:13.788+0800: 1789130.507: [CMS-concurrent-sweep: 0.294/0.294 secs] [Times: user=0.30 sys=0.00, real=0.29 secs] 
2019-12-26T09:59:13.789+0800: 1789130.507: [CMS-concurrent-reset-start]
2019-12-26T09:59:13.792+0800: 1789130.510: [CMS-concurrent-reset: 0.003/0.003 secs] [Times: user=0.00 sys=0.00, real=0.01 secs] 
2019-12-26T09:59:15.792+0800: 1789132.511: [GC (CMS Initial Mark) [1 CMS-initial-mark: 830848K(1277952K)] 1505294K(2015232K), 0.1423506 secs] [Times: user=0.57 sys=0.00, real=0.14 secs] 
2019-12-26T09:59:15.935+0800: 1789132.654: [CMS-concurrent-mark-start]
2019-12-26T09:59:17.348+0800: 1789134.067: [CMS-concurrent-mark: 1.413/1.413 secs] [Times: user=1.42 sys=0.00, real=1.41 secs] 
2019-12-26T09:59:17.349+0800: 1789134.067: [CMS-concurrent-preclean-start]
2019-12-26T09:59:17.352+0800: 1789134.071: [CMS-concurrent-preclean: 0.004/0.004 secs] [Times: user=0.01 sys=0.00, real=0.01 secs] 
2019-12-26T09:59:17.352+0800: 1789134.071: [CMS-concurrent-abortable-preclean-start]
 CMS: abort preclean due to time 2019-12-26T09:59:22.391+0800: 1789139.110: [CMS-concurrent-abortable-preclean: 2.236/5.039 secs] [Times: user=2.29 sys=0.00, real=5.03 secs] 
2019-12-26T09:59:22.393+0800: 1789139.112: [GC (CMS Final Remark) [YG occupancy: 674450 K (737280 K)]2019-12-26T09:59:22.393+0800: 1789139.112: [Rescan (parallel) , 0.1501930 secs]2019-12-26T09:59:22.543+0800: 1789139.262: [weak refs processing, 0.0000646 secs]2019-12-26T09:59:22.543+0800: 1789139.262: [class unloading, 0.0288966 secs]2019-12-26T09:59:22.572+0800: 1789139.291: [scrub symbol table, 0.0095250 secs]2019-12-26T09:59:22.582+0800: 1789139.301: [scrub string table, 0.0016900 secs][1 CMS-remark: 830848K(1277952K)] 1505299K(2015232K), 0.1930224 secs] [Times: user=0.64 sys=0.00, real=0.19 secs] 
2019-12-26T09:59:22.586+0800: 1789139.305: [CMS-concurrent-sweep-start]
2019-12-26T09:59:22.882+0800: 1789139.601: [CMS-concurrent-sweep: 0.296/0.296 secs] [Times: user=0.30 sys=0.00, real=0.30 secs] 
2019-12-26T09:59:22.882+0800: 1789139.601: [CMS-concurrent-reset-start]
2019-12-26T09:59:22.886+0800: 1789139.605: [CMS-concurrent-reset: 0.003/0.003 secs] [Times: user=0.00 sys=0.00, real=0.00 secs] 
2019-12-26T09:59:24.886+0800: 1789141.605: [GC (CMS Initial Mark) [1 CMS-initial-mark: 830848K(1277952K)] 1505322K(2015232K), 0.1418669 secs] [Times: user=0.57 sys=0.00, real=0.14 secs] 
2019-12-26T09:59:25.029+0800: 1789141.747: [CMS-concurrent-mark-start]
2019-12-26T09:59:26.448+0800: 1789143.167: [CMS-concurrent-mark: 1.419/1.419 secs] [Times: user=1.43 sys=0.00, real=1.42 secs] 
2019-12-26T09:59:26.448+0800: 1789143.167: [CMS-concurrent-preclean-start]
2019-12-26T09:59:26.452+0800: 1789143.171: [CMS-concurrent-preclean: 0.004/0.004 secs] [Times: user=0.01 sys=0.00, real=0.00 secs] 
2019-12-26T09:59:26.452+0800: 1789143.171: [CMS-concurrent-abortable-preclean-start]
 CMS: abort preclean due to time 2019-12-26T09:59:31.497+0800: 1789148.216: [CMS-concurrent-abortable-preclean: 2.243/5.046 secs] [Times: user=2.32 sys=0.00, real=5.05 secs] 
2019-12-26T09:59:31.500+0800: 1789148.218: [GC (CMS Final Remark) [YG occupancy: 676563 K (737280 K)]2019-12-26T09:59:31.500+0800: 1789148.219: [Rescan (parallel) , 0.1527264 secs]2019-12-26T09:59:31.653+0800: 1789148.371: [weak refs processing, 0.0000669 secs]2019-12-26T09:59:31.653+0800: 1789148.371: [class unloading, 0.0292018 secs]2019-12-26T09:59:31.682+0800: 1789148.401: [scrub symbol table, 0.0089621 secs]2019-12-26T09:59:31.691+0800: 1789148.410: [scrub string table, 0.0016905 secs][1 CMS-remark: 830848K(1277952K)] 1507411K(2015232K), 0.1953305 secs] [Times: user=0.64 sys=0.00, real=0.20 secs] 
2019-12-26T09:59:31.695+0800: 1789148.414: [CMS-concurrent-sweep-start]
2019-12-26T09:59:31.997+0800: 1789148.716: [CMS-concurrent-sweep: 0.302/0.302 secs] [Times: user=0.31 sys=0.00, real=0.30 secs] 
2019-12-26T09:59:31.998+0800: 1789148.716: [CMS-concurrent-reset-start]
2019-12-26T09:59:32.001+0800: 1789148.720: [CMS-concurrent-reset: 0.003/0.003 secs] [Times: user=0.00 sys=0.00, real=0.00 secs] 
2019-12-26T09:59:34.002+0800: 1789150.720: [GC (CMS Initial Mark) [1 CMS-initial-mark: 830848K(1277952K)] 1507666K(2015232K), 0.1432714 secs] [Times: user=0.57 sys=0.00, real=0.15 secs] 
2019-12-26T09:59:34.145+0800: 1789150.864: [CMS-concurrent-mark-start]
2019-12-26T09:59:35.558+0800: 1789152.277: [CMS-concurrent-mark: 1.413/1.413 secs] [Times: user=1.43 sys=0.00, real=1.41 secs] 
2019-12-26T09:59:35.558+0800: 1789152.277: [CMS-concurrent-preclean-start]
2019-12-26T09:59:35.562+0800: 1789152.281: [CMS-concurrent-preclean: 0.004/0.004 secs] [Times: user=0.00 sys=0.00, real=0.00 secs] 
2019-12-26T09:59:35.562+0800: 1789152.281: [CMS-concurrent-abortable-preclean-start]
 CMS: abort preclean due to time 2019-12-26T09:59:40.629+0800: 1789157.348: [CMS-concurrent-abortable-preclean: 2.375/5.067 secs] [Times: user=2.45 sys=0.00, real=5.07 secs] 
2019-12-26T09:59:40.631+0800: 1789157.350: [GC (CMS Final Remark) [YG occupancy: 679406 K (737280 K)]2019-12-26T09:59:40.632+0800: 1789157.350: [Rescan (parallel) , 0.1515661 secs]2019-12-26T09:59:40.783+0800: 1789157.502: [weak refs processing, 0.0000648 secs]2019-12-26T09:59:40.783+0800: 1789157.502: [class unloading, 0.0290656 secs]2019-12-26T09:59:40.812+0800: 1789157.531: [scrub symbol table, 0.0094919 secs]2019-12-26T09:59:40.822+0800: 1789157.541: [scrub string table, 0.0017015 secs][1 CMS-remark: 830848K(1277952K)] 1510254K(2015232K), 0.1945642 secs] [Times: user=0.65 sys=0.00, real=0.20 secs] 
2019-12-26T09:59:40.826+0800: 1789157.545: [CMS-concurrent-sweep-start]
2019-12-26T09:59:41.122+0800: 1789157.841: [CMS-concurrent-sweep: 0.295/0.295 secs] [Times: user=0.30 sys=0.00, real=0.29 secs] 
2019-12-26T09:59:41.122+0800: 1789157.841: [CMS-concurrent-reset-start]
2019-12-26T09:59:41.125+0800: 1789157.844: [CMS-concurrent-reset: 0.003/0.003 secs] [Times: user=0.00 sys=0.00, real=0.00 secs] 
2019-12-26T09:59:43.126+0800: 1789159.845: [GC (CMS Initial Mark) [1 CMS-initial-mark: 830848K(1277952K)] 1510569K(2015232K), 0.1426927 secs] [Times: user=0.56 sys=0.00, real=0.14 secs] 
2019-12-26T09:59:43.269+0800: 1789159.988: [CMS-concurrent-mark-start]
2019-12-26T09:59:44.687+0800: 1789161.406: [CMS-concurrent-mark: 1.418/1.418 secs] [Times: user=1.44 sys=0.00, real=1.42 secs] 
2019-12-26T09:59:44.687+0800: 1789161.406: [CMS-concurrent-preclean-start]
2019-12-26T09:59:44.691+0800: 1789161.410: [CMS-concurrent-preclean: 0.004/0.004 secs] [Times: user=0.00 sys=0.00, real=0.00 secs] 
2019-12-26T09:59:44.691+0800: 1789161.410: [CMS-concurrent-abortable-preclean-start]
 CMS: abort preclean due to time 2019-12-26T09:59:49.714+0800: 1789166.432: [CMS-concurrent-abortable-preclean: 2.219/5.022 secs] [Times: user=2.28 sys=0.00, real=5.02 secs] 
2019-12-26T09:59:49.715+0800: 1789166.434: [GC (CMS Final Remark) [YG occupancy: 680019 K (737280 K)]2019-12-26T09:59:49.716+0800: 1789166.434: [Rescan (parallel) , 0.1522776 secs]2019-12-26T09:59:49.868+0800: 1789166.587: [weak refs processing, 0.0000654 secs]2019-12-26T09:59:49.868+0800: 1789166.587: [class unloading, 0.0289194 secs]2019-12-26T09:59:49.897+0800: 1789166.616: [scrub symbol table, 0.0094110 secs]2019-12-26T09:59:49.906+0800: 1789166.625: [scrub string table, 0.0017265 secs][1 CMS-remark: 830848K(1277952K)] 1510867K(2015232K), 0.1951462 secs] [Times: user=0.65 sys=0.00, real=0.20 secs] 
2019-12-26T09:59:49.911+0800: 1789166.630: [CMS-concurrent-sweep-start]
2019-12-26T09:59:50.204+0800: 1789166.923: [CMS-concurrent-sweep: 0.293/0.293 secs] [Times: user=0.29 sys=0.00, real=0.29 secs] 
2019-12-26T09:59:50.204+0800: 1789166.923: [CMS-concurrent-reset-start]
2019-12-26T09:59:50.207+0800: 1789166.926: [CMS-concurrent-reset: 0.003/0.003 secs] [Times: user=0.01 sys=0.00, real=0.01 secs] 
2019-12-26T09:59:52.208+0800: 1789168.927: [GC (CMS Initial Mark) [1 CMS-initial-mark: 830848K(1277952K)] 1510867K(2015232K), 0.1425589 secs] [Times: user=0.56 sys=0.00, real=0.14 secs] 
2019-12-26T09:59:52.351+0800: 1789169.070: [CMS-concurrent-mark-start]
2019-12-26T09:59:53.756+0800: 1789170.474: [CMS-concurrent-mark: 1.405/1.405 secs] [Times: user=1.42 sys=0.00, real=1.40 secs] 
2019-12-26T09:59:53.756+0800: 1789170.475: [CMS-concurrent-preclean-start]
2019-12-26T09:59:53.760+0800: 1789170.478: [CMS-concurrent-preclean: 0.004/0.004 secs] [Times: user=0.01 sys=0.00, real=0.01 secs] 
2019-12-26T09:59:53.760+0800: 1789170.478: [CMS-concurrent-abortable-preclean-start]
 CMS: abort preclean due to time 2019-12-26T09:59:58.791+0800: 1789175.510: [CMS-concurrent-abortable-preclean: 2.229/5.031 secs] [Times: user=2.27 sys=0.00, real=5.03 secs] 
2019-12-26T09:59:58.793+0800: 1789175.511: [GC (CMS Final Remark) [YG occupancy: 680597 K (737280 K)]2019-12-26T09:59:58.793+0800: 1789175.512: [Rescan (parallel) , 0.1527698 secs]2019-12-26T09:59:58.946+0800: 1789175.664: [weak refs processing, 0.0000669 secs]2019-12-26T09:59:58.946+0800: 1789175.664: [class unloading, 0.0288718 secs]2019-12-26T09:59:58.975+0800: 1789175.693: [scrub symbol table, 0.0092526 secs]2019-12-26T09:59:58.984+0800: 1789175.703: [scrub string table, 0.0017572 secs][1 CMS-remark: 830848K(1277952K)] 1511445K(2015232K), 0.1955009 secs] [Times: user=0.66 sys=0.00, real=0.20 secs] 
2019-12-26T09:59:58.988+0800: 1789175.707: [CMS-concurrent-sweep-start]
2019-12-26T09:59:59.281+0800: 1789176.000: [CMS-concurrent-sweep: 0.292/0.292 secs] [Times: user=0.29 sys=0.00, real=0.29 secs] 
2019-12-26T09:59:59.281+0800: 1789176.000: [CMS-concurrent-reset-start]
2019-12-26T09:59:59.284+0800: 1789176.003: [CMS-concurrent-reset: 0.003/0.003 secs] [Times: user=0.00 sys=0.00, real=0.00 secs] 
2019-12-26T10:00:01.285+0800: 1789178.004: [GC (CMS Initial Mark) [1 CMS-initial-mark: 830848K(1277952K)] 1511445K(2015232K), 0.1435195 secs] [Times: user=0.57 sys=0.00, real=0.15 secs] 
2019-12-26T10:00:01.429+0800: 1789178.148: [CMS-concurrent-mark-start]
2019-12-26T10:00:02.909+0800: 1789179.628: [CMS-concurrent-mark: 1.481/1.481 secs] [Times: user=1.50 sys=0.00, real=1.48 secs] 
2019-12-26T10:00:02.910+0800: 1789179.628: [CMS-concurrent-preclean-start]
2019-12-26T10:00:02.914+0800: 1789179.632: [CMS-concurrent-preclean: 0.004/0.004 secs] [Times: user=0.01 sys=0.00, real=0.00 secs] 
2019-12-26T10:00:02.914+0800: 1789179.632: [CMS-concurrent-abortable-preclean-start]
 CMS: abort preclean due to time 2019-12-26T10:00:08.003+0800: 1789184.721: [CMS-concurrent-abortable-preclean: 2.286/5.089 secs] [Times: user=2.34 sys=0.00, real=5.09 secs] 
2019-12-26T10:00:08.004+0800: 1789184.723: [GC (CMS Final Remark) [YG occupancy: 681493 K (737280 K)]2019-12-26T10:00:08.004+0800: 1789184.723: [Rescan (parallel) , 0.1527042 secs]2019-12-26T10:00:08.157+0800: 1789184.876: [weak refs processing, 0.0000663 secs]2019-12-26T10:00:08.157+0800: 1789184.876: [class unloading, 0.0298498 secs]2019-12-26T10:00:08.187+0800: 1789184.906: [scrub symbol table, 0.0092290 secs]2019-12-26T10:00:08.196+0800: 1789184.915: [scrub string table, 0.0017524 secs][1 CMS-remark: 830848K(1277952K)] 1512342K(2015232K), 0.1962889 secs] [Times: user=0.65 sys=0.00, real=0.20 secs] 
2019-12-26T10:00:08.201+0800: 1789184.920: [CMS-concurrent-sweep-start]
2019-12-26T10:00:08.493+0800: 1789185.212: [CMS-concurrent-sweep: 0.292/0.292 secs] [Times: user=0.30 sys=0.00, real=0.29 secs] 
2019-12-26T10:00:08.493+0800: 1789185.212: [CMS-concurrent-reset-start]
2019-12-26T10:00:08.496+0800: 1789185.215: [CMS-concurrent-reset: 0.003/0.003 secs] [Times: user=0.01 sys=0.00, real=0.00 secs] 
2019-12-26T10:00:10.498+0800: 1789187.216: [GC (CMS Initial Mark) [1 CMS-initial-mark: 830848K(1277952K)] 1512492K(2015232K), 0.1514680 secs] [Times: user=0.57 sys=0.00, real=0.15 secs] 
2019-12-26T10:00:10.649+0800: 1789187.368: [CMS-concurrent-mark-start]
2019-12-26T10:00:12.070+0800: 1789188.789: [CMS-concurrent-mark: 1.417/1.420 secs] [Times: user=1.44 sys=0.00, real=1.43 secs] 
2019-12-26T10:00:12.070+0800: 1789188.789: [CMS-concurrent-preclean-start]
2019-12-26T10:00:12.074+0800: 1789188.793: [CMS-concurrent-preclean: 0.004/0.004 secs] [Times: user=0.00 sys=0.00, real=0.00 secs] 
2019-12-26T10:00:12.074+0800: 1789188.793: [CMS-concurrent-abortable-preclean-start]
2019-12-26T10:00:15.007+0800: 1789191.725: [GC (Allocation Failure) 2019-12-26T10:00:15.007+0800: 1789191.726: [ParNew: 684096K->25388K(737280K), 0.0288030 secs] 1514944K->857510K(2015232K), 0.0293189 secs] [Times: user=0.08 sys=0.00, real=0.03 secs] 
 CMS: abort preclean due to time 2019-12-26T10:00:17.104+0800: 1789193.823: [CMS-concurrent-abortable-preclean: 2.412/5.030 secs] [Times: user=2.57 sys=0.00, real=5.03 secs] 
2019-12-26T10:00:17.106+0800: 1789193.825: [GC (CMS Final Remark) [YG occupancy: 27199 K (737280 K)]2019-12-26T10:00:17.106+0800: 1789193.825: [Rescan (parallel) , 0.0061739 secs]2019-12-26T10:00:17.112+0800: 1789193.831: [weak refs processing, 0.0000566 secs]2019-12-26T10:00:17.113+0800: 1789193.831: [class unloading, 0.0291535 secs]2019-12-26T10:00:17.142+0800: 1789193.861: [scrub symbol table, 0.0091366 secs]2019-12-26T10:00:17.151+0800: 1789193.870: [scrub string table, 0.0017598 secs][1 CMS-remark: 832121K(1277952K)] 859321K(2015232K), 0.0488498 secs] [Times: user=0.07 sys=0.00, real=0.05 secs] 
2019-12-26T10:00:17.155+0800: 1789193.874: [CMS-concurrent-sweep-start]
2019-12-26T10:00:17.451+0800: 1789194.170: [CMS-concurrent-sweep: 0.296/0.296 secs] [Times: user=0.30 sys=0.00, real=0.30 secs] 
2019-12-26T10:00:17.451+0800: 1789194.170: [CMS-concurrent-reset-start]
2019-12-26T10:00:17.455+0800: 1789194.173: [CMS-concurrent-reset: 0.003/0.003 secs] [Times: user=0.00 sys=0.00, real=0.00 secs] 
2019-12-26T10:00:19.455+0800: 1789196.174: [GC (CMS Initial Mark) [1 CMS-initial-mark: 832121K(1277952K)] 859365K(2015232K), 0.0069527 secs] [Times: user=0.02 sys=0.00, real=0.01 secs] 
2019-12-26T10:00:19.463+0800: 1789196.181: [CMS-concurrent-mark-start]
2019-12-26T10:00:20.906+0800: 1789197.625: [CMS-concurrent-mark: 1.444/1.444 secs] [Times: user=1.46 sys=0.00, real=1.44 secs] 
2019-12-26T10:00:20.906+0800: 1789197.625: [CMS-concurrent-preclean-start]
2019-12-26T10:00:20.910+0800: 1789197.629: [CMS-concurrent-preclean: 0.004/0.004 secs] [Times: user=0.00 sys=0.00, real=0.00 secs] 
2019-12-26T10:00:20.912+0800: 1789197.631: [GC (CMS Final Remark) [YG occupancy: 27243 K (737280 K)]2019-12-26T10:00:20.912+0800: 1789197.631: [Rescan (parallel) , 0.0067246 secs]2019-12-26T10:00:20.919+0800: 1789197.637: [weak refs processing, 0.0000850 secs]2019-12-26T10:00:20.919+0800: 1789197.638: [class unloading, 0.0292506 secs]2019-12-26T10:00:20.948+0800: 1789197.667: [scrub symbol table, 0.0094458 secs]2019-12-26T10:00:20.957+0800: 1789197.676: [scrub string table, 0.0016869 secs][1 CMS-remark: 832121K(1277952K)] 859365K(2015232K), 0.0497491 secs] [Times: user=0.06 sys=0.00, real=0.04 secs] 
2019-12-26T10:00:20.962+0800: 1789197.681: [CMS-concurrent-sweep-start]
2019-12-26T10:00:21.257+0800: 1789197.976: [CMS-concurrent-sweep: 0.295/0.295 secs] [Times: user=0.31 sys=0.00, real=0.29 secs] 
2019-12-26T10:00:21.257+0800: 1789197.976: [CMS-concurrent-reset-start]
2019-12-26T10:00:21.261+0800: 1789197.979: [CMS-concurrent-reset: 0.003/0.003 secs] [Times: user=0.00 sys=0.00, real=0.00 secs] 
2019-12-26T10:00:23.261+0800: 1789199.980: [GC (CMS Initial Mark) [1 CMS-initial-mark: 831915K(1277952K)] 860838K(2015232K), 0.0076454 secs] [Times: user=0.02 sys=0.00, real=0.00 secs] 
2019-12-26T10:00:23.269+0800: 1789199.988: [CMS-concurrent-mark-start]
2019-12-26T10:00:24.683+0800: 1789201.402: [CMS-concurrent-mark: 1.414/1.414 secs] [Times: user=1.43 sys=0.00, real=1.42 secs] 
2019-12-26T10:00:24.683+0800: 1789201.402: [CMS-concurrent-preclean-start]
2019-12-26T10:00:24.688+0800: 1789201.406: [CMS-concurrent-preclean: 0.004/0.005 secs] [Times: user=0.00 sys=0.00, real=0.00 secs] 
2019-12-26T10:00:24.688+0800: 1789201.407: [CMS-concurrent-abortable-preclean-start]
 CMS: abort preclean due to time 2019-12-26T10:00:29.825+0800: 1789206.544: [CMS-concurrent-abortable-preclean: 2.335/5.138 secs] [Times: user=2.40 sys=0.00, real=5.14 secs] 
2019-12-26T10:00:29.827+0800: 1789206.546: [GC (CMS Final Remark) [YG occupancy: 29605 K (737280 K)]2019-12-26T10:00:29.827+0800: 1789206.546: [Rescan (parallel) , 0.0066432 secs]2019-12-26T10:00:29.834+0800: 1789206.553: [weak refs processing, 0.0000609 secs]2019-12-26T10:00:29.834+0800: 1789206.553: [class unloading, 0.0293609 secs]2019-12-26T10:00:29.863+0800: 1789206.582: [scrub symbol table, 0.0093714 secs]2019-12-26T10:00:29.873+0800: 1789206.592: [scrub string table, 0.0017111 secs][1 CMS-remark: 831915K(1277952K)] 861520K(2015232K), 0.0497557 secs] [Times: user=0.07 sys=0.00, real=0.05 secs] 
2019-12-26T10:00:29.877+0800: 1789206.596: [CMS-concurrent-sweep-start]
2019-12-26T10:00:30.175+0800: 1789206.894: [CMS-concurrent-sweep: 0.296/0.298 secs] [Times: user=0.30 sys=0.00, real=0.30 secs] 
2019-12-26T10:00:30.175+0800: 1789206.894: [CMS-concurrent-reset-start]
2019-12-26T10:00:30.179+0800: 1789206.897: [CMS-concurrent-reset: 0.003/0.003 secs] [Times: user=0.00 sys=0.00, real=0.00 secs] 
2019-12-26T10:00:32.179+0800: 1789208.898: [GC (CMS Initial Mark) [1 CMS-initial-mark: 831915K(1277952K)] 863001K(2015232K), 0.0066547 secs] [Times: user=0.02 sys=0.00, real=0.01 secs] 
2019-12-26T10:00:32.186+0800: 1789208.905: [CMS-concurrent-mark-start]
2019-12-26T10:00:33.637+0800: 1789210.355: [CMS-concurrent-mark: 1.450/1.450 secs] [Times: user=1.49 sys=0.00, real=1.45 secs] 
2019-12-26T10:00:33.637+0800: 1789210.356: [CMS-concurrent-preclean-start]
2019-12-26T10:00:33.641+0800: 1789210.360: [CMS-concurrent-preclean: 0.004/0.004 secs] [Times: user=0.01 sys=0.00, real=0.00 secs] 
2019-12-26T10:00:33.641+0800: 1789210.360: [CMS-concurrent-abortable-preclean-start]
 CMS: abort preclean due to time 2019-12-26T10:00:38.773+0800: 1789215.492: [CMS-concurrent-abortable-preclean: 2.426/5.132 secs] [Times: user=2.50 sys=0.00, real=5.14 secs] 
2019-12-26T10:00:38.775+0800: 1789215.494: [GC (CMS Final Remark) [YG occupancy: 36420 K (737280 K)]2019-12-26T10:00:38.775+0800: 1789215.494: [Rescan (parallel) , 0.0079021 secs]2019-12-26T10:00:38.783+0800: 1789215.502: [weak refs processing, 0.0000545 secs]2019-12-26T10:00:38.783+0800: 1789215.502: [class unloading, 0.0291845 secs]2019-12-26T10:00:38.812+0800: 1789215.531: [scrub symbol table, 0.0092726 secs]2019-12-26T10:00:38.822+0800: 1789215.541: [scrub string table, 0.0017050 secs][1 CMS-remark: 831915K(1277952K)] 868335K(2015232K), 0.0506698 secs] [Times: user=0.07 sys=0.00, real=0.05 secs] 
2019-12-26T10:00:38.826+0800: 1789215.545: [CMS-concurrent-sweep-start]
2019-12-26T10:00:39.122+0800: 1789215.841: [CMS-concurrent-sweep: 0.296/0.296 secs] [Times: user=0.30 sys=0.00, real=0.29 secs] 
2019-12-26T10:00:39.122+0800: 1789215.841: [CMS-concurrent-reset-start]
2019-12-26T10:00:39.125+0800: 1789215.844: [CMS-concurrent-reset: 0.003/0.003 secs] [Times: user=0.00 sys=0.00, real=0.01 secs] 
2019-12-26T10:00:41.126+0800: 1789217.845: [GC (CMS Initial Mark) [1 CMS-initial-mark: 831915K(1277952K)] 868335K(2015232K), 0.0086479 secs] [Times: user=0.03 sys=0.00, real=0.01 secs] 
2019-12-26T10:00:41.135+0800: 1789217.854: [CMS-concurrent-mark-start]
2019-12-26T10:00:42.563+0800: 1789219.282: [CMS-concurrent-mark: 1.428/1.428 secs] [Times: user=1.44 sys=0.00, real=1.42 secs] 
2019-12-26T10:00:42.563+0800: 1789219.282: [CMS-concurrent-preclean-start]
2019-12-26T10:00:42.567+0800: 1789219.286: [CMS-concurrent-preclean: 0.004/0.004 secs] [Times: user=0.01 sys=0.00, real=0.01 secs] 
2019-12-26T10:00:42.567+0800: 1789219.286: [CMS-concurrent-abortable-preclean-start]
 CMS: abort preclean due to time 2019-12-26T10:00:47.699+0800: 1789224.418: [CMS-concurrent-abortable-preclean: 2.358/5.132 secs] [Times: user=2.42 sys=0.00, real=5.13 secs] 
2019-12-26T10:00:47.701+0800: 1789224.420: [GC (CMS Final Remark) [YG occupancy: 37268 K (737280 K)]2019-12-26T10:00:47.701+0800: 1789224.420: [Rescan (parallel) , 0.0085484 secs]2019-12-26T10:00:47.710+0800: 1789224.429: [weak refs processing, 0.0000611 secs]2019-12-26T10:00:47.710+0800: 1789224.429: [class unloading, 0.0291050 secs]2019-12-26T10:00:47.739+0800: 1789224.458: [scrub symbol table, 0.0090762 secs]2019-12-26T10:00:47.748+0800: 1789224.467: [scrub string table, 0.0017171 secs][1 CMS-remark: 831915K(1277952K)] 869183K(2015232K), 0.0510633 secs] [Times: user=0.08 sys=0.00, real=0.05 secs] 
2019-12-26T10:00:47.753+0800: 1789224.472: [CMS-concurrent-sweep-start]
2019-12-26T10:00:48.044+0800: 1789224.762: [CMS-concurrent-sweep: 0.291/0.291 secs] [Times: user=0.29 sys=0.00, real=0.29 secs] 
2019-12-26T10:00:48.044+0800: 1789224.763: [CMS-concurrent-reset-start]
2019-12-26T10:00:48.047+0800: 1789224.766: [CMS-concurrent-reset: 0.003/0.003 secs] [Times: user=0.00 sys=0.00, real=0.01 secs] 
2019-12-26T10:00:50.048+0800: 1789226.767: [GC (CMS Initial Mark) [1 CMS-initial-mark: 831915K(1277952K)] 869183K(2015232K), 0.0080721 secs] [Times: user=0.02 sys=0.00, real=0.01 secs] 
2019-12-26T10:00:50.056+0800: 1789226.775: [CMS-concurrent-mark-start]
2019-12-26T10:00:51.463+0800: 1789228.182: [CMS-concurrent-mark: 1.407/1.407 secs] [Times: user=1.43 sys=0.00, real=1.40 secs] 
2019-12-26T10:00:51.463+0800: 1789228.182: [CMS-concurrent-preclean-start]
2019-12-26T10:00:51.467+0800: 1789228.186: [CMS-concurrent-preclean: 0.004/0.004 secs] [Times: user=0.00 sys=0.00, real=0.01 secs] 
2019-12-26T10:00:51.467+0800: 1789228.186: [CMS-concurrent-abortable-preclean-start]
 CMS: abort preclean due to time 2019-12-26T10:00:56.636+0800: 1789233.354: [CMS-concurrent-abortable-preclean: 2.466/5.169 secs] [Times: user=2.54 sys=0.00, real=5.16 secs] 
2019-12-26T10:00:56.637+0800: 1789233.356: [GC (CMS Final Remark) [YG occupancy: 40004 K (737280 K)]2019-12-26T10:00:56.637+0800: 1789233.356: [Rescan (parallel) , 0.0086925 secs]2019-12-26T10:00:56.646+0800: 1789233.365: [weak refs processing, 0.0000664 secs]2019-12-26T10:00:56.646+0800: 1789233.365: [class unloading, 0.0292675 secs]2019-12-26T10:00:56.675+0800: 1789233.394: [scrub symbol table, 0.0093803 secs]2019-12-26T10:00:56.685+0800: 1789233.404: [scrub string table, 0.0017283 secs][1 CMS-remark: 831915K(1277952K)] 871919K(2015232K), 0.0517110 secs] [Times: user=0.07 sys=0.00, real=0.05 secs] 
2019-12-26T10:00:56.689+0800: 1789233.408: [CMS-concurrent-sweep-start]
2019-12-26T10:00:56.982+0800: 1789233.701: [CMS-concurrent-sweep: 0.293/0.293 secs] [Times: user=0.29 sys=0.00, real=0.29 secs] 
2019-12-26T10:00:56.982+0800: 1789233.701: [CMS-concurrent-reset-start]
2019-12-26T10:00:56.985+0800: 1789233.704: [CMS-concurrent-reset: 0.003/0.003 secs] [Times: user=0.00 sys=0.00, real=0.00 secs] 
2019-12-26T10:00:58.986+0800: 1789235.705: [GC (CMS Initial Mark) [1 CMS-initial-mark: 831915K(1277952K)] 872784K(2015232K), 0.0091921 secs] [Times: user=0.03 sys=0.00, real=0.01 secs] 
2019-12-26T10:00:58.996+0800: 1789235.714: [CMS-concurrent-mark-start]
2019-12-26T10:01:00.402+0800: 1789237.121: [CMS-concurrent-mark: 1.407/1.407 secs] [Times: user=1.42 sys=0.00, real=1.41 secs] 
2019-12-26T10:01:00.402+0800: 1789237.121: [CMS-concurrent-preclean-start]
2019-12-26T10:01:00.407+0800: 1789237.125: [CMS-concurrent-preclean: 0.004/0.004 secs] [Times: user=0.01 sys=0.00, real=0.00 secs] 
2019-12-26T10:01:00.407+0800: 1789237.125: [CMS-concurrent-abortable-preclean-start]
 CMS: abort preclean due to time 2019-12-26T10:01:05.483+0800: 1789242.202: [CMS-concurrent-abortable-preclean: 2.374/5.077 secs] [Times: user=2.43 sys=0.00, real=5.08 secs] 
2019-12-26T10:01:05.485+0800: 1789242.204: [GC (CMS Final Remark) [YG occupancy: 41806 K (737280 K)]2019-12-26T10:01:05.485+0800: 1789242.204: [Rescan (parallel) , 0.0092322 secs]2019-12-26T10:01:05.494+0800: 1789242.213: [weak refs processing, 0.0000574 secs]2019-12-26T10:01:05.495+0800: 1789242.213: [class unloading, 0.0290547 secs]2019-12-26T10:01:05.524+0800: 1789242.242: [scrub symbol table, 0.0092875 secs]2019-12-26T10:01:05.533+0800: 1789242.252: [scrub string table, 0.0017093 secs][1 CMS-remark: 831915K(1277952K)] 873721K(2015232K), 0.0519503 secs] [Times: user=0.08 sys=0.00, real=0.05 secs] 
2019-12-26T10:01:05.537+0800: 1789242.256: [CMS-concurrent-sweep-start]
2019-12-26T10:01:05.836+0800: 1789242.555: [CMS-concurrent-sweep: 0.299/0.299 secs] [Times: user=0.30 sys=0.00, real=0.30 secs] 
2019-12-26T10:01:05.836+0800: 1789242.555: [CMS-concurrent-reset-start]
2019-12-26T10:01:05.840+0800: 1789242.558: [CMS-concurrent-reset: 0.003/0.003 secs] [Times: user=0.00 sys=0.00, real=0.01 secs] 
2019-12-26T10:01:07.840+0800: 1789244.559: [GC (CMS Initial Mark) [1 CMS-initial-mark: 831915K(1277952K)] 873725K(2015232K), 0.0097890 secs] [Times: user=0.04 sys=0.00, real=0.01 secs] 
2019-12-26T10:01:07.850+0800: 1789244.569: [CMS-concurrent-mark-start]
2019-12-26T10:01:09.266+0800: 1789245.985: [CMS-concurrent-mark: 1.414/1.416 secs] [Times: user=1.43 sys=0.00, real=1.41 secs] 
2019-12-26T10:01:09.266+0800: 1789245.985: [CMS-concurrent-preclean-start]
2019-12-26T10:01:09.270+0800: 1789245.989: [CMS-concurrent-preclean: 0.004/0.004 secs] [Times: user=0.00 sys=0.00, real=0.01 secs] 
2019-12-26T10:01:09.270+0800: 1789245.989: [CMS-concurrent-abortable-preclean-start]
 CMS: abort preclean due to time 2019-12-26T10:01:14.337+0800: 1789251.056: [CMS-concurrent-abortable-preclean: 2.363/5.067 secs] [Times: user=2.42 sys=0.00, real=5.06 secs] 
2019-12-26T10:01:14.339+0800: 1789251.058: [GC (CMS Final Remark) [YG occupancy: 42667 K (737280 K)]2019-12-26T10:01:14.339+0800: 1789251.058: [Rescan (parallel) , 0.0103395 secs]2019-12-26T10:01:14.349+0800: 1789251.068: [weak refs processing, 0.0000660 secs]2019-12-26T10:01:14.349+0800: 1789251.068: [class unloading, 0.0291009 secs]2019-12-26T10:01:14.378+0800: 1789251.097: [scrub symbol table, 0.0093001 secs]2019-12-26T10:01:14.388+0800: 1789251.107: [scrub string table, 0.0016887 secs][1 CMS-remark: 831915K(1277952K)] 874582K(2015232K), 0.0530967 secs] [Times: user=0.09 sys=0.00, real=0.06 secs] 
2019-12-26T10:01:14.392+0800: 1789251.111: [CMS-concurrent-sweep-start]
2019-12-26T10:01:14.690+0800: 1789251.408: [CMS-concurrent-sweep: 0.297/0.297 secs] [Times: user=0.30 sys=0.00, real=0.30 secs] 
2019-12-26T10:01:14.690+0800: 1789251.409: [CMS-concurrent-reset-start]
2019-12-26T10:01:14.693+0800: 1789251.412: [CMS-concurrent-reset: 0.003/0.003 secs] [Times: user=0.00 sys=0.00, real=0.00 secs] 
2019-12-26T10:01:16.694+0800: 1789253.413: [GC (CMS Initial Mark) [1 CMS-initial-mark: 831899K(1277952K)] 875158K(2015232K), 0.0099375 secs] [Times: user=0.03 sys=0.00, real=0.01 secs] 
2019-12-26T10:01:16.705+0800: 1789253.423: [CMS-concurrent-mark-start]
2019-12-26T10:01:18.116+0800: 1789254.835: [CMS-concurrent-mark: 1.412/1.412 secs] [Times: user=1.43 sys=0.00, real=1.41 secs] 
2019-12-26T10:01:18.116+0800: 1789254.835: [CMS-concurrent-preclean-start]
2019-12-26T10:01:18.120+0800: 1789254.839: [CMS-concurrent-preclean: 0.004/0.004 secs] [Times: user=0.00 sys=0.00, real=0.01 secs] 
2019-12-26T10:01:18.120+0800: 1789254.839: [CMS-concurrent-abortable-preclean-start]
 CMS: abort preclean due to time 2019-12-26T10:01:23.281+0800: 1789260.000: [CMS-concurrent-abortable-preclean: 2.358/5.161 secs] [Times: user=2.41 sys=0.00, real=5.16 secs] 
2019-12-26T10:01:23.283+0800: 1789260.002: [GC (CMS Final Remark) [YG occupancy: 43499 K (737280 K)]2019-12-26T10:01:23.283+0800: 1789260.002: [Rescan (parallel) , 0.0096263 secs]2019-12-26T10:01:23.293+0800: 1789260.011: [weak refs processing, 0.0000634 secs]2019-12-26T10:01:23.293+0800: 1789260.011: [class unloading, 0.0291271 secs]2019-12-26T10:01:23.322+0800: 1789260.041: [scrub symbol table, 0.0093455 secs]2019-12-26T10:01:23.331+0800: 1789260.050: [scrub string table, 0.0017012 secs][1 CMS-remark: 831899K(1277952K)] 875399K(2015232K), 0.0524283 secs] [Times: user=0.08 sys=0.00, real=0.05 secs] 
2019-12-26T10:01:23.336+0800: 1789260.054: [CMS-concurrent-sweep-start]
2019-12-26T10:01:23.632+0800: 1789260.351: [CMS-concurrent-sweep: 0.296/0.296 secs] [Times: user=0.30 sys=0.00, real=0.30 secs] 
2019-12-26T10:01:23.632+0800: 1789260.351: [CMS-concurrent-reset-start]
2019-12-26T10:01:23.635+0800: 1789260.354: [CMS-concurrent-reset: 0.003/0.003 secs] [Times: user=0.00 sys=0.00, real=0.00 secs] 
2019-12-26T10:01:25.636+0800: 1789262.355: [GC (CMS Initial Mark) [1 CMS-initial-mark: 831883K(1277952K)] 876878K(2015232K), 0.0093078 secs] [Times: user=0.04 sys=0.00, real=0.01 secs] 
2019-12-26T10:01:25.645+0800: 1789262.364: [CMS-concurrent-mark-start]
2019-12-26T10:01:27.058+0800: 1789263.777: [CMS-concurrent-mark: 1.413/1.413 secs] [Times: user=1.43 sys=0.00, real=1.41 secs] 
2019-12-26T10:01:27.059+0800: 1789263.777: [CMS-concurrent-preclean-start]
2019-12-26T10:01:27.063+0800: 1789263.782: [CMS-concurrent-preclean: 0.004/0.004 secs] [Times: user=0.00 sys=0.00, real=0.01 secs] 
2019-12-26T10:01:27.063+0800: 1789263.782: [CMS-concurrent-abortable-preclean-start]
 CMS: abort preclean due to time 2019-12-26T10:01:32.113+0800: 1789268.832: [CMS-concurrent-abortable-preclean: 2.347/5.050 secs] [Times: user=2.41 sys=0.00, real=5.05 secs] 
2019-12-26T10:01:32.115+0800: 1789268.833: [GC (CMS Final Remark) [YG occupancy: 46164 K (737280 K)]2019-12-26T10:01:32.115+0800: 1789268.834: [Rescan (parallel) , 0.0095958 secs]2019-12-26T10:01:32.124+0800: 1789268.843: [weak refs processing, 0.0000646 secs]2019-12-26T10:01:32.124+0800: 1789268.843: [class unloading, 0.0290522 secs]2019-12-26T10:01:32.154+0800: 1789268.872: [scrub symbol table, 0.0090375 secs]2019-12-26T10:01:32.163+0800: 1789268.881: [scrub string table, 0.0016971 secs][1 CMS-remark: 831883K(1277952K)] 878047K(2015232K), 0.0520333 secs] [Times: user=0.08 sys=0.00, real=0.05 secs] 
2019-12-26T10:01:32.167+0800: 1789268.886: [CMS-concurrent-sweep-start]
2019-12-26T10:01:32.459+0800: 1789269.178: [CMS-concurrent-sweep: 0.292/0.292 secs] [Times: user=0.29 sys=0.00, real=0.29 secs] 
2019-12-26T10:01:32.460+0800: 1789269.178: [CMS-concurrent-reset-start]
2019-12-26T10:01:32.463+0800: 1789269.181: [CMS-concurrent-reset: 0.003/0.003 secs] [Times: user=0.01 sys=0.00, real=0.01 secs] 
2019-12-26T10:01:34.463+0800: 1789271.182: [GC (CMS Initial Mark) [1 CMS-initial-mark: 831883K(1277952K)] 881232K(2015232K), 0.0107389 secs] [Times: user=0.04 sys=0.00, real=0.01 secs] 
2019-12-26T10:01:34.474+0800: 1789271.193: [CMS-concurrent-mark-start]
2019-12-26T10:01:35.901+0800: 1789272.619: [CMS-concurrent-mark: 1.426/1.426 secs] [Times: user=1.44 sys=0.00, real=1.42 secs] 
2019-12-26T10:01:35.901+0800: 1789272.619: [CMS-concurrent-preclean-start]
2019-12-26T10:01:35.905+0800: 1789272.624: [CMS-concurrent-preclean: 0.004/0.004 secs] [Times: user=0.01 sys=0.00, real=0.01 secs] 
2019-12-26T10:01:35.905+0800: 1789272.624: [CMS-concurrent-abortable-preclean-start]
 CMS: abort preclean due to time 2019-12-26T10:01:41.051+0800: 1789277.770: [CMS-concurrent-abortable-preclean: 2.341/5.146 secs] [Times: user=2.40 sys=0.00, real=5.14 secs] 
2019-12-26T10:01:41.053+0800: 1789277.772: [GC (CMS Final Remark) [YG occupancy: 50735 K (737280 K)]2019-12-26T10:01:41.053+0800: 1789277.772: [Rescan (parallel) , 0.0108625 secs]2019-12-26T10:01:41.064+0800: 1789277.783: [weak refs processing, 0.0000573 secs]2019-12-26T10:01:41.064+0800: 1789277.783: [class unloading, 0.0288368 secs]2019-12-26T10:01:41.093+0800: 1789277.812: [scrub symbol table, 0.0092081 secs]2019-12-26T10:01:41.102+0800: 1789277.821: [scrub string table, 0.0016812 secs][1 CMS-remark: 831883K(1277952K)] 882619K(2015232K), 0.0531971 secs] [Times: user=0.09 sys=0.00, real=0.06 secs] 
2019-12-26T10:01:41.107+0800: 1789277.826: [CMS-concurrent-sweep-start]
2019-12-26T10:01:41.404+0800: 1789278.123: [CMS-concurrent-sweep: 0.298/0.298 secs] [Times: user=0.30 sys=0.00, real=0.30 secs] 
2019-12-26T10:01:41.405+0800: 1789278.123: [CMS-concurrent-reset-start]
2019-12-26T10:01:41.408+0800: 1789278.126: [CMS-concurrent-reset: 0.003/0.003 secs] [Times: user=0.00 sys=0.00, real=0.00 secs] 
2019-12-26T10:01:43.408+0800: 1789280.127: [GC (CMS Initial Mark) [1 CMS-initial-mark: 831883K(1277952K)] 883655K(2015232K), 0.0115652 secs] [Times: user=0.04 sys=0.00, real=0.01 secs] 
2019-12-26T10:01:43.420+0800: 1789280.139: [CMS-concurrent-mark-start]
2019-12-26T10:01:44.850+0800: 1789281.569: [CMS-concurrent-mark: 1.430/1.430 secs] [Times: user=1.46 sys=0.00, real=1.43 secs] 
2019-12-26T10:01:44.850+0800: 1789281.569: [CMS-concurrent-preclean-start]
2019-12-26T10:01:44.854+0800: 1789281.573: [CMS-concurrent-preclean: 0.004/0.004 secs] [Times: user=0.00 sys=0.00, real=0.01 secs] 
2019-12-26T10:01:44.854+0800: 1789281.573: [CMS-concurrent-abortable-preclean-start]
 CMS: abort preclean due to time 2019-12-26T10:01:50.024+0800: 1789286.743: [CMS-concurrent-abortable-preclean: 2.367/5.170 secs] [Times: user=2.43 sys=0.00, real=5.16 secs] 
2019-12-26T10:01:50.026+0800: 1789286.745: [GC (CMS Final Remark) [YG occupancy: 54922 K (737280 K)]2019-12-26T10:01:50.026+0800: 1789286.745: [Rescan (parallel) , 0.0123539 secs]2019-12-26T10:01:50.039+0800: 1789286.757: [weak refs processing, 0.0000661 secs]2019-12-26T10:01:50.039+0800: 1789286.757: [class unloading, 0.0288073 secs]2019-12-26T10:01:50.067+0800: 1789286.786: [scrub symbol table, 0.0094767 secs]2019-12-26T10:01:50.077+0800: 1789286.796: [scrub string table, 0.0017296 secs][1 CMS-remark: 831883K(1277952K)] 886806K(2015232K), 0.0550069 secs] [Times: user=0.09 sys=0.00, real=0.05 secs] 
2019-12-26T10:01:50.081+0800: 1789286.800: [CMS-concurrent-sweep-start]
2019-12-26T10:01:50.373+0800: 1789287.092: [CMS-concurrent-sweep: 0.292/0.292 secs] [Times: user=0.29 sys=0.00, real=0.29 secs] 
2019-12-26T10:01:50.373+0800: 1789287.092: [CMS-concurrent-reset-start]
2019-12-26T10:01:50.377+0800: 1789287.095: [CMS-concurrent-reset: 0.003/0.003 secs] [Times: user=0.01 sys=0.00, real=0.01 secs] 
2019-12-26T10:01:52.377+0800: 1789289.096: [GC (CMS Initial Mark) [1 CMS-initial-mark: 831883K(1277952K)] 889027K(2015232K), 0.0138147 secs] [Times: user=0.04 sys=0.00, real=0.01 secs] 
2019-12-26T10:01:52.392+0800: 1789289.110: [CMS-concurrent-mark-start]
2019-12-26T10:01:53.821+0800: 1789290.540: [CMS-concurrent-mark: 1.429/1.429 secs] [Times: user=1.45 sys=0.00, real=1.43 secs] 
2019-12-26T10:01:53.821+0800: 1789290.540: [CMS-concurrent-preclean-start]
2019-12-26T10:01:53.826+0800: 1789290.545: [CMS-concurrent-preclean: 0.004/0.005 secs] [Times: user=0.00 sys=0.00, real=0.01 secs] 
2019-12-26T10:01:53.826+0800: 1789290.545: [CMS-concurrent-abortable-preclean-start]
 CMS: abort preclean due to time 2019-12-26T10:01:59.008+0800: 1789295.727: [CMS-concurrent-abortable-preclean: 2.380/5.182 secs] [Times: user=2.44 sys=0.00, real=5.18 secs] 
2019-12-26T10:01:59.010+0800: 1789295.729: [GC (CMS Final Remark) [YG occupancy: 57621 K (737280 K)]2019-12-26T10:01:59.010+0800: 1789295.729: [Rescan (parallel) , 0.0148884 secs]2019-12-26T10:01:59.025+0800: 1789295.744: [weak refs processing, 0.0000690 secs]2019-12-26T10:01:59.025+0800: 1789295.744: [class unloading, 0.0289321 secs]2019-12-26T10:01:59.054+0800: 1789295.773: [scrub symbol table, 0.0090786 secs]2019-12-26T10:01:59.063+0800: 1789295.782: [scrub string table, 0.0017138 secs][1 CMS-remark: 831883K(1277952K)] 889504K(2015232K), 0.0572894 secs] [Times: user=0.08 sys=0.00, real=0.06 secs] 
2019-12-26T10:01:59.067+0800: 1789295.786: [CMS-concurrent-sweep-start]
2019-12-26T10:01:59.359+0800: 1789296.078: [CMS-concurrent-sweep: 0.292/0.292 secs] [Times: user=0.30 sys=0.00, real=0.29 secs] 
2019-12-26T10:01:59.360+0800: 1789296.078: [CMS-concurrent-reset-start]
2019-12-26T10:01:59.363+0800: 1789296.081: [CMS-concurrent-reset: 0.003/0.003 secs] [Times: user=0.00 sys=0.00, real=0.00 secs] 
2019-12-26T10:02:01.363+0800: 1789298.082: [GC (CMS Initial Mark) [1 CMS-initial-mark: 831883K(1277952K)] 889719K(2015232K), 0.0118460 secs] [Times: user=0.05 sys=0.00, real=0.01 secs] 
2019-12-26T10:02:01.376+0800: 1789298.094: [CMS-concurrent-mark-start]
2019-12-26T10:02:02.803+0800: 1789299.522: [CMS-concurrent-mark: 1.427/1.427 secs] [Times: user=1.44 sys=0.00, real=1.43 secs] 
2019-12-26T10:02:02.803+0800: 1789299.522: [CMS-concurrent-preclean-start]
2019-12-26T10:02:02.807+0800: 1789299.526: [CMS-concurrent-preclean: 0.004/0.004 secs] [Times: user=0.01 sys=0.00, real=0.01 secs] 
2019-12-26T10:02:02.807+0800: 1789299.526: [CMS-concurrent-abortable-preclean-start]
 CMS: abort preclean due to time 2019-12-26T10:02:07.852+0800: 1789304.571: [CMS-concurrent-abortable-preclean: 2.343/5.045 secs] [Times: user=2.40 sys=0.00, real=5.04 secs] 
2019-12-26T10:02:07.854+0800: 1789304.573: [GC (CMS Final Remark) [YG occupancy: 59209 K (737280 K)]2019-12-26T10:02:07.854+0800: 1789304.573: [Rescan (parallel) , 0.0131768 secs]2019-12-26T10:02:07.868+0800: 1789304.586: [weak refs processing, 0.0000623 secs]2019-12-26T10:02:07.868+0800: 1789304.586: [class unloading, 0.0308503 secs]2019-12-26T10:02:07.899+0800: 1789304.617: [scrub symbol table, 0.0091423 secs]2019-12-26T10:02:07.908+0800: 1789304.627: [scrub string table, 0.0017435 secs][1 CMS-remark: 831883K(1277952K)] 891093K(2015232K), 0.0575846 secs] [Times: user=0.10 sys=0.00, real=0.06 secs] 
2019-12-26T10:02:07.912+0800: 1789304.631: [CMS-concurrent-sweep-start]
2019-12-26T10:02:08.211+0800: 1789304.930: [CMS-concurrent-sweep: 0.298/0.298 secs] [Times: user=0.30 sys=0.00, real=0.30 secs] 
2019-12-26T10:02:08.211+0800: 1789304.930: [CMS-concurrent-reset-start]
2019-12-26T10:02:08.214+0800: 1789304.933: [CMS-concurrent-reset: 0.003/0.003 secs] [Times: user=0.00 sys=0.00, real=0.00 secs] 
2019-12-26T10:02:10.215+0800: 1789306.934: [GC (CMS Initial Mark) [1 CMS-initial-mark: 831883K(1277952K)] 892152K(2015232K), 0.0127009 secs] [Times: user=0.05 sys=0.00, real=0.02 secs] 
2019-12-26T10:02:10.228+0800: 1789306.947: [CMS-concurrent-mark-start]
2019-12-26T10:02:11.653+0800: 1789308.372: [CMS-concurrent-mark: 1.425/1.425 secs] [Times: user=1.45 sys=0.00, real=1.42 secs] 
2019-12-26T10:02:11.653+0800: 1789308.372: [CMS-concurrent-preclean-start]
2019-12-26T10:02:11.658+0800: 1789308.377: [CMS-concurrent-preclean: 0.004/0.004 secs] [Times: user=0.00 sys=0.00, real=0.00 secs] 
2019-12-26T10:02:11.658+0800: 1789308.377: [CMS-concurrent-abortable-preclean-start]
 CMS: abort preclean due to time 2019-12-26T10:02:16.820+0800: 1789313.539: [CMS-concurrent-abortable-preclean: 2.360/5.162 secs] [Times: user=2.41 sys=0.00, real=5.17 secs] 
2019-12-26T10:02:16.822+0800: 1789313.541: [GC (CMS Final Remark) [YG occupancy: 62022 K (737280 K)]2019-12-26T10:02:16.822+0800: 1789313.541: [Rescan (parallel) , 0.0139167 secs]2019-12-26T10:02:16.836+0800: 1789313.555: [weak refs processing, 0.0000639 secs]2019-12-26T10:02:16.836+0800: 1789313.555: [class unloading, 0.0293932 secs]2019-12-26T10:02:16.865+0800: 1789313.584: [scrub symbol table, 0.0097340 secs]2019-12-26T10:02:16.875+0800: 1789313.594: [scrub string table, 0.0017426 secs][1 CMS-remark: 831883K(1277952K)] 893906K(2015232K), 0.0574977 secs] [Times: user=0.09 sys=0.00, real=0.06 secs] 
2019-12-26T10:02:16.880+0800: 1789313.599: [CMS-concurrent-sweep-start]
2019-12-26T10:02:17.176+0800: 1789313.895: [CMS-concurrent-sweep: 0.297/0.297 secs] [Times: user=0.29 sys=0.00, real=0.29 secs] 
2019-12-26T10:02:17.177+0800: 1789313.895: [CMS-concurrent-reset-start]
2019-12-26T10:02:17.180+0800: 1789313.899: [CMS-concurrent-reset: 0.003/0.003 secs] [Times: user=0.01 sys=0.00, real=0.01 secs] 
2019-12-26T10:02:19.181+0800: 1789315.900: [GC (CMS Initial Mark) [1 CMS-initial-mark: 831883K(1277952K)] 894249K(2015232K), 0.0140636 secs] [Times: user=0.05 sys=0.00, real=0.01 secs] 
2019-12-26T10:02:19.195+0800: 1789315.914: [CMS-concurrent-mark-start]
2019-12-26T10:02:20.604+0800: 1789317.323: [CMS-concurrent-mark: 1.409/1.409 secs] [Times: user=1.43 sys=0.00, real=1.41 secs] 
2019-12-26T10:02:20.604+0800: 1789317.323: [CMS-concurrent-preclean-start]
2019-12-26T10:02:20.608+0800: 1789317.327: [CMS-concurrent-preclean: 0.004/0.004 secs] [Times: user=0.00 sys=0.00, real=0.00 secs] 
2019-12-26T10:02:20.608+0800: 1789317.327: [CMS-concurrent-abortable-preclean-start]
 CMS: abort preclean due to time 2019-12-26T10:02:25.659+0800: 1789322.378: [CMS-concurrent-abortable-preclean: 2.421/5.051 secs] [Times: user=2.49 sys=0.00, real=5.05 secs] 
2019-12-26T10:02:25.661+0800: 1789322.380: [GC (CMS Final Remark) [YG occupancy: 64981 K (737280 K)]2019-12-26T10:02:25.661+0800: 1789322.380: [Rescan (parallel) , 0.0135540 secs]2019-12-26T10:02:25.675+0800: 1789322.393: [weak refs processing, 0.0000587 secs]2019-12-26T10:02:25.675+0800: 1789322.394: [class unloading, 0.0290757 secs]2019-12-26T10:02:25.704+0800: 1789322.423: [scrub symbol table, 0.0093370 secs]2019-12-26T10:02:25.713+0800: 1789322.432: [scrub string table, 0.0017266 secs][1 CMS-remark: 831883K(1277952K)] 896865K(2015232K), 0.0564210 secs] [Times: user=0.10 sys=0.00, real=0.05 secs] 
2019-12-26T10:02:25.718+0800: 1789322.437: [CMS-concurrent-sweep-start]
2019-12-26T10:02:26.021+0800: 1789322.739: [CMS-concurrent-sweep: 0.303/0.303 secs] [Times: user=0.30 sys=0.00, real=0.30 secs] 
2019-12-26T10:02:26.021+0800: 1789322.740: [CMS-concurrent-reset-start]
2019-12-26T10:02:26.024+0800: 1789322.743: [CMS-concurrent-reset: 0.003/0.003 secs] [Times: user=0.00 sys=0.00, real=0.01 secs] 
2019-12-26T10:02:28.025+0800: 1789324.744: [GC (CMS Initial Mark) [1 CMS-initial-mark: 831883K(1277952K)] 896865K(2015232K), 0.0141152 secs] [Times: user=0.05 sys=0.00, real=0.01 secs] 
2019-12-26T10:02:28.039+0800: 1789324.758: [CMS-concurrent-mark-start]
2019-12-26T10:02:29.467+0800: 1789326.186: [CMS-concurrent-mark: 1.428/1.428 secs] [Times: user=1.44 sys=0.00, real=1.43 secs] 
2019-12-26T10:02:29.467+0800: 1789326.186: [CMS-concurrent-preclean-start]
2019-12-26T10:02:29.471+0800: 1789326.190: [CMS-concurrent-preclean: 0.004/0.004 secs] [Times: user=0.01 sys=0.00, real=0.01 secs] 
2019-12-26T10:02:29.471+0800: 1789326.190: [CMS-concurrent-abortable-preclean-start]
 CMS: abort preclean due to time 2019-12-26T10:02:34.636+0800: 1789331.355: [CMS-concurrent-abortable-preclean: 2.357/5.165 secs] [Times: user=2.44 sys=0.00, real=5.16 secs] 
2019-12-26T10:02:34.638+0800: 1789331.356: [GC (CMS Final Remark) [YG occupancy: 67357 K (737280 K)]2019-12-26T10:02:34.638+0800: 1789331.356: [Rescan (parallel) , 0.0149407 secs]2019-12-26T10:02:34.653+0800: 1789331.371: [weak refs processing, 0.0000590 secs]2019-12-26T10:02:34.653+0800: 1789331.372: [class unloading, 0.0288844 secs]2019-12-26T10:02:34.682+0800: 1789331.400: [scrub symbol table, 0.0095669 secs]2019-12-26T10:02:34.691+0800: 1789331.410: [scrub string table, 0.0017073 secs][1 CMS-remark: 831883K(1277952K)] 899240K(2015232K), 0.0577472 secs] [Times: user=0.10 sys=0.00, real=0.06 secs] 
2019-12-26T10:02:34.696+0800: 1789331.415: [CMS-concurrent-sweep-start]
2019-12-26T10:02:34.992+0800: 1789331.711: [CMS-concurrent-sweep: 0.297/0.297 secs] [Times: user=0.30 sys=0.00, real=0.30 secs] 
2019-12-26T10:02:34.993+0800: 1789331.711: [CMS-concurrent-reset-start]
2019-12-26T10:02:34.996+0800: 1789331.715: [CMS-concurrent-reset: 0.003/0.003 secs] [Times: user=0.00 sys=0.00, real=0.00 secs] 
2019-12-26T10:02:36.997+0800: 1789333.715: [GC (CMS Initial Mark) [1 CMS-initial-mark: 831883K(1277952K)] 899245K(2015232K), 0.0146555 secs] [Times: user=0.06 sys=0.00, real=0.02 secs] 
2019-12-26T10:02:37.012+0800: 1789333.730: [CMS-concurrent-mark-start]
2019-12-26T10:02:38.440+0800: 1789335.159: [CMS-concurrent-mark: 1.427/1.428 secs] [Times: user=1.45 sys=0.00, real=1.42 secs] 
2019-12-26T10:02:38.440+0800: 1789335.159: [CMS-concurrent-preclean-start]
2019-12-26T10:02:38.444+0800: 1789335.163: [CMS-concurrent-preclean: 0.004/0.004 secs] [Times: user=0.00 sys=0.00, real=0.01 secs] 
2019-12-26T10:02:38.444+0800: 1789335.163: [CMS-concurrent-abortable-preclean-start]
 CMS: abort preclean due to time 2019-12-26T10:02:43.524+0800: 1789340.243: [CMS-concurrent-abortable-preclean: 2.356/5.080 secs] [Times: user=2.42 sys=0.00, real=5.08 secs] 
2019-12-26T10:02:43.526+0800: 1789340.245: [GC (CMS Final Remark) [YG occupancy: 69538 K (737280 K)]2019-12-26T10:02:43.526+0800: 1789340.245: [Rescan (parallel) , 0.0154445 secs]2019-12-26T10:02:43.542+0800: 1789340.261: [weak refs processing, 0.0000648 secs]2019-12-26T10:02:43.542+0800: 1789340.261: [class unloading, 0.0293945 secs]2019-12-26T10:02:43.571+0800: 1789340.290: [scrub symbol table, 0.0095170 secs]2019-12-26T10:02:43.581+0800: 1789340.300: [scrub string table, 0.0017487 secs][1 CMS-remark: 831883K(1277952K)] 901422K(2015232K), 0.0587855 secs] [Times: user=0.11 sys=0.00, real=0.06 secs] 
2019-12-26T10:02:43.585+0800: 1789340.304: [CMS-concurrent-sweep-start]
2019-12-26T10:02:43.882+0800: 1789340.601: [CMS-concurrent-sweep: 0.297/0.297 secs] [Times: user=0.30 sys=0.00, real=0.29 secs] 
2019-12-26T10:02:43.882+0800: 1789340.601: [CMS-concurrent-reset-start]
2019-12-26T10:02:43.886+0800: 1789340.604: [CMS-concurrent-reset: 0.003/0.003 secs] [Times: user=0.00 sys=0.00, real=0.01 secs] 
2019-12-26T10:02:45.886+0800: 1789342.605: [GC (CMS Initial Mark) [1 CMS-initial-mark: 831883K(1277952K)] 901452K(2015232K), 0.0243472 secs] [Times: user=0.05 sys=0.00, real=0.02 secs] 
2019-12-26T10:02:45.911+0800: 1789342.630: [CMS-concurrent-mark-start]
2019-12-26T10:02:47.328+0800: 1789344.047: [CMS-concurrent-mark: 1.417/1.417 secs] [Times: user=1.43 sys=0.00, real=1.42 secs] 
2019-12-26T10:02:47.328+0800: 1789344.047: [CMS-concurrent-preclean-start]
2019-12-26T10:02:47.332+0800: 1789344.051: [CMS-concurrent-preclean: 0.004/0.004 secs] [Times: user=0.01 sys=0.00, real=0.00 secs] 
2019-12-26T10:02:47.332+0800: 1789344.051: [CMS-concurrent-abortable-preclean-start]
 CMS: abort preclean due to time 2019-12-26T10:02:52.506+0800: 1789349.225: [CMS-concurrent-abortable-preclean: 2.372/5.174 secs] [Times: user=2.42 sys=0.00, real=5.18 secs] 
2019-12-26T10:02:52.508+0800: 1789349.227: [GC (CMS Final Remark) [YG occupancy: 69573 K (737280 K)]2019-12-26T10:02:52.508+0800: 1789349.227: [Rescan (parallel) , 0.0166357 secs]2019-12-26T10:02:52.525+0800: 1789349.244: [weak refs processing, 0.0000591 secs]2019-12-26T10:02:52.525+0800: 1789349.244: [class unloading, 0.0290612 secs]2019-12-26T10:02:52.554+0800: 1789349.273: [scrub symbol table, 0.0090393 secs]2019-12-26T10:02:52.563+0800: 1789349.282: [scrub string table, 0.0017065 secs][1 CMS-remark: 831883K(1277952K)] 901456K(2015232K), 0.0591520 secs] [Times: user=0.09 sys=0.00, real=0.06 secs] 
2019-12-26T10:02:52.568+0800: 1789349.286: [CMS-concurrent-sweep-start]
2019-12-26T10:02:52.859+0800: 1789349.578: [CMS-concurrent-sweep: 0.291/0.291 secs] [Times: user=0.29 sys=0.00, real=0.29 secs] 
2019-12-26T10:02:52.859+0800: 1789349.578: [CMS-concurrent-reset-start]
2019-12-26T10:02:52.862+0800: 1789349.581: [CMS-concurrent-reset: 0.003/0.003 secs] [Times: user=0.00 sys=0.00, real=0.00 secs] 
2019-12-26T10:02:54.863+0800: 1789351.582: [GC (CMS Initial Mark) [1 CMS-initial-mark: 831867K(1277952K)] 901441K(2015232K), 0.0143849 secs] [Times: user=0.06 sys=0.00, real=0.02 secs] 
2019-12-26T10:02:54.878+0800: 1789351.596: [CMS-concurrent-mark-start]
2019-12-26T10:02:56.305+0800: 1789353.024: [CMS-concurrent-mark: 1.427/1.427 secs] [Times: user=1.44 sys=0.00, real=1.43 secs] 
2019-12-26T10:02:56.305+0800: 1789353.024: [CMS-concurrent-preclean-start]
2019-12-26T10:02:56.309+0800: 1789353.028: [CMS-concurrent-preclean: 0.004/0.004 secs] [Times: user=0.00 sys=0.00, real=0.00 secs] 
2019-12-26T10:02:56.309+0800: 1789353.028: [CMS-concurrent-abortable-preclean-start]
 CMS: abort preclean due to time 2019-12-26T10:03:01.476+0800: 1789358.195: [CMS-concurrent-abortable-preclean: 2.365/5.167 secs] [Times: user=2.42 sys=0.00, real=5.17 secs] 
2019-12-26T10:03:01.478+0800: 1789358.197: [GC (CMS Final Remark) [YG occupancy: 69585 K (737280 K)]2019-12-26T10:03:01.478+0800: 1789358.197: [Rescan (parallel) , 0.0147475 secs]2019-12-26T10:03:01.493+0800: 1789358.212: [weak refs processing, 0.0000702 secs]2019-12-26T10:03:01.493+0800: 1789358.212: [class unloading, 0.0292037 secs]2019-12-26T10:03:01.523+0800: 1789358.241: [scrub symbol table, 0.0094862 secs]2019-12-26T10:03:01.532+0800: 1789358.251: [scrub string table, 0.0017056 secs][1 CMS-remark: 831867K(1277952K)] 901453K(2015232K), 0.0578797 secs] [Times: user=0.10 sys=0.00, real=0.06 secs] 
2019-12-26T10:03:01.537+0800: 1789358.255: [CMS-concurrent-sweep-start]
2019-12-26T10:03:01.829+0800: 1789358.548: [CMS-concurrent-sweep: 0.293/0.293 secs] [Times: user=0.30 sys=0.00, real=0.29 secs] 
2019-12-26T10:03:01.830+0800: 1789358.548: [CMS-concurrent-reset-start]
2019-12-26T10:03:01.833+0800: 1789358.552: [CMS-concurrent-reset: 0.003/0.003 secs] [Times: user=0.00 sys=0.00, real=0.00 secs] 
2019-12-26T10:03:03.834+0800: 1789360.553: [GC (CMS Initial Mark) [1 CMS-initial-mark: 831867K(1277952K)] 902326K(2015232K), 0.0141167 secs] [Times: user=0.05 sys=0.00, real=0.02 secs] 
2019-12-26T10:03:03.848+0800: 1789360.567: [CMS-concurrent-mark-start]
2019-12-26T10:03:05.288+0800: 1789362.007: [CMS-concurrent-mark: 1.439/1.439 secs] [Times: user=1.45 sys=0.00, real=1.44 secs] 
2019-12-26T10:03:05.288+0800: 1789362.007: [CMS-concurrent-preclean-start]
2019-12-26T10:03:05.292+0800: 1789362.011: [CMS-concurrent-preclean: 0.004/0.004 secs] [Times: user=0.01 sys=0.00, real=0.00 secs] 
2019-12-26T10:03:05.292+0800: 1789362.011: [CMS-concurrent-abortable-preclean-start]
 CMS: abort preclean due to time 2019-12-26T10:03:10.296+0800: 1789367.015: [CMS-concurrent-abortable-preclean: 2.302/5.004 secs] [Times: user=2.35 sys=0.00, real=5.00 secs] 
2019-12-26T10:03:10.298+0800: 1789367.017: [GC (CMS Final Remark) [YG occupancy: 70981 K (737280 K)]2019-12-26T10:03:10.298+0800: 1789367.017: [Rescan (parallel) , 0.0148331 secs]2019-12-26T10:03:10.313+0800: 1789367.032: [weak refs processing, 0.0000615 secs]2019-12-26T10:03:10.313+0800: 1789367.032: [class unloading, 0.0289366 secs]2019-12-26T10:03:10.342+0800: 1789367.061: [scrub symbol table, 0.0091205 secs]2019-12-26T10:03:10.351+0800: 1789367.070: [scrub string table, 0.0017074 secs][1 CMS-remark: 831867K(1277952K)] 902849K(2015232K), 0.0572374 secs] [Times: user=0.10 sys=0.00, real=0.05 secs] 
2019-12-26T10:03:10.356+0800: 1789367.074: [CMS-concurrent-sweep-start]
2019-12-26T10:03:10.648+0800: 1789367.367: [CMS-concurrent-sweep: 0.291/0.293 secs] [Times: user=0.30 sys=0.00, real=0.30 secs] 
2019-12-26T10:03:10.648+0800: 1789367.367: [CMS-concurrent-reset-start]
2019-12-26T10:03:10.652+0800: 1789367.370: [CMS-concurrent-reset: 0.003/0.003 secs] [Times: user=0.00 sys=0.00, real=0.00 secs] 
2019-12-26T10:03:12.652+0800: 1789369.371: [GC (CMS Initial Mark) [1 CMS-initial-mark: 831867K(1277952K)] 903067K(2015232K), 0.0142478 secs] [Times: user=0.05 sys=0.00, real=0.01 secs] 
2019-12-26T10:03:12.667+0800: 1789369.386: [CMS-concurrent-mark-start]
2019-12-26T10:03:14.087+0800: 1789370.806: [CMS-concurrent-mark: 1.420/1.420 secs] [Times: user=1.44 sys=0.00, real=1.42 secs] 
2019-12-26T10:03:14.087+0800: 1789370.806: [CMS-concurrent-preclean-start]
2019-12-26T10:03:14.091+0800: 1789370.810: [CMS-concurrent-preclean: 0.004/0.004 secs] [Times: user=0.00 sys=0.00, real=0.01 secs] 
2019-12-26T10:03:14.091+0800: 1789370.810: [CMS-concurrent-abortable-preclean-start]
 CMS: abort preclean due to time 2019-12-26T10:03:19.236+0800: 1789375.955: [CMS-concurrent-abortable-preclean: 2.392/5.145 secs] [Times: user=2.46 sys=0.00, real=5.14 secs] 
2019-12-26T10:03:19.238+0800: 1789375.957: [GC (CMS Final Remark) [YG occupancy: 72638 K (737280 K)]2019-12-26T10:03:19.238+0800: 1789375.957: [Rescan (parallel) , 0.0152902 secs]2019-12-26T10:03:19.253+0800: 1789375.972: [weak refs processing, 0.0000619 secs]2019-12-26T10:03:19.253+0800: 1789375.972: [class unloading, 0.0294285 secs]2019-12-26T10:03:19.283+0800: 1789376.002: [scrub symbol table, 0.0105030 secs]2019-12-26T10:03:19.293+0800: 1789376.012: [scrub string table, 0.0024209 secs][1 CMS-remark: 831867K(1277952K)] 904506K(2015232K), 0.0609581 secs] [Times: user=0.11 sys=0.00, real=0.07 secs] 
2019-12-26T10:03:19.299+0800: 1789376.018: [CMS-concurrent-sweep-start]
2019-12-26T10:03:19.590+0800: 1789376.309: [CMS-concurrent-sweep: 0.291/0.291 secs] [Times: user=0.29 sys=0.00, real=0.29 secs] 
2019-12-26T10:03:19.591+0800: 1789376.309: [CMS-concurrent-reset-start]
2019-12-26T10:03:19.594+0800: 1789376.312: [CMS-concurrent-reset: 0.003/0.003 secs] [Times: user=0.00 sys=0.00, real=0.00 secs] 
2019-12-26T10:03:21.594+0800: 1789378.313: [GC (CMS Initial Mark) [1 CMS-initial-mark: 831867K(1277952K)] 904506K(2015232K), 0.0152164 secs] [Times: user=0.06 sys=0.00, real=0.02 secs] 
2019-12-26T10:03:21.610+0800: 1789378.329: [CMS-concurrent-mark-start]
2019-12-26T10:03:23.020+0800: 1789379.739: [CMS-concurrent-mark: 1.410/1.410 secs] [Times: user=1.43 sys=0.00, real=1.41 secs] 
2019-12-26T10:03:23.020+0800: 1789379.739: [CMS-concurrent-preclean-start]
2019-12-26T10:03:23.024+0800: 1789379.743: [CMS-concurrent-preclean: 0.004/0.004 secs] [Times: user=0.00 sys=0.00, real=0.00 secs] 
2019-12-26T10:03:23.024+0800: 1789379.743: [CMS-concurrent-abortable-preclean-start]
 CMS: abort preclean due to time 2019-12-26T10:03:28.082+0800: 1789384.801: [CMS-concurrent-abortable-preclean: 2.355/5.058 secs] [Times: user=2.41 sys=0.00, real=5.06 secs] 
2019-12-26T10:03:28.084+0800: 1789384.803: [GC (CMS Final Remark) [YG occupancy: 74380 K (737280 K)]2019-12-26T10:03:28.084+0800: 1789384.803: [Rescan (parallel) , 0.0152844 secs]2019-12-26T10:03:28.099+0800: 1789384.818: [weak refs processing, 0.0000676 secs]2019-12-26T10:03:28.099+0800: 1789384.818: [class unloading, 0.0291032 secs]2019-12-26T10:03:28.128+0800: 1789384.847: [scrub symbol table, 0.0091686 secs]2019-12-26T10:03:28.138+0800: 1789384.856: [scrub string table, 0.0016989 secs][1 CMS-remark: 831867K(1277952K)] 906248K(2015232K), 0.0579634 secs] [Times: user=0.10 sys=0.00, real=0.06 secs] 
2019-12-26T10:03:28.142+0800: 1789384.861: [CMS-concurrent-sweep-start]
2019-12-26T10:03:28.439+0800: 1789385.157: [CMS-concurrent-sweep: 0.296/0.296 secs] [Times: user=0.30 sys=0.00, real=0.29 secs] 
2019-12-26T10:03:28.439+0800: 1789385.158: [CMS-concurrent-reset-start]
2019-12-26T10:03:28.442+0800: 1789385.161: [CMS-concurrent-reset: 0.003/0.003 secs] [Times: user=0.00 sys=0.00, real=0.01 secs] 
2019-12-26T10:03:30.443+0800: 1789387.161: [GC (CMS Initial Mark) [1 CMS-initial-mark: 831867K(1277952K)] 906248K(2015232K), 0.0153554 secs] [Times: user=0.06 sys=0.00, real=0.01 secs] 
2019-12-26T10:03:30.458+0800: 1789387.177: [CMS-concurrent-mark-start]
2019-12-26T10:03:31.877+0800: 1789388.596: [CMS-concurrent-mark: 1.418/1.418 secs] [Times: user=1.45 sys=0.00, real=1.42 secs] 
2019-12-26T10:03:31.877+0800: 1789388.596: [CMS-concurrent-preclean-start]
2019-12-26T10:03:31.881+0800: 1789388.600: [CMS-concurrent-preclean: 0.004/0.004 secs] [Times: user=0.00 sys=0.00, real=0.01 secs] 
2019-12-26T10:03:31.881+0800: 1789388.600: [CMS-concurrent-abortable-preclean-start]
 CMS: abort preclean due to time 2019-12-26T10:03:36.949+0800: 1789393.668: [CMS-concurrent-abortable-preclean: 2.365/5.068 secs] [Times: user=2.45 sys=0.00, real=5.06 secs] 
2019-12-26T10:03:36.951+0800: 1789393.670: [GC (CMS Final Remark) [YG occupancy: 78902 K (737280 K)]2019-12-26T10:03:36.951+0800: 1789393.670: [Rescan (parallel) , 0.0164552 secs]2019-12-26T10:03:36.968+0800: 1789393.687: [weak refs processing, 0.0000610 secs]2019-12-26T10:03:36.968+0800: 1789393.687: [class unloading, 0.0288081 secs]2019-12-26T10:03:36.997+0800: 1789393.715: [scrub symbol table, 0.0095590 secs]2019-12-26T10:03:37.006+0800: 1789393.725: [scrub string table, 0.0017122 secs][1 CMS-remark: 831867K(1277952K)] 910770K(2015232K), 0.0592009 secs] [Times: user=0.11 sys=0.00, real=0.06 secs] 
2019-12-26T10:03:37.011+0800: 1789393.730: [CMS-concurrent-sweep-start]
2019-12-26T10:03:37.303+0800: 1789394.022: [CMS-concurrent-sweep: 0.292/0.292 secs] [Times: user=0.30 sys=0.00, real=0.30 secs] 
2019-12-26T10:03:37.303+0800: 1789394.022: [CMS-concurrent-reset-start]
2019-12-26T10:03:37.306+0800: 1789394.025: [CMS-concurrent-reset: 0.003/0.003 secs] [Times: user=0.00 sys=0.00, real=0.00 secs] 
2019-12-26T10:03:39.307+0800: 1789396.026: [GC (CMS Initial Mark) [1 CMS-initial-mark: 831852K(1277952K)] 911873K(2015232K), 0.0160682 secs] [Times: user=0.06 sys=0.00, real=0.02 secs] 
2019-12-26T10:03:39.324+0800: 1789396.042: [CMS-concurrent-mark-start]
2019-12-26T10:03:40.737+0800: 1789397.456: [CMS-concurrent-mark: 1.413/1.413 secs] [Times: user=1.42 sys=0.00, real=1.41 secs] 
2019-12-26T10:03:40.737+0800: 1789397.456: [CMS-concurrent-preclean-start]
2019-12-26T10:03:40.741+0800: 1789397.460: [CMS-concurrent-preclean: 0.004/0.004 secs] [Times: user=0.01 sys=0.00, real=0.00 secs] 
2019-12-26T10:03:40.741+0800: 1789397.460: [CMS-concurrent-abortable-preclean-start]
 CMS: abort preclean due to time 2019-12-26T10:03:45.786+0800: 1789402.505: [CMS-concurrent-abortable-preclean: 2.442/5.045 secs] [Times: user=2.50 sys=0.00, real=5.05 secs] 
2019-12-26T10:03:45.788+0800: 1789402.507: [GC (CMS Final Remark) [YG occupancy: 81279 K (737280 K)]2019-12-26T10:03:45.788+0800: 1789402.507: [Rescan (parallel) , 0.0171191 secs]2019-12-26T10:03:45.805+0800: 1789402.524: [weak refs processing, 0.0000636 secs]2019-12-26T10:03:45.805+0800: 1789402.524: [class unloading, 0.0292547 secs]2019-12-26T10:03:45.835+0800: 1789402.554: [scrub symbol table, 0.0092874 secs]2019-12-26T10:03:45.844+0800: 1789402.563: [scrub string table, 0.0017524 secs][1 CMS-remark: 831852K(1277952K)] 913131K(2015232K), 0.0600804 secs] [Times: user=0.11 sys=0.00, real=0.06 secs] 
2019-12-26T10:03:45.849+0800: 1789402.567: [CMS-concurrent-sweep-start]
2019-12-26T10:03:46.140+0800: 1789402.859: [CMS-concurrent-sweep: 0.291/0.291 secs] [Times: user=0.29 sys=0.00, real=0.29 secs] 
2019-12-26T10:03:46.140+0800: 1789402.859: [CMS-concurrent-reset-start]
2019-12-26T10:03:46.143+0800: 1789402.862: [CMS-concurrent-reset: 0.003/0.003 secs] [Times: user=0.00 sys=0.00, real=0.01 secs] 
2019-12-26T10:03:48.144+0800: 1789404.863: [GC (CMS Initial Mark) [1 CMS-initial-mark: 831852K(1277952K)] 913131K(2015232K), 0.0192325 secs] [Times: user=0.05 sys=0.00, real=0.02 secs] 
2019-12-26T10:03:48.163+0800: 1789404.882: [CMS-concurrent-mark-start]
2019-12-26T10:03:49.579+0800: 1789406.298: [CMS-concurrent-mark: 1.416/1.416 secs] [Times: user=1.43 sys=0.00, real=1.41 secs] 
2019-12-26T10:03:49.579+0800: 1789406.298: [CMS-concurrent-preclean-start]
2019-12-26T10:03:49.583+0800: 1789406.302: [CMS-concurrent-preclean: 0.004/0.004 secs] [Times: user=0.00 sys=0.00, real=0.01 secs] 
2019-12-26T10:03:49.583+0800: 1789406.302: [CMS-concurrent-abortable-preclean-start]
 CMS: abort preclean due to time 2019-12-26T10:03:54.722+0800: 1789411.441: [CMS-concurrent-abortable-preclean: 2.336/5.139 secs] [Times: user=2.39 sys=0.00, real=5.13 secs] 
2019-12-26T10:03:54.724+0800: 1789411.443: [GC (CMS Final Remark) [YG occupancy: 81603 K (737280 K)]2019-12-26T10:03:54.724+0800: 1789411.443: [Rescan (parallel) , 0.0178008 secs]2019-12-26T10:03:54.742+0800: 1789411.461: [weak refs processing, 0.0000633 secs]2019-12-26T10:03:54.742+0800: 1789411.461: [class unloading, 0.0295609 secs]2019-12-26T10:03:54.771+0800: 1789411.490: [scrub symbol table, 0.0092100 secs]2019-12-26T10:03:54.781+0800: 1789411.500: [scrub string table, 0.0017290 secs][1 CMS-remark: 831852K(1277952K)] 913455K(2015232K), 0.0609905 secs] [Times: user=0.11 sys=0.00, real=0.06 secs] 
2019-12-26T10:03:54.785+0800: 1789411.504: [CMS-concurrent-sweep-start]
2019-12-26T10:03:55.078+0800: 1789411.797: [CMS-concurrent-sweep: 0.293/0.293 secs] [Times: user=0.29 sys=0.00, real=0.29 secs] 
2019-12-26T10:03:55.078+0800: 1789411.797: [CMS-concurrent-reset-start]
2019-12-26T10:03:55.081+0800: 1789411.800: [CMS-concurrent-reset: 0.003/0.003 secs] [Times: user=0.01 sys=0.00, real=0.00 secs] 
2019-12-26T10:03:57.082+0800: 1789413.801: [GC (CMS Initial Mark) [1 CMS-initial-mark: 831852K(1277952K)] 913455K(2015232K), 0.0175856 secs] [Times: user=0.06 sys=0.00, real=0.02 secs] 
2019-12-26T10:03:57.100+0800: 1789413.819: [CMS-concurrent-mark-start]
2019-12-26T10:03:58.531+0800: 1789415.250: [CMS-concurrent-mark: 1.431/1.431 secs] [Times: user=1.45 sys=0.00, real=1.43 secs] 
2019-12-26T10:03:58.531+0800: 1789415.250: [CMS-concurrent-preclean-start]
2019-12-26T10:03:58.535+0800: 1789415.254: [CMS-concurrent-preclean: 0.004/0.004 secs] [Times: user=0.00 sys=0.00, real=0.01 secs] 
2019-12-26T10:03:58.535+0800: 1789415.254: [CMS-concurrent-abortable-preclean-start]
 CMS: abort preclean due to time 2019-12-26T10:04:03.698+0800: 1789420.417: [CMS-concurrent-abortable-preclean: 2.360/5.163 secs] [Times: user=2.42 sys=0.00, real=5.16 secs] 
2019-12-26T10:04:03.700+0800: 1789420.419: [GC (CMS Final Remark) [YG occupancy: 84993 K (737280 K)]2019-12-26T10:04:03.700+0800: 1789420.419: [Rescan (parallel) , 0.0204925 secs]2019-12-26T10:04:03.720+0800: 1789420.439: [weak refs processing, 0.0000659 secs]2019-12-26T10:04:03.721+0800: 1789420.439: [class unloading, 0.0293967 secs]2019-12-26T10:04:03.750+0800: 1789420.469: [scrub symbol table, 0.0097486 secs]2019-12-26T10:04:03.760+0800: 1789420.479: [scrub string table, 0.0017120 secs][1 CMS-remark: 831852K(1277952K)] 916845K(2015232K), 0.0640691 secs] [Times: user=0.10 sys=0.00, real=0.06 secs] 
2019-12-26T10:04:03.764+0800: 1789420.483: [CMS-concurrent-sweep-start]
2019-12-26T10:04:04.057+0800: 1789420.776: [CMS-concurrent-sweep: 0.293/0.293 secs] [Times: user=0.30 sys=0.00, real=0.30 secs] 
2019-12-26T10:04:04.057+0800: 1789420.776: [CMS-concurrent-reset-start]
2019-12-26T10:04:04.060+0800: 1789420.779: [CMS-concurrent-reset: 0.003/0.003 secs] [Times: user=0.00 sys=0.00, real=0.00 secs] 
2019-12-26T10:04:06.061+0800: 1789422.780: [GC (CMS Initial Mark) [1 CMS-initial-mark: 831852K(1277952K)] 916888K(2015232K), 0.0167807 secs] [Times: user=0.07 sys=0.00, real=0.02 secs] 
2019-12-26T10:04:06.078+0800: 1789422.797: [CMS-concurrent-mark-start]
2019-12-26T10:04:07.502+0800: 1789424.221: [CMS-concurrent-mark: 1.423/1.423 secs] [Times: user=1.44 sys=0.00, real=1.42 secs] 
2019-12-26T10:04:07.502+0800: 1789424.221: [CMS-concurrent-preclean-start]
2019-12-26T10:04:07.506+0800: 1789424.225: [CMS-concurrent-preclean: 0.004/0.004 secs] [Times: user=0.00 sys=0.00, real=0.01 secs] 
2019-12-26T10:04:07.506+0800: 1789424.225: [CMS-concurrent-abortable-preclean-start]
 CMS: abort preclean due to time 2019-12-26T10:04:12.638+0800: 1789429.357: [CMS-concurrent-abortable-preclean: 2.427/5.132 secs] [Times: user=2.49 sys=0.00, real=5.13 secs] 
2019-12-26T10:04:12.640+0800: 1789429.359: [GC (CMS Final Remark) [YG occupancy: 86207 K (737280 K)]2019-12-26T10:04:12.640+0800: 1789429.359: [Rescan (parallel) , 0.0186753 secs]2019-12-26T10:04:12.659+0800: 1789429.377: [weak refs processing, 0.0000629 secs]2019-12-26T10:04:12.659+0800: 1789429.378: [class unloading, 0.0290688 secs]2019-12-26T10:04:12.688+0800: 1789429.407: [scrub symbol table, 0.0090756 secs]2019-12-26T10:04:12.697+0800: 1789429.416: [scrub string table, 0.0017363 secs][1 CMS-remark: 831852K(1277952K)] 918059K(2015232K), 0.0612615 secs] [Times: user=0.11 sys=0.00, real=0.06 secs] 
2019-12-26T10:04:12.701+0800: 1789429.420: [CMS-concurrent-sweep-start]
2019-12-26T10:04:12.994+0800: 1789429.713: [CMS-concurrent-sweep: 0.292/0.292 secs] [Times: user=0.30 sys=0.00, real=0.29 secs] 
2019-12-26T10:04:12.994+0800: 1789429.713: [CMS-concurrent-reset-start]
2019-12-26T10:04:12.997+0800: 1789429.716: [CMS-concurrent-reset: 0.003/0.003 secs] [Times: user=0.00 sys=0.00, real=0.01 secs] 
2019-12-26T10:04:14.998+0800: 1789431.717: [GC (CMS Initial Mark) [1 CMS-initial-mark: 831824K(1277952K)] 918031K(2015232K), 0.0204125 secs] [Times: user=0.07 sys=0.00, real=0.02 secs] 
2019-12-26T10:04:15.019+0800: 1789431.738: [CMS-concurrent-mark-start]
2019-12-26T10:04:16.445+0800: 1789433.164: [CMS-concurrent-mark: 1.426/1.426 secs] [Times: user=1.44 sys=0.00, real=1.42 secs] 
2019-12-26T10:04:16.445+0800: 1789433.164: [CMS-concurrent-preclean-start]
2019-12-26T10:04:16.449+0800: 1789433.168: [CMS-concurrent-preclean: 0.004/0.004 secs] [Times: user=0.01 sys=0.00, real=0.01 secs] 
2019-12-26T10:04:16.449+0800: 1789433.168: [CMS-concurrent-abortable-preclean-start]
 CMS: abort preclean due to time 2019-12-26T10:04:21.586+0800: 1789438.305: [CMS-concurrent-abortable-preclean: 2.435/5.137 secs] [Times: user=2.49 sys=0.00, real=5.13 secs] 
2019-12-26T10:04:21.588+0800: 1789438.307: [GC (CMS Final Remark) [YG occupancy: 87288 K (737280 K)]2019-12-26T10:04:21.588+0800: 1789438.307: [Rescan (parallel) , 0.0185771 secs]2019-12-26T10:04:21.607+0800: 1789438.326: [weak refs processing, 0.0000612 secs]2019-12-26T10:04:21.607+0800: 1789438.326: [class unloading, 0.0291110 secs]2019-12-26T10:04:21.636+0800: 1789438.355: [scrub symbol table, 0.0090836 secs]2019-12-26T10:04:21.645+0800: 1789438.364: [scrub string table, 0.0017236 secs][1 CMS-remark: 831824K(1277952K)] 919113K(2015232K), 0.0611408 secs] [Times: user=0.12 sys=0.00, real=0.06 secs] 
2019-12-26T10:04:21.649+0800: 1789438.368: [CMS-concurrent-sweep-start]
2019-12-26T10:04:21.944+0800: 1789438.662: [CMS-concurrent-sweep: 0.294/0.294 secs] [Times: user=0.30 sys=0.00, real=0.29 secs] 
2019-12-26T10:04:21.944+0800: 1789438.663: [CMS-concurrent-reset-start]
2019-12-26T10:04:21.947+0800: 1789438.666: [CMS-concurrent-reset: 0.003/0.003 secs] [Times: user=0.00 sys=0.00, real=0.00 secs] 
2019-12-26T10:04:23.948+0800: 1789440.667: [GC (CMS Initial Mark) [1 CMS-initial-mark: 831824K(1277952K)] 919113K(2015232K), 0.0221760 secs] [Times: user=0.07 sys=0.00, real=0.03 secs] 
2019-12-26T10:04:23.971+0800: 1789440.689: [CMS-concurrent-mark-start]
2019-12-26T10:04:25.384+0800: 1789442.103: [CMS-concurrent-mark: 1.414/1.414 secs] [Times: user=1.43 sys=0.00, real=1.41 secs] 
2019-12-26T10:04:25.384+0800: 1789442.103: [CMS-concurrent-preclean-start]
2019-12-26T10:04:25.388+0800: 1789442.107: [CMS-concurrent-preclean: 0.004/0.004 secs] [Times: user=0.00 sys=0.00, real=0.00 secs] 
2019-12-26T10:04:25.388+0800: 1789442.107: [CMS-concurrent-abortable-preclean-start]
 CMS: abort preclean due to time 2019-12-26T10:04:30.522+0800: 1789447.241: [CMS-concurrent-abortable-preclean: 2.354/5.134 secs] [Times: user=2.41 sys=0.00, real=5.14 secs] 
2019-12-26T10:04:30.524+0800: 1789447.243: [GC (CMS Final Remark) [YG occupancy: 87881 K (737280 K)]2019-12-26T10:04:30.524+0800: 1789447.243: [Rescan (parallel) , 0.0213828 secs]2019-12-26T10:04:30.545+0800: 1789447.264: [weak refs processing, 0.0000680 secs]2019-12-26T10:04:30.545+0800: 1789447.264: [class unloading, 0.0293044 secs]2019-12-26T10:04:30.575+0800: 1789447.294: [scrub symbol table, 0.0091060 secs]2019-12-26T10:04:30.584+0800: 1789447.303: [scrub string table, 0.0016942 secs][1 CMS-remark: 831824K(1277952K)] 919706K(2015232K), 0.0641477 secs] [Times: user=0.10 sys=0.00, real=0.06 secs] 
2019-12-26T10:04:30.588+0800: 1789447.307: [CMS-concurrent-sweep-start]
2019-12-26T10:04:30.885+0800: 1789447.604: [CMS-concurrent-sweep: 0.297/0.297 secs] [Times: user=0.30 sys=0.00, real=0.30 secs] 
2019-12-26T10:04:30.885+0800: 1789447.604: [CMS-concurrent-reset-start]
2019-12-26T10:04:30.889+0800: 1789447.607: [CMS-concurrent-reset: 0.003/0.003 secs] [Times: user=0.01 sys=0.00, real=0.00 secs] 
2019-12-26T10:04:32.889+0800: 1789449.608: [GC (CMS Initial Mark) [1 CMS-initial-mark: 831824K(1277952K)] 919810K(2015232K), 0.0183678 secs] [Times: user=0.07 sys=0.00, real=0.02 secs] 
2019-12-26T10:04:32.908+0800: 1789449.627: [CMS-concurrent-mark-start]
2019-12-26T10:04:34.335+0800: 1789451.054: [CMS-concurrent-mark: 1.426/1.427 secs] [Times: user=1.45 sys=0.00, real=1.43 secs] 
2019-12-26T10:04:34.336+0800: 1789451.054: [CMS-concurrent-preclean-start]
2019-12-26T10:04:34.340+0800: 1789451.059: [CMS-concurrent-preclean: 0.004/0.004 secs] [Times: user=0.00 sys=0.00, real=0.01 secs] 
2019-12-26T10:04:34.340+0800: 1789451.059: [CMS-concurrent-abortable-preclean-start]
 CMS: abort preclean due to time 2019-12-26T10:04:39.509+0800: 1789456.227: [CMS-concurrent-abortable-preclean: 2.435/5.168 secs] [Times: user=2.53 sys=0.00, real=5.16 secs] 
2019-12-26T10:04:39.510+0800: 1789456.229: [GC (CMS Final Remark) [YG occupancy: 93987 K (737280 K)]2019-12-26T10:04:39.511+0800: 1789456.229: [Rescan (parallel) , 0.0196470 secs]2019-12-26T10:04:39.530+0800: 1789456.249: [weak refs processing, 0.0000655 secs]2019-12-26T10:04:39.530+0800: 1789456.249: [class unloading, 0.0294505 secs]2019-12-26T10:04:39.560+0800: 1789456.279: [scrub symbol table, 0.0095510 secs]2019-12-26T10:04:39.569+0800: 1789456.288: [scrub string table, 0.0017125 secs][1 CMS-remark: 831824K(1277952K)] 925812K(2015232K), 0.0630706 secs] [Times: user=0.12 sys=0.00, real=0.07 secs] 
2019-12-26T10:04:39.574+0800: 1789456.293: [CMS-concurrent-sweep-start]
2019-12-26T10:04:39.877+0800: 1789456.596: [CMS-concurrent-sweep: 0.303/0.303 secs] [Times: user=0.30 sys=0.00, real=0.30 secs] 
2019-12-26T10:04:39.877+0800: 1789456.596: [CMS-concurrent-reset-start]
2019-12-26T10:04:39.881+0800: 1789456.599: [CMS-concurrent-reset: 0.003/0.003 secs] [Times: user=0.00 sys=0.00, real=0.01 secs] 
2019-12-26T10:04:41.881+0800: 1789458.600: [GC (CMS Initial Mark) [1 CMS-initial-mark: 831824K(1277952K)] 925812K(2015232K), 0.0187120 secs] [Times: user=0.07 sys=0.00, real=0.01 secs] 
2019-12-26T10:04:41.900+0800: 1789458.619: [CMS-concurrent-mark-start]
2019-12-26T10:04:43.314+0800: 1789460.033: [CMS-concurrent-mark: 1.412/1.414 secs] [Times: user=1.42 sys=0.00, real=1.42 secs] 
2019-12-26T10:04:43.314+0800: 1789460.033: [CMS-concurrent-preclean-start]
2019-12-26T10:04:43.318+0800: 1789460.037: [CMS-concurrent-preclean: 0.004/0.004 secs] [Times: user=0.01 sys=0.00, real=0.00 secs] 
2019-12-26T10:04:43.318+0800: 1789460.037: [CMS-concurrent-abortable-preclean-start]
 CMS: abort preclean due to time 2019-12-26T10:04:48.475+0800: 1789465.194: [CMS-concurrent-abortable-preclean: 2.355/5.157 secs] [Times: user=2.41 sys=0.00, real=5.16 secs] 
2019-12-26T10:04:48.477+0800: 1789465.196: [GC (CMS Final Remark) [YG occupancy: 94593 K (737280 K)]2019-12-26T10:04:48.477+0800: 1789465.196: [Rescan (parallel) , 0.0201616 secs]2019-12-26T10:04:48.497+0800: 1789465.216: [weak refs processing, 0.0000663 secs]2019-12-26T10:04:48.497+0800: 1789465.216: [class unloading, 0.0293995 secs]2019-12-26T10:04:48.527+0800: 1789465.246: [scrub symbol table, 0.0091690 secs]2019-12-26T10:04:48.536+0800: 1789465.255: [scrub string table, 0.0017284 secs][1 CMS-remark: 831824K(1277952K)] 926418K(2015232K), 0.0632265 secs] [Times: user=0.12 sys=0.00, real=0.06 secs] 
2019-12-26T10:04:48.541+0800: 1789465.260: [CMS-concurrent-sweep-start]
2019-12-26T10:04:48.832+0800: 1789465.551: [CMS-concurrent-sweep: 0.291/0.291 secs] [Times: user=0.30 sys=0.00, real=0.30 secs] 
2019-12-26T10:04:48.832+0800: 1789465.551: [CMS-concurrent-reset-start]
2019-12-26T10:04:48.835+0800: 1789465.554: [CMS-concurrent-reset: 0.003/0.003 secs] [Times: user=0.00 sys=0.00, real=0.00 secs] 
2019-12-26T10:04:50.837+0800: 1789467.556: [GC (CMS Initial Mark) [1 CMS-initial-mark: 831824K(1277952K)] 926884K(2015232K), 0.0192844 secs] [Times: user=0.07 sys=0.00, real=0.02 secs] 
2019-12-26T10:04:50.857+0800: 1789467.575: [CMS-concurrent-mark-start]
2019-12-26T10:04:52.267+0800: 1789468.986: [CMS-concurrent-mark: 1.410/1.410 secs] [Times: user=1.42 sys=0.00, real=1.41 secs] 
2019-12-26T10:04:52.267+0800: 1789468.986: [CMS-concurrent-preclean-start]
2019-12-26T10:04:52.271+0800: 1789468.990: [CMS-concurrent-preclean: 0.004/0.004 secs] [Times: user=0.01 sys=0.00, real=0.00 secs] 
2019-12-26T10:04:52.271+0800: 1789468.990: [CMS-concurrent-abortable-preclean-start]
 CMS: abort preclean due to time 2019-12-26T10:04:57.439+0800: 1789474.157: [CMS-concurrent-abortable-preclean: 2.365/5.167 secs] [Times: user=2.41 sys=0.00, real=5.17 secs] 
2019-12-26T10:04:57.440+0800: 1789474.159: [GC (CMS Final Remark) [YG occupancy: 95063 K (737280 K)]2019-12-26T10:04:57.440+0800: 1789474.159: [Rescan (parallel) , 0.0205762 secs]2019-12-26T10:04:57.461+0800: 1789474.180: [weak refs processing, 0.0000735 secs]2019-12-26T10:04:57.461+0800: 1789474.180: [class unloading, 0.0309604 secs]2019-12-26T10:04:57.492+0800: 1789474.211: [scrub symbol table, 0.0092112 secs]2019-12-26T10:04:57.501+0800: 1789474.220: [scrub string table, 0.0017132 secs][1 CMS-remark: 831824K(1277952K)] 926888K(2015232K), 0.0652270 secs] [Times: user=0.12 sys=0.00, real=0.07 secs] 
2019-12-26T10:04:57.506+0800: 1789474.225: [CMS-concurrent-sweep-start]
2019-12-26T10:04:57.802+0800: 1789474.520: [CMS-concurrent-sweep: 0.296/0.296 secs] [Times: user=0.30 sys=0.00, real=0.29 secs] 
2019-12-26T10:04:57.802+0800: 1789474.521: [CMS-concurrent-reset-start]
2019-12-26T10:04:57.805+0800: 1789474.524: [CMS-concurrent-reset: 0.003/0.003 secs] [Times: user=0.01 sys=0.00, real=0.01 secs] 
2019-12-26T10:04:59.806+0800: 1789476.524: [GC (CMS Initial Mark) [1 CMS-initial-mark: 831824K(1277952K)] 926888K(2015232K), 0.0193178 secs] [Times: user=0.07 sys=0.00, real=0.02 secs] 
2019-12-26T10:04:59.825+0800: 1789476.544: [CMS-concurrent-mark-start]
2019-12-26T10:05:01.284+0800: 1789478.003: [CMS-concurrent-mark: 1.459/1.459 secs] [Times: user=1.48 sys=0.00, real=1.46 secs] 
2019-12-26T10:05:01.284+0800: 1789478.003: [CMS-concurrent-preclean-start]
2019-12-26T10:05:01.289+0800: 1789478.008: [CMS-concurrent-preclean: 0.004/0.004 secs] [Times: user=0.01 sys=0.00, real=0.00 secs] 
2019-12-26T10:05:01.289+0800: 1789478.008: [CMS-concurrent-abortable-preclean-start]
 CMS: abort preclean due to time 2019-12-26T10:05:06.364+0800: 1789483.083: [CMS-concurrent-abortable-preclean: 2.373/5.075 secs] [Times: user=2.42 sys=0.00, real=5.07 secs] 
2019-12-26T10:05:06.366+0800: 1789483.085: [GC (CMS Final Remark) [YG occupancy: 96337 K (737280 K)]2019-12-26T10:05:06.366+0800: 1789483.085: [Rescan (parallel) , 0.0200019 secs]2019-12-26T10:05:06.386+0800: 1789483.105: [weak refs processing, 0.0000653 secs]2019-12-26T10:05:06.386+0800: 1789483.105: [class unloading, 0.0293660 secs]2019-12-26T10:05:06.415+0800: 1789483.134: [scrub symbol table, 0.0096714 secs]2019-12-26T10:05:06.425+0800: 1789483.144: [scrub string table, 0.0017257 secs][1 CMS-remark: 831824K(1277952K)] 928161K(2015232K), 0.0634615 secs] [Times: user=0.12 sys=0.00, real=0.06 secs] 
2019-12-26T10:05:06.429+0800: 1789483.148: [CMS-concurrent-sweep-start]
2019-12-26T10:05:06.722+0800: 1789483.441: [CMS-concurrent-sweep: 0.292/0.292 secs] [Times: user=0.30 sys=0.00, real=0.29 secs] 
2019-12-26T10:05:06.722+0800: 1789483.441: [CMS-concurrent-reset-start]
2019-12-26T10:05:06.725+0800: 1789483.444: [CMS-concurrent-reset: 0.003/0.003 secs] [Times: user=0.00 sys=0.00, real=0.01 secs] 
2019-12-26T10:05:08.726+0800: 1789485.445: [GC (CMS Initial Mark) [1 CMS-initial-mark: 831824K(1277952K)] 928161K(2015232K), 0.0196697 secs] [Times: user=0.07 sys=0.00, real=0.02 secs] 
2019-12-26T10:05:08.746+0800: 1789485.465: [CMS-concurrent-mark-start]
2019-12-26T10:05:10.165+0800: 1789486.884: [CMS-concurrent-mark: 1.420/1.420 secs] [Times: user=1.44 sys=0.00, real=1.42 secs] 
2019-12-26T10:05:10.165+0800: 1789486.884: [CMS-concurrent-preclean-start]
2019-12-26T10:05:10.169+0800: 1789486.888: [CMS-concurrent-preclean: 0.004/0.004 secs] [Times: user=0.01 sys=0.00, real=0.00 secs] 
2019-12-26T10:05:10.169+0800: 1789486.888: [CMS-concurrent-abortable-preclean-start]
 CMS: abort preclean due to time 2019-12-26T10:05:15.251+0800: 1789491.970: [CMS-concurrent-abortable-preclean: 2.359/5.082 secs] [Times: user=2.41 sys=0.00, real=5.08 secs] 
2019-12-26T10:05:15.253+0800: 1789491.971: [GC (CMS Final Remark) [YG occupancy: 97584 K (737280 K)]2019-12-26T10:05:15.253+0800: 1789491.972: [Rescan (parallel) , 0.0211326 secs]2019-12-26T10:05:15.274+0800: 1789491.993: [weak refs processing, 0.0000664 secs]2019-12-26T10:05:15.274+0800: 1789491.993: [class unloading, 0.0289194 secs]2019-12-26T10:05:15.303+0800: 1789492.022: [scrub symbol table, 0.0094424 secs]2019-12-26T10:05:15.312+0800: 1789492.031: [scrub string table, 0.0016863 secs][1 CMS-remark: 831824K(1277952K)] 929408K(2015232K), 0.0638733 secs] [Times: user=0.13 sys=0.00, real=0.07 secs] 
2019-12-26T10:05:15.317+0800: 1789492.036: [CMS-concurrent-sweep-start]
2019-12-26T10:05:15.608+0800: 1789492.327: [CMS-concurrent-sweep: 0.292/0.292 secs] [Times: user=0.29 sys=0.00, real=0.29 secs] 
2019-12-26T10:05:15.609+0800: 1789492.327: [CMS-concurrent-reset-start]
2019-12-26T10:05:15.612+0800: 1789492.331: [CMS-concurrent-reset: 0.003/0.003 secs] [Times: user=0.01 sys=0.00, real=0.00 secs] 
2019-12-26T10:05:17.613+0800: 1789494.332: [GC (CMS Initial Mark) [1 CMS-initial-mark: 831824K(1277952K)] 929408K(2015232K), 0.0194950 secs] [Times: user=0.07 sys=0.00, real=0.02 secs] 
2019-12-26T10:05:17.632+0800: 1789494.351: [CMS-concurrent-mark-start]
2019-12-26T10:05:19.060+0800: 1789495.779: [CMS-concurrent-mark: 1.427/1.427 secs] [Times: user=1.44 sys=0.00, real=1.43 secs] 
2019-12-26T10:05:19.060+0800: 1789495.779: [CMS-concurrent-preclean-start]
2019-12-26T10:05:19.064+0800: 1789495.782: [CMS-concurrent-preclean: 0.004/0.004 secs] [Times: user=0.00 sys=0.00, real=0.00 secs] 
2019-12-26T10:05:19.064+0800: 1789495.783: [CMS-concurrent-abortable-preclean-start]
 CMS: abort preclean due to time 2019-12-26T10:05:24.214+0800: 1789500.933: [CMS-concurrent-abortable-preclean: 2.348/5.151 secs] [Times: user=2.40 sys=0.00, real=5.15 secs] 
2019-12-26T10:05:24.216+0800: 1789500.935: [GC (CMS Final Remark) [YG occupancy: 97584 K (737280 K)]2019-12-26T10:05:24.216+0800: 1789500.935: [Rescan (parallel) , 0.0205037 secs]2019-12-26T10:05:24.237+0800: 1789500.955: [weak refs processing, 0.0000650 secs]2019-12-26T10:05:24.237+0800: 1789500.956: [class unloading, 0.0292240 secs]2019-12-26T10:05:24.266+0800: 1789500.985: [scrub symbol table, 0.0094482 secs]2019-12-26T10:05:24.275+0800: 1789500.994: [scrub string table, 0.0017147 secs][1 CMS-remark: 831824K(1277952K)] 929408K(2015232K), 0.0635595 secs] [Times: user=0.12 sys=0.00, real=0.07 secs] 
2019-12-26T10:05:24.280+0800: 1789500.999: [CMS-concurrent-sweep-start]
2019-12-26T10:05:24.576+0800: 1789501.294: [CMS-concurrent-sweep: 0.296/0.296 secs] [Times: user=0.30 sys=0.00, real=0.29 secs] 
2019-12-26T10:05:24.576+0800: 1789501.295: [CMS-concurrent-reset-start]
2019-12-26T10:05:24.579+0800: 1789501.298: [CMS-concurrent-reset: 0.003/0.003 secs] [Times: user=0.00 sys=0.00, real=0.01 secs] 
2019-12-26T10:05:26.580+0800: 1789503.298: [GC (CMS Initial Mark) [1 CMS-initial-mark: 831824K(1277952K)] 929573K(2015232K), 0.0192288 secs] [Times: user=0.07 sys=0.00, real=0.02 secs] 
2019-12-26T10:05:26.599+0800: 1789503.318: [CMS-concurrent-mark-start]
2019-12-26T10:05:28.031+0800: 1789504.750: [CMS-concurrent-mark: 1.432/1.432 secs] [Times: user=1.45 sys=0.00, real=1.43 secs] 
2019-12-26T10:05:28.031+0800: 1789504.750: [CMS-concurrent-preclean-start]
2019-12-26T10:05:28.035+0800: 1789504.754: [CMS-concurrent-preclean: 0.004/0.004 secs] [Times: user=0.00 sys=0.00, real=0.00 secs] 
2019-12-26T10:05:28.035+0800: 1789504.754: [CMS-concurrent-abortable-preclean-start]
 CMS: abort preclean due to time 2019-12-26T10:05:33.187+0800: 1789509.906: [CMS-concurrent-abortable-preclean: 2.343/5.152 secs] [Times: user=2.41 sys=0.00, real=5.15 secs] 
2019-12-26T10:05:33.189+0800: 1789509.908: [GC (CMS Final Remark) [YG occupancy: 98955 K (737280 K)]2019-12-26T10:05:33.189+0800: 1789509.908: [Rescan (parallel) , 0.0204490 secs]2019-12-26T10:05:33.210+0800: 1789509.928: [weak refs processing, 0.0000654 secs]2019-12-26T10:05:33.210+0800: 1789509.928: [class unloading, 0.0291666 secs]2019-12-26T10:05:33.239+0800: 1789509.958: [scrub symbol table, 0.0090778 secs]2019-12-26T10:05:33.248+0800: 1789509.967: [scrub string table, 0.0017513 secs][1 CMS-remark: 831824K(1277952K)] 930780K(2015232K), 0.0631660 secs] [Times: user=0.12 sys=0.00, real=0.06 secs] 
2019-12-26T10:05:33.252+0800: 1789509.971: [CMS-concurrent-sweep-start]
2019-12-26T10:05:33.548+0800: 1789510.267: [CMS-concurrent-sweep: 0.296/0.296 secs] [Times: user=0.30 sys=0.00, real=0.30 secs] 
2019-12-26T10:05:33.549+0800: 1789510.267: [CMS-concurrent-reset-start]
2019-12-26T10:05:33.552+0800: 1789510.271: [CMS-concurrent-reset: 0.003/0.003 secs] [Times: user=0.00 sys=0.00, real=0.00 secs] 
2019-12-26T10:05:35.553+0800: 1789512.272: [GC (CMS Initial Mark) [1 CMS-initial-mark: 831808K(1277952K)] 933161K(2015232K), 0.0224702 secs] [Times: user=0.08 sys=0.00, real=0.02 secs] 
2019-12-26T10:05:35.576+0800: 1789512.294: [CMS-concurrent-mark-start]
2019-12-26T10:05:36.990+0800: 1789513.709: [CMS-concurrent-mark: 1.415/1.415 secs] [Times: user=1.43 sys=0.00, real=1.42 secs] 
2019-12-26T10:05:36.990+0800: 1789513.709: [CMS-concurrent-preclean-start]
2019-12-26T10:05:36.995+0800: 1789513.713: [CMS-concurrent-preclean: 0.004/0.004 secs] [Times: user=0.00 sys=0.00, real=0.00 secs] 
2019-12-26T10:05:36.995+0800: 1789513.713: [CMS-concurrent-abortable-preclean-start]
 CMS: abort preclean due to time 2019-12-26T10:05:42.136+0800: 1789518.855: [CMS-concurrent-abortable-preclean: 2.339/5.142 secs] [Times: user=2.40 sys=0.00, real=5.14 secs] 
2019-12-26T10:05:42.138+0800: 1789518.857: [GC (CMS Final Remark) [YG occupancy: 101591 K (737280 K)]2019-12-26T10:05:42.138+0800: 1789518.857: [Rescan (parallel) , 0.0212681 secs]2019-12-26T10:05:42.160+0800: 1789518.879: [weak refs processing, 0.0000662 secs]2019-12-26T10:05:42.160+0800: 1789518.879: [class unloading, 0.0293257 secs]2019-12-26T10:05:42.189+0800: 1789518.908: [scrub symbol table, 0.0095706 secs]2019-12-26T10:05:42.199+0800: 1789518.918: [scrub string table, 0.0017069 secs][1 CMS-remark: 831808K(1277952K)] 933399K(2015232K), 0.0645481 secs] [Times: user=0.13 sys=0.00, real=0.07 secs] 
2019-12-26T10:05:42.203+0800: 1789518.922: [CMS-concurrent-sweep-start]
2019-12-26T10:05:42.495+0800: 1789519.214: [CMS-concurrent-sweep: 0.292/0.292 secs] [Times: user=0.29 sys=0.00, real=0.29 secs] 
2019-12-26T10:05:42.495+0800: 1789519.214: [CMS-concurrent-reset-start]
2019-12-26T10:05:42.498+0800: 1789519.217: [CMS-concurrent-reset: 0.003/0.003 secs] [Times: user=0.01 sys=0.00, real=0.00 secs] 
2019-12-26T10:05:44.499+0800: 1789521.218: [GC (CMS Initial Mark) [1 CMS-initial-mark: 831808K(1277952K)] 933399K(2015232K), 0.0205601 secs] [Times: user=0.08 sys=0.00, real=0.02 secs] 
2019-12-26T10:05:44.520+0800: 1789521.239: [CMS-concurrent-mark-start]
2019-12-26T10:05:45.935+0800: 1789522.654: [CMS-concurrent-mark: 1.415/1.415 secs] [Times: user=1.43 sys=0.00, real=1.42 secs] 
2019-12-26T10:05:45.935+0800: 1789522.654: [CMS-concurrent-preclean-start]
2019-12-26T10:05:45.939+0800: 1789522.658: [CMS-concurrent-preclean: 0.004/0.004 secs] [Times: user=0.00 sys=0.00, real=0.00 secs] 
2019-12-26T10:05:45.939+0800: 1789522.658: [CMS-concurrent-abortable-preclean-start]
 CMS: abort preclean due to time 2019-12-26T10:05:51.107+0800: 1789527.826: [CMS-concurrent-abortable-preclean: 2.366/5.168 secs] [Times: user=2.41 sys=0.00, real=5.17 secs] 
2019-12-26T10:05:51.109+0800: 1789527.828: [GC (CMS Final Remark) [YG occupancy: 101595 K (737280 K)]2019-12-26T10:05:51.109+0800: 1789527.828: [Rescan (parallel) , 0.0216293 secs]2019-12-26T10:05:51.131+0800: 1789527.850: [weak refs processing, 0.0000658 secs]2019-12-26T10:05:51.131+0800: 1789527.850: [class unloading, 0.0293478 secs]2019-12-26T10:05:51.160+0800: 1789527.879: [scrub symbol table, 0.0094451 secs]2019-12-26T10:05:51.170+0800: 1789527.889: [scrub string table, 0.0017022 secs][1 CMS-remark: 831808K(1277952K)] 933404K(2015232K), 0.0648044 secs] [Times: user=0.12 sys=0.00, real=0.07 secs] 
2019-12-26T10:05:51.174+0800: 1789527.893: [CMS-concurrent-sweep-start]
2019-12-26T10:05:51.469+0800: 1789528.187: [CMS-concurrent-sweep: 0.294/0.294 secs] [Times: user=0.29 sys=0.00, real=0.29 secs] 
2019-12-26T10:05:51.469+0800: 1789528.188: [CMS-concurrent-reset-start]
2019-12-26T10:05:51.472+0800: 1789528.191: [CMS-concurrent-reset: 0.003/0.003 secs] [Times: user=0.01 sys=0.00, real=0.01 secs] 
2019-12-26T10:05:53.474+0800: 1789530.193: [GC (CMS Initial Mark) [1 CMS-initial-mark: 831793K(1277952K)] 934625K(2015232K), 0.0219432 secs] [Times: user=0.08 sys=0.00, real=0.02 secs] 
2019-12-26T10:05:53.496+0800: 1789530.215: [CMS-concurrent-mark-start]
2019-12-26T10:05:54.912+0800: 1789531.631: [CMS-concurrent-mark: 1.416/1.416 secs] [Times: user=1.43 sys=0.00, real=1.41 secs] 
2019-12-26T10:05:54.912+0800: 1789531.631: [CMS-concurrent-preclean-start]
2019-12-26T10:05:54.916+0800: 1789531.635: [CMS-concurrent-preclean: 0.004/0.004 secs] [Times: user=0.00 sys=0.00, real=0.01 secs] 
2019-12-26T10:05:54.916+0800: 1789531.635: [CMS-concurrent-abortable-preclean-start]
 CMS: abort preclean due to time 2019-12-26T10:06:00.080+0800: 1789536.799: [CMS-concurrent-abortable-preclean: 2.362/5.164 secs] [Times: user=2.42 sys=0.00, real=5.16 secs] 
2019-12-26T10:06:00.082+0800: 1789536.801: [GC (CMS Final Remark) [YG occupancy: 102832 K (737280 K)]2019-12-26T10:06:00.082+0800: 1789536.801: [Rescan (parallel) , 0.0212715 secs]2019-12-26T10:06:00.104+0800: 1789536.822: [weak refs processing, 0.0000735 secs]2019-12-26T10:06:00.104+0800: 1789536.823: [class unloading, 0.0291214 secs]2019-12-26T10:06:00.133+0800: 1789536.852: [scrub symbol table, 0.0092846 secs]2019-12-26T10:06:00.142+0800: 1789536.861: [scrub string table, 0.0017659 secs][1 CMS-remark: 831793K(1277952K)] 934625K(2015232K), 0.0641847 secs] [Times: user=0.13 sys=0.00, real=0.07 secs] 
2019-12-26T10:06:00.147+0800: 1789536.866: [CMS-concurrent-sweep-start]
2019-12-26T10:06:00.444+0800: 1789537.163: [CMS-concurrent-sweep: 0.297/0.297 secs] [Times: user=0.30 sys=0.00, real=0.30 secs] 
2019-12-26T10:06:00.444+0800: 1789537.163: [CMS-concurrent-reset-start]
2019-12-26T10:06:00.447+0800: 1789537.166: [CMS-concurrent-reset: 0.003/0.003 secs] [Times: user=0.00 sys=0.00, real=0.00 secs] 
2019-12-26T10:06:02.448+0800: 1789539.167: [GC (CMS Initial Mark) [1 CMS-initial-mark: 831792K(1277952K)] 934624K(2015232K), 0.0199960 secs] [Times: user=0.08 sys=0.00, real=0.02 secs] 
2019-12-26T10:06:02.468+0800: 1789539.187: [CMS-concurrent-mark-start]
2019-12-26T10:06:03.898+0800: 1789540.616: [CMS-concurrent-mark: 1.430/1.430 secs] [Times: user=1.44 sys=0.00, real=1.43 secs] 
2019-12-26T10:06:03.898+0800: 1789540.617: [CMS-concurrent-preclean-start]
2019-12-26T10:06:03.901+0800: 1789540.620: [CMS-concurrent-preclean: 0.004/0.004 secs] [Times: user=0.01 sys=0.00, real=0.00 secs] 
2019-12-26T10:06:03.902+0800: 1789540.620: [CMS-concurrent-abortable-preclean-start]
 CMS: abort preclean due to time 2019-12-26T10:06:08.986+0800: 1789545.705: [CMS-concurrent-abortable-preclean: 2.442/5.084 secs] [Times: user=2.54 sys=0.00, real=5.09 secs] 
2019-12-26T10:06:08.987+0800: 1789545.706: [GC (CMS Final Remark) [YG occupancy: 105700 K (737280 K)]2019-12-26T10:06:08.988+0800: 1789545.706: [Rescan (parallel) , 0.0222806 secs]2019-12-26T10:06:09.010+0800: 1789545.729: [weak refs processing, 0.0000650 secs]2019-12-26T10:06:09.010+0800: 1789545.729: [class unloading, 0.0291184 secs]2019-12-26T10:06:09.039+0800: 1789545.758: [scrub symbol table, 0.0092675 secs]2019-12-26T10:06:09.048+0800: 1789545.767: [scrub string table, 0.0017120 secs][1 CMS-remark: 831792K(1277952K)] 937492K(2015232K), 0.0650737 secs] [Times: user=0.13 sys=0.00, real=0.06 secs] 
2019-12-26T10:06:09.053+0800: 1789545.772: [CMS-concurrent-sweep-start]
2019-12-26T10:06:09.346+0800: 1789546.065: [CMS-concurrent-sweep: 0.293/0.293 secs] [Times: user=0.29 sys=0.00, real=0.30 secs] 
2019-12-26T10:06:09.346+0800: 1789546.065: [CMS-concurrent-reset-start]
2019-12-26T10:06:09.349+0800: 1789546.068: [CMS-concurrent-reset: 0.003/0.003 secs] [Times: user=0.01 sys=0.00, real=0.00 secs] 
2019-12-26T10:06:11.351+0800: 1789548.070: [GC (CMS Initial Mark) [1 CMS-initial-mark: 831792K(1277952K)] 937516K(2015232K), 0.0204871 secs] [Times: user=0.08 sys=0.00, real=0.02 secs] 
2019-12-26T10:06:11.372+0800: 1789548.090: [CMS-concurrent-mark-start]
2019-12-26T10:06:12.796+0800: 1789549.514: [CMS-concurrent-mark: 1.424/1.424 secs] [Times: user=1.44 sys=0.00, real=1.43 secs] 
2019-12-26T10:06:12.796+0800: 1789549.515: [CMS-concurrent-preclean-start]
2019-12-26T10:06:12.799+0800: 1789549.518: [CMS-concurrent-preclean: 0.004/0.004 secs] [Times: user=0.00 sys=0.00, real=0.00 secs] 
2019-12-26T10:06:12.800+0800: 1789549.518: [CMS-concurrent-abortable-preclean-start]
 CMS: abort preclean due to time 2019-12-26T10:06:17.948+0800: 1789554.666: [CMS-concurrent-abortable-preclean: 2.346/5.148 secs] [Times: user=2.40 sys=0.00, real=5.15 secs] 
2019-12-26T10:06:17.949+0800: 1789554.668: [GC (CMS Final Remark) [YG occupancy: 105723 K (737280 K)]2019-12-26T10:06:17.950+0800: 1789554.668: [Rescan (parallel) , 0.0214607 secs]2019-12-26T10:06:17.971+0800: 1789554.690: [weak refs processing, 0.0000642 secs]2019-12-26T10:06:17.971+0800: 1789554.690: [class unloading, 0.0292223 secs]2019-12-26T10:06:18.000+0800: 1789554.719: [scrub symbol table, 0.0095320 secs]2019-12-26T10:06:18.010+0800: 1789554.729: [scrub string table, 0.0017302 secs][1 CMS-remark: 831792K(1277952K)] 937516K(2015232K), 0.0646608 secs] [Times: user=0.13 sys=0.00, real=0.06 secs] 
2019-12-26T10:06:18.014+0800: 1789554.733: [CMS-concurrent-sweep-start]
2019-12-26T10:06:18.307+0800: 1789555.026: [CMS-concurrent-sweep: 0.292/0.292 secs] [Times: user=0.29 sys=0.00, real=0.30 secs] 
2019-12-26T10:06:18.307+0800: 1789555.026: [CMS-concurrent-reset-start]
2019-12-26T10:06:18.310+0800: 1789555.029: [CMS-concurrent-reset: 0.003/0.003 secs] [Times: user=0.01 sys=0.00, real=0.00 secs] 
2019-12-26T10:06:20.312+0800: 1789557.031: [GC (CMS Initial Mark) [1 CMS-initial-mark: 831792K(1277952K)] 937527K(2015232K), 0.0212596 secs] [Times: user=0.08 sys=0.00, real=0.02 secs] 
2019-12-26T10:06:20.333+0800: 1789557.052: [CMS-concurrent-mark-start]
2019-12-26T10:06:21.747+0800: 1789558.466: [CMS-concurrent-mark: 1.413/1.413 secs] [Times: user=1.43 sys=0.00, real=1.42 secs] 
2019-12-26T10:06:21.747+0800: 1789558.466: [CMS-concurrent-preclean-start]
2019-12-26T10:06:21.751+0800: 1789558.470: [CMS-concurrent-preclean: 0.004/0.004 secs] [Times: user=0.00 sys=0.00, real=0.00 secs] 
2019-12-26T10:06:21.751+0800: 1789558.470: [CMS-concurrent-abortable-preclean-start]
 CMS: abort preclean due to time 2019-12-26T10:06:26.805+0800: 1789563.523: [CMS-concurrent-abortable-preclean: 2.349/5.054 secs] [Times: user=2.42 sys=0.00, real=5.05 secs] 
2019-12-26T10:06:26.806+0800: 1789563.525: [GC (CMS Final Remark) [YG occupancy: 108085 K (737280 K)]2019-12-26T10:06:26.806+0800: 1789563.525: [Rescan (parallel) , 0.0229493 secs]2019-12-26T10:06:26.829+0800: 1789563.548: [weak refs processing, 0.0000659 secs]2019-12-26T10:06:26.829+0800: 1789563.548: [class unloading, 0.0292502 secs]2019-12-26T10:06:26.859+0800: 1789563.578: [scrub symbol table, 0.0095033 secs]2019-12-26T10:06:26.868+0800: 1789563.587: [scrub string table, 0.0017304 secs][1 CMS-remark: 831792K(1277952K)] 939878K(2015232K), 0.0661682 secs] [Times: user=0.13 sys=0.00, real=0.07 secs] 
2019-12-26T10:06:26.873+0800: 1789563.592: [CMS-concurrent-sweep-start]
2019-12-26T10:06:27.166+0800: 1789563.885: [CMS-concurrent-sweep: 0.293/0.293 secs] [Times: user=0.30 sys=0.00, real=0.29 secs] 
2019-12-26T10:06:27.166+0800: 1789563.885: [CMS-concurrent-reset-start]
2019-12-26T10:06:27.169+0800: 1789563.888: [CMS-concurrent-reset: 0.003/0.003 secs] [Times: user=0.00 sys=0.00, real=0.01 secs] 
2019-12-26T10:06:29.170+0800: 1789565.889: [GC (CMS Initial Mark) [1 CMS-initial-mark: 831792K(1277952K)] 939887K(2015232K), 0.0242737 secs] [Times: user=0.07 sys=0.00, real=0.02 secs] 
2019-12-26T10:06:29.195+0800: 1789565.914: [CMS-concurrent-mark-start]
2019-12-26T10:06:30.608+0800: 1789567.327: [CMS-concurrent-mark: 1.413/1.413 secs] [Times: user=1.42 sys=0.00, real=1.42 secs] 
2019-12-26T10:06:30.608+0800: 1789567.327: [CMS-concurrent-preclean-start]
2019-12-26T10:06:30.612+0800: 1789567.331: [CMS-concurrent-preclean: 0.004/0.004 secs] [Times: user=0.01 sys=0.00, real=0.00 secs] 
2019-12-26T10:06:30.612+0800: 1789567.331: [CMS-concurrent-abortable-preclean-start]
 CMS: abort preclean due to time 2019-12-26T10:06:35.678+0800: 1789572.397: [CMS-concurrent-abortable-preclean: 2.363/5.066 secs] [Times: user=2.45 sys=0.00, real=5.06 secs] 
2019-12-26T10:06:35.680+0800: 1789572.399: [GC (CMS Final Remark) [YG occupancy: 111132 K (737280 K)]2019-12-26T10:06:35.680+0800: 1789572.399: [Rescan (parallel) , 0.0275568 secs]2019-12-26T10:06:35.707+0800: 1789572.426: [weak refs processing, 0.0000649 secs]2019-12-26T10:06:35.708+0800: 1789572.426: [class unloading, 0.0289541 secs]2019-12-26T10:06:35.736+0800: 1789572.455: [scrub symbol table, 0.0094851 secs]2019-12-26T10:06:35.746+0800: 1789572.465: [scrub string table, 0.0016966 secs][1 CMS-remark: 831792K(1277952K)] 942924K(2015232K), 0.0704176 secs] [Times: user=0.12 sys=0.00, real=0.07 secs] 
2019-12-26T10:06:35.750+0800: 1789572.469: [CMS-concurrent-sweep-start]
2019-12-26T10:06:36.051+0800: 1789572.770: [CMS-concurrent-sweep: 0.301/0.301 secs] [Times: user=0.31 sys=0.00, real=0.30 secs] 
2019-12-26T10:06:36.051+0800: 1789572.770: [CMS-concurrent-reset-start]
2019-12-26T10:06:36.055+0800: 1789572.773: [CMS-concurrent-reset: 0.003/0.003 secs] [Times: user=0.00 sys=0.00, real=0.00 secs] 
2019-12-26T10:06:38.055+0800: 1789574.774: [GC (CMS Initial Mark) [1 CMS-initial-mark: 831792K(1277952K)] 943749K(2015232K), 0.0221028 secs] [Times: user=0.08 sys=0.00, real=0.02 secs] 
2019-12-26T10:06:38.078+0800: 1789574.797: [CMS-concurrent-mark-start]
2019-12-26T10:06:39.519+0800: 1789576.238: [CMS-concurrent-mark: 1.437/1.441 secs] [Times: user=1.47 sys=0.00, real=1.45 secs] 
2019-12-26T10:06:39.519+0800: 1789576.238: [CMS-concurrent-preclean-start]
2019-12-26T10:06:39.523+0800: 1789576.242: [CMS-concurrent-preclean: 0.004/0.004 secs] [Times: user=0.01 sys=0.00, real=0.00 secs] 
2019-12-26T10:06:39.523+0800: 1789576.242: [CMS-concurrent-abortable-preclean-start]
 CMS: abort preclean due to time 2019-12-26T10:06:44.615+0800: 1789581.334: [CMS-concurrent-abortable-preclean: 2.426/5.091 secs] [Times: user=2.49 sys=0.00, real=5.09 secs] 
2019-12-26T10:06:44.617+0800: 1789581.336: [GC (CMS Final Remark) [YG occupancy: 114406 K (737280 K)]2019-12-26T10:06:44.617+0800: 1789581.336: [Rescan (parallel) , 0.0245777 secs]2019-12-26T10:06:44.641+0800: 1789581.360: [weak refs processing, 0.0000669 secs]2019-12-26T10:06:44.642+0800: 1789581.360: [class unloading, 0.0293281 secs]2019-12-26T10:06:44.671+0800: 1789581.390: [scrub symbol table, 0.0097359 secs]2019-12-26T10:06:44.681+0800: 1789581.400: [scrub string table, 0.0016819 secs][1 CMS-remark: 831792K(1277952K)] 946198K(2015232K), 0.0680523 secs] [Times: user=0.14 sys=0.00, real=0.07 secs] 
2019-12-26T10:06:44.685+0800: 1789581.404: [CMS-concurrent-sweep-start]
2019-12-26T10:06:44.990+0800: 1789581.708: [CMS-concurrent-sweep: 0.304/0.304 secs] [Times: user=0.31 sys=0.00, real=0.31 secs] 
2019-12-26T10:06:44.990+0800: 1789581.709: [CMS-concurrent-reset-start]
2019-12-26T10:06:44.993+0800: 1789581.712: [CMS-concurrent-reset: 0.003/0.003 secs] [Times: user=0.00 sys=0.00, real=0.00 secs] 
2019-12-26T10:06:46.994+0800: 1789583.712: [GC (CMS Initial Mark) [1 CMS-initial-mark: 831792K(1277952K)] 948760K(2015232K), 0.0233687 secs] [Times: user=0.09 sys=0.00, real=0.02 secs] 
2019-12-26T10:06:47.017+0800: 1789583.736: [CMS-concurrent-mark-start]
2019-12-26T10:06:48.433+0800: 1789585.152: [CMS-concurrent-mark: 1.416/1.416 secs] [Times: user=1.43 sys=0.00, real=1.42 secs] 
2019-12-26T10:06:48.433+0800: 1789585.152: [CMS-concurrent-preclean-start]
2019-12-26T10:06:48.438+0800: 1789585.157: [CMS-concurrent-preclean: 0.004/0.004 secs] [Times: user=0.01 sys=0.00, real=0.00 secs] 
2019-12-26T10:06:48.438+0800: 1789585.157: [CMS-concurrent-abortable-preclean-start]
 CMS: abort preclean due to time 2019-12-26T10:06:53.441+0800: 1789590.160: [CMS-concurrent-abortable-preclean: 2.299/5.003 secs] [Times: user=2.35 sys=0.00, real=5.01 secs] 
2019-12-26T10:06:53.443+0800: 1789590.162: [GC (CMS Final Remark) [YG occupancy: 116975 K (737280 K)]2019-12-26T10:06:53.443+0800: 1789590.162: [Rescan (parallel) , 0.0250042 secs]2019-12-26T10:06:53.468+0800: 1789590.187: [weak refs processing, 0.0000664 secs]2019-12-26T10:06:53.468+0800: 1789590.187: [class unloading, 0.0292519 secs]2019-12-26T10:06:53.498+0800: 1789590.216: [scrub symbol table, 0.0091382 secs]2019-12-26T10:06:53.507+0800: 1789590.226: [scrub string table, 0.0017155 secs][1 CMS-remark: 831792K(1277952K)] 948767K(2015232K), 0.0678419 secs] [Times: user=0.14 sys=0.00, real=0.07 secs] 
2019-12-26T10:06:53.511+0800: 1789590.230: [CMS-concurrent-sweep-start]
2019-12-26T10:06:53.803+0800: 1789590.522: [CMS-concurrent-sweep: 0.291/0.291 secs] [Times: user=0.30 sys=0.00, real=0.29 secs] 
2019-12-26T10:06:53.803+0800: 1789590.522: [CMS-concurrent-reset-start]
2019-12-26T10:06:53.806+0800: 1789590.525: [CMS-concurrent-reset: 0.003/0.003 secs] [Times: user=0.00 sys=0.00, real=0.00 secs] 
2019-12-26T10:06:55.807+0800: 1789592.526: [GC (CMS Initial Mark) [1 CMS-initial-mark: 831792K(1277952K)] 949024K(2015232K), 0.0240023 secs] [Times: user=0.09 sys=0.00, real=0.02 secs] 
2019-12-26T10:06:55.831+0800: 1789592.550: [CMS-concurrent-mark-start]
2019-12-26T10:06:57.250+0800: 1789593.969: [CMS-concurrent-mark: 1.419/1.419 secs] [Times: user=1.44 sys=0.00, real=1.42 secs] 
2019-12-26T10:06:57.250+0800: 1789593.969: [CMS-concurrent-preclean-start]
2019-12-26T10:06:57.254+0800: 1789593.973: [CMS-concurrent-preclean: 0.004/0.004 secs] [Times: user=0.00 sys=0.00, real=0.01 secs] 
2019-12-26T10:06:57.254+0800: 1789593.973: [CMS-concurrent-abortable-preclean-start]
 CMS: abort preclean due to time 2019-12-26T10:07:02.436+0800: 1789599.155: [CMS-concurrent-abortable-preclean: 2.379/5.182 secs] [Times: user=2.44 sys=0.00, real=5.18 secs] 
2019-12-26T10:07:02.438+0800: 1789599.157: [GC (CMS Final Remark) [YG occupancy: 119153 K (737280 K)]2019-12-26T10:07:02.438+0800: 1789599.157: [Rescan (parallel) , 0.0245099 secs]2019-12-26T10:07:02.463+0800: 1789599.182: [weak refs processing, 0.0000670 secs]2019-12-26T10:07:02.463+0800: 1789599.182: [class unloading, 0.0294276 secs]2019-12-26T10:07:02.493+0800: 1789599.211: [scrub symbol table, 0.0093437 secs]2019-12-26T10:07:02.502+0800: 1789599.221: [scrub string table, 0.0017516 secs][1 CMS-remark: 831792K(1277952K)] 950946K(2015232K), 0.0677810 secs] [Times: user=0.15 sys=0.00, real=0.07 secs] 
2019-12-26T10:07:02.506+0800: 1789599.225: [CMS-concurrent-sweep-start]
2019-12-26T10:07:02.798+0800: 1789599.516: [CMS-concurrent-sweep: 0.291/0.291 secs] [Times: user=0.29 sys=0.00, real=0.29 secs] 
2019-12-26T10:07:02.798+0800: 1789599.517: [CMS-concurrent-reset-start]
2019-12-26T10:07:02.801+0800: 1789599.520: [CMS-concurrent-reset: 0.003/0.003 secs] [Times: user=0.00 sys=0.00, real=0.00 secs] 
2019-12-26T10:07:04.802+0800: 1789601.521: [GC (CMS Initial Mark) [1 CMS-initial-mark: 831792K(1277952K)] 950949K(2015232K), 0.0239663 secs] [Times: user=0.09 sys=0.00, real=0.03 secs] 
2019-12-26T10:07:04.826+0800: 1789601.545: [CMS-concurrent-mark-start]
2019-12-26T10:07:06.248+0800: 1789602.967: [CMS-concurrent-mark: 1.422/1.422 secs] [Times: user=1.44 sys=0.00, real=1.42 secs] 
2019-12-26T10:07:06.248+0800: 1789602.967: [CMS-concurrent-preclean-start]
2019-12-26T10:07:06.252+0800: 1789602.971: [CMS-concurrent-preclean: 0.004/0.004 secs] [Times: user=0.00 sys=0.00, real=0.00 secs] 
2019-12-26T10:07:06.252+0800: 1789602.971: [CMS-concurrent-abortable-preclean-start]
 CMS: abort preclean due to time 2019-12-26T10:07:11.317+0800: 1789608.036: [CMS-concurrent-abortable-preclean: 2.360/5.064 secs] [Times: user=2.42 sys=0.00, real=5.07 secs] 
2019-12-26T10:07:11.319+0800: 1789608.037: [GC (CMS Final Remark) [YG occupancy: 120346 K (737280 K)]2019-12-26T10:07:11.319+0800: 1789608.037: [Rescan (parallel) , 0.0253483 secs]2019-12-26T10:07:11.344+0800: 1789608.063: [weak refs processing, 0.0000650 secs]2019-12-26T10:07:11.344+0800: 1789608.063: [class unloading, 0.0289212 secs]2019-12-26T10:07:11.373+0800: 1789608.092: [scrub symbol table, 0.0094841 secs]2019-12-26T10:07:11.383+0800: 1789608.101: [scrub string table, 0.0017979 secs][1 CMS-remark: 831792K(1277952K)] 952138K(2015232K), 0.0682322 secs] [Times: user=0.14 sys=0.00, real=0.07 secs] 
2019-12-26T10:07:11.387+0800: 1789608.106: [CMS-concurrent-sweep-start]
2019-12-26T10:07:11.684+0800: 1789608.402: [CMS-concurrent-sweep: 0.296/0.296 secs] [Times: user=0.31 sys=0.00, real=0.30 secs] 
2019-12-26T10:07:11.684+0800: 1789608.403: [CMS-concurrent-reset-start]
2019-12-26T10:07:11.687+0800: 1789608.406: [CMS-concurrent-reset: 0.003/0.003 secs] [Times: user=0.00 sys=0.00, real=0.00 secs] 
2019-12-26T10:07:13.688+0800: 1789610.407: [GC (CMS Initial Mark) [1 CMS-initial-mark: 831792K(1277952K)] 952895K(2015232K), 0.0274691 secs] [Times: user=0.09 sys=0.00, real=0.03 secs] 
2019-12-26T10:07:13.715+0800: 1789610.434: [CMS-concurrent-mark-start]
2019-12-26T10:07:15.142+0800: 1789611.861: [CMS-concurrent-mark: 1.425/1.426 secs] [Times: user=1.44 sys=0.00, real=1.42 secs] 
2019-12-26T10:07:15.142+0800: 1789611.861: [CMS-concurrent-preclean-start]
2019-12-26T10:07:15.146+0800: 1789611.865: [CMS-concurrent-preclean: 0.004/0.004 secs] [Times: user=0.01 sys=0.00, real=0.01 secs] 
2019-12-26T10:07:15.146+0800: 1789611.865: [CMS-concurrent-abortable-preclean-start]
 CMS: abort preclean due to time 2019-12-26T10:07:20.308+0800: 1789617.027: [CMS-concurrent-abortable-preclean: 2.360/5.162 secs] [Times: user=2.41 sys=0.00, real=5.16 secs] 
2019-12-26T10:07:20.310+0800: 1789617.029: [GC (CMS Final Remark) [YG occupancy: 122132 K (737280 K)]2019-12-26T10:07:20.310+0800: 1789617.029: [Rescan (parallel) , 0.0292009 secs]2019-12-26T10:07:20.339+0800: 1789617.058: [weak refs processing, 0.0000640 secs]2019-12-26T10:07:20.339+0800: 1789617.058: [class unloading, 0.0291027 secs]2019-12-26T10:07:20.369+0800: 1789617.087: [scrub symbol table, 0.0093599 secs]2019-12-26T10:07:20.378+0800: 1789617.097: [scrub string table, 0.0016979 secs][1 CMS-remark: 831792K(1277952K)] 953924K(2015232K), 0.0720651 secs] [Times: user=0.13 sys=0.00, real=0.07 secs] 
2019-12-26T10:07:20.382+0800: 1789617.101: [CMS-concurrent-sweep-start]
2019-12-26T10:07:20.674+0800: 1789617.393: [CMS-concurrent-sweep: 0.292/0.292 secs] [Times: user=0.30 sys=0.00, real=0.29 secs] 
2019-12-26T10:07:20.674+0800: 1789617.393: [CMS-concurrent-reset-start]
2019-12-26T10:07:20.678+0800: 1789617.396: [CMS-concurrent-reset: 0.003/0.003 secs] [Times: user=0.00 sys=0.00, real=0.01 secs] 
2019-12-26T10:07:22.679+0800: 1789619.397: [GC (CMS Initial Mark) [1 CMS-initial-mark: 831792K(1277952K)] 953924K(2015232K), 0.0274376 secs] [Times: user=0.08 sys=0.00, real=0.03 secs] 
2019-12-26T10:07:22.706+0800: 1789619.425: [CMS-concurrent-mark-start]
2019-12-26T10:07:24.130+0800: 1789620.849: [CMS-concurrent-mark: 1.424/1.424 secs] [Times: user=1.44 sys=0.00, real=1.42 secs] 
2019-12-26T10:07:24.130+0800: 1789620.849: [CMS-concurrent-preclean-start]
2019-12-26T10:07:24.134+0800: 1789620.853: [CMS-concurrent-preclean: 0.004/0.004 secs] [Times: user=0.01 sys=0.00, real=0.00 secs] 
2019-12-26T10:07:24.134+0800: 1789620.853: [CMS-concurrent-abortable-preclean-start]
 CMS: abort preclean due to time 2019-12-26T10:07:29.210+0800: 1789625.929: [CMS-concurrent-abortable-preclean: 2.373/5.075 secs] [Times: user=2.43 sys=0.00, real=5.08 secs] 
2019-12-26T10:07:29.212+0800: 1789625.930: [GC (CMS Final Remark) [YG occupancy: 123396 K (737280 K)]2019-12-26T10:07:29.212+0800: 1789625.931: [Rescan (parallel) , 0.0299595 secs]2019-12-26T10:07:29.242+0800: 1789625.961: [weak refs processing, 0.0000655 secs]2019-12-26T10:07:29.242+0800: 1789625.961: [class unloading, 0.0298034 secs]2019-12-26T10:07:29.272+0800: 1789625.990: [scrub symbol table, 0.0090594 secs]2019-12-26T10:07:29.281+0800: 1789626.000: [scrub string table, 0.0017211 secs][1 CMS-remark: 831792K(1277952K)] 955188K(2015232K), 0.0733093 secs] [Times: user=0.13 sys=0.00, real=0.07 secs] 
2019-12-26T10:07:29.285+0800: 1789626.004: [CMS-concurrent-sweep-start]
2019-12-26T10:07:29.577+0800: 1789626.296: [CMS-concurrent-sweep: 0.292/0.292 secs] [Times: user=0.30 sys=0.00, real=0.30 secs] 
2019-12-26T10:07:29.578+0800: 1789626.296: [CMS-concurrent-reset-start]
2019-12-26T10:07:29.581+0800: 1789626.299: [CMS-concurrent-reset: 0.003/0.003 secs] [Times: user=0.00 sys=0.00, real=0.00 secs] 
2019-12-26T10:07:31.582+0800: 1789628.300: [GC (CMS Initial Mark) [1 CMS-initial-mark: 831792K(1277952K)] 955923K(2015232K), 0.0288703 secs] [Times: user=0.08 sys=0.00, real=0.03 secs] 
2019-12-26T10:07:31.611+0800: 1789628.329: [CMS-concurrent-mark-start]
2019-12-26T10:07:33.030+0800: 1789629.749: [CMS-concurrent-mark: 1.420/1.420 secs] [Times: user=1.44 sys=0.00, real=1.42 secs] 
2019-12-26T10:07:33.030+0800: 1789629.749: [CMS-concurrent-preclean-start]
2019-12-26T10:07:33.034+0800: 1789629.753: [CMS-concurrent-preclean: 0.004/0.004 secs] [Times: user=0.00 sys=0.00, real=0.00 secs] 
2019-12-26T10:07:33.034+0800: 1789629.753: [CMS-concurrent-abortable-preclean-start]
 CMS: abort preclean due to time 2019-12-26T10:07:38.043+0800: 1789634.762: [CMS-concurrent-abortable-preclean: 2.464/5.009 secs] [Times: user=2.56 sys=0.00, real=5.01 secs] 
2019-12-26T10:07:38.045+0800: 1789634.764: [GC (CMS Final Remark) [YG occupancy: 129214 K (737280 K)]2019-12-26T10:07:38.045+0800: 1789634.764: [Rescan (parallel) , 0.0275877 secs]2019-12-26T10:07:38.073+0800: 1789634.792: [weak refs processing, 0.0000662 secs]2019-12-26T10:07:38.073+0800: 1789634.792: [class unloading, 0.0291671 secs]2019-12-26T10:07:38.102+0800: 1789634.821: [scrub symbol table, 0.0095599 secs]2019-12-26T10:07:38.112+0800: 1789634.831: [scrub string table, 0.0016985 secs][1 CMS-remark: 831792K(1277952K)] 961006K(2015232K), 0.0707171 secs] [Times: user=0.16 sys=0.00, real=0.07 secs] 
2019-12-26T10:07:38.118+0800: 1789634.837: [CMS-concurrent-sweep-start]
2019-12-26T10:07:38.412+0800: 1789635.131: [CMS-concurrent-sweep: 0.294/0.294 secs] [Times: user=0.30 sys=0.00, real=0.29 secs] 
2019-12-26T10:07:38.412+0800: 1789635.131: [CMS-concurrent-reset-start]
2019-12-26T10:07:38.415+0800: 1789635.134: [CMS-concurrent-reset: 0.003/0.003 secs] [Times: user=0.00 sys=0.00, real=0.00 secs] 
2019-12-26T10:07:40.416+0800: 1789637.135: [GC (CMS Initial Mark) [1 CMS-initial-mark: 831776K(1277952K)] 961246K(2015232K), 0.0253428 secs] [Times: user=0.10 sys=0.00, real=0.03 secs] 
2019-12-26T10:07:40.442+0800: 1789637.161: [CMS-concurrent-mark-start]
2019-12-26T10:07:41.857+0800: 1789638.576: [CMS-concurrent-mark: 1.415/1.415 secs] [Times: user=1.43 sys=0.00, real=1.41 secs] 
2019-12-26T10:07:41.857+0800: 1789638.576: [CMS-concurrent-preclean-start]
2019-12-26T10:07:41.861+0800: 1789638.580: [CMS-concurrent-preclean: 0.004/0.004 secs] [Times: user=0.01 sys=0.00, real=0.01 secs] 
2019-12-26T10:07:41.861+0800: 1789638.580: [CMS-concurrent-abortable-preclean-start]
 CMS: abort preclean due to time 2019-12-26T10:07:46.866+0800: 1789643.585: [CMS-concurrent-abortable-preclean: 2.303/5.005 secs] [Times: user=2.35 sys=0.00, real=5.00 secs] 
2019-12-26T10:07:46.868+0800: 1789643.587: [GC (CMS Final Remark) [YG occupancy: 129469 K (737280 K)]2019-12-26T10:07:46.868+0800: 1789643.587: [Rescan (parallel) , 0.0272858 secs]2019-12-26T10:07:46.896+0800: 1789643.615: [weak refs processing, 0.0000641 secs]2019-12-26T10:07:46.896+0800: 1789643.615: [class unloading, 0.0289879 secs]2019-12-26T10:07:46.925+0800: 1789643.644: [scrub symbol table, 0.0090774 secs]2019-12-26T10:07:46.934+0800: 1789643.653: [scrub string table, 0.0017210 secs][1 CMS-remark: 831776K(1277952K)] 961246K(2015232K), 0.0697662 secs] [Times: user=0.15 sys=0.00, real=0.07 secs] 
2019-12-26T10:07:46.938+0800: 1789643.657: [CMS-concurrent-sweep-start]
2019-12-26T10:07:47.230+0800: 1789643.948: [CMS-concurrent-sweep: 0.291/0.291 secs] [Times: user=0.30 sys=0.00, real=0.30 secs] 
2019-12-26T10:07:47.230+0800: 1789643.949: [CMS-concurrent-reset-start]
2019-12-26T10:07:47.233+0800: 1789643.952: [CMS-concurrent-reset: 0.003/0.003 secs] [Times: user=0.00 sys=0.00, real=0.00 secs] 
2019-12-26T10:07:49.234+0800: 1789645.953: [GC (CMS Initial Mark) [1 CMS-initial-mark: 831776K(1277952K)] 961246K(2015232K), 0.0257773 secs] [Times: user=0.10 sys=0.00, real=0.03 secs] 
2019-12-26T10:07:49.260+0800: 1789645.979: [CMS-concurrent-mark-start]
2019-12-26T10:07:50.688+0800: 1789647.407: [CMS-concurrent-mark: 1.429/1.429 secs] [Times: user=1.44 sys=0.00, real=1.42 secs] 
2019-12-26T10:07:50.689+0800: 1789647.407: [CMS-concurrent-preclean-start]
2019-12-26T10:07:50.692+0800: 1789647.411: [CMS-concurrent-preclean: 0.004/0.004 secs] [Times: user=0.01 sys=0.00, real=0.01 secs] 
2019-12-26T10:07:50.692+0800: 1789647.411: [CMS-concurrent-abortable-preclean-start]
 CMS: abort preclean due to time 2019-12-26T10:07:55.695+0800: 1789652.413: [CMS-concurrent-abortable-preclean: 2.300/5.002 secs] [Times: user=2.35 sys=0.00, real=5.00 secs] 
2019-12-26T10:07:55.696+0800: 1789652.415: [GC (CMS Final Remark) [YG occupancy: 130306 K (737280 K)]2019-12-26T10:07:55.696+0800: 1789652.415: [Rescan (parallel) , 0.0275701 secs]2019-12-26T10:07:55.724+0800: 1789652.443: [weak refs processing, 0.0000697 secs]2019-12-26T10:07:55.724+0800: 1789652.443: [class unloading, 0.0293220 secs]2019-12-26T10:07:55.753+0800: 1789652.472: [scrub symbol table, 0.0094533 secs]2019-12-26T10:07:55.763+0800: 1789652.482: [scrub string table, 0.0017024 secs][1 CMS-remark: 831776K(1277952K)] 962083K(2015232K), 0.0707584 secs] [Times: user=0.16 sys=0.00, real=0.07 secs] 
2019-12-26T10:07:55.767+0800: 1789652.486: [CMS-concurrent-sweep-start]
2019-12-26T10:07:56.059+0800: 1789652.778: [CMS-concurrent-sweep: 0.291/0.291 secs] [Times: user=0.29 sys=0.00, real=0.29 secs] 
2019-12-26T10:07:56.059+0800: 1789652.778: [CMS-concurrent-reset-start]
2019-12-26T10:07:56.062+0800: 1789652.781: [CMS-concurrent-reset: 0.003/0.003 secs] [Times: user=0.00 sys=0.00, real=0.01 secs] 
2019-12-26T10:07:58.063+0800: 1789654.782: [GC (CMS Initial Mark) [1 CMS-initial-mark: 831776K(1277952K)] 962083K(2015232K), 0.0260507 secs] [Times: user=0.10 sys=0.00, real=0.02 secs] 
2019-12-26T10:07:58.089+0800: 1789654.808: [CMS-concurrent-mark-start]
2019-12-26T10:07:59.507+0800: 1789656.226: [CMS-concurrent-mark: 1.418/1.418 secs] [Times: user=1.43 sys=0.00, real=1.42 secs] 
2019-12-26T10:07:59.507+0800: 1789656.226: [CMS-concurrent-preclean-start]
2019-12-26T10:07:59.511+0800: 1789656.230: [CMS-concurrent-preclean: 0.004/0.004 secs] [Times: user=0.00 sys=0.00, real=0.01 secs] 
2019-12-26T10:07:59.511+0800: 1789656.230: [CMS-concurrent-abortable-preclean-start]
 CMS: abort preclean due to time 2019-12-26T10:08:04.537+0800: 1789661.256: [CMS-concurrent-abortable-preclean: 2.324/5.026 secs] [Times: user=2.38 sys=0.00, real=5.02 secs] 
2019-12-26T10:08:04.539+0800: 1789661.258: [GC (CMS Final Remark) [YG occupancy: 130352 K (737280 K)]2019-12-26T10:08:04.539+0800: 1789661.258: [Rescan (parallel) , 0.0273885 secs]2019-12-26T10:08:04.567+0800: 1789661.285: [weak refs processing, 0.0000631 secs]2019-12-26T10:08:04.567+0800: 1789661.286: [class unloading, 0.0294377 secs]2019-12-26T10:08:04.596+0800: 1789661.315: [scrub symbol table, 0.0094654 secs]2019-12-26T10:08:04.606+0800: 1789661.325: [scrub string table, 0.0016891 secs][1 CMS-remark: 831776K(1277952K)] 962129K(2015232K), 0.0707042 secs] [Times: user=0.15 sys=0.00, real=0.07 secs] 
2019-12-26T10:08:04.610+0800: 1789661.329: [CMS-concurrent-sweep-start]
2019-12-26T10:08:04.902+0800: 1789661.621: [CMS-concurrent-sweep: 0.292/0.292 secs] [Times: user=0.30 sys=0.00, real=0.30 secs] 
2019-12-26T10:08:04.902+0800: 1789661.621: [CMS-concurrent-reset-start]
2019-12-26T10:08:04.905+0800: 1789661.624: [CMS-concurrent-reset: 0.003/0.003 secs] [Times: user=0.00 sys=0.00, real=0.00 secs] 
2019-12-26T10:08:06.906+0800: 1789663.625: [GC (CMS Initial Mark) [1 CMS-initial-mark: 831776K(1277952K)] 962175K(2015232K), 0.0254169 secs] [Times: user=0.10 sys=0.00, real=0.02 secs] 
2019-12-26T10:08:06.932+0800: 1789663.651: [CMS-concurrent-mark-start]
2019-12-26T10:08:08.348+0800: 1789665.067: [CMS-concurrent-mark: 1.416/1.416 secs] [Times: user=1.43 sys=0.00, real=1.42 secs] 
2019-12-26T10:08:08.348+0800: 1789665.067: [CMS-concurrent-preclean-start]
2019-12-26T10:08:08.352+0800: 1789665.071: [CMS-concurrent-preclean: 0.004/0.004 secs] [Times: user=0.01 sys=0.00, real=0.00 secs] 
2019-12-26T10:08:08.352+0800: 1789665.071: [CMS-concurrent-abortable-preclean-start]
 CMS: abort preclean due to time 2019-12-26T10:08:13.472+0800: 1789670.191: [CMS-concurrent-abortable-preclean: 2.401/5.120 secs] [Times: user=2.45 sys=0.00, real=5.12 secs] 
2019-12-26T10:08:13.474+0800: 1789670.193: [GC (CMS Final Remark) [YG occupancy: 130422 K (737280 K)]2019-12-26T10:08:13.474+0800: 1789670.193: [Rescan (parallel) , 0.0274509 secs]2019-12-26T10:08:13.501+0800: 1789670.220: [weak refs processing, 0.0000654 secs]2019-12-26T10:08:13.502+0800: 1789670.220: [class unloading, 0.0294884 secs]2019-12-26T10:08:13.531+0800: 1789670.250: [scrub symbol table, 0.0093018 secs]2019-12-26T10:08:13.540+0800: 1789670.259: [scrub string table, 0.0017505 secs][1 CMS-remark: 831776K(1277952K)] 962198K(2015232K), 0.0707507 secs] [Times: user=0.15 sys=0.00, real=0.07 secs] 
2019-12-26T10:08:13.545+0800: 1789670.264: [CMS-concurrent-sweep-start]
2019-12-26T10:08:13.837+0800: 1789670.556: [CMS-concurrent-sweep: 0.292/0.292 secs] [Times: user=0.29 sys=0.00, real=0.29 secs] 
2019-12-26T10:08:13.837+0800: 1789670.556: [CMS-concurrent-reset-start]
2019-12-26T10:08:13.840+0800: 1789670.559: [CMS-concurrent-reset: 0.003/0.003 secs] [Times: user=0.01 sys=0.00, real=0.00 secs] 
2019-12-26T10:08:15.841+0800: 1789672.560: [GC (CMS Initial Mark) [1 CMS-initial-mark: 831776K(1277952K)] 962198K(2015232K), 0.0259139 secs] [Times: user=0.10 sys=0.00, real=0.03 secs] 
2019-12-26T10:08:15.867+0800: 1789672.586: [CMS-concurrent-mark-start]
2019-12-26T10:08:17.278+0800: 1789673.997: [CMS-concurrent-mark: 1.411/1.411 secs] [Times: user=1.42 sys=0.00, real=1.41 secs] 
2019-12-26T10:08:17.279+0800: 1789673.997: [CMS-concurrent-preclean-start]
2019-12-26T10:08:17.282+0800: 1789674.001: [CMS-concurrent-preclean: 0.004/0.004 secs] [Times: user=0.01 sys=0.00, real=0.00 secs] 
2019-12-26T10:08:17.282+0800: 1789674.001: [CMS-concurrent-abortable-preclean-start]
 CMS: abort preclean due to time 2019-12-26T10:08:22.344+0800: 1789679.062: [CMS-concurrent-abortable-preclean: 2.359/5.061 secs] [Times: user=2.43 sys=0.00, real=5.06 secs] 
2019-12-26T10:08:22.345+0800: 1789679.064: [GC (CMS Final Remark) [YG occupancy: 132121 K (737280 K)]2019-12-26T10:08:22.346+0800: 1789679.064: [Rescan (parallel) , 0.0281675 secs]2019-12-26T10:08:22.374+0800: 1789679.093: [weak refs processing, 0.0000665 secs]2019-12-26T10:08:22.374+0800: 1789679.093: [class unloading, 0.0298209 secs]2019-12-26T10:08:22.404+0800: 1789679.123: [scrub symbol table, 0.0097066 secs]2019-12-26T10:08:22.413+0800: 1789679.132: [scrub string table, 0.0017030 secs][1 CMS-remark: 831776K(1277952K)] 963897K(2015232K), 0.0721216 secs] [Times: user=0.15 sys=0.00, real=0.07 secs] 
2019-12-26T10:08:22.418+0800: 1789679.137: [CMS-concurrent-sweep-start]
2019-12-26T10:08:22.709+0800: 1789679.428: [CMS-concurrent-sweep: 0.291/0.291 secs] [Times: user=0.29 sys=0.00, real=0.29 secs] 
2019-12-26T10:08:22.709+0800: 1789679.428: [CMS-concurrent-reset-start]
2019-12-26T10:08:22.712+0800: 1789679.431: [CMS-concurrent-reset: 0.003/0.003 secs] [Times: user=0.00 sys=0.00, real=0.00 secs] 
2019-12-26T10:08:24.713+0800: 1789681.432: [GC (CMS Initial Mark) [1 CMS-initial-mark: 831776K(1277952K)] 963899K(2015232K), 0.0271248 secs] [Times: user=0.11 sys=0.00, real=0.03 secs] 
2019-12-26T10:08:24.740+0800: 1789681.459: [CMS-concurrent-mark-start]
2019-12-26T10:08:26.155+0800: 1789682.874: [CMS-concurrent-mark: 1.414/1.414 secs] [Times: user=1.43 sys=0.00, real=1.42 secs] 
2019-12-26T10:08:26.155+0800: 1789682.874: [CMS-concurrent-preclean-start]
2019-12-26T10:08:26.159+0800: 1789682.878: [CMS-concurrent-preclean: 0.004/0.004 secs] [Times: user=0.00 sys=0.00, real=0.00 secs] 
2019-12-26T10:08:26.159+0800: 1789682.878: [CMS-concurrent-abortable-preclean-start]
 CMS: abort preclean due to time 2019-12-26T10:08:31.201+0800: 1789687.920: [CMS-concurrent-abortable-preclean: 2.339/5.042 secs] [Times: user=2.40 sys=0.00, real=5.04 secs] 
2019-12-26T10:08:31.203+0800: 1789687.922: [GC (CMS Final Remark) [YG occupancy: 133903 K (737280 K)]2019-12-26T10:08:31.203+0800: 1789687.922: [Rescan (parallel) , 0.0275681 secs]2019-12-26T10:08:31.231+0800: 1789687.949: [weak refs processing, 0.0000646 secs]2019-12-26T10:08:31.231+0800: 1789687.949: [class unloading, 0.0292738 secs]2019-12-26T10:08:31.260+0800: 1789687.979: [scrub symbol table, 0.0095878 secs]2019-12-26T10:08:31.270+0800: 1789687.988: [scrub string table, 0.0017152 secs][1 CMS-remark: 831776K(1277952K)] 965680K(2015232K), 0.0709072 secs] [Times: user=0.16 sys=0.00, real=0.07 secs] 
2019-12-26T10:08:31.274+0800: 1789687.993: [CMS-concurrent-sweep-start]
2019-12-26T10:08:31.567+0800: 1789688.286: [CMS-concurrent-sweep: 0.293/0.293 secs] [Times: user=0.29 sys=0.00, real=0.30 secs] 
2019-12-26T10:08:31.567+0800: 1789688.286: [CMS-concurrent-reset-start]
2019-12-26T10:08:31.570+0800: 1789688.289: [CMS-concurrent-reset: 0.003/0.003 secs] [Times: user=0.01 sys=0.00, real=0.00 secs] 
2019-12-26T10:08:33.571+0800: 1789690.290: [GC (CMS Initial Mark) [1 CMS-initial-mark: 831776K(1277952K)] 965704K(2015232K), 0.0262579 secs] [Times: user=0.10 sys=0.00, real=0.03 secs] 
2019-12-26T10:08:33.598+0800: 1789690.316: [CMS-concurrent-mark-start]
2019-12-26T10:08:35.011+0800: 1789691.730: [CMS-concurrent-mark: 1.414/1.414 secs] [Times: user=1.43 sys=0.00, real=1.41 secs] 
2019-12-26T10:08:35.011+0800: 1789691.730: [CMS-concurrent-preclean-start]
2019-12-26T10:08:35.015+0800: 1789691.734: [CMS-concurrent-preclean: 0.004/0.004 secs] [Times: user=0.00 sys=0.00, real=0.00 secs] 
2019-12-26T10:08:35.015+0800: 1789691.734: [CMS-concurrent-abortable-preclean-start]
 CMS: abort preclean due to time 2019-12-26T10:08:40.172+0800: 1789696.891: [CMS-concurrent-abortable-preclean: 2.394/5.157 secs] [Times: user=2.48 sys=0.00, real=5.16 secs] 
2019-12-26T10:08:40.174+0800: 1789696.893: [GC (CMS Final Remark) [YG occupancy: 136605 K (737280 K)]2019-12-26T10:08:40.174+0800: 1789696.893: [Rescan (parallel) , 0.0281506 secs]2019-12-26T10:08:40.202+0800: 1789696.921: [weak refs processing, 0.0000662 secs]2019-12-26T10:08:40.202+0800: 1789696.921: [class unloading, 0.0291635 secs]2019-12-26T10:08:40.231+0800: 1789696.950: [scrub symbol table, 0.0095204 secs]2019-12-26T10:08:40.241+0800: 1789696.960: [scrub string table, 0.0016975 secs][1 CMS-remark: 831776K(1277952K)] 968381K(2015232K), 0.0712347 secs] [Times: user=0.16 sys=0.00, real=0.07 secs] 
2019-12-26T10:08:40.245+0800: 1789696.964: [CMS-concurrent-sweep-start]
2019-12-26T10:08:40.538+0800: 1789697.257: [CMS-concurrent-sweep: 0.293/0.293 secs] [Times: user=0.29 sys=0.00, real=0.30 secs] 
2019-12-26T10:08:40.538+0800: 1789697.257: [CMS-concurrent-reset-start]
2019-12-26T10:08:40.541+0800: 1789697.260: [CMS-concurrent-reset: 0.003/0.003 secs] [Times: user=0.01 sys=0.00, real=0.00 secs] 
2019-12-26T10:08:42.542+0800: 1789699.261: [GC (CMS Initial Mark) [1 CMS-initial-mark: 831776K(1277952K)] 969340K(2015232K), 0.0268237 secs] [Times: user=0.11 sys=0.00, real=0.03 secs] 
2019-12-26T10:08:42.569+0800: 1789699.288: [CMS-concurrent-mark-start]
2019-12-26T10:08:43.981+0800: 1789700.700: [CMS-concurrent-mark: 1.410/1.412 secs] [Times: user=1.42 sys=0.00, real=1.41 secs] 
2019-12-26T10:08:43.982+0800: 1789700.700: [CMS-concurrent-preclean-start]
2019-12-26T10:08:43.986+0800: 1789700.704: [CMS-concurrent-preclean: 0.004/0.004 secs] [Times: user=0.01 sys=0.00, real=0.00 secs] 
2019-12-26T10:08:43.986+0800: 1789700.704: [CMS-concurrent-abortable-preclean-start]
 CMS: abort preclean due to time 2019-12-26T10:08:49.161+0800: 1789705.880: [CMS-concurrent-abortable-preclean: 2.373/5.176 secs] [Times: user=2.42 sys=0.00, real=5.18 secs] 
2019-12-26T10:08:49.163+0800: 1789705.882: [GC (CMS Final Remark) [YG occupancy: 138278 K (737280 K)]2019-12-26T10:08:49.163+0800: 1789705.882: [Rescan (parallel) , 0.0284279 secs]2019-12-26T10:08:49.192+0800: 1789705.910: [weak refs processing, 0.0000635 secs]2019-12-26T10:08:49.192+0800: 1789705.910: [class unloading, 0.0290722 secs]2019-12-26T10:08:49.221+0800: 1789705.940: [scrub symbol table, 0.0095022 secs]2019-12-26T10:08:49.230+0800: 1789705.949: [scrub string table, 0.0016912 secs][1 CMS-remark: 831776K(1277952K)] 970054K(2015232K), 0.0714035 secs] [Times: user=0.15 sys=0.00, real=0.07 secs] 
2019-12-26T10:08:49.235+0800: 1789705.954: [CMS-concurrent-sweep-start]
2019-12-26T10:08:49.527+0800: 1789706.246: [CMS-concurrent-sweep: 0.292/0.292 secs] [Times: user=0.30 sys=0.00, real=0.29 secs] 
2019-12-26T10:08:49.527+0800: 1789706.246: [CMS-concurrent-reset-start]
2019-12-26T10:08:49.530+0800: 1789706.249: [CMS-concurrent-reset: 0.003/0.003 secs] [Times: user=0.00 sys=0.00, real=0.01 secs] 
2019-12-26T10:08:51.531+0800: 1789708.250: [GC (CMS Initial Mark) [1 CMS-initial-mark: 831776K(1277952K)] 970054K(2015232K), 0.0281033 secs] [Times: user=0.11 sys=0.00, real=0.03 secs] 
2019-12-26T10:08:51.559+0800: 1789708.278: [CMS-concurrent-mark-start]
2019-12-26T10:08:52.972+0800: 1789709.691: [CMS-concurrent-mark: 1.413/1.413 secs] [Times: user=1.43 sys=0.00, real=1.41 secs] 
2019-12-26T10:08:52.973+0800: 1789709.691: [CMS-concurrent-preclean-start]
2019-12-26T10:08:52.976+0800: 1789709.695: [CMS-concurrent-preclean: 0.004/0.004 secs] [Times: user=0.00 sys=0.00, real=0.00 secs] 
2019-12-26T10:08:52.976+0800: 1789709.695: [CMS-concurrent-abortable-preclean-start]
 CMS: abort preclean due to time 2019-12-26T10:08:58.054+0800: 1789714.773: [CMS-concurrent-abortable-preclean: 2.375/5.078 secs] [Times: user=2.43 sys=0.00, real=5.08 secs] 
2019-12-26T10:08:58.056+0800: 1789714.775: [GC (CMS Final Remark) [YG occupancy: 139367 K (737280 K)]2019-12-26T10:08:58.056+0800: 1789714.775: [Rescan (parallel) , 0.0291390 secs]2019-12-26T10:08:58.085+0800: 1789714.804: [weak refs processing, 0.0000656 secs]2019-12-26T10:08:58.085+0800: 1789714.804: [class unloading, 0.0294112 secs]2019-12-26T10:08:58.115+0800: 1789714.834: [scrub symbol table, 0.0095179 secs]2019-12-26T10:08:58.124+0800: 1789714.843: [scrub string table, 0.0017777 secs][1 CMS-remark: 831776K(1277952K)] 971143K(2015232K), 0.0726605 secs] [Times: user=0.16 sys=0.00, real=0.07 secs] 
2019-12-26T10:08:58.129+0800: 1789714.848: [CMS-concurrent-sweep-start]
2019-12-26T10:08:58.420+0800: 1789715.138: [CMS-concurrent-sweep: 0.291/0.291 secs] [Times: user=0.29 sys=0.00, real=0.30 secs] 
2019-12-26T10:08:58.420+0800: 1789715.139: [CMS-concurrent-reset-start]
2019-12-26T10:08:58.423+0800: 1789715.142: [CMS-concurrent-reset: 0.003/0.003 secs] [Times: user=0.00 sys=0.00, real=0.00 secs] 
2019-12-26T10:09:00.424+0800: 1789717.143: [GC (CMS Initial Mark) [1 CMS-initial-mark: 831776K(1277952K)] 971616K(2015232K), 0.0278142 secs] [Times: user=0.11 sys=0.00, real=0.03 secs] 
2019-12-26T10:09:00.452+0800: 1789717.171: [CMS-concurrent-mark-start]
2019-12-26T10:09:01.874+0800: 1789718.593: [CMS-concurrent-mark: 1.422/1.422 secs] [Times: user=1.43 sys=0.00, real=1.42 secs] 
2019-12-26T10:09:01.875+0800: 1789718.593: [CMS-concurrent-preclean-start]
2019-12-26T10:09:01.879+0800: 1789718.598: [CMS-concurrent-preclean: 0.004/0.004 secs] [Times: user=0.01 sys=0.00, real=0.00 secs] 
2019-12-26T10:09:01.879+0800: 1789718.598: [CMS-concurrent-abortable-preclean-start]
 CMS: abort preclean due to time 2019-12-26T10:09:07.030+0800: 1789723.749: [CMS-concurrent-abortable-preclean: 2.349/5.152 secs] [Times: user=2.40 sys=0.00, real=5.15 secs] 
2019-12-26T10:09:07.032+0800: 1789723.751: [GC (CMS Final Remark) [YG occupancy: 140284 K (737280 K)]2019-12-26T10:09:07.032+0800: 1789723.751: [Rescan (parallel) , 0.0296222 secs]2019-12-26T10:09:07.062+0800: 1789723.781: [weak refs processing, 0.0000663 secs]2019-12-26T10:09:07.062+0800: 1789723.781: [class unloading, 0.0292248 secs]2019-12-26T10:09:07.091+0800: 1789723.810: [scrub symbol table, 0.0095194 secs]2019-12-26T10:09:07.101+0800: 1789723.820: [scrub string table, 0.0017016 secs][1 CMS-remark: 831776K(1277952K)] 972061K(2015232K), 0.0728199 secs] [Times: user=0.16 sys=0.00, real=0.07 secs] 
2019-12-26T10:09:07.105+0800: 1789723.824: [CMS-concurrent-sweep-start]
2019-12-26T10:09:07.398+0800: 1789724.116: [CMS-concurrent-sweep: 0.292/0.292 secs] [Times: user=0.29 sys=0.00, real=0.29 secs] 
2019-12-26T10:09:07.398+0800: 1789724.116: [CMS-concurrent-reset-start]
2019-12-26T10:09:07.401+0800: 1789724.120: [CMS-concurrent-reset: 0.003/0.003 secs] [Times: user=0.01 sys=0.00, real=0.00 secs] 
2019-12-26T10:09:09.401+0800: 1789726.120: [GC (CMS Initial Mark) [1 CMS-initial-mark: 831776K(1277952K)] 972061K(2015232K), 0.0280148 secs] [Times: user=0.11 sys=0.00, real=0.03 secs] 
2019-12-26T10:09:09.430+0800: 1789726.149: [CMS-concurrent-mark-start]
2019-12-26T10:09:10.854+0800: 1789727.573: [CMS-concurrent-mark: 1.424/1.424 secs] [Times: user=1.43 sys=0.00, real=1.43 secs] 
2019-12-26T10:09:10.854+0800: 1789727.573: [CMS-concurrent-preclean-start]
2019-12-26T10:09:10.858+0800: 1789727.577: [CMS-concurrent-preclean: 0.004/0.004 secs] [Times: user=0.01 sys=0.00, real=0.00 secs] 
2019-12-26T10:09:10.858+0800: 1789727.577: [CMS-concurrent-abortable-preclean-start]
 CMS: abort preclean due to time 2019-12-26T10:09:15.923+0800: 1789732.642: [CMS-concurrent-abortable-preclean: 2.357/5.065 secs] [Times: user=2.43 sys=0.00, real=5.07 secs] 
2019-12-26T10:09:15.924+0800: 1789732.643: [GC (CMS Final Remark) [YG occupancy: 142300 K (737280 K)]2019-12-26T10:09:15.925+0800: 1789732.643: [Rescan (parallel) , 0.0294030 secs]2019-12-26T10:09:15.954+0800: 1789732.673: [weak refs processing, 0.0000647 secs]2019-12-26T10:09:15.954+0800: 1789732.673: [class unloading, 0.0290989 secs]2019-12-26T10:09:15.983+0800: 1789732.702: [scrub symbol table, 0.0090066 secs]2019-12-26T10:09:15.992+0800: 1789732.711: [scrub string table, 0.0016916 secs][1 CMS-remark: 831776K(1277952K)] 974076K(2015232K), 0.0719211 secs] [Times: user=0.16 sys=0.00, real=0.07 secs] 
2019-12-26T10:09:15.997+0800: 1789732.716: [CMS-concurrent-sweep-start]
2019-12-26T10:09:16.288+0800: 1789733.007: [CMS-concurrent-sweep: 0.291/0.291 secs] [Times: user=0.29 sys=0.00, real=0.29 secs] 
2019-12-26T10:09:16.288+0800: 1789733.007: [CMS-concurrent-reset-start]
2019-12-26T10:09:16.291+0800: 1789733.010: [CMS-concurrent-reset: 0.003/0.003 secs] [Times: user=0.01 sys=0.00, real=0.00 secs] 
2019-12-26T10:09:18.292+0800: 1789735.011: [GC (CMS Initial Mark) [1 CMS-initial-mark: 831776K(1277952K)] 974694K(2015232K), 0.0351008 secs] [Times: user=0.11 sys=0.00, real=0.04 secs] 
2019-12-26T10:09:18.327+0800: 1789735.046: [CMS-concurrent-mark-start]
2019-12-26T10:09:19.741+0800: 1789736.460: [CMS-concurrent-mark: 1.413/1.413 secs] [Times: user=1.43 sys=0.00, real=1.41 secs] 
2019-12-26T10:09:19.741+0800: 1789736.460: [CMS-concurrent-preclean-start]
2019-12-26T10:09:19.745+0800: 1789736.464: [CMS-concurrent-preclean: 0.004/0.004 secs] [Times: user=0.00 sys=0.00, real=0.01 secs] 
2019-12-26T10:09:19.745+0800: 1789736.464: [CMS-concurrent-abortable-preclean-start]
 CMS: abort preclean due to time 2019-12-26T10:09:24.908+0800: 1789741.627: [CMS-concurrent-abortable-preclean: 2.360/5.163 secs] [Times: user=2.42 sys=0.00, real=5.16 secs] 
2019-12-26T10:09:24.910+0800: 1789741.629: [GC (CMS Final Remark) [YG occupancy: 143071 K (737280 K)]2019-12-26T10:09:24.910+0800: 1789741.629: [Rescan (parallel) , 0.0294490 secs]2019-12-26T10:09:24.939+0800: 1789741.658: [weak refs processing, 0.0000661 secs]2019-12-26T10:09:24.939+0800: 1789741.658: [class unloading, 0.0291721 secs]2019-12-26T10:09:24.969+0800: 1789741.687: [scrub symbol table, 0.0092386 secs]2019-12-26T10:09:24.978+0800: 1789741.697: [scrub string table, 0.0017048 secs][1 CMS-remark: 831776K(1277952K)] 974847K(2015232K), 0.0723174 secs] [Times: user=0.16 sys=0.00, real=0.07 secs] 
2019-12-26T10:09:24.982+0800: 1789741.701: [CMS-concurrent-sweep-start]
2019-12-26T10:09:25.275+0800: 1789741.994: [CMS-concurrent-sweep: 0.292/0.292 secs] [Times: user=0.29 sys=0.00, real=0.30 secs] 
2019-12-26T10:09:25.275+0800: 1789741.994: [CMS-concurrent-reset-start]
2019-12-26T10:09:25.278+0800: 1789741.997: [CMS-concurrent-reset: 0.003/0.003 secs] [Times: user=0.01 sys=0.00, real=0.00 secs] 
2019-12-26T10:09:27.279+0800: 1789743.998: [GC (CMS Initial Mark) [1 CMS-initial-mark: 831776K(1277952K)] 975303K(2015232K), 0.0307787 secs] [Times: user=0.11 sys=0.00, real=0.03 secs] 
2019-12-26T10:09:27.310+0800: 1789744.029: [CMS-concurrent-mark-start]
2019-12-26T10:09:28.729+0800: 1789745.448: [CMS-concurrent-mark: 1.419/1.419 secs] [Times: user=1.44 sys=0.00, real=1.42 secs] 
2019-12-26T10:09:28.729+0800: 1789745.448: [CMS-concurrent-preclean-start]
2019-12-26T10:09:28.733+0800: 1789745.452: [CMS-concurrent-preclean: 0.004/0.004 secs] [Times: user=0.00 sys=0.00, real=0.00 secs] 
2019-12-26T10:09:28.733+0800: 1789745.452: [CMS-concurrent-abortable-preclean-start]
 CMS: abort preclean due to time 2019-12-26T10:09:33.915+0800: 1789750.634: [CMS-concurrent-abortable-preclean: 2.380/5.182 secs] [Times: user=2.44 sys=0.00, real=5.19 secs] 
2019-12-26T10:09:33.917+0800: 1789750.636: [GC (CMS Final Remark) [YG occupancy: 146252 K (737280 K)]2019-12-26T10:09:33.917+0800: 1789750.636: [Rescan (parallel) , 0.0304989 secs]2019-12-26T10:09:33.948+0800: 1789750.667: [weak refs processing, 0.0000880 secs]2019-12-26T10:09:33.948+0800: 1789750.667: [class unloading, 0.0289244 secs]2019-12-26T10:09:33.977+0800: 1789750.696: [scrub symbol table, 0.0092781 secs]2019-12-26T10:09:33.986+0800: 1789750.705: [scrub string table, 0.0016879 secs][1 CMS-remark: 831776K(1277952K)] 978028K(2015232K), 0.0731311 secs] [Times: user=0.17 sys=0.00, real=0.07 secs] 
2019-12-26T10:09:33.991+0800: 1789750.709: [CMS-concurrent-sweep-start]
2019-12-26T10:09:34.283+0800: 1789751.002: [CMS-concurrent-sweep: 0.293/0.293 secs] [Times: user=0.29 sys=0.00, real=0.29 secs] 
2019-12-26T10:09:34.283+0800: 1789751.002: [CMS-concurrent-reset-start]
2019-12-26T10:09:34.286+0800: 1789751.005: [CMS-concurrent-reset: 0.003/0.003 secs] [Times: user=0.01 sys=0.00, real=0.01 secs] 
2019-12-26T10:09:36.288+0800: 1789753.006: [GC (CMS Initial Mark) [1 CMS-initial-mark: 831776K(1277952K)] 979967K(2015232K), 0.0306719 secs] [Times: user=0.11 sys=0.00, real=0.03 secs] 
2019-12-26T10:09:36.319+0800: 1789753.037: [CMS-concurrent-mark-start]
2019-12-26T10:09:37.753+0800: 1789754.472: [CMS-concurrent-mark: 1.435/1.435 secs] [Times: user=1.46 sys=0.00, real=1.43 secs] 
2019-12-26T10:09:37.753+0800: 1789754.472: [CMS-concurrent-preclean-start]
2019-12-26T10:09:37.758+0800: 1789754.477: [CMS-concurrent-preclean: 0.004/0.004 secs] [Times: user=0.01 sys=0.00, real=0.01 secs] 
2019-12-26T10:09:37.758+0800: 1789754.477: [CMS-concurrent-abortable-preclean-start]
 CMS: abort preclean due to time 2019-12-26T10:09:42.788+0800: 1789759.507: [CMS-concurrent-abortable-preclean: 2.432/5.031 secs] [Times: user=2.51 sys=0.00, real=5.03 secs] 
2019-12-26T10:09:42.790+0800: 1789759.509: [GC (CMS Final Remark) [YG occupancy: 153594 K (737280 K)]2019-12-26T10:09:42.790+0800: 1789759.509: [Rescan (parallel) , 0.0370035 secs]2019-12-26T10:09:42.827+0800: 1789759.546: [weak refs processing, 0.0000732 secs]2019-12-26T10:09:42.828+0800: 1789759.546: [class unloading, 0.0289745 secs]2019-12-26T10:09:42.857+0800: 1789759.575: [scrub symbol table, 0.0089483 secs]2019-12-26T10:09:42.866+0800: 1789759.584: [scrub string table, 0.0017008 secs][1 CMS-remark: 831776K(1277952K)] 985370K(2015232K), 0.0793771 secs] [Times: user=0.16 sys=0.00, real=0.08 secs] 
2019-12-26T10:09:42.870+0800: 1789759.589: [CMS-concurrent-sweep-start]
2019-12-26T10:09:43.163+0800: 1789759.882: [CMS-concurrent-sweep: 0.291/0.293 secs] [Times: user=0.29 sys=0.00, real=0.29 secs] 
2019-12-26T10:09:43.163+0800: 1789759.882: [CMS-concurrent-reset-start]
2019-12-26T10:09:43.166+0800: 1789759.885: [CMS-concurrent-reset: 0.003/0.003 secs] [Times: user=0.01 sys=0.00, real=0.00 secs] 
2019-12-26T10:09:45.167+0800: 1789761.886: [GC (CMS Initial Mark) [1 CMS-initial-mark: 831776K(1277952K)] 986400K(2015232K), 0.0308419 secs] [Times: user=0.12 sys=0.00, real=0.04 secs] 
2019-12-26T10:09:45.198+0800: 1789761.917: [CMS-concurrent-mark-start]
2019-12-26T10:09:46.615+0800: 1789763.333: [CMS-concurrent-mark: 1.416/1.416 secs] [Times: user=1.44 sys=0.00, real=1.41 secs] 
2019-12-26T10:09:46.615+0800: 1789763.334: [CMS-concurrent-preclean-start]
2019-12-26T10:09:46.619+0800: 1789763.338: [CMS-concurrent-preclean: 0.004/0.004 secs] [Times: user=0.01 sys=0.00, real=0.01 secs] 
2019-12-26T10:09:46.619+0800: 1789763.338: [CMS-concurrent-abortable-preclean-start]
 CMS: abort preclean due to time 2019-12-26T10:09:51.771+0800: 1789768.490: [CMS-concurrent-abortable-preclean: 2.349/5.152 secs] [Times: user=2.40 sys=0.00, real=5.15 secs] 
2019-12-26T10:09:51.773+0800: 1789768.492: [GC (CMS Final Remark) [YG occupancy: 155998 K (737280 K)]2019-12-26T10:09:51.773+0800: 1789768.492: [Rescan (parallel) , 0.0327373 secs]2019-12-26T10:09:51.806+0800: 1789768.525: [weak refs processing, 0.0000643 secs]2019-12-26T10:09:51.806+0800: 1789768.525: [class unloading, 0.0296143 secs]2019-12-26T10:09:51.836+0800: 1789768.555: [scrub symbol table, 0.0092467 secs]2019-12-26T10:09:51.845+0800: 1789768.564: [scrub string table, 0.0017225 secs][1 CMS-remark: 831776K(1277952K)] 987774K(2015232K), 0.0760829 secs] [Times: user=0.18 sys=0.00, real=0.08 secs] 
2019-12-26T10:09:51.850+0800: 1789768.568: [CMS-concurrent-sweep-start]
2019-12-26T10:09:52.141+0800: 1789768.860: [CMS-concurrent-sweep: 0.292/0.292 secs] [Times: user=0.29 sys=0.00, real=0.29 secs] 
2019-12-26T10:09:52.141+0800: 1789768.860: [CMS-concurrent-reset-start]
2019-12-26T10:09:52.145+0800: 1789768.863: [CMS-concurrent-reset: 0.003/0.003 secs] [Times: user=0.01 sys=0.00, real=0.00 secs] 
2019-12-26T10:09:54.145+0800: 1789770.864: [GC (CMS Initial Mark) [1 CMS-initial-mark: 831776K(1277952K)] 987774K(2015232K), 0.0310044 secs] [Times: user=0.12 sys=0.00, real=0.03 secs] 
2019-12-26T10:09:54.177+0800: 1789770.895: [CMS-concurrent-mark-start]
2019-12-26T10:09:55.586+0800: 1789772.304: [CMS-concurrent-mark: 1.409/1.409 secs] [Times: user=1.42 sys=0.00, real=1.41 secs] 
2019-12-26T10:09:55.586+0800: 1789772.305: [CMS-concurrent-preclean-start]
2019-12-26T10:09:55.590+0800: 1789772.308: [CMS-concurrent-preclean: 0.004/0.004 secs] [Times: user=0.00 sys=0.00, real=0.01 secs] 
2019-12-26T10:09:55.590+0800: 1789772.308: [CMS-concurrent-abortable-preclean-start]
 CMS: abort preclean due to time 2019-12-26T10:10:00.735+0800: 1789777.454: [CMS-concurrent-abortable-preclean: 2.443/5.146 secs] [Times: user=2.51 sys=0.00, real=5.14 secs] 
2019-12-26T10:10:00.737+0800: 1789777.456: [GC (CMS Final Remark) [YG occupancy: 157305 K (737280 K)]2019-12-26T10:10:00.737+0800: 1789777.456: [Rescan (parallel) , 0.0334080 secs]2019-12-26T10:10:00.771+0800: 1789777.490: [weak refs processing, 0.0000665 secs]2019-12-26T10:10:00.771+0800: 1789777.490: [class unloading, 0.0294469 secs]2019-12-26T10:10:00.800+0800: 1789777.519: [scrub symbol table, 0.0090449 secs]2019-12-26T10:10:00.809+0800: 1789777.528: [scrub string table, 0.0016885 secs][1 CMS-remark: 831776K(1277952K)] 989081K(2015232K), 0.0763547 secs] [Times: user=0.17 sys=0.00, real=0.08 secs] 
2019-12-26T10:10:00.814+0800: 1789777.533: [CMS-concurrent-sweep-start]
2019-12-26T10:10:01.118+0800: 1789777.837: [CMS-concurrent-sweep: 0.304/0.304 secs] [Times: user=0.31 sys=0.00, real=0.30 secs] 
2019-12-26T10:10:01.118+0800: 1789777.837: [CMS-concurrent-reset-start]
2019-12-26T10:10:01.122+0800: 1789777.840: [CMS-concurrent-reset: 0.004/0.004 secs] [Times: user=0.01 sys=0.00, real=0.01 secs] 
2019-12-26T10:10:03.122+0800: 1789779.841: [GC (CMS Initial Mark) [1 CMS-initial-mark: 831776K(1277952K)] 989784K(2015232K), 0.0313072 secs] [Times: user=0.12 sys=0.00, real=0.03 secs] 
2019-12-26T10:10:03.154+0800: 1789779.873: [CMS-concurrent-mark-start]
2019-12-26T10:10:04.582+0800: 1789781.301: [CMS-concurrent-mark: 1.428/1.428 secs] [Times: user=1.43 sys=0.00, real=1.43 secs] 
2019-12-26T10:10:04.582+0800: 1789781.301: [CMS-concurrent-preclean-start]
2019-12-26T10:10:04.586+0800: 1789781.305: [CMS-concurrent-preclean: 0.004/0.004 secs] [Times: user=0.01 sys=0.00, real=0.00 secs] 
2019-12-26T10:10:04.586+0800: 1789781.305: [CMS-concurrent-abortable-preclean-start]
 CMS: abort preclean due to time 2019-12-26T10:10:09.746+0800: 1789786.465: [CMS-concurrent-abortable-preclean: 2.358/5.160 secs] [Times: user=2.41 sys=0.00, real=5.16 secs] 
2019-12-26T10:10:09.748+0800: 1789786.467: [GC (CMS Final Remark) [YG occupancy: 158282 K (737280 K)]2019-12-26T10:10:09.748+0800: 1789786.467: [Rescan (parallel) , 0.0329478 secs]2019-12-26T10:10:09.781+0800: 1789786.500: [weak refs processing, 0.0000647 secs]2019-12-26T10:10:09.781+0800: 1789786.500: [class unloading, 0.0295863 secs]2019-12-26T10:10:09.811+0800: 1789786.530: [scrub symbol table, 0.0099611 secs]2019-12-26T10:10:09.821+0800: 1789786.540: [scrub string table, 0.0017489 secs][1 CMS-remark: 831776K(1277952K)] 990059K(2015232K), 0.0769990 secs] [Times: user=0.18 sys=0.00, real=0.08 secs] 
2019-12-26T10:10:09.826+0800: 1789786.544: [CMS-concurrent-sweep-start]
2019-12-26T10:10:10.118+0800: 1789786.837: [CMS-concurrent-sweep: 0.293/0.293 secs] [Times: user=0.30 sys=0.00, real=0.29 secs] 
2019-12-26T10:10:10.118+0800: 1789786.837: [CMS-concurrent-reset-start]
2019-12-26T10:10:10.122+0800: 1789786.840: [CMS-concurrent-reset: 0.003/0.003 secs] [Times: user=0.00 sys=0.00, real=0.01 secs] 
2019-12-26T10:10:12.123+0800: 1789788.842: [GC (CMS Initial Mark) [1 CMS-initial-mark: 831776K(1277952K)] 992993K(2015232K), 0.0313712 secs] [Times: user=0.12 sys=0.00, real=0.03 secs] 
2019-12-26T10:10:12.155+0800: 1789788.873: [CMS-concurrent-mark-start]
2019-12-26T10:10:13.587+0800: 1789790.306: [CMS-concurrent-mark: 1.432/1.432 secs] [Times: user=1.45 sys=0.00, real=1.43 secs] 
2019-12-26T10:10:13.587+0800: 1789790.306: [CMS-concurrent-preclean-start]
2019-12-26T10:10:13.591+0800: 1789790.310: [CMS-concurrent-preclean: 0.004/0.004 secs] [Times: user=0.00 sys=0.00, real=0.00 secs] 
2019-12-26T10:10:13.591+0800: 1789790.310: [CMS-concurrent-abortable-preclean-start]
 CMS: abort preclean due to time 2019-12-26T10:10:18.761+0800: 1789795.480: [CMS-concurrent-abortable-preclean: 2.365/5.169 secs] [Times: user=2.43 sys=0.00, real=5.17 secs] 
2019-12-26T10:10:18.763+0800: 1789795.481: [GC (CMS Final Remark) [YG occupancy: 161872 K (737280 K)]2019-12-26T10:10:18.763+0800: 1789795.482: [Rescan (parallel) , 0.0340926 secs]2019-12-26T10:10:18.797+0800: 1789795.516: [weak refs processing, 0.0000653 secs]2019-12-26T10:10:18.797+0800: 1789795.516: [class unloading, 0.0291812 secs]2019-12-26T10:10:18.826+0800: 1789795.545: [scrub symbol table, 0.0093426 secs]2019-12-26T10:10:18.836+0800: 1789795.554: [scrub string table, 0.0016902 secs][1 CMS-remark: 831776K(1277952K)] 993648K(2015232K), 0.0770287 secs] [Times: user=0.18 sys=0.00, real=0.07 secs] 
2019-12-26T10:10:18.840+0800: 1789795.559: [CMS-concurrent-sweep-start]
2019-12-26T10:10:19.132+0800: 1789795.851: [CMS-concurrent-sweep: 0.292/0.292 secs] [Times: user=0.29 sys=0.00, real=0.29 secs] 
2019-12-26T10:10:19.132+0800: 1789795.851: [CMS-concurrent-reset-start]
2019-12-26T10:10:19.135+0800: 1789795.854: [CMS-concurrent-reset: 0.003/0.003 secs] [Times: user=0.01 sys=0.00, real=0.01 secs] 
2019-12-26T10:10:21.136+0800: 1789797.855: [GC (CMS Initial Mark) [1 CMS-initial-mark: 831776K(1277952K)] 993648K(2015232K), 0.0326679 secs] [Times: user=0.13 sys=0.00, real=0.03 secs] 
2019-12-26T10:10:21.169+0800: 1789797.888: [CMS-concurrent-mark-start]
2019-12-26T10:10:22.600+0800: 1789799.319: [CMS-concurrent-mark: 1.431/1.431 secs] [Times: user=1.44 sys=0.00, real=1.43 secs] 
2019-12-26T10:10:22.600+0800: 1789799.319: [CMS-concurrent-preclean-start]
2019-12-26T10:10:22.604+0800: 1789799.323: [CMS-concurrent-preclean: 0.004/0.004 secs] [Times: user=0.01 sys=0.00, real=0.01 secs] 
2019-12-26T10:10:22.604+0800: 1789799.323: [CMS-concurrent-abortable-preclean-start]
 CMS: abort preclean due to time 2019-12-26T10:10:27.666+0800: 1789804.385: [CMS-concurrent-abortable-preclean: 2.359/5.062 secs] [Times: user=2.42 sys=0.00, real=5.06 secs] 
2019-12-26T10:10:27.668+0800: 1789804.387: [GC (CMS Final Remark) [YG occupancy: 163112 K (737280 K)]2019-12-26T10:10:27.668+0800: 1789804.387: [Rescan (parallel) , 0.0338806 secs]2019-12-26T10:10:27.702+0800: 1789804.421: [weak refs processing, 0.0000648 secs]2019-12-26T10:10:27.702+0800: 1789804.421: [class unloading, 0.0300806 secs]2019-12-26T10:10:27.732+0800: 1789804.451: [scrub symbol table, 0.0090163 secs]2019-12-26T10:10:27.741+0800: 1789804.460: [scrub string table, 0.0017305 secs][1 CMS-remark: 831776K(1277952K)] 994889K(2015232K), 0.0774125 secs] [Times: user=0.18 sys=0.00, real=0.08 secs] 
2019-12-26T10:10:27.746+0800: 1789804.465: [CMS-concurrent-sweep-start]
2019-12-26T10:10:28.037+0800: 1789804.756: [CMS-concurrent-sweep: 0.291/0.291 secs] [Times: user=0.29 sys=0.00, real=0.29 secs] 
2019-12-26T10:10:28.037+0800: 1789804.756: [CMS-concurrent-reset-start]
2019-12-26T10:10:28.040+0800: 1789804.759: [CMS-concurrent-reset: 0.003/0.003 secs] [Times: user=0.01 sys=0.00, real=0.00 secs] 
2019-12-26T10:10:30.040+0800: 1789806.759: [GC (CMS Initial Mark) [1 CMS-initial-mark: 831760K(1277952K)] 996361K(2015232K), 0.0326995 secs] [Times: user=0.13 sys=0.00, real=0.03 secs] 
2019-12-26T10:10:30.073+0800: 1789806.792: [CMS-concurrent-mark-start]
2019-12-26T10:10:31.497+0800: 1789808.216: [CMS-concurrent-mark: 1.424/1.424 secs] [Times: user=1.44 sys=0.00, real=1.43 secs] 
2019-12-26T10:10:31.497+0800: 1789808.216: [CMS-concurrent-preclean-start]
2019-12-26T10:10:31.502+0800: 1789808.220: [CMS-concurrent-preclean: 0.004/0.004 secs] [Times: user=0.00 sys=0.00, real=0.00 secs] 
2019-12-26T10:10:31.502+0800: 1789808.220: [CMS-concurrent-abortable-preclean-start]
 CMS: abort preclean due to time 2019-12-26T10:10:36.657+0800: 1789813.376: [CMS-concurrent-abortable-preclean: 2.449/5.155 secs] [Times: user=2.52 sys=0.00, real=5.16 secs] 
2019-12-26T10:10:36.659+0800: 1789813.378: [GC (CMS Final Remark) [YG occupancy: 167234 K (737280 K)]2019-12-26T10:10:36.659+0800: 1789813.378: [Rescan (parallel) , 0.0353388 secs]2019-12-26T10:10:36.695+0800: 1789813.413: [weak refs processing, 0.0000641 secs]2019-12-26T10:10:36.695+0800: 1789813.413: [class unloading, 0.0291708 secs]2019-12-26T10:10:36.724+0800: 1789813.443: [scrub symbol table, 0.0093980 secs]2019-12-26T10:10:36.733+0800: 1789813.452: [scrub string table, 0.0017191 secs][1 CMS-remark: 831760K(1277952K)] 998995K(2015232K), 0.0783809 secs] [Times: user=0.19 sys=0.00, real=0.08 secs] 
2019-12-26T10:10:36.738+0800: 1789813.457: [CMS-concurrent-sweep-start]
2019-12-26T10:10:37.040+0800: 1789813.759: [CMS-concurrent-sweep: 0.302/0.302 secs] [Times: user=0.32 sys=0.00, real=0.30 secs] 
2019-12-26T10:10:37.040+0800: 1789813.759: [CMS-concurrent-reset-start]
2019-12-26T10:10:37.044+0800: 1789813.762: [CMS-concurrent-reset: 0.003/0.003 secs] [Times: user=0.00 sys=0.00, real=0.00 secs] 
2019-12-26T10:10:39.045+0800: 1789815.764: [GC (CMS Initial Mark) [1 CMS-initial-mark: 831760K(1277952K)] 1001919K(2015232K), 0.0336039 secs] [Times: user=0.13 sys=0.00, real=0.04 secs] 
2019-12-26T10:10:39.079+0800: 1789815.798: [CMS-concurrent-mark-start]
2019-12-26T10:10:40.509+0800: 1789817.227: [CMS-concurrent-mark: 1.428/1.429 secs] [Times: user=1.45 sys=0.00, real=1.43 secs] 
2019-12-26T10:10:40.509+0800: 1789817.227: [CMS-concurrent-preclean-start]
2019-12-26T10:10:40.513+0800: 1789817.232: [CMS-concurrent-preclean: 0.004/0.004 secs] [Times: user=0.00 sys=0.00, real=0.00 secs] 
2019-12-26T10:10:40.513+0800: 1789817.232: [CMS-concurrent-abortable-preclean-start]
 CMS: abort preclean due to time 2019-12-26T10:10:45.684+0800: 1789822.403: [CMS-concurrent-abortable-preclean: 2.369/5.172 secs] [Times: user=2.42 sys=0.00, real=5.17 secs] 
2019-12-26T10:10:45.686+0800: 1789822.405: [GC (CMS Final Remark) [YG occupancy: 170163 K (737280 K)]2019-12-26T10:10:45.686+0800: 1789822.405: [Rescan (parallel) , 0.0350553 secs]2019-12-26T10:10:45.721+0800: 1789822.440: [weak refs processing, 0.0000673 secs]2019-12-26T10:10:45.721+0800: 1789822.440: [class unloading, 0.0291759 secs]2019-12-26T10:10:45.751+0800: 1789822.470: [scrub symbol table, 0.0091589 secs]2019-12-26T10:10:45.760+0800: 1789822.479: [scrub string table, 0.0017328 secs][1 CMS-remark: 831760K(1277952K)] 1001924K(2015232K), 0.0778093 secs] [Times: user=0.18 sys=0.00, real=0.08 secs] 
2019-12-26T10:10:45.764+0800: 1789822.483: [CMS-concurrent-sweep-start]
2019-12-26T10:10:46.056+0800: 1789822.775: [CMS-concurrent-sweep: 0.292/0.292 secs] [Times: user=0.29 sys=0.00, real=0.30 secs] 
2019-12-26T10:10:46.057+0800: 1789822.775: [CMS-concurrent-reset-start]
2019-12-26T10:10:46.060+0800: 1789822.779: [CMS-concurrent-reset: 0.003/0.003 secs] [Times: user=0.01 sys=0.00, real=0.00 secs] 
2019-12-26T10:10:48.061+0800: 1789824.779: [GC (CMS Initial Mark) [1 CMS-initial-mark: 831760K(1277952K)] 1002264K(2015232K), 0.0344367 secs] [Times: user=0.13 sys=0.00, real=0.03 secs] 
2019-12-26T10:10:48.095+0800: 1789824.814: [CMS-concurrent-mark-start]
2019-12-26T10:10:49.512+0800: 1789826.231: [CMS-concurrent-mark: 1.416/1.417 secs] [Times: user=1.43 sys=0.00, real=1.42 secs] 
2019-12-26T10:10:49.512+0800: 1789826.231: [CMS-concurrent-preclean-start]
2019-12-26T10:10:49.516+0800: 1789826.235: [CMS-concurrent-preclean: 0.004/0.004 secs] [Times: user=0.01 sys=0.00, real=0.00 secs] 
2019-12-26T10:10:49.516+0800: 1789826.235: [CMS-concurrent-abortable-preclean-start]
 CMS: abort preclean due to time 2019-12-26T10:10:54.675+0800: 1789831.393: [CMS-concurrent-abortable-preclean: 2.354/5.158 secs] [Times: user=2.41 sys=0.00, real=5.16 secs] 
2019-12-26T10:10:54.676+0800: 1789831.395: [GC (CMS Final Remark) [YG occupancy: 171969 K (737280 K)]2019-12-26T10:10:54.676+0800: 1789831.395: [Rescan (parallel) , 0.0354828 secs]2019-12-26T10:10:54.712+0800: 1789831.431: [weak refs processing, 0.0000633 secs]2019-12-26T10:10:54.712+0800: 1789831.431: [class unloading, 0.0290077 secs]2019-12-26T10:10:54.741+0800: 1789831.460: [scrub symbol table, 0.0093344 secs]2019-12-26T10:10:54.750+0800: 1789831.469: [scrub string table, 0.0017008 secs][1 CMS-remark: 831760K(1277952K)] 1003730K(2015232K), 0.0782304 secs] [Times: user=0.18 sys=0.00, real=0.08 secs] 
2019-12-26T10:10:54.755+0800: 1789831.474: [CMS-concurrent-sweep-start]
2019-12-26T10:10:55.051+0800: 1789831.770: [CMS-concurrent-sweep: 0.296/0.296 secs] [Times: user=0.30 sys=0.00, real=0.30 secs] 
2019-12-26T10:10:55.051+0800: 1789831.770: [CMS-concurrent-reset-start]
2019-12-26T10:10:55.054+0800: 1789831.773: [CMS-concurrent-reset: 0.003/0.003 secs] [Times: user=0.00 sys=0.00, real=0.00 secs] 
2019-12-26T10:10:57.055+0800: 1789833.774: [GC (CMS Initial Mark) [1 CMS-initial-mark: 831760K(1277952K)] 1003730K(2015232K), 0.0394523 secs] [Times: user=0.11 sys=0.00, real=0.04 secs] 
2019-12-26T10:10:57.095+0800: 1789833.814: [CMS-concurrent-mark-start]
2019-12-26T10:10:58.545+0800: 1789835.263: [CMS-concurrent-mark: 1.450/1.450 secs] [Times: user=1.47 sys=0.00, real=1.45 secs] 
2019-12-26T10:10:58.545+0800: 1789835.264: [CMS-concurrent-preclean-start]
2019-12-26T10:10:58.549+0800: 1789835.267: [CMS-concurrent-preclean: 0.004/0.004 secs] [Times: user=0.01 sys=0.00, real=0.01 secs] 
2019-12-26T10:10:58.549+0800: 1789835.267: [CMS-concurrent-abortable-preclean-start]
 CMS: abort preclean due to time 2019-12-26T10:11:03.708+0800: 1789840.426: [CMS-concurrent-abortable-preclean: 2.356/5.159 secs] [Times: user=2.41 sys=0.00, real=5.15 secs] 
2019-12-26T10:11:03.709+0800: 1789840.428: [GC (CMS Final Remark) [YG occupancy: 172008 K (737280 K)]2019-12-26T10:11:03.709+0800: 1789840.428: [Rescan (parallel) , 0.0353596 secs]2019-12-26T10:11:03.745+0800: 1789840.464: [weak refs processing, 0.0000654 secs]2019-12-26T10:11:03.745+0800: 1789840.464: [class unloading, 0.0290512 secs]2019-12-26T10:11:03.774+0800: 1789840.493: [scrub symbol table, 0.0093239 secs]2019-12-26T10:11:03.783+0800: 1789840.502: [scrub string table, 0.0016861 secs][1 CMS-remark: 831760K(1277952K)] 1003769K(2015232K), 0.0781237 secs] [Times: user=0.18 sys=0.00, real=0.07 secs] 
2019-12-26T10:11:03.788+0800: 1789840.507: [CMS-concurrent-sweep-start]
2019-12-26T10:11:04.086+0800: 1789840.805: [CMS-concurrent-sweep: 0.298/0.298 secs] [Times: user=0.31 sys=0.00, real=0.30 secs] 
2019-12-26T10:11:04.086+0800: 1789840.805: [CMS-concurrent-reset-start]
2019-12-26T10:11:04.089+0800: 1789840.808: [CMS-concurrent-reset: 0.003/0.003 secs] [Times: user=0.00 sys=0.00, real=0.01 secs] 
2019-12-26T10:11:06.090+0800: 1789842.809: [GC (CMS Initial Mark) [1 CMS-initial-mark: 831760K(1277952K)] 1003817K(2015232K), 0.0383642 secs] [Times: user=0.11 sys=0.00, real=0.03 secs] 
2019-12-26T10:11:06.129+0800: 1789842.847: [CMS-concurrent-mark-start]
2019-12-26T10:11:07.549+0800: 1789844.268: [CMS-concurrent-mark: 1.420/1.420 secs] [Times: user=1.44 sys=0.00, real=1.42 secs] 
2019-12-26T10:11:07.549+0800: 1789844.268: [CMS-concurrent-preclean-start]
2019-12-26T10:11:07.553+0800: 1789844.271: [CMS-concurrent-preclean: 0.004/0.004 secs] [Times: user=0.00 sys=0.00, real=0.01 secs] 
2019-12-26T10:11:07.553+0800: 1789844.271: [CMS-concurrent-abortable-preclean-start]
 CMS: abort preclean due to time 2019-12-26T10:11:12.693+0800: 1789849.412: [CMS-concurrent-abortable-preclean: 2.336/5.141 secs] [Times: user=2.40 sys=0.00, real=5.14 secs] 
2019-12-26T10:11:12.695+0800: 1789849.414: [GC (CMS Final Remark) [YG occupancy: 173019 K (737280 K)]2019-12-26T10:11:12.695+0800: 1789849.414: [Rescan (parallel) , 0.0452898 secs]2019-12-26T10:11:12.741+0800: 1789849.459: [weak refs processing, 0.0000764 secs]2019-12-26T10:11:12.741+0800: 1789849.460: [class unloading, 0.0290410 secs]2019-12-26T10:11:12.770+0800: 1789849.489: [scrub symbol table, 0.0093946 secs]2019-12-26T10:11:12.779+0800: 1789849.498: [scrub string table, 0.0017048 secs][1 CMS-remark: 831760K(1277952K)] 1004779K(2015232K), 0.0881938 secs] [Times: user=0.19 sys=0.00, real=0.09 secs] 
2019-12-26T10:11:12.784+0800: 1789849.503: [CMS-concurrent-sweep-start]
2019-12-26T10:11:13.077+0800: 1789849.796: [CMS-concurrent-sweep: 0.294/0.294 secs] [Times: user=0.29 sys=0.00, real=0.29 secs] 
2019-12-26T10:11:13.077+0800: 1789849.796: [CMS-concurrent-reset-start]
2019-12-26T10:11:13.081+0800: 1789849.800: [CMS-concurrent-reset: 0.003/0.003 secs] [Times: user=0.00 sys=0.00, real=0.01 secs] 
2019-12-26T10:11:15.082+0800: 1789851.800: [GC (CMS Initial Mark) [1 CMS-initial-mark: 831760K(1277952K)] 1005740K(2015232K), 0.0351501 secs] [Times: user=0.14 sys=0.00, real=0.03 secs] 
2019-12-26T10:11:15.117+0800: 1789851.836: [CMS-concurrent-mark-start]
2019-12-26T10:11:16.541+0800: 1789853.260: [CMS-concurrent-mark: 1.424/1.424 secs] [Times: user=1.44 sys=0.00, real=1.43 secs] 
2019-12-26T10:11:16.541+0800: 1789853.260: [CMS-concurrent-preclean-start]
2019-12-26T10:11:16.545+0800: 1789853.264: [CMS-concurrent-preclean: 0.004/0.004 secs] [Times: user=0.00 sys=0.00, real=0.00 secs] 
2019-12-26T10:11:16.545+0800: 1789853.264: [CMS-concurrent-abortable-preclean-start]
 CMS: abort preclean due to time 2019-12-26T10:11:21.714+0800: 1789858.433: [CMS-concurrent-abortable-preclean: 2.366/5.169 secs] [Times: user=2.42 sys=0.00, real=5.17 secs] 
2019-12-26T10:11:21.716+0800: 1789858.435: [GC (CMS Final Remark) [YG occupancy: 174004 K (737280 K)]2019-12-26T10:11:21.716+0800: 1789858.435: [Rescan (parallel) , 0.0408208 secs]2019-12-26T10:11:21.757+0800: 1789858.476: [weak refs processing, 0.0000574 secs]2019-12-26T10:11:21.757+0800: 1789858.476: [class unloading, 0.0305638 secs]2019-12-26T10:11:21.788+0800: 1789858.506: [scrub symbol table, 0.0093912 secs]2019-12-26T10:11:21.797+0800: 1789858.516: [scrub string table, 0.0017110 secs][1 CMS-remark: 831760K(1277952K)] 1005765K(2015232K), 0.0851872 secs] [Times: user=0.19 sys=0.00, real=0.08 secs] 
2019-12-26T10:11:21.801+0800: 1789858.520: [CMS-concurrent-sweep-start]
2019-12-26T10:11:22.095+0800: 1789858.814: [CMS-concurrent-sweep: 0.294/0.294 secs] [Times: user=0.30 sys=0.00, real=0.29 secs] 
2019-12-26T10:11:22.095+0800: 1789858.814: [CMS-concurrent-reset-start]
2019-12-26T10:11:22.098+0800: 1789858.817: [CMS-concurrent-reset: 0.003/0.003 secs] [Times: user=0.00 sys=0.00, real=0.00 secs] 
2019-12-26T10:11:24.099+0800: 1789860.818: [GC (CMS Initial Mark) [1 CMS-initial-mark: 831760K(1277952K)] 1005765K(2015232K), 0.0346819 secs] [Times: user=0.14 sys=0.00, real=0.04 secs] 
2019-12-26T10:11:24.134+0800: 1789860.853: [CMS-concurrent-mark-start]
2019-12-26T10:11:25.547+0800: 1789862.266: [CMS-concurrent-mark: 1.413/1.413 secs] [Times: user=1.43 sys=0.00, real=1.41 secs] 
2019-12-26T10:11:25.547+0800: 1789862.266: [CMS-concurrent-preclean-start]
2019-12-26T10:11:25.551+0800: 1789862.270: [CMS-concurrent-preclean: 0.004/0.004 secs] [Times: user=0.01 sys=0.00, real=0.00 secs] 
2019-12-26T10:11:25.551+0800: 1789862.270: [CMS-concurrent-abortable-preclean-start]
 CMS: abort preclean due to time 2019-12-26T10:11:30.590+0800: 1789867.309: [CMS-concurrent-abortable-preclean: 2.336/5.039 secs] [Times: user=2.39 sys=0.00, real=5.04 secs] 
2019-12-26T10:11:30.592+0800: 1789867.311: [GC (CMS Final Remark) [YG occupancy: 175745 K (737280 K)]2019-12-26T10:11:30.592+0800: 1789867.311: [Rescan (parallel) , 0.0368971 secs]2019-12-26T10:11:30.629+0800: 1789867.348: [weak refs processing, 0.0000650 secs]2019-12-26T10:11:30.629+0800: 1789867.348: [class unloading, 0.0291590 secs]2019-12-26T10:11:30.659+0800: 1789867.377: [scrub symbol table, 0.0094954 secs]2019-12-26T10:11:30.668+0800: 1789867.387: [scrub string table, 0.0017109 secs][1 CMS-remark: 831760K(1277952K)] 1007506K(2015232K), 0.0800354 secs] [Times: user=0.19 sys=0.00, real=0.08 secs] 
2019-12-26T10:11:30.673+0800: 1789867.391: [CMS-concurrent-sweep-start]
2019-12-26T10:11:30.972+0800: 1789867.691: [CMS-concurrent-sweep: 0.299/0.299 secs] [Times: user=0.30 sys=0.00, real=0.30 secs] 
2019-12-26T10:11:30.972+0800: 1789867.691: [CMS-concurrent-reset-start]
2019-12-26T10:11:30.975+0800: 1789867.694: [CMS-concurrent-reset: 0.003/0.003 secs] [Times: user=0.00 sys=0.00, real=0.01 secs] 
2019-12-26T10:11:32.976+0800: 1789869.695: [GC (CMS Initial Mark) [1 CMS-initial-mark: 831760K(1277952K)] 1008940K(2015232K), 0.0344736 secs] [Times: user=0.13 sys=0.00, real=0.03 secs] 
2019-12-26T10:11:33.011+0800: 1789869.729: [CMS-concurrent-mark-start]
2019-12-26T10:11:34.441+0800: 1789871.160: [CMS-concurrent-mark: 1.431/1.431 secs] [Times: user=1.45 sys=0.00, real=1.43 secs] 
2019-12-26T10:11:34.441+0800: 1789871.160: [CMS-concurrent-preclean-start]
2019-12-26T10:11:34.445+0800: 1789871.164: [CMS-concurrent-preclean: 0.004/0.004 secs] [Times: user=0.00 sys=0.00, real=0.01 secs] 
2019-12-26T10:11:34.445+0800: 1789871.164: [CMS-concurrent-abortable-preclean-start]
 CMS: abort preclean due to time 2019-12-26T10:11:39.579+0800: 1789876.298: [CMS-concurrent-abortable-preclean: 2.363/5.134 secs] [Times: user=2.45 sys=0.00, real=5.13 secs] 
2019-12-26T10:11:39.581+0800: 1789876.300: [GC (CMS Final Remark) [YG occupancy: 179710 K (737280 K)]2019-12-26T10:11:39.581+0800: 1789876.300: [Rescan (parallel) , 0.0369971 secs]2019-12-26T10:11:39.618+0800: 1789876.337: [weak refs processing, 0.0000645 secs]2019-12-26T10:11:39.618+0800: 1789876.337: [class unloading, 0.0290727 secs]2019-12-26T10:11:39.647+0800: 1789876.366: [scrub symbol table, 0.0093571 secs]2019-12-26T10:11:39.657+0800: 1789876.375: [scrub string table, 0.0017084 secs][1 CMS-remark: 831760K(1277952K)] 1011471K(2015232K), 0.0798672 secs] [Times: user=0.19 sys=0.00, real=0.08 secs] 
2019-12-26T10:11:39.661+0800: 1789876.380: [CMS-concurrent-sweep-start]
2019-12-26T10:11:39.958+0800: 1789876.676: [CMS-concurrent-sweep: 0.297/0.297 secs] [Times: user=0.30 sys=0.00, real=0.30 secs] 
2019-12-26T10:11:39.958+0800: 1789876.677: [CMS-concurrent-reset-start]
2019-12-26T10:11:39.961+0800: 1789876.680: [CMS-concurrent-reset: 0.003/0.003 secs] [Times: user=0.01 sys=0.00, real=0.00 secs] 
2019-12-26T10:11:41.962+0800: 1789878.681: [GC (CMS Initial Mark) [1 CMS-initial-mark: 831744K(1277952K)] 1012367K(2015232K), 0.0352795 secs] [Times: user=0.14 sys=0.00, real=0.04 secs] 
2019-12-26T10:11:41.997+0800: 1789878.716: [CMS-concurrent-mark-start]
2019-12-26T10:11:43.430+0800: 1789880.149: [CMS-concurrent-mark: 1.430/1.433 secs] [Times: user=1.45 sys=0.00, real=1.43 secs] 
2019-12-26T10:11:43.430+0800: 1789880.149: [CMS-concurrent-preclean-start]
2019-12-26T10:11:43.434+0800: 1789880.153: [CMS-concurrent-preclean: 0.004/0.004 secs] [Times: user=0.01 sys=0.00, real=0.00 secs] 
2019-12-26T10:11:43.434+0800: 1789880.153: [CMS-concurrent-abortable-preclean-start]
 CMS: abort preclean due to time 2019-12-26T10:11:48.594+0800: 1789885.313: [CMS-concurrent-abortable-preclean: 2.357/5.160 secs] [Times: user=2.41 sys=0.00, real=5.16 secs] 
2019-12-26T10:11:48.596+0800: 1789885.315: [GC (CMS Final Remark) [YG occupancy: 181408 K (737280 K)]2019-12-26T10:11:48.596+0800: 1789885.315: [Rescan (parallel) , 0.0383277 secs]2019-12-26T10:11:48.634+0800: 1789885.353: [weak refs processing, 0.0000663 secs]2019-12-26T10:11:48.635+0800: 1789885.353: [class unloading, 0.0291698 secs]2019-12-26T10:11:48.664+0800: 1789885.383: [scrub symbol table, 0.0091639 secs]2019-12-26T10:11:48.673+0800: 1789885.392: [scrub string table, 0.0016981 secs][1 CMS-remark: 831744K(1277952K)] 1013152K(2015232K), 0.0810831 secs] [Times: user=0.20 sys=0.00, real=0.08 secs] 
2019-12-26T10:11:48.677+0800: 1789885.396: [CMS-concurrent-sweep-start]
2019-12-26T10:11:48.978+0800: 1789885.696: [CMS-concurrent-sweep: 0.300/0.300 secs] [Times: user=0.30 sys=0.00, real=0.30 secs] 
2019-12-26T10:11:48.978+0800: 1789885.697: [CMS-concurrent-reset-start]
2019-12-26T10:11:48.981+0800: 1789885.700: [CMS-concurrent-reset: 0.003/0.003 secs] [Times: user=0.01 sys=0.00, real=0.00 secs] 
2019-12-26T10:11:50.982+0800: 1789887.701: [GC (CMS Initial Mark) [1 CMS-initial-mark: 831744K(1277952K)] 1013320K(2015232K), 0.0364655 secs] [Times: user=0.14 sys=0.00, real=0.04 secs] 
2019-12-26T10:11:51.018+0800: 1789887.737: [CMS-concurrent-mark-start]
2019-12-26T10:11:52.436+0800: 1789889.155: [CMS-concurrent-mark: 1.418/1.418 secs] [Times: user=1.43 sys=0.00, real=1.41 secs] 
2019-12-26T10:11:52.436+0800: 1789889.155: [CMS-concurrent-preclean-start]
2019-12-26T10:11:52.440+0800: 1789889.159: [CMS-concurrent-preclean: 0.004/0.004 secs] [Times: user=0.01 sys=0.00, real=0.01 secs] 
2019-12-26T10:11:52.440+0800: 1789889.159: [CMS-concurrent-abortable-preclean-start]
 CMS: abort preclean due to time 2019-12-26T10:11:57.599+0800: 1789894.318: [CMS-concurrent-abortable-preclean: 2.356/5.158 secs] [Times: user=2.42 sys=0.00, real=5.16 secs] 
2019-12-26T10:11:57.601+0800: 1789894.320: [GC (CMS Final Remark) [YG occupancy: 182554 K (737280 K)]2019-12-26T10:11:57.601+0800: 1789894.320: [Rescan (parallel) , 0.0377384 secs]2019-12-26T10:11:57.639+0800: 1789894.358: [weak refs processing, 0.0000650 secs]2019-12-26T10:11:57.639+0800: 1789894.358: [class unloading, 0.0290816 secs]2019-12-26T10:11:57.668+0800: 1789894.387: [scrub symbol table, 0.0094882 secs]2019-12-26T10:11:57.677+0800: 1789894.396: [scrub string table, 0.0017417 secs][1 CMS-remark: 831744K(1277952K)] 1014299K(2015232K), 0.0807760 secs] [Times: user=0.19 sys=0.00, real=0.08 secs] 
2019-12-26T10:11:57.682+0800: 1789894.401: [CMS-concurrent-sweep-start]
2019-12-26T10:11:57.979+0800: 1789894.698: [CMS-concurrent-sweep: 0.297/0.297 secs] [Times: user=0.30 sys=0.00, real=0.30 secs] 
2019-12-26T10:11:57.979+0800: 1789894.698: [CMS-concurrent-reset-start]
2019-12-26T10:11:57.982+0800: 1789894.701: [CMS-concurrent-reset: 0.003/0.003 secs] [Times: user=0.00 sys=0.00, real=0.00 secs] 
2019-12-26T10:11:59.983+0800: 1789896.702: [GC (CMS Initial Mark) [1 CMS-initial-mark: 831744K(1277952K)] 1014299K(2015232K), 0.0357989 secs] [Times: user=0.14 sys=0.00, real=0.04 secs] 
2019-12-26T10:12:00.019+0800: 1789896.738: [CMS-concurrent-mark-start]
2019-12-26T10:12:01.452+0800: 1789898.171: [CMS-concurrent-mark: 1.433/1.433 secs] [Times: user=1.45 sys=0.00, real=1.43 secs] 
2019-12-26T10:12:01.452+0800: 1789898.171: [CMS-concurrent-preclean-start]
2019-12-26T10:12:01.456+0800: 1789898.175: [CMS-concurrent-preclean: 0.004/0.004 secs] [Times: user=0.00 sys=0.00, real=0.00 secs] 
2019-12-26T10:12:01.456+0800: 1789898.175: [CMS-concurrent-abortable-preclean-start]
 CMS: abort preclean due to time 2019-12-26T10:12:06.545+0800: 1789903.264: [CMS-concurrent-abortable-preclean: 2.386/5.089 secs] [Times: user=2.45 sys=0.00, real=5.09 secs] 
2019-12-26T10:12:06.547+0800: 1789903.266: [GC (CMS Final Remark) [YG occupancy: 185132 K (737280 K)]2019-12-26T10:12:06.547+0800: 1789903.266: [Rescan (parallel) , 0.0384935 secs]2019-12-26T10:12:06.585+0800: 1789903.304: [weak refs processing, 0.0000684 secs]2019-12-26T10:12:06.586+0800: 1789903.304: [class unloading, 0.0295781 secs]2019-12-26T10:12:06.615+0800: 1789903.334: [scrub symbol table, 0.0090900 secs]2019-12-26T10:12:06.624+0800: 1789903.343: [scrub string table, 0.0017093 secs][1 CMS-remark: 831744K(1277952K)] 1016877K(2015232K), 0.0815787 secs] [Times: user=0.20 sys=0.00, real=0.08 secs] 
2019-12-26T10:12:06.629+0800: 1789903.348: [CMS-concurrent-sweep-start]
2019-12-26T10:12:06.920+0800: 1789903.639: [CMS-concurrent-sweep: 0.291/0.291 secs] [Times: user=0.29 sys=0.00, real=0.29 secs] 
2019-12-26T10:12:06.920+0800: 1789903.639: [CMS-concurrent-reset-start]
2019-12-26T10:12:06.923+0800: 1789903.642: [CMS-concurrent-reset: 0.003/0.003 secs] [Times: user=0.01 sys=0.00, real=0.00 secs] 
2019-12-26T10:12:08.924+0800: 1789905.643: [GC (CMS Initial Mark) [1 CMS-initial-mark: 831744K(1277952K)] 1016884K(2015232K), 0.0362086 secs] [Times: user=0.14 sys=0.00, real=0.04 secs] 
2019-12-26T10:12:08.960+0800: 1789905.679: [CMS-concurrent-mark-start]
2019-12-26T10:12:10.405+0800: 1789907.124: [CMS-concurrent-mark: 1.444/1.444 secs] [Times: user=1.46 sys=0.00, real=1.44 secs] 
2019-12-26T10:12:10.405+0800: 1789907.124: [CMS-concurrent-preclean-start]
2019-12-26T10:12:10.409+0800: 1789907.128: [CMS-concurrent-preclean: 0.004/0.004 secs] [Times: user=0.01 sys=0.00, real=0.00 secs] 
2019-12-26T10:12:10.409+0800: 1789907.128: [CMS-concurrent-abortable-preclean-start]
 CMS: abort preclean due to time 2019-12-26T10:12:15.439+0800: 1789912.158: [CMS-concurrent-abortable-preclean: 2.325/5.030 secs] [Times: user=2.38 sys=0.00, real=5.03 secs] 
2019-12-26T10:12:15.441+0800: 1789912.160: [GC (CMS Final Remark) [YG occupancy: 185727 K (737280 K)]2019-12-26T10:12:15.441+0800: 1789912.160: [Rescan (parallel) , 0.0389637 secs]2019-12-26T10:12:15.480+0800: 1789912.199: [weak refs processing, 0.0000655 secs]2019-12-26T10:12:15.480+0800: 1789912.199: [class unloading, 0.0289931 secs]2019-12-26T10:12:15.509+0800: 1789912.228: [scrub symbol table, 0.0093645 secs]2019-12-26T10:12:15.518+0800: 1789912.237: [scrub string table, 0.0017344 secs][1 CMS-remark: 831744K(1277952K)] 1017472K(2015232K), 0.0817905 secs] [Times: user=0.20 sys=0.00, real=0.08 secs] 
2019-12-26T10:12:15.523+0800: 1789912.242: [CMS-concurrent-sweep-start]
2019-12-26T10:12:15.816+0800: 1789912.535: [CMS-concurrent-sweep: 0.293/0.293 secs] [Times: user=0.30 sys=0.00, real=0.29 secs] 
2019-12-26T10:12:15.817+0800: 1789912.535: [CMS-concurrent-reset-start]
2019-12-26T10:12:15.820+0800: 1789912.539: [CMS-concurrent-reset: 0.003/0.003 secs] [Times: user=0.00 sys=0.00, real=0.01 secs] 
2019-12-26T10:12:17.821+0800: 1789914.539: [GC (CMS Initial Mark) [1 CMS-initial-mark: 831744K(1277952K)] 1017472K(2015232K), 0.0369395 secs] [Times: user=0.15 sys=0.00, real=0.03 secs] 
2019-12-26T10:12:17.858+0800: 1789914.577: [CMS-concurrent-mark-start]
2019-12-26T10:12:19.281+0800: 1789916.000: [CMS-concurrent-mark: 1.424/1.424 secs] [Times: user=1.44 sys=0.00, real=1.43 secs] 
2019-12-26T10:12:19.282+0800: 1789916.000: [CMS-concurrent-preclean-start]
2019-12-26T10:12:19.285+0800: 1789916.004: [CMS-concurrent-preclean: 0.004/0.004 secs] [Times: user=0.00 sys=0.00, real=0.00 secs] 
2019-12-26T10:12:19.285+0800: 1789916.004: [CMS-concurrent-abortable-preclean-start]
 CMS: abort preclean due to time 2019-12-26T10:12:24.439+0800: 1789921.158: [CMS-concurrent-abortable-preclean: 2.351/5.154 secs] [Times: user=2.40 sys=0.00, real=5.15 secs] 
2019-12-26T10:12:24.441+0800: 1789921.160: [GC (CMS Final Remark) [YG occupancy: 185749 K (737280 K)]2019-12-26T10:12:24.441+0800: 1789921.160: [Rescan (parallel) , 0.0386311 secs]2019-12-26T10:12:24.480+0800: 1789921.198: [weak refs processing, 0.0000675 secs]2019-12-26T10:12:24.480+0800: 1789921.198: [class unloading, 0.0291861 secs]2019-12-26T10:12:24.509+0800: 1789921.228: [scrub symbol table, 0.0096080 secs]2019-12-26T10:12:24.518+0800: 1789921.237: [scrub string table, 0.0017200 secs][1 CMS-remark: 831744K(1277952K)] 1017494K(2015232K), 0.0818833 secs] [Times: user=0.20 sys=0.00, real=0.09 secs] 
2019-12-26T10:12:24.523+0800: 1789921.242: [CMS-concurrent-sweep-start]
2019-12-26T10:12:24.815+0800: 1789921.534: [CMS-concurrent-sweep: 0.292/0.292 secs] [Times: user=0.30 sys=0.00, real=0.29 secs] 
2019-12-26T10:12:24.816+0800: 1789921.534: [CMS-concurrent-reset-start]
2019-12-26T10:12:24.819+0800: 1789921.538: [CMS-concurrent-reset: 0.003/0.003 secs] [Times: user=0.00 sys=0.00, real=0.00 secs] 
2019-12-26T10:12:26.820+0800: 1789923.539: [GC (CMS Initial Mark) [1 CMS-initial-mark: 831744K(1277952K)] 1017496K(2015232K), 0.0362909 secs] [Times: user=0.14 sys=0.00, real=0.04 secs] 
2019-12-26T10:12:26.856+0800: 1789923.575: [CMS-concurrent-mark-start]
2019-12-26T10:12:28.279+0800: 1789924.998: [CMS-concurrent-mark: 1.423/1.423 secs] [Times: user=1.45 sys=0.00, real=1.42 secs] 
2019-12-26T10:12:28.279+0800: 1789924.998: [CMS-concurrent-preclean-start]
2019-12-26T10:12:28.283+0800: 1789925.002: [CMS-concurrent-preclean: 0.004/0.004 secs] [Times: user=0.00 sys=0.00, real=0.01 secs] 
2019-12-26T10:12:28.283+0800: 1789925.002: [CMS-concurrent-abortable-preclean-start]
 CMS: abort preclean due to time 2019-12-26T10:12:33.341+0800: 1789930.060: [CMS-concurrent-abortable-preclean: 2.355/5.057 secs] [Times: user=2.41 sys=0.00, real=5.05 secs] 
2019-12-26T10:12:33.343+0800: 1789930.061: [GC (CMS Final Remark) [YG occupancy: 187540 K (737280 K)]2019-12-26T10:12:33.343+0800: 1789930.062: [Rescan (parallel) , 0.0403825 secs]2019-12-26T10:12:33.383+0800: 1789930.102: [weak refs processing, 0.0000675 secs]2019-12-26T10:12:33.383+0800: 1789930.102: [class unloading, 0.0294951 secs]2019-12-26T10:12:33.413+0800: 1789930.132: [scrub symbol table, 0.0095440 secs]2019-12-26T10:12:33.422+0800: 1789930.141: [scrub string table, 0.0017372 secs][1 CMS-remark: 831744K(1277952K)] 1019285K(2015232K), 0.0839553 secs] [Times: user=0.21 sys=0.00, real=0.08 secs] 
2019-12-26T10:12:33.427+0800: 1789930.146: [CMS-concurrent-sweep-start]
2019-12-26T10:12:33.719+0800: 1789930.437: [CMS-concurrent-sweep: 0.292/0.292 secs] [Times: user=0.29 sys=0.00, real=0.29 secs] 
2019-12-26T10:12:33.719+0800: 1789930.438: [CMS-concurrent-reset-start]
2019-12-26T10:12:33.722+0800: 1789930.441: [CMS-concurrent-reset: 0.003/0.003 secs] [Times: user=0.00 sys=0.00, real=0.00 secs] 
2019-12-26T10:12:35.723+0800: 1789932.441: [GC (CMS Initial Mark) [1 CMS-initial-mark: 831744K(1277952K)] 1019289K(2015232K), 0.0367330 secs] [Times: user=0.14 sys=0.00, real=0.03 secs] 
2019-12-26T10:12:35.760+0800: 1789932.479: [CMS-concurrent-mark-start]
2019-12-26T10:12:37.185+0800: 1789933.904: [CMS-concurrent-mark: 1.425/1.425 secs] [Times: user=1.44 sys=0.00, real=1.43 secs] 
2019-12-26T10:12:37.185+0800: 1789933.904: [CMS-concurrent-preclean-start]
2019-12-26T10:12:37.189+0800: 1789933.908: [CMS-concurrent-preclean: 0.004/0.004 secs] [Times: user=0.01 sys=0.00, real=0.00 secs] 
2019-12-26T10:12:37.189+0800: 1789933.908: [CMS-concurrent-abortable-preclean-start]
 CMS: abort preclean due to time 2019-12-26T10:12:42.355+0800: 1789939.074: [CMS-concurrent-abortable-preclean: 2.375/5.166 secs] [Times: user=2.47 sys=0.00, real=5.17 secs] 
2019-12-26T10:12:42.357+0800: 1789939.076: [GC (CMS Final Remark) [YG occupancy: 191897 K (737280 K)]2019-12-26T10:12:42.357+0800: 1789939.076: [Rescan (parallel) , 0.0406778 secs]2019-12-26T10:12:42.398+0800: 1789939.117: [weak refs processing, 0.0000676 secs]2019-12-26T10:12:42.398+0800: 1789939.117: [class unloading, 0.0296670 secs]2019-12-26T10:12:42.428+0800: 1789939.147: [scrub symbol table, 0.0098167 secs]2019-12-26T10:12:42.438+0800: 1789939.156: [scrub string table, 0.0017015 secs][1 CMS-remark: 831744K(1277952K)] 1023642K(2015232K), 0.0845946 secs] [Times: user=0.21 sys=0.00, real=0.08 secs] 
2019-12-26T10:12:42.442+0800: 1789939.161: [CMS-concurrent-sweep-start]
2019-12-26T10:12:42.741+0800: 1789939.460: [CMS-concurrent-sweep: 0.297/0.299 secs] [Times: user=0.30 sys=0.00, real=0.30 secs] 
2019-12-26T10:12:42.741+0800: 1789939.460: [CMS-concurrent-reset-start]
2019-12-26T10:12:42.744+0800: 1789939.463: [CMS-concurrent-reset: 0.003/0.003 secs] [Times: user=0.01 sys=0.00, real=0.01 secs] 
2019-12-26T10:12:44.745+0800: 1789941.464: [GC (CMS Initial Mark) [1 CMS-initial-mark: 831744K(1277952K)] 1024183K(2015232K), 0.0381855 secs] [Times: user=0.15 sys=0.00, real=0.03 secs] 
2019-12-26T10:12:44.784+0800: 1789941.503: [CMS-concurrent-mark-start]
2019-12-26T10:12:46.202+0800: 1789942.920: [CMS-concurrent-mark: 1.418/1.418 secs] [Times: user=1.45 sys=0.00, real=1.42 secs] 
2019-12-26T10:12:46.202+0800: 1789942.921: [CMS-concurrent-preclean-start]
2019-12-26T10:12:46.206+0800: 1789942.925: [CMS-concurrent-preclean: 0.004/0.005 secs] [Times: user=0.00 sys=0.00, real=0.01 secs] 
2019-12-26T10:12:46.207+0800: 1789942.925: [CMS-concurrent-abortable-preclean-start]
 CMS: abort preclean due to time 2019-12-26T10:12:51.353+0800: 1789948.072: [CMS-concurrent-abortable-preclean: 2.344/5.147 secs] [Times: user=2.40 sys=0.00, real=5.14 secs] 
2019-12-26T10:12:51.355+0800: 1789948.074: [GC (CMS Final Remark) [YG occupancy: 194986 K (737280 K)]2019-12-26T10:12:51.355+0800: 1789948.074: [Rescan (parallel) , 0.0407443 secs]2019-12-26T10:12:51.396+0800: 1789948.115: [weak refs processing, 0.0000649 secs]2019-12-26T10:12:51.396+0800: 1789948.115: [class unloading, 0.0292197 secs]2019-12-26T10:12:51.425+0800: 1789948.144: [scrub symbol table, 0.0094612 secs]2019-12-26T10:12:51.435+0800: 1789948.154: [scrub string table, 0.0016913 secs][1 CMS-remark: 831744K(1277952K)] 1026731K(2015232K), 0.0838779 secs] [Times: user=0.20 sys=0.00, real=0.09 secs] 
2019-12-26T10:12:51.439+0800: 1789948.158: [CMS-concurrent-sweep-start]
2019-12-26T10:12:51.735+0800: 1789948.454: [CMS-concurrent-sweep: 0.295/0.295 secs] [Times: user=0.30 sys=0.00, real=0.29 secs] 
2019-12-26T10:12:51.735+0800: 1789948.454: [CMS-concurrent-reset-start]
2019-12-26T10:12:51.738+0800: 1789948.457: [CMS-concurrent-reset: 0.003/0.003 secs] [Times: user=0.00 sys=0.00, real=0.01 secs] 
2019-12-26T10:12:53.739+0800: 1789950.458: [GC (CMS Initial Mark) [1 CMS-initial-mark: 831744K(1277952K)] 1026731K(2015232K), 0.0383298 secs] [Times: user=0.14 sys=0.00, real=0.04 secs] 
2019-12-26T10:12:53.778+0800: 1789950.496: [CMS-concurrent-mark-start]
2019-12-26T10:12:55.208+0800: 1789951.927: [CMS-concurrent-mark: 1.430/1.430 secs] [Times: user=1.45 sys=0.00, real=1.43 secs] 
2019-12-26T10:12:55.208+0800: 1789951.927: [CMS-concurrent-preclean-start]
2019-12-26T10:12:55.212+0800: 1789951.931: [CMS-concurrent-preclean: 0.004/0.004 secs] [Times: user=0.00 sys=0.00, real=0.00 secs] 
2019-12-26T10:12:55.212+0800: 1789951.931: [CMS-concurrent-abortable-preclean-start]
 CMS: abort preclean due to time 2019-12-26T10:13:00.377+0800: 1789957.096: [CMS-concurrent-abortable-preclean: 2.362/5.165 secs] [Times: user=2.43 sys=0.00, real=5.17 secs] 
2019-12-26T10:13:00.379+0800: 1789957.097: [GC (CMS Final Remark) [YG occupancy: 195357 K (737280 K)]2019-12-26T10:13:00.379+0800: 1789957.098: [Rescan (parallel) , 0.0413522 secs]2019-12-26T10:13:00.420+0800: 1789957.139: [weak refs processing, 0.0000735 secs]2019-12-26T10:13:00.420+0800: 1789957.139: [class unloading, 0.0292771 secs]2019-12-26T10:13:00.449+0800: 1789957.168: [scrub symbol table, 0.0095879 secs]2019-12-26T10:13:00.459+0800: 1789957.178: [scrub string table, 0.0017312 secs][1 CMS-remark: 831744K(1277952K)] 1027102K(2015232K), 0.0847026 secs] [Times: user=0.20 sys=0.00, real=0.08 secs] 
2019-12-26T10:13:00.464+0800: 1789957.182: [CMS-concurrent-sweep-start]
2019-12-26T10:13:00.755+0800: 1789957.474: [CMS-concurrent-sweep: 0.291/0.291 secs] [Times: user=0.29 sys=0.00, real=0.29 secs] 
2019-12-26T10:13:00.755+0800: 1789957.474: [CMS-concurrent-reset-start]
2019-12-26T10:13:00.758+0800: 1789957.477: [CMS-concurrent-reset: 0.003/0.003 secs] [Times: user=0.00 sys=0.00, real=0.01 secs] 
2019-12-26T10:13:02.760+0800: 1789959.479: [GC (CMS Initial Mark) [1 CMS-initial-mark: 831744K(1277952K)] 1027962K(2015232K), 0.0443406 secs] [Times: user=0.15 sys=0.00, real=0.04 secs] 
2019-12-26T10:13:02.804+0800: 1789959.523: [CMS-concurrent-mark-start]
2019-12-26T10:13:04.241+0800: 1789960.960: [CMS-concurrent-mark: 1.437/1.437 secs] [Times: user=1.45 sys=0.00, real=1.44 secs] 
2019-12-26T10:13:04.241+0800: 1789960.960: [CMS-concurrent-preclean-start]
2019-12-26T10:13:04.246+0800: 1789960.965: [CMS-concurrent-preclean: 0.004/0.004 secs] [Times: user=0.01 sys=0.00, real=0.00 secs] 
2019-12-26T10:13:04.246+0800: 1789960.965: [CMS-concurrent-abortable-preclean-start]
 CMS: abort preclean due to time 2019-12-26T10:13:09.402+0800: 1789966.121: [CMS-concurrent-abortable-preclean: 2.354/5.156 secs] [Times: user=2.40 sys=0.00, real=5.16 secs] 
2019-12-26T10:13:09.404+0800: 1789966.123: [GC (CMS Final Remark) [YG occupancy: 196804 K (737280 K)]2019-12-26T10:13:09.404+0800: 1789966.123: [Rescan (parallel) , 0.0418756 secs]2019-12-26T10:13:09.446+0800: 1789966.165: [weak refs processing, 0.0000680 secs]2019-12-26T10:13:09.446+0800: 1789966.165: [class unloading, 0.0294973 secs]2019-12-26T10:13:09.476+0800: 1789966.194: [scrub symbol table, 0.0095618 secs]2019-12-26T10:13:09.485+0800: 1789966.204: [scrub string table, 0.0017096 secs][1 CMS-remark: 831744K(1277952K)] 1028548K(2015232K), 0.0854993 secs] [Times: user=0.21 sys=0.00, real=0.09 secs] 
2019-12-26T10:13:09.490+0800: 1789966.209: [CMS-concurrent-sweep-start]
2019-12-26T10:13:09.783+0800: 1789966.502: [CMS-concurrent-sweep: 0.293/0.293 secs] [Times: user=0.29 sys=0.00, real=0.29 secs] 
2019-12-26T10:13:09.783+0800: 1789966.502: [CMS-concurrent-reset-start]
2019-12-26T10:13:09.786+0800: 1789966.505: [CMS-concurrent-reset: 0.003/0.003 secs] [Times: user=0.01 sys=0.00, real=0.00 secs] 
2019-12-26T10:13:11.788+0800: 1789968.506: [GC (CMS Initial Mark) [1 CMS-initial-mark: 831744K(1277952K)] 1028574K(2015232K), 0.0392760 secs] [Times: user=0.15 sys=0.00, real=0.04 secs] 
2019-12-26T10:13:11.827+0800: 1789968.546: [CMS-concurrent-mark-start]
2019-12-26T10:13:13.258+0800: 1789969.977: [CMS-concurrent-mark: 1.431/1.431 secs] [Times: user=1.45 sys=0.00, real=1.43 secs] 
2019-12-26T10:13:13.258+0800: 1789969.977: [CMS-concurrent-preclean-start]
2019-12-26T10:13:13.262+0800: 1789969.980: [CMS-concurrent-preclean: 0.004/0.004 secs] [Times: user=0.00 sys=0.00, real=0.01 secs] 
2019-12-26T10:13:13.262+0800: 1789969.980: [CMS-concurrent-abortable-preclean-start]
 CMS: abort preclean due to time 2019-12-26T10:13:18.428+0800: 1789975.147: [CMS-concurrent-abortable-preclean: 2.364/5.167 secs] [Times: user=2.42 sys=0.00, real=5.16 secs] 
2019-12-26T10:13:18.430+0800: 1789975.149: [GC (CMS Final Remark) [YG occupancy: 197441 K (737280 K)]2019-12-26T10:13:18.430+0800: 1789975.149: [Rescan (parallel) , 0.0415915 secs]2019-12-26T10:13:18.472+0800: 1789975.191: [weak refs processing, 0.0000671 secs]2019-12-26T10:13:18.472+0800: 1789975.191: [class unloading, 0.0293304 secs]2019-12-26T10:13:18.501+0800: 1789975.220: [scrub symbol table, 0.0095571 secs]2019-12-26T10:13:18.511+0800: 1789975.230: [scrub string table, 0.0016899 secs][1 CMS-remark: 831744K(1277952K)] 1029186K(2015232K), 0.0849833 secs] [Times: user=0.17 sys=0.00, real=0.08 secs] 
2019-12-26T10:13:18.516+0800: 1789975.234: [CMS-concurrent-sweep-start]
2019-12-26T10:13:18.808+0800: 1789975.527: [CMS-concurrent-sweep: 0.292/0.292 secs] [Times: user=0.30 sys=0.00, real=0.29 secs] 
2019-12-26T10:13:18.808+0800: 1789975.527: [CMS-concurrent-reset-start]
2019-12-26T10:13:18.811+0800: 1789975.530: [CMS-concurrent-reset: 0.003/0.003 secs] [Times: user=0.00 sys=0.00, real=0.01 secs] 
2019-12-26T10:13:20.812+0800: 1789977.531: [GC (CMS Initial Mark) [1 CMS-initial-mark: 831744K(1277952K)] 1029186K(2015232K), 0.0396040 secs] [Times: user=0.16 sys=0.00, real=0.04 secs] 
2019-12-26T10:13:20.852+0800: 1789977.571: [CMS-concurrent-mark-start]
2019-12-26T10:13:22.286+0800: 1789979.005: [CMS-concurrent-mark: 1.434/1.434 secs] [Times: user=1.45 sys=0.00, real=1.43 secs] 
2019-12-26T10:13:22.286+0800: 1789979.005: [CMS-concurrent-preclean-start]
2019-12-26T10:13:22.290+0800: 1789979.009: [CMS-concurrent-preclean: 0.004/0.004 secs] [Times: user=0.00 sys=0.00, real=0.00 secs] 
2019-12-26T10:13:22.290+0800: 1789979.009: [CMS-concurrent-abortable-preclean-start]
 CMS: abort preclean due to time 2019-12-26T10:13:27.427+0800: 1789984.146: [CMS-concurrent-abortable-preclean: 2.335/5.137 secs] [Times: user=2.39 sys=0.00, real=5.14 secs] 
2019-12-26T10:13:27.429+0800: 1789984.148: [GC (CMS Final Remark) [YG occupancy: 197755 K (737280 K)]2019-12-26T10:13:27.429+0800: 1789984.148: [Rescan (parallel) , 0.0454018 secs]2019-12-26T10:13:27.475+0800: 1789984.193: [weak refs processing, 0.0000669 secs]2019-12-26T10:13:27.475+0800: 1789984.194: [class unloading, 0.0290247 secs]2019-12-26T10:13:27.504+0800: 1789984.223: [scrub symbol table, 0.0091534 secs]2019-12-26T10:13:27.513+0800: 1789984.232: [scrub string table, 0.0017134 secs][1 CMS-remark: 831744K(1277952K)] 1029500K(2015232K), 0.0880827 secs] [Times: user=0.19 sys=0.00, real=0.09 secs] 
2019-12-26T10:13:27.517+0800: 1789984.236: [CMS-concurrent-sweep-start]
2019-12-26T10:13:27.809+0800: 1789984.528: [CMS-concurrent-sweep: 0.292/0.292 secs] [Times: user=0.29 sys=0.00, real=0.29 secs] 
2019-12-26T10:13:27.810+0800: 1789984.528: [CMS-concurrent-reset-start]
2019-12-26T10:13:27.813+0800: 1789984.532: [CMS-concurrent-reset: 0.003/0.003 secs] [Times: user=0.00 sys=0.00, real=0.01 secs] 
2019-12-26T10:13:29.814+0800: 1789986.533: [GC (CMS Initial Mark) [1 CMS-initial-mark: 831744K(1277952K)] 1029500K(2015232K), 0.0388084 secs] [Times: user=0.16 sys=0.00, real=0.04 secs] 
2019-12-26T10:13:29.853+0800: 1789986.572: [CMS-concurrent-mark-start]
2019-12-26T10:13:31.275+0800: 1789987.993: [CMS-concurrent-mark: 1.422/1.422 secs] [Times: user=1.43 sys=0.00, real=1.42 secs] 
2019-12-26T10:13:31.275+0800: 1789987.994: [CMS-concurrent-preclean-start]
2019-12-26T10:13:31.279+0800: 1789987.997: [CMS-concurrent-preclean: 0.004/0.004 secs] [Times: user=0.01 sys=0.00, real=0.00 secs] 
2019-12-26T10:13:31.279+0800: 1789987.997: [CMS-concurrent-abortable-preclean-start]
 CMS: abort preclean due to time 2019-12-26T10:13:36.349+0800: 1789993.068: [CMS-concurrent-abortable-preclean: 2.367/5.070 secs] [Times: user=2.43 sys=0.00, real=5.07 secs] 
2019-12-26T10:13:36.351+0800: 1789993.069: [GC (CMS Final Remark) [YG occupancy: 199004 K (737280 K)]2019-12-26T10:13:36.351+0800: 1789993.070: [Rescan (parallel) , 0.0416755 secs]2019-12-26T10:13:36.392+0800: 1789993.111: [weak refs processing, 0.0000679 secs]2019-12-26T10:13:36.393+0800: 1789993.111: [class unloading, 0.0303497 secs]2019-12-26T10:13:36.423+0800: 1789993.142: [scrub symbol table, 0.0108315 secs]2019-12-26T10:13:36.434+0800: 1789993.153: [scrub string table, 0.0017485 secs][1 CMS-remark: 831744K(1277952K)] 1030749K(2015232K), 0.0873969 secs] [Times: user=0.22 sys=0.00, real=0.09 secs] 
2019-12-26T10:13:36.438+0800: 1789993.157: [CMS-concurrent-sweep-start]
2019-12-26T10:13:36.731+0800: 1789993.450: [CMS-concurrent-sweep: 0.293/0.293 secs] [Times: user=0.29 sys=0.00, real=0.29 secs] 
2019-12-26T10:13:36.732+0800: 1789993.450: [CMS-concurrent-reset-start]
2019-12-26T10:13:36.735+0800: 1789993.454: [CMS-concurrent-reset: 0.003/0.003 secs] [Times: user=0.01 sys=0.00, real=0.01 secs] 
2019-12-26T10:13:38.736+0800: 1789995.455: [GC (CMS Initial Mark) [1 CMS-initial-mark: 831744K(1277952K)] 1034560K(2015232K), 0.0405298 secs] [Times: user=0.16 sys=0.00, real=0.04 secs] 
2019-12-26T10:13:38.777+0800: 1789995.496: [CMS-concurrent-mark-start]
2019-12-26T10:13:40.196+0800: 1789996.915: [CMS-concurrent-mark: 1.417/1.419 secs] [Times: user=1.44 sys=0.00, real=1.42 secs] 
2019-12-26T10:13:40.196+0800: 1789996.915: [CMS-concurrent-preclean-start]
2019-12-26T10:13:40.201+0800: 1789996.920: [CMS-concurrent-preclean: 0.004/0.005 secs] [Times: user=0.01 sys=0.00, real=0.00 secs] 
2019-12-26T10:13:40.201+0800: 1789996.920: [CMS-concurrent-abortable-preclean-start]
 CMS: abort preclean due to time 2019-12-26T10:13:45.339+0800: 1790002.058: [CMS-concurrent-abortable-preclean: 2.357/5.138 secs] [Times: user=2.41 sys=0.00, real=5.14 secs] 
2019-12-26T10:13:45.341+0800: 1790002.060: [GC (CMS Final Remark) [YG occupancy: 204050 K (737280 K)]2019-12-26T10:13:45.341+0800: 1790002.060: [Rescan (parallel) , 0.0434423 secs]2019-12-26T10:13:45.385+0800: 1790002.104: [weak refs processing, 0.0000655 secs]2019-12-26T10:13:45.385+0800: 1790002.104: [class unloading, 0.0293956 secs]2019-12-26T10:13:45.414+0800: 1790002.133: [scrub symbol table, 0.0094677 secs]2019-12-26T10:13:45.424+0800: 1790002.143: [scrub string table, 0.0017064 secs][1 CMS-remark: 831744K(1277952K)] 1035795K(2015232K), 0.0867525 secs] [Times: user=0.22 sys=0.00, real=0.09 secs] 
2019-12-26T10:13:45.428+0800: 1790002.147: [CMS-concurrent-sweep-start]
2019-12-26T10:13:45.720+0800: 1790002.439: [CMS-concurrent-sweep: 0.292/0.292 secs] [Times: user=0.29 sys=0.00, real=0.29 secs] 
2019-12-26T10:13:45.721+0800: 1790002.439: [CMS-concurrent-reset-start]
2019-12-26T10:13:45.724+0800: 1790002.443: [CMS-concurrent-reset: 0.003/0.003 secs] [Times: user=0.01 sys=0.00, real=0.01 secs] 
2019-12-26T10:13:47.724+0800: 1790004.443: [GC (CMS Initial Mark) [1 CMS-initial-mark: 831744K(1277952K)] 1035795K(2015232K), 0.0458314 secs] [Times: user=0.13 sys=0.00, real=0.04 secs] 
2019-12-26T10:13:47.771+0800: 1790004.489: [CMS-concurrent-mark-start]
2019-12-26T10:13:49.200+0800: 1790005.919: [CMS-concurrent-mark: 1.429/1.429 secs] [Times: user=1.46 sys=0.00, real=1.43 secs] 
2019-12-26T10:13:49.200+0800: 1790005.919: [CMS-concurrent-preclean-start]
2019-12-26T10:13:49.204+0800: 1790005.923: [CMS-concurrent-preclean: 0.004/0.004 secs] [Times: user=0.00 sys=0.00, real=0.00 secs] 
2019-12-26T10:13:49.204+0800: 1790005.923: [CMS-concurrent-abortable-preclean-start]
 CMS: abort preclean due to time 2019-12-26T10:13:54.385+0800: 1790011.104: [CMS-concurrent-abortable-preclean: 2.367/5.181 secs] [Times: user=2.42 sys=0.00, real=5.19 secs] 
2019-12-26T10:13:54.387+0800: 1790011.105: [GC (CMS Final Remark) [YG occupancy: 204766 K (737280 K)]2019-12-26T10:13:54.387+0800: 1790011.106: [Rescan (parallel) , 0.0492645 secs]2019-12-26T10:13:54.436+0800: 1790011.155: [weak refs processing, 0.0000713 secs]2019-12-26T10:13:54.436+0800: 1790011.155: [class unloading, 0.0290799 secs]2019-12-26T10:13:54.465+0800: 1790011.184: [scrub symbol table, 0.0095643 secs]2019-12-26T10:13:54.475+0800: 1790011.194: [scrub string table, 0.0017197 secs][1 CMS-remark: 831744K(1277952K)] 1036511K(2015232K), 0.0924390 secs] [Times: user=0.20 sys=0.00, real=0.09 secs] 
2019-12-26T10:13:54.479+0800: 1790011.198: [CMS-concurrent-sweep-start]
2019-12-26T10:13:54.772+0800: 1790011.491: [CMS-concurrent-sweep: 0.292/0.292 secs] [Times: user=0.29 sys=0.00, real=0.29 secs] 
2019-12-26T10:13:54.772+0800: 1790011.491: [CMS-concurrent-reset-start]
2019-12-26T10:13:54.775+0800: 1790011.494: [CMS-concurrent-reset: 0.003/0.003 secs] [Times: user=0.01 sys=0.00, real=0.01 secs] 
2019-12-26T10:13:56.776+0800: 1790013.495: [GC (CMS Initial Mark) [1 CMS-initial-mark: 831744K(1277952K)] 1036511K(2015232K), 0.0460796 secs] [Times: user=0.13 sys=0.00, real=0.04 secs] 
2019-12-26T10:13:56.823+0800: 1790013.541: [CMS-concurrent-mark-start]
2019-12-26T10:13:58.254+0800: 1790014.973: [CMS-concurrent-mark: 1.432/1.432 secs] [Times: user=1.45 sys=0.00, real=1.43 secs] 
2019-12-26T10:13:58.255+0800: 1790014.973: [CMS-concurrent-preclean-start]
2019-12-26T10:13:58.259+0800: 1790014.978: [CMS-concurrent-preclean: 0.004/0.004 secs] [Times: user=0.00 sys=0.00, real=0.01 secs] 
2019-12-26T10:13:58.259+0800: 1790014.978: [CMS-concurrent-abortable-preclean-start]
 CMS: abort preclean due to time 2019-12-26T10:14:03.420+0800: 1790020.139: [CMS-concurrent-abortable-preclean: 2.359/5.161 secs] [Times: user=2.41 sys=0.00, real=5.16 secs] 
2019-12-26T10:14:03.422+0800: 1790020.141: [GC (CMS Final Remark) [YG occupancy: 205372 K (737280 K)]2019-12-26T10:14:03.422+0800: 1790020.141: [Rescan (parallel) , 0.0494877 secs]2019-12-26T10:14:03.471+0800: 1790020.190: [weak refs processing, 0.0000671 secs]2019-12-26T10:14:03.471+0800: 1790020.190: [class unloading, 0.0295263 secs]2019-12-26T10:14:03.501+0800: 1790020.220: [scrub symbol table, 0.0091638 secs]2019-12-26T10:14:03.510+0800: 1790020.229: [scrub string table, 0.0017689 secs][1 CMS-remark: 831744K(1277952K)] 1037117K(2015232K), 0.0927166 secs] [Times: user=0.20 sys=0.00, real=0.09 secs] 
2019-12-26T10:14:03.515+0800: 1790020.234: [CMS-concurrent-sweep-start]
2019-12-26T10:14:03.807+0800: 1790020.526: [CMS-concurrent-sweep: 0.293/0.293 secs] [Times: user=0.29 sys=0.00, real=0.30 secs] 
2019-12-26T10:14:03.808+0800: 1790020.526: [CMS-concurrent-reset-start]
2019-12-26T10:14:03.811+0800: 1790020.529: [CMS-concurrent-reset: 0.003/0.003 secs] [Times: user=0.01 sys=0.00, real=0.00 secs] 
2019-12-26T10:14:05.811+0800: 1790022.530: [GC (CMS Initial Mark) [1 CMS-initial-mark: 831744K(1277952K)] 1037435K(2015232K), 0.0410805 secs] [Times: user=0.16 sys=0.00, real=0.04 secs] 
2019-12-26T10:14:05.853+0800: 1790022.572: [CMS-concurrent-mark-start]
2019-12-26T10:14:07.282+0800: 1790024.001: [CMS-concurrent-mark: 1.429/1.429 secs] [Times: user=1.45 sys=0.00, real=1.43 secs] 
2019-12-26T10:14:07.282+0800: 1790024.001: [CMS-concurrent-preclean-start]
2019-12-26T10:14:07.286+0800: 1790024.005: [CMS-concurrent-preclean: 0.004/0.004 secs] [Times: user=0.00 sys=0.00, real=0.00 secs] 
2019-12-26T10:14:07.286+0800: 1790024.005: [CMS-concurrent-abortable-preclean-start]
 CMS: abort preclean due to time 2019-12-26T10:14:12.359+0800: 1790029.077: [CMS-concurrent-abortable-preclean: 2.361/5.072 secs] [Times: user=2.42 sys=0.00, real=5.08 secs] 
2019-12-26T10:14:12.360+0800: 1790029.079: [GC (CMS Final Remark) [YG occupancy: 205764 K (737280 K)]2019-12-26T10:14:12.361+0800: 1790029.079: [Rescan (parallel) , 0.0438209 secs]2019-12-26T10:14:12.404+0800: 1790029.123: [weak refs processing, 0.0000666 secs]2019-12-26T10:14:12.404+0800: 1790029.123: [class unloading, 0.0292293 secs]2019-12-26T10:14:12.434+0800: 1790029.153: [scrub symbol table, 0.0094955 secs]2019-12-26T10:14:12.443+0800: 1790029.162: [scrub string table, 0.0017128 secs][1 CMS-remark: 831744K(1277952K)] 1037509K(2015232K), 0.0870054 secs] [Times: user=0.22 sys=0.00, real=0.08 secs] 
2019-12-26T10:14:12.448+0800: 1790029.167: [CMS-concurrent-sweep-start]
2019-12-26T10:14:12.740+0800: 1790029.459: [CMS-concurrent-sweep: 0.292/0.292 secs] [Times: user=0.29 sys=0.00, real=0.29 secs] 
2019-12-26T10:14:12.740+0800: 1790029.459: [CMS-concurrent-reset-start]
2019-12-26T10:14:12.743+0800: 1790029.462: [CMS-concurrent-reset: 0.003/0.003 secs] [Times: user=0.01 sys=0.00, real=0.00 secs] 
2019-12-26T10:14:14.744+0800: 1790031.463: [GC (CMS Initial Mark) [1 CMS-initial-mark: 831744K(1277952K)] 1037509K(2015232K), 0.0412372 secs] [Times: user=0.16 sys=0.00, real=0.04 secs] 
2019-12-26T10:14:14.786+0800: 1790031.504: [CMS-concurrent-mark-start]
2019-12-26T10:14:16.205+0800: 1790032.924: [CMS-concurrent-mark: 1.419/1.419 secs] [Times: user=1.43 sys=0.00, real=1.42 secs] 
2019-12-26T10:14:16.205+0800: 1790032.924: [CMS-concurrent-preclean-start]
2019-12-26T10:14:16.209+0800: 1790032.928: [CMS-concurrent-preclean: 0.004/0.004 secs] [Times: user=0.01 sys=0.00, real=0.01 secs] 
2019-12-26T10:14:16.209+0800: 1790032.928: [CMS-concurrent-abortable-preclean-start]
 CMS: abort preclean due to time 2019-12-26T10:14:21.264+0800: 1790037.983: [CMS-concurrent-abortable-preclean: 2.352/5.055 secs] [Times: user=2.41 sys=0.00, real=5.05 secs] 
2019-12-26T10:14:21.266+0800: 1790037.984: [GC (CMS Final Remark) [YG occupancy: 207030 K (737280 K)]2019-12-26T10:14:21.266+0800: 1790037.985: [Rescan (parallel) , 0.0461037 secs]2019-12-26T10:14:21.312+0800: 1790038.031: [weak refs processing, 0.0000920 secs]2019-12-26T10:14:21.312+0800: 1790038.031: [class unloading, 0.0303489 secs]2019-12-26T10:14:21.342+0800: 1790038.061: [scrub symbol table, 0.0093073 secs]2019-12-26T10:14:21.352+0800: 1790038.071: [scrub string table, 0.0017586 secs][1 CMS-remark: 831744K(1277952K)] 1038775K(2015232K), 0.0902613 secs] [Times: user=0.22 sys=0.00, real=0.09 secs] 
2019-12-26T10:14:21.356+0800: 1790038.075: [CMS-concurrent-sweep-start]
2019-12-26T10:14:21.651+0800: 1790038.370: [CMS-concurrent-sweep: 0.295/0.295 secs] [Times: user=0.30 sys=0.00, real=0.30 secs] 
2019-12-26T10:14:21.652+0800: 1790038.370: [CMS-concurrent-reset-start]
2019-12-26T10:14:21.655+0800: 1790038.374: [CMS-concurrent-reset: 0.003/0.003 secs] [Times: user=0.01 sys=0.00, real=0.00 secs] 
2019-12-26T10:14:23.656+0800: 1790040.375: [GC (CMS Initial Mark) [1 CMS-initial-mark: 831744K(1277952K)] 1038902K(2015232K), 0.0412475 secs] [Times: user=0.16 sys=0.00, real=0.04 secs] 
2019-12-26T10:14:23.697+0800: 1790040.416: [CMS-concurrent-mark-start]
2019-12-26T10:14:25.122+0800: 1790041.841: [CMS-concurrent-mark: 1.425/1.425 secs] [Times: user=1.44 sys=0.00, real=1.43 secs] 
2019-12-26T10:14:25.122+0800: 1790041.841: [CMS-concurrent-preclean-start]
2019-12-26T10:14:25.126+0800: 1790041.845: [CMS-concurrent-preclean: 0.004/0.004 secs] [Times: user=0.00 sys=0.00, real=0.00 secs] 
2019-12-26T10:14:25.126+0800: 1790041.845: [CMS-concurrent-abortable-preclean-start]
 CMS: abort preclean due to time 2019-12-26T10:14:30.302+0800: 1790047.021: [CMS-concurrent-abortable-preclean: 2.374/5.176 secs] [Times: user=2.43 sys=0.00, real=5.18 secs] 
2019-12-26T10:14:30.304+0800: 1790047.023: [GC (CMS Final Remark) [YG occupancy: 207658 K (737280 K)]2019-12-26T10:14:30.304+0800: 1790047.023: [Rescan (parallel) , 0.0469150 secs]2019-12-26T10:14:30.351+0800: 1790047.070: [weak refs processing, 0.0000666 secs]2019-12-26T10:14:30.351+0800: 1790047.070: [class unloading, 0.0292243 secs]2019-12-26T10:14:30.381+0800: 1790047.100: [scrub symbol table, 0.0090807 secs]2019-12-26T10:14:30.390+0800: 1790047.109: [scrub string table, 0.0017014 secs][1 CMS-remark: 831744K(1277952K)] 1039403K(2015232K), 0.0896627 secs] [Times: user=0.22 sys=0.00, real=0.09 secs] 
2019-12-26T10:14:30.394+0800: 1790047.113: [CMS-concurrent-sweep-start]
2019-12-26T10:14:30.686+0800: 1790047.405: [CMS-concurrent-sweep: 0.292/0.292 secs] [Times: user=0.29 sys=0.00, real=0.29 secs] 
2019-12-26T10:14:30.687+0800: 1790047.405: [CMS-concurrent-reset-start]
2019-12-26T10:14:30.690+0800: 1790047.408: [CMS-concurrent-reset: 0.003/0.003 secs] [Times: user=0.00 sys=0.00, real=0.00 secs] 
2019-12-26T10:14:32.690+0800: 1790049.409: [GC (CMS Initial Mark) [1 CMS-initial-mark: 831744K(1277952K)] 1039510K(2015232K), 0.0408206 secs] [Times: user=0.16 sys=0.00, real=0.04 secs] 
2019-12-26T10:14:32.732+0800: 1790049.450: [CMS-concurrent-mark-start]
2019-12-26T10:14:34.165+0800: 1790050.884: [CMS-concurrent-mark: 1.433/1.433 secs] [Times: user=1.45 sys=0.00, real=1.43 secs] 
2019-12-26T10:14:34.165+0800: 1790050.884: [CMS-concurrent-preclean-start]
2019-12-26T10:14:34.169+0800: 1790050.888: [CMS-concurrent-preclean: 0.004/0.004 secs] [Times: user=0.00 sys=0.00, real=0.00 secs] 
2019-12-26T10:14:34.169+0800: 1790050.888: [CMS-concurrent-abortable-preclean-start]
 CMS: abort preclean due to time 2019-12-26T10:14:39.269+0800: 1790055.988: [CMS-concurrent-abortable-preclean: 2.377/5.100 secs] [Times: user=2.47 sys=0.00, real=5.10 secs] 
2019-12-26T10:14:39.271+0800: 1790055.990: [GC (CMS Final Remark) [YG occupancy: 211558 K (737280 K)]2019-12-26T10:14:39.271+0800: 1790055.990: [Rescan (parallel) , 0.0440058 secs]2019-12-26T10:14:39.315+0800: 1790056.034: [weak refs processing, 0.0000676 secs]2019-12-26T10:14:39.315+0800: 1790056.034: [class unloading, 0.0289281 secs]2019-12-26T10:14:39.344+0800: 1790056.063: [scrub symbol table, 0.0091536 secs]2019-12-26T10:14:39.353+0800: 1790056.072: [scrub string table, 0.0017455 secs][1 CMS-remark: 831744K(1277952K)] 1043303K(2015232K), 0.0865795 secs] [Times: user=0.22 sys=0.00, real=0.09 secs] 
2019-12-26T10:14:39.358+0800: 1790056.077: [CMS-concurrent-sweep-start]
2019-12-26T10:14:39.657+0800: 1790056.376: [CMS-concurrent-sweep: 0.297/0.299 secs] [Times: user=0.31 sys=0.00, real=0.30 secs] 
2019-12-26T10:14:39.657+0800: 1790056.376: [CMS-concurrent-reset-start]
2019-12-26T10:14:39.660+0800: 1790056.379: [CMS-concurrent-reset: 0.003/0.003 secs] [Times: user=0.00 sys=0.00, real=0.00 secs] 
2019-12-26T10:14:41.661+0800: 1790058.380: [GC (CMS Initial Mark) [1 CMS-initial-mark: 831744K(1277952K)] 1043960K(2015232K), 0.0417884 secs] [Times: user=0.17 sys=0.00, real=0.05 secs] 
2019-12-26T10:14:41.703+0800: 1790058.422: [CMS-concurrent-mark-start]
2019-12-26T10:14:43.110+0800: 1790059.829: [CMS-concurrent-mark: 1.405/1.407 secs] [Times: user=1.42 sys=0.00, real=1.40 secs] 
2019-12-26T10:14:43.110+0800: 1790059.829: [CMS-concurrent-preclean-start]
2019-12-26T10:14:43.115+0800: 1790059.833: [CMS-concurrent-preclean: 0.004/0.004 secs] [Times: user=0.00 sys=0.00, real=0.01 secs] 
